#! /foss/tools/iverilog/bin/vvp
:ivl_version "14.0 (devel)" "(s20260301-328-geda9fdcd-dirty)";
:ivl_delay_selection "TYPICAL";
:vpi_time_precision - 9;
:vpi_module "/foss/tools/iverilog/lib/ivl/system.vpi";
:vpi_module "/foss/tools/iverilog/lib/ivl/vhdl_sys.vpi";
:vpi_module "/foss/tools/iverilog/lib/ivl/vhdl_textio.vpi";
:vpi_module "/foss/tools/iverilog/lib/ivl/v2005_math.vpi";
:vpi_module "/foss/tools/iverilog/lib/ivl/va_math.vpi";
:vpi_module "/foss/tools/iverilog/lib/ivl/v2009.vpi";
S_0x556a00099eb0 .scope package, "$unit" "$unit" 2 1;
 .timescale 0 0;
S_0x556a0009a040 .scope module, "tb_spi_slave_rpi" "tb_spi_slave_rpi" 3 33;
 .timescale -9 -9;
P_0x556a0009a1d0 .param/l "SCK_HALF" 1 3 43, +C4<00000000000000000000000000110010>;
v0x556a000db2a0_0 .var "addr", 7 0;
v0x556a000db380_0 .var "clk", 0 0;
v0x556a000db420_0 .var "cpha", 0 0;
v0x556a000db520_0 .var "cpol", 0 0;
v0x556a000db5f0_0 .net "data", 7 0, v0x556a000d8e80_0;  1 drivers
v0x556a000db6e0_0 .net "debug", 7 0, v0x556a000dab80_0;  1 drivers
v0x556a000db7b0_0 .var/i "errors", 31 0;
v0x556a000db850_0 .net "miso", 0 0, v0x556a000d9380_0;  1 drivers
v0x556a000db920_0 .var/i "mode", 31 0;
v0x556a000db9c0_0 .var "mosi", 0 0;
v0x556a000dba90_0 .var "rst_n", 0 0;
v0x556a000dbb60_0 .var "rx0", 7 0;
v0x556a000dbc00_0 .var "rx1", 7 0;
v0x556a000dbca0_0 .var "sck", 0 0;
v0x556a000dbd70_0 .var "ssel", 0 0;
S_0x556a000454e0 .scope task, "check_byte" "check_byte" 3 113, 3 113 0, S_0x556a0009a040;
 .timescale -9 -9;
v0x556a000456c0_0 .var "expect_v", 7 0;
v0x556a000d7860_0 .var "got", 7 0;
v0x556a000d7940_0 .var "label", 320 1;
TD_tb_spi_slave_rpi.check_byte ;
    %load/vec4 v0x556a000d7860_0;
    %load/vec4 v0x556a000456c0_0;
    %cmp/ne;
    %jmp/0xz  T_0.0, 6;
    %vpi_call/w 3 119 "$display", "FAIL mode %0d %0s: expected 0x%02X, got 0x%02X", v0x556a000db920_0, v0x556a000d7940_0, v0x556a000456c0_0, v0x556a000d7860_0 {0 0 0};
    %load/vec4 v0x556a000db7b0_0;
    %addi 1, 0, 32;
    %store/vec4 v0x556a000db7b0_0, 0, 32;
T_0.0 ;
    %end;
S_0x556a000d7a00 .scope task, "run_mode" "run_mode" 3 125, 3 125 0, S_0x556a0009a040;
 .timescale -9 -9;
v0x556a000d7c00_0 .var "m", 1 0;
TD_tb_spi_slave_rpi.run_mode ;
    %load/vec4 v0x556a000d7c00_0;
    %parti/s 1, 1, 2;
    %store/vec4 v0x556a000db520_0, 0, 1;
    %load/vec4 v0x556a000d7c00_0;
    %parti/s 1, 0, 2;
    %store/vec4 v0x556a000db420_0, 0, 1;
    %pushi/vec4 3, 0, 8;
    %store/vec4 v0x556a000db2a0_0, 0, 8;
    %pushi/vec4 0, 0, 1;
    %store/vec4 v0x556a000db9c0_0, 0, 1;
    %pushi/vec4 1, 0, 1;
    %store/vec4 v0x556a000dbd70_0, 0, 1;
    %pushi/vec4 0, 0, 1;
    %store/vec4 v0x556a000dba90_0, 0, 1;
    %load/vec4 v0x556a000d7c00_0;
    %parti/s 1, 1, 2;
    %store/vec4 v0x556a000dbca0_0, 0, 1;
    %delay 100, 0;
    %pushi/vec4 1, 0, 1;
    %store/vec4 v0x556a000dba90_0, 0, 1;
    %delay 100, 0;
    %pushi/vec4 129, 0, 8;
    %store/vec4 v0x556a000db0c0_0, 0, 8;
    %pushi/vec4 0, 0, 8;
    %store/vec4 v0x556a000db1c0_0, 0, 8;
    %fork TD_tb_spi_slave_rpi.xfer2, S_0x556a000daee0;
    %join;
    %pushi/vec4 0, 0, 32; draw_string_vec4
    %pushi/vec4 0, 0, 32; draw_string_vec4
    %concat/vec4; draw_string_vec4
    %pushi/vec4 0, 0, 32; draw_string_vec4
    %concat/vec4; draw_string_vec4
    %pushi/vec4 0, 0, 32; draw_string_vec4
    %concat/vec4; draw_string_vec4
    %pushi/vec4 0, 0, 32; draw_string_vec4
    %concat/vec4; draw_string_vec4
    %pushi/vec4 0, 0, 32; draw_string_vec4
    %concat/vec4; draw_string_vec4
    %pushi/vec4 84, 0, 32; draw_string_vec4
    %concat/vec4; draw_string_vec4
    %pushi/vec4 2016485458, 0, 32; draw_string_vec4
    %concat/vec4; draw_string_vec4
    %pushi/vec4 1161905184, 0, 32; draw_string_vec4
    %concat/vec4; draw_string_vec4
    %pushi/vec4 1382377265, 0, 32; draw_string_vec4
    %concat/vec4; draw_string_vec4
    %store/vec4 v0x556a000d7940_0, 0, 320;
    %load/vec4 v0x556a000dbc00_0;
    %store/vec4 v0x556a000d7860_0, 0, 8;
    %pushi/vec4 11, 0, 8;
    %store/vec4 v0x556a000456c0_0, 0, 8;
    %fork TD_tb_spi_slave_rpi.check_byte, S_0x556a000454e0;
    %join;
    %pushi/vec4 3, 0, 8;
    %store/vec4 v0x556a000db0c0_0, 0, 8;
    %pushi/vec4 90, 0, 8;
    %store/vec4 v0x556a000db1c0_0, 0, 8;
    %fork TD_tb_spi_slave_rpi.xfer2, S_0x556a000daee0;
    %join;
    %delay 50, 0;
    %pushi/vec4 0, 0, 32; draw_string_vec4
    %pushi/vec4 0, 0, 32; draw_string_vec4
    %concat/vec4; draw_string_vec4
    %pushi/vec4 0, 0, 32; draw_string_vec4
    %concat/vec4; draw_string_vec4
    %pushi/vec4 0, 0, 32; draw_string_vec4
    %concat/vec4; draw_string_vec4
    %pushi/vec4 0, 0, 32; draw_string_vec4
    %concat/vec4; draw_string_vec4
    %pushi/vec4 84, 0, 32; draw_string_vec4
    %concat/vec4; draw_string_vec4
    %pushi/vec4 2016551024, 0, 32; draw_string_vec4
    %concat/vec4; draw_string_vec4
    %pushi/vec4 1634885996, 0, 32; draw_string_vec4
    %concat/vec4; draw_string_vec4
    %pushi/vec4 1818586144, 0, 32; draw_string_vec4
    %concat/vec4; draw_string_vec4
    %pushi/vec4 1382377267, 0, 32; draw_string_vec4
    %concat/vec4; draw_string_vec4
    %store/vec4 v0x556a000d7940_0, 0, 320;
    %load/vec4 v0x556a000db5f0_0;
    %store/vec4 v0x556a000d7860_0, 0, 8;
    %pushi/vec4 90, 0, 8;
    %store/vec4 v0x556a000456c0_0, 0, 8;
    %fork TD_tb_spi_slave_rpi.check_byte, S_0x556a000454e0;
    %join;
    %pushi/vec4 131, 0, 8;
    %store/vec4 v0x556a000db0c0_0, 0, 8;
    %pushi/vec4 0, 0, 8;
    %store/vec4 v0x556a000db1c0_0, 0, 8;
    %fork TD_tb_spi_slave_rpi.xfer2, S_0x556a000daee0;
    %join;
    %pushi/vec4 0, 0, 32; draw_string_vec4
    %pushi/vec4 0, 0, 32; draw_string_vec4
    %concat/vec4; draw_string_vec4
    %pushi/vec4 0, 0, 32; draw_string_vec4
    %concat/vec4; draw_string_vec4
    %pushi/vec4 0, 0, 32; draw_string_vec4
    %concat/vec4; draw_string_vec4
    %pushi/vec4 0, 0, 32; draw_string_vec4
    %concat/vec4; draw_string_vec4
    %pushi/vec4 0, 0, 32; draw_string_vec4
    %concat/vec4; draw_string_vec4
    %pushi/vec4 84, 0, 32; draw_string_vec4
    %concat/vec4; draw_string_vec4
    %pushi/vec4 2016616530, 0, 32; draw_string_vec4
    %concat/vec4; draw_string_vec4
    %pushi/vec4 1161905184, 0, 32; draw_string_vec4
    %concat/vec4; draw_string_vec4
    %pushi/vec4 1382377267, 0, 32; draw_string_vec4
    %concat/vec4; draw_string_vec4
    %store/vec4 v0x556a000d7940_0, 0, 320;
    %load/vec4 v0x556a000dbc00_0;
    %store/vec4 v0x556a000d7860_0, 0, 8;
    %pushi/vec4 90, 0, 8;
    %store/vec4 v0x556a000456c0_0, 0, 8;
    %fork TD_tb_spi_slave_rpi.check_byte, S_0x556a000454e0;
    %join;
    %pushi/vec4 245, 0, 8;
    %store/vec4 v0x556a000db0c0_0, 0, 8;
    %pushi/vec4 0, 0, 8;
    %store/vec4 v0x556a000db1c0_0, 0, 8;
    %fork TD_tb_spi_slave_rpi.xfer2, S_0x556a000daee0;
    %join;
    %pushi/vec4 0, 0, 32; draw_string_vec4
    %pushi/vec4 0, 0, 32; draw_string_vec4
    %concat/vec4; draw_string_vec4
    %pushi/vec4 0, 0, 32; draw_string_vec4
    %concat/vec4; draw_string_vec4
    %pushi/vec4 0, 0, 32; draw_string_vec4
    %concat/vec4; draw_string_vec4
    %pushi/vec4 0, 0, 32; draw_string_vec4
    %concat/vec4; draw_string_vec4
    %pushi/vec4 0, 0, 32; draw_string_vec4
    %concat/vec4; draw_string_vec4
    %pushi/vec4 84, 0, 32; draw_string_vec4
    %concat/vec4; draw_string_vec4
    %pushi/vec4 2016682066, 0, 32; draw_string_vec4
    %concat/vec4; draw_string_vec4
    %pushi/vec4 1161905184, 0, 32; draw_string_vec4
    %concat/vec4; draw_string_vec4
    %pushi/vec4 813184821, 0, 32; draw_string_vec4
    %concat/vec4; draw_string_vec4
    %store/vec4 v0x556a000d7940_0, 0, 320;
    %load/vec4 v0x556a000dbc00_0;
    %store/vec4 v0x556a000d7860_0, 0, 8;
    %pushi/vec4 255, 0, 8;
    %store/vec4 v0x556a000456c0_0, 0, 8;
    %fork TD_tb_spi_slave_rpi.check_byte, S_0x556a000454e0;
    %join;
    %pushi/vec4 0, 0, 32; draw_string_vec4
    %pushi/vec4 0, 0, 32; draw_string_vec4
    %concat/vec4; draw_string_vec4
    %pushi/vec4 0, 0, 32; draw_string_vec4
    %concat/vec4; draw_string_vec4
    %pushi/vec4 0, 0, 32; draw_string_vec4
    %concat/vec4; draw_string_vec4
    %pushi/vec4 0, 0, 32; draw_string_vec4
    %concat/vec4; draw_string_vec4
    %pushi/vec4 0, 0, 32; draw_string_vec4
    %concat/vec4; draw_string_vec4
    %pushi/vec4 0, 0, 32; draw_string_vec4
    %concat/vec4; draw_string_vec4
    %pushi/vec4 0, 0, 32; draw_string_vec4
    %concat/vec4; draw_string_vec4
    %pushi/vec4 100, 0, 32; draw_string_vec4
    %concat/vec4; draw_string_vec4
    %pushi/vec4 1700951399, 0, 32; draw_string_vec4
    %concat/vec4; draw_string_vec4
    %store/vec4 v0x556a000d7940_0, 0, 320;
    %load/vec4 v0x556a000db6e0_0;
    %store/vec4 v0x556a000d7860_0, 0, 8;
    %pushi/vec4 31, 0, 8;
    %store/vec4 v0x556a000456c0_0, 0, 8;
    %fork TD_tb_spi_slave_rpi.check_byte, S_0x556a000454e0;
    %join;
    %load/vec4 v0x556a000dbc00_0;
    %cmpi/e 255, 0, 8;
    %flag_mov 8, 6;
    %jmp/0 T_1.2, 8;
    %pushi/vec4 90, 0, 8;
    %jmp/1 T_1.3, 8;
T_1.2 ; End of true expr.
    %load/vec4 v0x556a000dbc00_0;
    %jmp/0 T_1.3, 8;
 ; End of false expr.
    %blend;
T_1.3;
    %vpi_call/w 3 152 "$display", "MODE %0d (CPOL=%0d CPHA=%0d) %0t: rd1=0x%02X wr/rd3=0x%02X oor=0xFF? 0x%02X debug=0x%02X", v0x556a000d7c00_0, &PV<v0x556a000d7c00_0, 1, 1>, &PV<v0x556a000d7c00_0, 0, 1>, $time, 8'b00001011, S<0,vec4,u8>, v0x556a000dbc00_0, v0x556a000db6e0_0 {1 0 0};
    %end;
S_0x556a000d7ce0 .scope task, "spi_clock_byte" "spi_clock_byte" 3 74, 3 74 0, S_0x556a0009a040;
 .timescale -9 -9;
v0x556a000d7ec0_0 .var/i "i", 31 0;
v0x556a000d7fa0_0 .var "rx", 7 0;
v0x556a000d8080_0 .var "tx", 7 0;
TD_tb_spi_slave_rpi.spi_clock_byte ;
    %pushi/vec4 7, 0, 32;
    %store/vec4 v0x556a000d7ec0_0, 0, 32;
T_2.4 ; Top of for-loop
    %load/vec4 v0x556a000d7ec0_0;
    %cmpi/s 0, 0, 32;
    %flag_inv 5; GE is !LT
	  %jmp/0xz T_2.5, 5;
    %load/vec4 v0x556a000db420_0;
    %pad/u 32;
    %cmpi/e 0, 0, 32;
    %jmp/0xz  T_2.7, 4;
    %load/vec4 v0x556a000d8080_0;
    %load/vec4 v0x556a000d7ec0_0;
    %part/s 1;
    %store/vec4 v0x556a000db9c0_0, 0, 1;
    %delay 50, 0;
    %load/vec4 v0x556a000db520_0;
    %inv;
    %store/vec4 v0x556a000dbca0_0, 0, 1;
    %load/vec4 v0x556a000db850_0;
    %ix/getv/s 4, v0x556a000d7ec0_0;
    %store/vec4 v0x556a000d7fa0_0, 4, 1;
    %delay 50, 0;
    %load/vec4 v0x556a000db520_0;
    %store/vec4 v0x556a000dbca0_0, 0, 1;
    %jmp T_2.8;
T_2.7 ;
    %load/vec4 v0x556a000db520_0;
    %inv;
    %store/vec4 v0x556a000dbca0_0, 0, 1;
    %load/vec4 v0x556a000d8080_0;
    %load/vec4 v0x556a000d7ec0_0;
    %part/s 1;
    %store/vec4 v0x556a000db9c0_0, 0, 1;
    %delay 50, 0;
    %load/vec4 v0x556a000db520_0;
    %store/vec4 v0x556a000dbca0_0, 0, 1;
    %load/vec4 v0x556a000db850_0;
    %ix/getv/s 4, v0x556a000d7ec0_0;
    %store/vec4 v0x556a000d7fa0_0, 4, 1;
    %delay 50, 0;
T_2.8 ;
T_2.6 ; for-loop step statement
    %load/vec4 v0x556a000d7ec0_0;
    %subi 1, 0, 32;
    %store/vec4 v0x556a000d7ec0_0, 0, 32;
    %jmp T_2.4;
T_2.5 ; for-loop exit label
    %end;
S_0x556a000d8140 .scope module, "spi_slave1" "spi_slave" 3 59, 4 24 0, S_0x556a0009a040;
 .timescale -9 -9;
    .port_info 0 /INPUT 1 "Clk";
    .port_info 1 /INPUT 1 "iRST_N";
    .port_info 2 /INPUT 1 "CPOL";
    .port_info 3 /INPUT 1 "CPHA";
    .port_info 4 /INPUT 1 "SCK";
    .port_info 5 /INPUT 1 "MOSI";
    .port_info 6 /INPUT 1 "SSEL";
    .port_info 7 /OUTPUT 1 "MISO";
    .port_info 8 /INPUT 8 "Add2_in";
    .port_info 9 /OUTPUT 8 "Data2_out";
    .port_info 10 /OUTPUT 8 "debug";
L_0x556a000dbe40 .functor XOR 1, v0x556a000d9fe0_0, v0x556a000d8c40_0, C4<0>, C4<0>;
L_0x556a000dbf40 .functor XOR 1, v0x556a000da0a0_0, v0x556a000d8c40_0, C4<0>, C4<0>;
L_0x556a000dc010 .functor NOT 1, L_0x556a000dbf40, C4<0>, C4<0>, C4<0>;
L_0x556a000dc0d0 .functor AND 1, L_0x556a000dbe40, L_0x556a000dc010, C4<1>, C4<1>;
L_0x556a000dc210 .functor NOT 1, L_0x556a000dbe40, C4<0>, C4<0>, C4<0>;
L_0x556a000dc280 .functor AND 1, L_0x556a000dc210, L_0x556a000dbf40, C4<1>, C4<1>;
v0x556a000d84d0_0 .net "Add2_in", 7 0, v0x556a000db2a0_0;  1 drivers
v0x556a000d85d0_0 .var "Add_SPI", 7 0;
v0x556a000d86b0_0 .var "BitCnt", 3 0;
v0x556a000d8770_0 .net "CPHA", 0 0, v0x556a000db420_0;  1 drivers
v0x556a000d8830_0 .var "CPHA_delay0", 0 0;
v0x556a000d8940_0 .var "CPHA_latched", 0 0;
v0x556a000d8a00_0 .var "CPHA_metastable", 0 0;
v0x556a000d8ac0_0 .net "CPOL", 0 0, v0x556a000db520_0;  1 drivers
v0x556a000d8b80_0 .var "CPOL_delay0", 0 0;
v0x556a000d8c40_0 .var "CPOL_latched", 0 0;
v0x556a000d8d00_0 .var "CPOL_metastable", 0 0;
v0x556a000d8dc0_0 .net "Clk", 0 0, v0x556a000db380_0;  1 drivers
v0x556a000d8e80_0 .var "Data2_out", 7 0;
v0x556a000d8f60_0 .var "DataToSend", 7 0;
v0x556a000d9040_0 .var "Data_fromSPI", 7 0;
v0x556a000d9120_0 .var "Data_toSPI", 7 0;
v0x556a000d9200_0 .net "DriveEdge", 0 0, L_0x556a000dc4c0;  1 drivers
v0x556a000d92c0_0 .net "LeadingEdge", 0 0, L_0x556a000dc0d0;  1 drivers
v0x556a000d9380_0 .var "MISO", 0 0;
v0x556a000d9440_0 .net "MOSI", 0 0, v0x556a000db9c0_0;  1 drivers
v0x556a000d9500_0 .var "MOSI_delay0", 0 0;
v0x556a000d95c0_0 .var "MOSI_metastable", 0 0;
v0x556a000d9680_0 .var "ReceivedByte", 7 0;
v0x556a000d9760_0 .var "Register0", 7 0;
v0x556a000d9840_0 .var "Register1", 7 0;
v0x556a000d9920_0 .var "Register2", 7 0;
v0x556a000d9a00_0 .var "Register3", 7 0;
v0x556a000d9ae0_0 .var "Register4", 7 0;
v0x556a000d9bc0_0 .var "Register5", 7 0;
v0x556a000d9ca0_0 .var "Register6", 7 0;
v0x556a000d9d80_0 .var "Register7", 7 0;
v0x556a000d9e60_0 .var "RnW", 0 0;
v0x556a000d9f20_0 .net "SCK", 0 0, v0x556a000dbca0_0;  1 drivers
v0x556a000d9fe0_0 .var "SCK_delay0", 0 0;
v0x556a000da0a0_0 .var "SCK_delay1", 0 0;
v0x556a000da160_0 .var "SCK_metastable", 0 0;
v0x556a000da220_0 .net "SCK_norm0", 0 0, L_0x556a000dbe40;  1 drivers
v0x556a000da2e0_0 .net "SCK_norm1", 0 0, L_0x556a000dbf40;  1 drivers
v0x556a000da3a0_0 .var "SPI_State", 2 0;
v0x556a000da480_0 .net "SSEL", 0 0, v0x556a000dbd70_0;  1 drivers
v0x556a000da540_0 .var "SSEL_delay0", 0 0;
v0x556a000da600_0 .var "SSEL_delay1", 0 0;
v0x556a000da6c0_0 .var "SSEL_metastable", 0 0;
v0x556a000da780_0 .net "SampleEdge", 0 0, L_0x556a000dc380;  1 drivers
v0x556a000da840_0 .net "TrailingEdge", 0 0, L_0x556a000dc280;  1 drivers
v0x556a000da900_0 .var "WrEn", 0 0;
v0x556a000da9c0_0 .net *"_ivl_4", 0 0, L_0x556a000dc010;  1 drivers
v0x556a000daaa0_0 .net *"_ivl_8", 0 0, L_0x556a000dc210;  1 drivers
v0x556a000dab80_0 .var "debug", 7 0;
v0x556a000dac60_0 .net "iRST_N", 0 0, v0x556a000dba90_0;  1 drivers
E_0x556a00082b80/0 .event negedge, v0x556a000dac60_0;
E_0x556a00082b80/1 .event posedge, v0x556a000d8dc0_0;
E_0x556a00082b80 .event/or E_0x556a00082b80/0, E_0x556a00082b80/1;
L_0x556a000dc380 .functor MUXZ 1, L_0x556a000dc0d0, L_0x556a000dc280, v0x556a000d8940_0, C4<>;
L_0x556a000dc4c0 .functor MUXZ 1, L_0x556a000dc280, L_0x556a000dc0d0, v0x556a000d8940_0, C4<>;
S_0x556a000daee0 .scope task, "xfer2" "xfer2" 3 99, 3 99 0, S_0x556a0009a040;
 .timescale -9 -9;
v0x556a000db0c0_0 .var "tx0", 7 0;
v0x556a000db1c0_0 .var "tx1", 7 0;
TD_tb_spi_slave_rpi.xfer2 ;
    %pushi/vec4 0, 0, 1;
    %store/vec4 v0x556a000dbd70_0, 0, 1;
    %delay 100, 0;
    %load/vec4 v0x556a000db0c0_0;
    %store/vec4 v0x556a000d8080_0, 0, 8;
    %fork TD_tb_spi_slave_rpi.spi_clock_byte, S_0x556a000d7ce0;
    %join;
    %load/vec4 v0x556a000d7fa0_0;
    %store/vec4 v0x556a000dbb60_0, 0, 8;
    %load/vec4 v0x556a000db1c0_0;
    %store/vec4 v0x556a000d8080_0, 0, 8;
    %fork TD_tb_spi_slave_rpi.spi_clock_byte, S_0x556a000d7ce0;
    %join;
    %load/vec4 v0x556a000d7fa0_0;
    %store/vec4 v0x556a000dbc00_0, 0, 8;
    %delay 50, 0;
    %pushi/vec4 1, 0, 1;
    %store/vec4 v0x556a000dbd70_0, 0, 1;
    %delay 100, 0;
    %end;
    .scope S_0x556a000d8140;
T_4 ;
    %wait E_0x556a00082b80;
    %load/vec4 v0x556a000dac60_0;
    %nor/r;
    %flag_set/vec4 8;
    %jmp/0xz  T_4.0, 8;
    %pushi/vec4 10, 0, 8;
    %assign/vec4 v0x556a000d9760_0, 0;
    %pushi/vec4 11, 0, 8;
    %assign/vec4 v0x556a000d9840_0, 0;
    %pushi/vec4 12, 0, 8;
    %assign/vec4 v0x556a000d9920_0, 0;
    %pushi/vec4 13, 0, 8;
    %assign/vec4 v0x556a000d9a00_0, 0;
    %pushi/vec4 14, 0, 8;
    %assign/vec4 v0x556a000d9ae0_0, 0;
    %pushi/vec4 16, 0, 8;
    %assign/vec4 v0x556a000d9bc0_0, 0;
    %pushi/vec4 32, 0, 8;
    %assign/vec4 v0x556a000d9ca0_0, 0;
    %pushi/vec4 48, 0, 8;
    %assign/vec4 v0x556a000d9d80_0, 0;
    %pushi/vec4 0, 0, 8;
    %assign/vec4 v0x556a000d9120_0, 0;
    %pushi/vec4 0, 0, 8;
    %assign/vec4 v0x556a000d8e80_0, 0;
    %pushi/vec4 0, 0, 1;
    %assign/vec4 v0x556a000da160_0, 0;
    %pushi/vec4 0, 0, 1;
    %assign/vec4 v0x556a000d95c0_0, 0;
    %pushi/vec4 0, 0, 1;
    %assign/vec4 v0x556a000da6c0_0, 0;
    %pushi/vec4 0, 0, 1;
    %assign/vec4 v0x556a000d8d00_0, 0;
    %pushi/vec4 0, 0, 1;
    %assign/vec4 v0x556a000d8a00_0, 0;
    %pushi/vec4 0, 0, 1;
    %assign/vec4 v0x556a000d9fe0_0, 0;
    %pushi/vec4 0, 0, 1;
    %assign/vec4 v0x556a000d9500_0, 0;
    %pushi/vec4 0, 0, 1;
    %assign/vec4 v0x556a000da540_0, 0;
    %pushi/vec4 0, 0, 1;
    %assign/vec4 v0x556a000d8b80_0, 0;
    %pushi/vec4 0, 0, 1;
    %assign/vec4 v0x556a000d8830_0, 0;
    %pushi/vec4 0, 0, 1;
    %assign/vec4 v0x556a000da0a0_0, 0;
    %pushi/vec4 0, 0, 1;
    %assign/vec4 v0x556a000da600_0, 0;
    %pushi/vec4 0, 0, 1;
    %assign/vec4 v0x556a000d8c40_0, 0;
    %pushi/vec4 0, 0, 1;
    %assign/vec4 v0x556a000d8940_0, 0;
    %pushi/vec4 0, 0, 1;
    %assign/vec4 v0x556a000da900_0, 0;
    %pushi/vec4 0, 0, 1;
    %assign/vec4 v0x556a000d9e60_0, 0;
    %pushi/vec4 0, 0, 4;
    %assign/vec4 v0x556a000d86b0_0, 0;
    %pushi/vec4 0, 0, 8;
    %assign/vec4 v0x556a000d9680_0, 0;
    %pushi/vec4 0, 0, 8;
    %assign/vec4 v0x556a000d9040_0, 0;
    %pushi/vec4 0, 0, 8;
    %assign/vec4 v0x556a000d8f60_0, 0;
    %pushi/vec4 0, 0, 8;
    %assign/vec4 v0x556a000d85d0_0, 0;
    %pushi/vec4 0, 0, 1;
    %assign/vec4 v0x556a000d9380_0, 0;
    %pushi/vec4 0, 0, 8;
    %assign/vec4 v0x556a000dab80_0, 0;
    %pushi/vec4 0, 0, 3;
    %assign/vec4 v0x556a000da3a0_0, 0;
    %jmp T_4.1;
T_4.0 ;
    %load/vec4 v0x556a000d9e60_0;
    %flag_set/vec4 8;
    %jmp/0xz  T_4.2, 8;
    %load/vec4 v0x556a000d85d0_0;
    %dup/vec4;
    %pushi/vec4 0, 0, 8;
    %cmp/e;
    %jmp/1 T_4.4, 6;
    %dup/vec4;
    %pushi/vec4 1, 0, 8;
    %cmp/e;
    %jmp/1 T_4.5, 6;
    %dup/vec4;
    %pushi/vec4 2, 0, 8;
    %cmp/e;
    %jmp/1 T_4.6, 6;
    %dup/vec4;
    %pushi/vec4 3, 0, 8;
    %cmp/e;
    %jmp/1 T_4.7, 6;
    %dup/vec4;
    %pushi/vec4 4, 0, 8;
    %cmp/e;
    %jmp/1 T_4.8, 6;
    %dup/vec4;
    %pushi/vec4 5, 0, 8;
    %cmp/e;
    %jmp/1 T_4.9, 6;
    %dup/vec4;
    %pushi/vec4 6, 0, 8;
    %cmp/e;
    %jmp/1 T_4.10, 6;
    %dup/vec4;
    %pushi/vec4 7, 0, 8;
    %cmp/e;
    %jmp/1 T_4.11, 6;
    %pushi/vec4 255, 0, 8;
    %assign/vec4 v0x556a000d9120_0, 0;
    %jmp T_4.13;
T_4.4 ;
    %load/vec4 v0x556a000d9760_0;
    %assign/vec4 v0x556a000d9120_0, 0;
    %jmp T_4.13;
T_4.5 ;
    %load/vec4 v0x556a000d9840_0;
    %assign/vec4 v0x556a000d9120_0, 0;
    %jmp T_4.13;
T_4.6 ;
    %load/vec4 v0x556a000d9920_0;
    %assign/vec4 v0x556a000d9120_0, 0;
    %jmp T_4.13;
T_4.7 ;
    %load/vec4 v0x556a000d9a00_0;
    %assign/vec4 v0x556a000d9120_0, 0;
    %jmp T_4.13;
T_4.8 ;
    %load/vec4 v0x556a000d9ae0_0;
    %assign/vec4 v0x556a000d9120_0, 0;
    %jmp T_4.13;
T_4.9 ;
    %load/vec4 v0x556a000d9bc0_0;
    %assign/vec4 v0x556a000d9120_0, 0;
    %jmp T_4.13;
T_4.10 ;
    %load/vec4 v0x556a000d9ca0_0;
    %assign/vec4 v0x556a000d9120_0, 0;
    %jmp T_4.13;
T_4.11 ;
    %load/vec4 v0x556a000d9d80_0;
    %assign/vec4 v0x556a000d9120_0, 0;
    %jmp T_4.13;
T_4.13 ;
    %pop/vec4 1;
    %jmp T_4.3;
T_4.2 ;
    %load/vec4 v0x556a000da900_0;
    %flag_set/vec4 8;
    %jmp/0xz  T_4.14, 8;
    %load/vec4 v0x556a000d85d0_0;
    %dup/vec4;
    %pushi/vec4 0, 0, 8;
    %cmp/e;
    %jmp/1 T_4.16, 6;
    %dup/vec4;
    %pushi/vec4 1, 0, 8;
    %cmp/e;
    %jmp/1 T_4.17, 6;
    %dup/vec4;
    %pushi/vec4 2, 0, 8;
    %cmp/e;
    %jmp/1 T_4.18, 6;
    %dup/vec4;
    %pushi/vec4 3, 0, 8;
    %cmp/e;
    %jmp/1 T_4.19, 6;
    %dup/vec4;
    %pushi/vec4 4, 0, 8;
    %cmp/e;
    %jmp/1 T_4.20, 6;
    %dup/vec4;
    %pushi/vec4 5, 0, 8;
    %cmp/e;
    %jmp/1 T_4.21, 6;
    %dup/vec4;
    %pushi/vec4 6, 0, 8;
    %cmp/e;
    %jmp/1 T_4.22, 6;
    %dup/vec4;
    %pushi/vec4 7, 0, 8;
    %cmp/e;
    %jmp/1 T_4.23, 6;
    %jmp T_4.24;
T_4.16 ;
    %load/vec4 v0x556a000d9040_0;
    %assign/vec4 v0x556a000d9760_0, 0;
    %jmp T_4.24;
T_4.17 ;
    %load/vec4 v0x556a000d9040_0;
    %assign/vec4 v0x556a000d9840_0, 0;
    %jmp T_4.24;
T_4.18 ;
    %load/vec4 v0x556a000d9040_0;
    %assign/vec4 v0x556a000d9920_0, 0;
    %jmp T_4.24;
T_4.19 ;
    %load/vec4 v0x556a000d9040_0;
    %assign/vec4 v0x556a000d9a00_0, 0;
    %jmp T_4.24;
T_4.20 ;
    %load/vec4 v0x556a000d9040_0;
    %assign/vec4 v0x556a000d9ae0_0, 0;
    %jmp T_4.24;
T_4.21 ;
    %load/vec4 v0x556a000d9040_0;
    %assign/vec4 v0x556a000d9bc0_0, 0;
    %jmp T_4.24;
T_4.22 ;
    %load/vec4 v0x556a000d9040_0;
    %assign/vec4 v0x556a000d9ca0_0, 0;
    %jmp T_4.24;
T_4.23 ;
    %load/vec4 v0x556a000d9040_0;
    %assign/vec4 v0x556a000d9d80_0, 0;
    %jmp T_4.24;
T_4.24 ;
    %pop/vec4 1;
T_4.14 ;
T_4.3 ;
    %load/vec4 v0x556a000d84d0_0;
    %dup/vec4;
    %pushi/vec4 0, 0, 8;
    %cmp/e;
    %jmp/1 T_4.25, 6;
    %dup/vec4;
    %pushi/vec4 1, 0, 8;
    %cmp/e;
    %jmp/1 T_4.26, 6;
    %dup/vec4;
    %pushi/vec4 2, 0, 8;
    %cmp/e;
    %jmp/1 T_4.27, 6;
    %dup/vec4;
    %pushi/vec4 3, 0, 8;
    %cmp/e;
    %jmp/1 T_4.28, 6;
    %dup/vec4;
    %pushi/vec4 4, 0, 8;
    %cmp/e;
    %jmp/1 T_4.29, 6;
    %dup/vec4;
    %pushi/vec4 5, 0, 8;
    %cmp/e;
    %jmp/1 T_4.30, 6;
    %dup/vec4;
    %pushi/vec4 6, 0, 8;
    %cmp/e;
    %jmp/1 T_4.31, 6;
    %dup/vec4;
    %pushi/vec4 7, 0, 8;
    %cmp/e;
    %jmp/1 T_4.32, 6;
    %pushi/vec4 255, 0, 8;
    %assign/vec4 v0x556a000d8e80_0, 0;
    %jmp T_4.34;
T_4.25 ;
    %load/vec4 v0x556a000d9760_0;
    %assign/vec4 v0x556a000d8e80_0, 0;
    %jmp T_4.34;
T_4.26 ;
    %load/vec4 v0x556a000d9840_0;
    %assign/vec4 v0x556a000d8e80_0, 0;
    %jmp T_4.34;
T_4.27 ;
    %load/vec4 v0x556a000d9920_0;
    %assign/vec4 v0x556a000d8e80_0, 0;
    %jmp T_4.34;
T_4.28 ;
    %load/vec4 v0x556a000d9a00_0;
    %assign/vec4 v0x556a000d8e80_0, 0;
    %jmp T_4.34;
T_4.29 ;
    %load/vec4 v0x556a000d9ae0_0;
    %assign/vec4 v0x556a000d8e80_0, 0;
    %jmp T_4.34;
T_4.30 ;
    %load/vec4 v0x556a000d9bc0_0;
    %assign/vec4 v0x556a000d8e80_0, 0;
    %jmp T_4.34;
T_4.31 ;
    %load/vec4 v0x556a000d9ca0_0;
    %assign/vec4 v0x556a000d8e80_0, 0;
    %jmp T_4.34;
T_4.32 ;
    %load/vec4 v0x556a000d9d80_0;
    %assign/vec4 v0x556a000d8e80_0, 0;
    %jmp T_4.34;
T_4.34 ;
    %pop/vec4 1;
    %load/vec4 v0x556a000d9f20_0;
    %assign/vec4 v0x556a000da160_0, 0;
    %load/vec4 v0x556a000d9440_0;
    %assign/vec4 v0x556a000d95c0_0, 0;
    %load/vec4 v0x556a000da480_0;
    %assign/vec4 v0x556a000da6c0_0, 0;
    %load/vec4 v0x556a000d8ac0_0;
    %assign/vec4 v0x556a000d8d00_0, 0;
    %load/vec4 v0x556a000d8770_0;
    %assign/vec4 v0x556a000d8a00_0, 0;
    %load/vec4 v0x556a000da160_0;
    %assign/vec4 v0x556a000d9fe0_0, 0;
    %load/vec4 v0x556a000d95c0_0;
    %assign/vec4 v0x556a000d9500_0, 0;
    %load/vec4 v0x556a000da6c0_0;
    %assign/vec4 v0x556a000da540_0, 0;
    %load/vec4 v0x556a000d8d00_0;
    %assign/vec4 v0x556a000d8b80_0, 0;
    %load/vec4 v0x556a000d8a00_0;
    %assign/vec4 v0x556a000d8830_0, 0;
    %load/vec4 v0x556a000d9fe0_0;
    %assign/vec4 v0x556a000da0a0_0, 0;
    %load/vec4 v0x556a000da540_0;
    %assign/vec4 v0x556a000da600_0, 0;
    %pushi/vec4 0, 0, 1;
    %assign/vec4 v0x556a000da900_0, 0;
    %load/vec4 v0x556a000da3a0_0;
    %dup/vec4;
    %pushi/vec4 0, 0, 3;
    %cmp/e;
    %jmp/1 T_4.35, 6;
    %dup/vec4;
    %pushi/vec4 1, 0, 3;
    %cmp/e;
    %jmp/1 T_4.36, 6;
    %dup/vec4;
    %pushi/vec4 2, 0, 3;
    %cmp/e;
    %jmp/1 T_4.37, 6;
    %dup/vec4;
    %pushi/vec4 3, 0, 3;
    %cmp/e;
    %jmp/1 T_4.38, 6;
    %dup/vec4;
    %pushi/vec4 4, 0, 3;
    %cmp/e;
    %jmp/1 T_4.39, 6;
    %jmp T_4.40;
T_4.35 ;
    %pushi/vec4 0, 0, 4;
    %assign/vec4 v0x556a000d86b0_0, 0;
    %load/vec4 v0x556a000d8b80_0;
    %assign/vec4 v0x556a000d8c40_0, 0;
    %load/vec4 v0x556a000d8830_0;
    %assign/vec4 v0x556a000d8940_0, 0;
    %load/vec4 v0x556a000dab80_0;
    %pushi/vec4 1, 0, 8;
    %or;
    %assign/vec4 v0x556a000dab80_0, 0;
    %load/vec4 v0x556a000da540_0;
    %pad/u 32;
    %cmpi/e 0, 0, 32;
    %flag_get/vec4 4;
    %jmp/0 T_4.43, 4;
    %load/vec4 v0x556a000da600_0;
    %pad/u 32;
    %pushi/vec4 1, 0, 32;
    %cmp/e;
    %flag_get/vec4 4;
    %and;
T_4.43;
    %flag_set/vec4 8;
    %jmp/0xz  T_4.41, 8;
    %pushi/vec4 1, 0, 3;
    %assign/vec4 v0x556a000da3a0_0, 0;
T_4.41 ;
    %jmp T_4.40;
T_4.36 ;
    %load/vec4 v0x556a000dab80_0;
    %pushi/vec4 2, 0, 8;
    %or;
    %assign/vec4 v0x556a000dab80_0, 0;
    %load/vec4 v0x556a000da780_0;
    %flag_set/vec4 8;
    %jmp/0xz  T_4.44, 8;
    %load/vec4 v0x556a000d9680_0;
    %parti/s 7, 0, 2;
    %load/vec4 v0x556a000d9500_0;
    %concat/vec4; draw_concat_vec4
    %assign/vec4 v0x556a000d9680_0, 0;
    %load/vec4 v0x556a000d86b0_0;
    %addi 1, 0, 4;
    %assign/vec4 v0x556a000d86b0_0, 0;
T_4.44 ;
    %load/vec4 v0x556a000d86b0_0;
    %cmpi/e 8, 0, 4;
    %jmp/0xz  T_4.46, 4;
    %pushi/vec4 0, 0, 4;
    %assign/vec4 v0x556a000d86b0_0, 0;
    %pushi/vec4 0, 0, 1;
    %load/vec4 v0x556a000d9680_0;
    %parti/s 7, 0, 2;
    %concat/vec4; draw_concat_vec4
    %assign/vec4 v0x556a000d85d0_0, 0;
    %load/vec4 v0x556a000d9680_0;
    %parti/s 1, 7, 4;
    %assign/vec4 v0x556a000d9e60_0, 0;
    %load/vec4 v0x556a000d9680_0;
    %parti/s 1, 7, 4;
    %pad/u 32;
    %cmpi/e 1, 0, 32;
    %jmp/0xz  T_4.48, 4;
    %pushi/vec4 3, 0, 3;
    %assign/vec4 v0x556a000da3a0_0, 0;
    %jmp T_4.49;
T_4.48 ;
    %pushi/vec4 2, 0, 3;
    %assign/vec4 v0x556a000da3a0_0, 0;
T_4.49 ;
T_4.46 ;
    %jmp T_4.40;
T_4.37 ;
    %load/vec4 v0x556a000dab80_0;
    %pushi/vec4 4, 0, 8;
    %or;
    %assign/vec4 v0x556a000dab80_0, 0;
    %load/vec4 v0x556a000da780_0;
    %flag_set/vec4 8;
    %jmp/0xz  T_4.50, 8;
    %load/vec4 v0x556a000d9680_0;
    %parti/s 7, 0, 2;
    %load/vec4 v0x556a000d9500_0;
    %concat/vec4; draw_concat_vec4
    %assign/vec4 v0x556a000d9680_0, 0;
    %load/vec4 v0x556a000d86b0_0;
    %addi 1, 0, 4;
    %assign/vec4 v0x556a000d86b0_0, 0;
T_4.50 ;
    %load/vec4 v0x556a000d86b0_0;
    %cmpi/e 8, 0, 4;
    %jmp/0xz  T_4.52, 4;
    %pushi/vec4 1, 0, 1;
    %assign/vec4 v0x556a000da900_0, 0;
    %load/vec4 v0x556a000d9680_0;
    %assign/vec4 v0x556a000d9040_0, 0;
    %pushi/vec4 4, 0, 3;
    %assign/vec4 v0x556a000da3a0_0, 0;
T_4.52 ;
    %jmp T_4.40;
T_4.38 ;
    %load/vec4 v0x556a000dab80_0;
    %pushi/vec4 8, 0, 8;
    %or;
    %assign/vec4 v0x556a000dab80_0, 0;
    %load/vec4 v0x556a000d86b0_0;
    %pad/u 32;
    %cmpi/e 0, 0, 32;
    %jmp/0xz  T_4.54, 4;
    %load/vec4 v0x556a000d9200_0;
    %flag_set/vec4 8;
    %jmp/0xz  T_4.56, 8;
    %load/vec4 v0x556a000d9120_0;
    %parti/s 1, 7, 4;
    %assign/vec4 v0x556a000d9380_0, 0;
    %load/vec4 v0x556a000d9120_0;
    %parti/s 7, 0, 2;
    %concati/vec4 0, 0, 1;
    %assign/vec4 v0x556a000d8f60_0, 0;
    %pushi/vec4 1, 0, 4;
    %assign/vec4 v0x556a000d86b0_0, 0;
T_4.56 ;
    %jmp T_4.55;
T_4.54 ;
    %load/vec4 v0x556a000d9200_0;
    %flag_set/vec4 8;
    %jmp/0xz  T_4.58, 8;
    %load/vec4 v0x556a000d8f60_0;
    %parti/s 1, 7, 4;
    %assign/vec4 v0x556a000d9380_0, 0;
    %load/vec4 v0x556a000d8f60_0;
    %parti/s 7, 0, 2;
    %concati/vec4 0, 0, 1;
    %assign/vec4 v0x556a000d8f60_0, 0;
    %load/vec4 v0x556a000d86b0_0;
    %addi 1, 0, 4;
    %assign/vec4 v0x556a000d86b0_0, 0;
T_4.58 ;
T_4.55 ;
    %load/vec4 v0x556a000d86b0_0;
    %cmpi/e 8, 0, 4;
    %jmp/0xz  T_4.60, 4;
    %load/vec4 v0x556a000d9680_0;
    %assign/vec4 v0x556a000d9040_0, 0;
    %pushi/vec4 4, 0, 3;
    %assign/vec4 v0x556a000da3a0_0, 0;
T_4.60 ;
    %jmp T_4.40;
T_4.39 ;
    %load/vec4 v0x556a000dab80_0;
    %pushi/vec4 16, 0, 8;
    %or;
    %assign/vec4 v0x556a000dab80_0, 0;
    %load/vec4 v0x556a000da540_0;
    %flag_set/vec4 8;
    %jmp/0xz  T_4.62, 8;
    %pushi/vec4 0, 0, 3;
    %assign/vec4 v0x556a000da3a0_0, 0;
T_4.62 ;
    %jmp T_4.40;
T_4.40 ;
    %pop/vec4 1;
T_4.1 ;
    %jmp T_4;
    .thread T_4;
    .scope S_0x556a0009a040;
T_5 ;
    %pushi/vec4 0, 0, 1;
    %store/vec4 v0x556a000db380_0, 0, 1;
T_5.0 ;
    %delay 5, 0;
    %load/vec4 v0x556a000db380_0;
    %inv;
    %store/vec4 v0x556a000db380_0, 0, 1;
    %jmp T_5.0;
T_5.1 ;
    %end;
    .thread T_5;
    .scope S_0x556a0009a040;
T_6 ;
    %pushi/vec4 0, 0, 32;
    %store/vec4 v0x556a000db7b0_0, 0, 32;
    %pushi/vec4 0, 0, 32;
    %store/vec4 v0x556a000db920_0, 0, 32;
T_6.0 ; Top of for-loop
    %load/vec4 v0x556a000db920_0;
    %cmpi/s 3, 0, 32;
    %flag_or 5, 4;
	  %jmp/0xz T_6.1, 5;
    %load/vec4 v0x556a000db920_0;
    %parti/s 2, 0, 2;
    %store/vec4 v0x556a000d7c00_0, 0, 2;
    %fork TD_tb_spi_slave_rpi.run_mode, S_0x556a000d7a00;
    %join;
T_6.2 ; for-loop step statement
    %load/vec4 v0x556a000db920_0;
    %addi 1, 0, 32;
    %store/vec4 v0x556a000db920_0, 0, 32;
    %jmp T_6.0;
T_6.1 ; for-loop exit label
    %load/vec4 v0x556a000db7b0_0;
    %cmpi/e 0, 0, 32;
    %jmp/0xz  T_6.3, 4;
    %vpi_call/w 3 163 "$display", "PASS: Raspberry Pi master model \342\200\224 all checks passed in all 4 SPI modes" {0 0 0};
    %jmp T_6.4;
T_6.3 ;
    %vpi_call/w 3 165 "$display", "FAIL: %0d check(s) failed", v0x556a000db7b0_0 {0 0 0};
T_6.4 ;
    %delay 100, 0;
    %vpi_call/w 3 166 "$finish" {0 0 0};
    %end;
    .thread T_6;
    .scope S_0x556a0009a040;
T_7 ;
    %vpi_call/w 3 173 "$dumpfile", "tb_spi_slave_rpi.vcd" {0 0 0};
    %vpi_call/w 3 175 "$dumpvars", 32'sb00000000000000000000000000000000, S_0x556a0009a040 {0 0 0};
    %end;
    .thread T_7;
# The file index is used to find the file name in the following table.
:file_names 5;
    "N/A";
    "<interactive>";
    "-";
    "tb_spi_slave_rpi.v";
    "./spi_slave.v";
