#! /foss/tools/iverilog/bin/vvp
:ivl_version "14.0 (devel)" "(s20260301-328-geda9fdcd-dirty)";
:ivl_delay_selection "TYPICAL";
:vpi_time_precision - 9;
:vpi_module "/foss/tools/iverilog/lib/ivl/system.vpi";
:vpi_module "/foss/tools/iverilog/lib/ivl/vhdl_sys.vpi";
:vpi_module "/foss/tools/iverilog/lib/ivl/vhdl_textio.vpi";
:vpi_module "/foss/tools/iverilog/lib/ivl/v2005_math.vpi";
:vpi_module "/foss/tools/iverilog/lib/ivl/va_math.vpi";
:vpi_module "/foss/tools/iverilog/lib/ivl/v2009.vpi";
S_0x55fbfcceeeb0 .scope package, "$unit" "$unit" 2 1;
 .timescale 0 0;
S_0x55fbfccef040 .scope module, "tb_spi_slave" "tb_spi_slave" 3 30;
 .timescale -9 -9;
v0x55fbfcd2e160_0 .var "addr", 7 0;
v0x55fbfcd2e240_0 .var "clk", 0 0;
v0x55fbfcd2e2e0_0 .var "cpha", 0 0;
v0x55fbfcd2e3b0_0 .var "cpol", 0 0;
v0x55fbfcd2e480_0 .net "data", 7 0, v0x55fbfcd2bcf0_0;  1 drivers
v0x55fbfcd2e570_0 .net "debug", 7 0, v0x55fbfcd2d9f0_0;  1 drivers
v0x55fbfcd2e640_0 .var/i "errors", 31 0;
v0x55fbfcd2e6e0_0 .net "miso", 0 0, v0x55fbfcd2c1f0_0;  1 drivers
v0x55fbfcd2e7b0_0 .var "miso_rx1", 7 0;
v0x55fbfcd2e850_0 .var "miso_rx3", 7 0;
v0x55fbfcd2e8f0_0 .var/i "mode", 31 0;
v0x55fbfcd2e9d0_0 .var "mosi", 0 0;
v0x55fbfcd2eaa0_0 .var "rst_n", 0 0;
v0x55fbfcd2eb70_0 .var "rx_cmd", 7 0;
v0x55fbfcd2ec10_0 .var "sck", 0 0;
v0x55fbfcd2ece0_0 .var "ssel", 0 0;
S_0x55fbfccef1d0 .scope task, "run_mode" "run_mode" 3 94, 3 94 0, S_0x55fbfccef040;
 .timescale -9 -9;
v0x55fbfccef5f0_0 .var "m", 1 0;
TD_tb_spi_slave.run_mode ;
    %load/vec4 v0x55fbfccef5f0_0;
    %parti/s 1, 1, 2;
    %store/vec4 v0x55fbfcd2e3b0_0, 0, 1;
    %load/vec4 v0x55fbfccef5f0_0;
    %parti/s 1, 0, 2;
    %store/vec4 v0x55fbfcd2e2e0_0, 0, 1;
    %pushi/vec4 3, 0, 8;
    %store/vec4 v0x55fbfcd2e160_0, 0, 8;
    %pushi/vec4 0, 0, 1;
    %store/vec4 v0x55fbfcd2e9d0_0, 0, 1;
    %pushi/vec4 1, 0, 1;
    %store/vec4 v0x55fbfcd2ece0_0, 0, 1;
    %pushi/vec4 0, 0, 1;
    %store/vec4 v0x55fbfcd2eaa0_0, 0, 1;
    %load/vec4 v0x55fbfccef5f0_0;
    %parti/s 1, 1, 2;
    %store/vec4 v0x55fbfcd2ec10_0, 0, 1;
    %delay 20, 0;
    %pushi/vec4 1, 0, 1;
    %store/vec4 v0x55fbfcd2eaa0_0, 0, 1;
    %delay 20, 0;
    %pushi/vec4 0, 0, 1;
    %store/vec4 v0x55fbfcd2ece0_0, 0, 1;
    %delay 10, 0;
    %pushi/vec4 129, 0, 8;
    %store/vec4 v0x55fbfcd2e0a0_0, 0, 8;
    %fork TD_tb_spi_slave.spi_xfer_byte, S_0x55fbfcd2dd50;
    %join;
    %load/vec4 v0x55fbfcd2dfc0_0;
    %store/vec4 v0x55fbfcd2eb70_0, 0, 8;
    %pushi/vec4 0, 0, 8;
    %store/vec4 v0x55fbfcd2e0a0_0, 0, 8;
    %fork TD_tb_spi_slave.spi_xfer_byte, S_0x55fbfcd2dd50;
    %join;
    %load/vec4 v0x55fbfcd2dfc0_0;
    %store/vec4 v0x55fbfcd2e7b0_0, 0, 8;
    %delay 10, 0;
    %pushi/vec4 1, 0, 1;
    %store/vec4 v0x55fbfcd2ece0_0, 0, 1;
    %delay 20, 0;
    %pushi/vec4 0, 0, 1;
    %store/vec4 v0x55fbfcd2ece0_0, 0, 1;
    %delay 10, 0;
    %pushi/vec4 3, 0, 8;
    %store/vec4 v0x55fbfcd2e0a0_0, 0, 8;
    %fork TD_tb_spi_slave.spi_xfer_byte, S_0x55fbfcd2dd50;
    %join;
    %load/vec4 v0x55fbfcd2dfc0_0;
    %store/vec4 v0x55fbfcd2eb70_0, 0, 8;
    %pushi/vec4 160, 0, 8;
    %load/vec4 v0x55fbfccef5f0_0;
    %pad/u 8;
    %or;
    %store/vec4 v0x55fbfcd2e0a0_0, 0, 8;
    %fork TD_tb_spi_slave.spi_xfer_byte, S_0x55fbfcd2dd50;
    %join;
    %load/vec4 v0x55fbfcd2dfc0_0;
    %store/vec4 v0x55fbfcd2eb70_0, 0, 8;
    %delay 10, 0;
    %pushi/vec4 1, 0, 1;
    %store/vec4 v0x55fbfcd2ece0_0, 0, 1;
    %delay 20, 0;
    %pushi/vec4 0, 0, 1;
    %store/vec4 v0x55fbfcd2ece0_0, 0, 1;
    %delay 10, 0;
    %pushi/vec4 131, 0, 8;
    %store/vec4 v0x55fbfcd2e0a0_0, 0, 8;
    %fork TD_tb_spi_slave.spi_xfer_byte, S_0x55fbfcd2dd50;
    %join;
    %load/vec4 v0x55fbfcd2dfc0_0;
    %store/vec4 v0x55fbfcd2eb70_0, 0, 8;
    %pushi/vec4 0, 0, 8;
    %store/vec4 v0x55fbfcd2e0a0_0, 0, 8;
    %fork TD_tb_spi_slave.spi_xfer_byte, S_0x55fbfcd2dd50;
    %join;
    %load/vec4 v0x55fbfcd2dfc0_0;
    %store/vec4 v0x55fbfcd2e850_0, 0, 8;
    %delay 10, 0;
    %pushi/vec4 1, 0, 1;
    %store/vec4 v0x55fbfcd2ece0_0, 0, 1;
    %delay 20, 0;
    %load/vec4 v0x55fbfcd2e7b0_0;
    %cmpi/ne 11, 0, 8;
    %jmp/0xz  T_0.0, 6;
    %vpi_call/w 3 129 "$display", "FAIL mode %0d Tx1 READ Reg1 : expected miso=0x0B, got 0x%02X", v0x55fbfccef5f0_0, v0x55fbfcd2e7b0_0 {0 0 0};
    %load/vec4 v0x55fbfcd2e640_0;
    %addi 1, 0, 32;
    %store/vec4 v0x55fbfcd2e640_0, 0, 32;
T_0.0 ;
    %load/vec4 v0x55fbfcd2e480_0;
    %pushi/vec4 160, 0, 8;
    %load/vec4 v0x55fbfccef5f0_0;
    %pad/u 8;
    %or;
    %cmp/ne;
    %jmp/0xz  T_0.2, 6;
    %pushi/vec4 160, 0, 8;
    %load/vec4 v0x55fbfccef5f0_0;
    %pad/u 8;
    %or;
    %vpi_call/w 3 133 "$display", "FAIL mode %0d parallel Reg3: expected data=0x%02X, got 0x%02X", v0x55fbfccef5f0_0, S<0,vec4,u8>, v0x55fbfcd2e480_0 {1 0 0};
    %load/vec4 v0x55fbfcd2e640_0;
    %addi 1, 0, 32;
    %store/vec4 v0x55fbfcd2e640_0, 0, 32;
T_0.2 ;
    %load/vec4 v0x55fbfcd2e850_0;
    %pushi/vec4 160, 0, 8;
    %load/vec4 v0x55fbfccef5f0_0;
    %pad/u 8;
    %or;
    %cmp/ne;
    %jmp/0xz  T_0.4, 6;
    %pushi/vec4 160, 0, 8;
    %load/vec4 v0x55fbfccef5f0_0;
    %pad/u 8;
    %or;
    %vpi_call/w 3 137 "$display", "FAIL mode %0d Tx3 READ Reg3: expected miso=0x%02X, got 0x%02X", v0x55fbfccef5f0_0, S<0,vec4,u8>, v0x55fbfcd2e850_0 {1 0 0};
    %load/vec4 v0x55fbfcd2e640_0;
    %addi 1, 0, 32;
    %store/vec4 v0x55fbfcd2e640_0, 0, 32;
T_0.4 ;
    %load/vec4 v0x55fbfcd2e570_0;
    %cmpi/ne 31, 0, 8;
    %jmp/0xz  T_0.6, 6;
    %vpi_call/w 3 141 "$display", "FAIL mode %0d debug        : expected 0x1F, got 0x%02X", v0x55fbfccef5f0_0, v0x55fbfcd2e570_0 {0 0 0};
    %load/vec4 v0x55fbfcd2e640_0;
    %addi 1, 0, 32;
    %store/vec4 v0x55fbfcd2e640_0, 0, 32;
T_0.6 ;
    %vpi_call/w 3 144 "$display", "MODE %0d (CPOL=%0d CPHA=%0d) %0t: miso_rx1=0x%02X data=0x%02X miso_rx3=0x%02X debug=0x%02X", v0x55fbfccef5f0_0, &PV<v0x55fbfccef5f0_0, 1, 1>, &PV<v0x55fbfccef5f0_0, 0, 1>, $time, v0x55fbfcd2e7b0_0, v0x55fbfcd2e480_0, v0x55fbfcd2e850_0, v0x55fbfcd2e570_0 {0 0 0};
    %end;
S_0x55fbfcd2afb0 .scope module, "spi_slave1" "spi_slave" 3 54, 4 24 0, S_0x55fbfccef040;
 .timescale -9 -9;
    .port_info 0 /INPUT 1 "Clk";
    .port_info 1 /INPUT 1 "iRST_N";
    .port_info 2 /INPUT 1 "CPOL";
    .port_info 3 /INPUT 1 "CPHA";
    .port_info 4 /INPUT 1 "SCK";
    .port_info 5 /INPUT 1 "MOSI";
    .port_info 6 /INPUT 1 "SSEL";
    .port_info 7 /OUTPUT 1 "MISO";
    .port_info 8 /INPUT 8 "Add2_in";
    .port_info 9 /OUTPUT 8 "Data2_out";
    .port_info 10 /OUTPUT 8 "debug";
L_0x55fbfcd2edb0 .functor XOR 1, v0x55fbfcd2ce50_0, v0x55fbfcd2bab0_0, C4<0>, C4<0>;
L_0x55fbfcd2eeb0 .functor XOR 1, v0x55fbfcd2cf10_0, v0x55fbfcd2bab0_0, C4<0>, C4<0>;
L_0x55fbfcd2ef80 .functor NOT 1, L_0x55fbfcd2eeb0, C4<0>, C4<0>, C4<0>;
L_0x55fbfcd2f040 .functor AND 1, L_0x55fbfcd2edb0, L_0x55fbfcd2ef80, C4<1>, C4<1>;
L_0x55fbfcd2f180 .functor NOT 1, L_0x55fbfcd2edb0, C4<0>, C4<0>, C4<0>;
L_0x55fbfcd2f1f0 .functor AND 1, L_0x55fbfcd2f180, L_0x55fbfcd2eeb0, C4<1>, C4<1>;
v0x55fbfcd2b340_0 .net "Add2_in", 7 0, v0x55fbfcd2e160_0;  1 drivers
v0x55fbfcd2b440_0 .var "Add_SPI", 7 0;
v0x55fbfcd2b520_0 .var "BitCnt", 3 0;
v0x55fbfcd2b5e0_0 .net "CPHA", 0 0, v0x55fbfcd2e2e0_0;  1 drivers
v0x55fbfcd2b6a0_0 .var "CPHA_delay0", 0 0;
v0x55fbfcd2b7b0_0 .var "CPHA_latched", 0 0;
v0x55fbfcd2b870_0 .var "CPHA_metastable", 0 0;
v0x55fbfcd2b930_0 .net "CPOL", 0 0, v0x55fbfcd2e3b0_0;  1 drivers
v0x55fbfcd2b9f0_0 .var "CPOL_delay0", 0 0;
v0x55fbfcd2bab0_0 .var "CPOL_latched", 0 0;
v0x55fbfcd2bb70_0 .var "CPOL_metastable", 0 0;
v0x55fbfcd2bc30_0 .net "Clk", 0 0, v0x55fbfcd2e240_0;  1 drivers
v0x55fbfcd2bcf0_0 .var "Data2_out", 7 0;
v0x55fbfcd2bdd0_0 .var "DataToSend", 7 0;
v0x55fbfcd2beb0_0 .var "Data_fromSPI", 7 0;
v0x55fbfcd2bf90_0 .var "Data_toSPI", 7 0;
v0x55fbfcd2c070_0 .net "DriveEdge", 0 0, L_0x55fbfcd2f430;  1 drivers
v0x55fbfcd2c130_0 .net "LeadingEdge", 0 0, L_0x55fbfcd2f040;  1 drivers
v0x55fbfcd2c1f0_0 .var "MISO", 0 0;
v0x55fbfcd2c2b0_0 .net "MOSI", 0 0, v0x55fbfcd2e9d0_0;  1 drivers
v0x55fbfcd2c370_0 .var "MOSI_delay0", 0 0;
v0x55fbfcd2c430_0 .var "MOSI_metastable", 0 0;
v0x55fbfcd2c4f0_0 .var "ReceivedByte", 7 0;
v0x55fbfcd2c5d0_0 .var "Register0", 7 0;
v0x55fbfcd2c6b0_0 .var "Register1", 7 0;
v0x55fbfcd2c790_0 .var "Register2", 7 0;
v0x55fbfcd2c870_0 .var "Register3", 7 0;
v0x55fbfcd2c950_0 .var "Register4", 7 0;
v0x55fbfcd2ca30_0 .var "Register5", 7 0;
v0x55fbfcd2cb10_0 .var "Register6", 7 0;
v0x55fbfcd2cbf0_0 .var "Register7", 7 0;
v0x55fbfcd2ccd0_0 .var "RnW", 0 0;
v0x55fbfcd2cd90_0 .net "SCK", 0 0, v0x55fbfcd2ec10_0;  1 drivers
v0x55fbfcd2ce50_0 .var "SCK_delay0", 0 0;
v0x55fbfcd2cf10_0 .var "SCK_delay1", 0 0;
v0x55fbfcd2cfd0_0 .var "SCK_metastable", 0 0;
v0x55fbfcd2d090_0 .net "SCK_norm0", 0 0, L_0x55fbfcd2edb0;  1 drivers
v0x55fbfcd2d150_0 .net "SCK_norm1", 0 0, L_0x55fbfcd2eeb0;  1 drivers
v0x55fbfcd2d210_0 .var "SPI_State", 2 0;
v0x55fbfcd2d2f0_0 .net "SSEL", 0 0, v0x55fbfcd2ece0_0;  1 drivers
v0x55fbfcd2d3b0_0 .var "SSEL_delay0", 0 0;
v0x55fbfcd2d470_0 .var "SSEL_delay1", 0 0;
v0x55fbfcd2d530_0 .var "SSEL_metastable", 0 0;
v0x55fbfcd2d5f0_0 .net "SampleEdge", 0 0, L_0x55fbfcd2f2f0;  1 drivers
v0x55fbfcd2d6b0_0 .net "TrailingEdge", 0 0, L_0x55fbfcd2f1f0;  1 drivers
v0x55fbfcd2d770_0 .var "WrEn", 0 0;
v0x55fbfcd2d830_0 .net *"_ivl_4", 0 0, L_0x55fbfcd2ef80;  1 drivers
v0x55fbfcd2d910_0 .net *"_ivl_8", 0 0, L_0x55fbfcd2f180;  1 drivers
v0x55fbfcd2d9f0_0 .var "debug", 7 0;
v0x55fbfcd2dad0_0 .net "iRST_N", 0 0, v0x55fbfcd2eaa0_0;  1 drivers
E_0x55fbfccd7b80/0 .event negedge, v0x55fbfcd2dad0_0;
E_0x55fbfccd7b80/1 .event posedge, v0x55fbfcd2bc30_0;
E_0x55fbfccd7b80 .event/or E_0x55fbfccd7b80/0, E_0x55fbfccd7b80/1;
L_0x55fbfcd2f2f0 .functor MUXZ 1, L_0x55fbfcd2f040, L_0x55fbfcd2f1f0, v0x55fbfcd2b7b0_0, C4<>;
L_0x55fbfcd2f430 .functor MUXZ 1, L_0x55fbfcd2f1f0, L_0x55fbfcd2f040, v0x55fbfcd2b7b0_0, C4<>;
S_0x55fbfcd2dd50 .scope task, "spi_xfer_byte" "spi_xfer_byte" 3 70, 3 70 0, S_0x55fbfccef040;
 .timescale -9 -9;
v0x55fbfcd2dee0_0 .var/i "i", 31 0;
v0x55fbfcd2dfc0_0 .var "rx", 7 0;
v0x55fbfcd2e0a0_0 .var "tx", 7 0;
TD_tb_spi_slave.spi_xfer_byte ;
    %pushi/vec4 7, 0, 32;
    %store/vec4 v0x55fbfcd2dee0_0, 0, 32;
T_1.8 ; Top of for-loop
    %load/vec4 v0x55fbfcd2dee0_0;
    %cmpi/s 0, 0, 32;
    %flag_inv 5; GE is !LT
	  %jmp/0xz T_1.9, 5;
    %load/vec4 v0x55fbfcd2e2e0_0;
    %pad/u 32;
    %cmpi/e 0, 0, 32;
    %jmp/0xz  T_1.11, 4;
    %load/vec4 v0x55fbfcd2e0a0_0;
    %load/vec4 v0x55fbfcd2dee0_0;
    %part/s 1;
    %store/vec4 v0x55fbfcd2e9d0_0, 0, 1;
    %delay 10, 0;
    %load/vec4 v0x55fbfcd2e3b0_0;
    %inv;
    %store/vec4 v0x55fbfcd2ec10_0, 0, 1;
    %load/vec4 v0x55fbfcd2e6e0_0;
    %ix/getv/s 4, v0x55fbfcd2dee0_0;
    %store/vec4 v0x55fbfcd2dfc0_0, 4, 1;
    %delay 10, 0;
    %load/vec4 v0x55fbfcd2e3b0_0;
    %store/vec4 v0x55fbfcd2ec10_0, 0, 1;
    %jmp T_1.12;
T_1.11 ;
    %load/vec4 v0x55fbfcd2e3b0_0;
    %inv;
    %store/vec4 v0x55fbfcd2ec10_0, 0, 1;
    %load/vec4 v0x55fbfcd2e0a0_0;
    %load/vec4 v0x55fbfcd2dee0_0;
    %part/s 1;
    %store/vec4 v0x55fbfcd2e9d0_0, 0, 1;
    %delay 10, 0;
    %load/vec4 v0x55fbfcd2e3b0_0;
    %store/vec4 v0x55fbfcd2ec10_0, 0, 1;
    %load/vec4 v0x55fbfcd2e6e0_0;
    %ix/getv/s 4, v0x55fbfcd2dee0_0;
    %store/vec4 v0x55fbfcd2dfc0_0, 4, 1;
    %delay 10, 0;
T_1.12 ;
T_1.10 ; for-loop step statement
    %load/vec4 v0x55fbfcd2dee0_0;
    %subi 1, 0, 32;
    %store/vec4 v0x55fbfcd2dee0_0, 0, 32;
    %jmp T_1.8;
T_1.9 ; for-loop exit label
    %end;
    .scope S_0x55fbfcd2afb0;
T_2 ;
    %wait E_0x55fbfccd7b80;
    %load/vec4 v0x55fbfcd2dad0_0;
    %nor/r;
    %flag_set/vec4 8;
    %jmp/0xz  T_2.0, 8;
    %pushi/vec4 10, 0, 8;
    %assign/vec4 v0x55fbfcd2c5d0_0, 0;
    %pushi/vec4 11, 0, 8;
    %assign/vec4 v0x55fbfcd2c6b0_0, 0;
    %pushi/vec4 12, 0, 8;
    %assign/vec4 v0x55fbfcd2c790_0, 0;
    %pushi/vec4 13, 0, 8;
    %assign/vec4 v0x55fbfcd2c870_0, 0;
    %pushi/vec4 14, 0, 8;
    %assign/vec4 v0x55fbfcd2c950_0, 0;
    %pushi/vec4 16, 0, 8;
    %assign/vec4 v0x55fbfcd2ca30_0, 0;
    %pushi/vec4 32, 0, 8;
    %assign/vec4 v0x55fbfcd2cb10_0, 0;
    %pushi/vec4 48, 0, 8;
    %assign/vec4 v0x55fbfcd2cbf0_0, 0;
    %pushi/vec4 0, 0, 8;
    %assign/vec4 v0x55fbfcd2bf90_0, 0;
    %pushi/vec4 0, 0, 8;
    %assign/vec4 v0x55fbfcd2bcf0_0, 0;
    %pushi/vec4 0, 0, 1;
    %assign/vec4 v0x55fbfcd2cfd0_0, 0;
    %pushi/vec4 0, 0, 1;
    %assign/vec4 v0x55fbfcd2c430_0, 0;
    %pushi/vec4 0, 0, 1;
    %assign/vec4 v0x55fbfcd2d530_0, 0;
    %pushi/vec4 0, 0, 1;
    %assign/vec4 v0x55fbfcd2bb70_0, 0;
    %pushi/vec4 0, 0, 1;
    %assign/vec4 v0x55fbfcd2b870_0, 0;
    %pushi/vec4 0, 0, 1;
    %assign/vec4 v0x55fbfcd2ce50_0, 0;
    %pushi/vec4 0, 0, 1;
    %assign/vec4 v0x55fbfcd2c370_0, 0;
    %pushi/vec4 0, 0, 1;
    %assign/vec4 v0x55fbfcd2d3b0_0, 0;
    %pushi/vec4 0, 0, 1;
    %assign/vec4 v0x55fbfcd2b9f0_0, 0;
    %pushi/vec4 0, 0, 1;
    %assign/vec4 v0x55fbfcd2b6a0_0, 0;
    %pushi/vec4 0, 0, 1;
    %assign/vec4 v0x55fbfcd2cf10_0, 0;
    %pushi/vec4 0, 0, 1;
    %assign/vec4 v0x55fbfcd2d470_0, 0;
    %pushi/vec4 0, 0, 1;
    %assign/vec4 v0x55fbfcd2bab0_0, 0;
    %pushi/vec4 0, 0, 1;
    %assign/vec4 v0x55fbfcd2b7b0_0, 0;
    %pushi/vec4 0, 0, 1;
    %assign/vec4 v0x55fbfcd2d770_0, 0;
    %pushi/vec4 0, 0, 1;
    %assign/vec4 v0x55fbfcd2ccd0_0, 0;
    %pushi/vec4 0, 0, 4;
    %assign/vec4 v0x55fbfcd2b520_0, 0;
    %pushi/vec4 0, 0, 8;
    %assign/vec4 v0x55fbfcd2c4f0_0, 0;
    %pushi/vec4 0, 0, 8;
    %assign/vec4 v0x55fbfcd2beb0_0, 0;
    %pushi/vec4 0, 0, 8;
    %assign/vec4 v0x55fbfcd2bdd0_0, 0;
    %pushi/vec4 0, 0, 8;
    %assign/vec4 v0x55fbfcd2b440_0, 0;
    %pushi/vec4 0, 0, 1;
    %assign/vec4 v0x55fbfcd2c1f0_0, 0;
    %pushi/vec4 0, 0, 8;
    %assign/vec4 v0x55fbfcd2d9f0_0, 0;
    %pushi/vec4 0, 0, 3;
    %assign/vec4 v0x55fbfcd2d210_0, 0;
    %jmp T_2.1;
T_2.0 ;
    %load/vec4 v0x55fbfcd2ccd0_0;
    %flag_set/vec4 8;
    %jmp/0xz  T_2.2, 8;
    %load/vec4 v0x55fbfcd2b440_0;
    %dup/vec4;
    %pushi/vec4 0, 0, 8;
    %cmp/e;
    %jmp/1 T_2.4, 6;
    %dup/vec4;
    %pushi/vec4 1, 0, 8;
    %cmp/e;
    %jmp/1 T_2.5, 6;
    %dup/vec4;
    %pushi/vec4 2, 0, 8;
    %cmp/e;
    %jmp/1 T_2.6, 6;
    %dup/vec4;
    %pushi/vec4 3, 0, 8;
    %cmp/e;
    %jmp/1 T_2.7, 6;
    %dup/vec4;
    %pushi/vec4 4, 0, 8;
    %cmp/e;
    %jmp/1 T_2.8, 6;
    %dup/vec4;
    %pushi/vec4 5, 0, 8;
    %cmp/e;
    %jmp/1 T_2.9, 6;
    %dup/vec4;
    %pushi/vec4 6, 0, 8;
    %cmp/e;
    %jmp/1 T_2.10, 6;
    %dup/vec4;
    %pushi/vec4 7, 0, 8;
    %cmp/e;
    %jmp/1 T_2.11, 6;
    %pushi/vec4 255, 0, 8;
    %assign/vec4 v0x55fbfcd2bf90_0, 0;
    %jmp T_2.13;
T_2.4 ;
    %load/vec4 v0x55fbfcd2c5d0_0;
    %assign/vec4 v0x55fbfcd2bf90_0, 0;
    %jmp T_2.13;
T_2.5 ;
    %load/vec4 v0x55fbfcd2c6b0_0;
    %assign/vec4 v0x55fbfcd2bf90_0, 0;
    %jmp T_2.13;
T_2.6 ;
    %load/vec4 v0x55fbfcd2c790_0;
    %assign/vec4 v0x55fbfcd2bf90_0, 0;
    %jmp T_2.13;
T_2.7 ;
    %load/vec4 v0x55fbfcd2c870_0;
    %assign/vec4 v0x55fbfcd2bf90_0, 0;
    %jmp T_2.13;
T_2.8 ;
    %load/vec4 v0x55fbfcd2c950_0;
    %assign/vec4 v0x55fbfcd2bf90_0, 0;
    %jmp T_2.13;
T_2.9 ;
    %load/vec4 v0x55fbfcd2ca30_0;
    %assign/vec4 v0x55fbfcd2bf90_0, 0;
    %jmp T_2.13;
T_2.10 ;
    %load/vec4 v0x55fbfcd2cb10_0;
    %assign/vec4 v0x55fbfcd2bf90_0, 0;
    %jmp T_2.13;
T_2.11 ;
    %load/vec4 v0x55fbfcd2cbf0_0;
    %assign/vec4 v0x55fbfcd2bf90_0, 0;
    %jmp T_2.13;
T_2.13 ;
    %pop/vec4 1;
    %jmp T_2.3;
T_2.2 ;
    %load/vec4 v0x55fbfcd2d770_0;
    %flag_set/vec4 8;
    %jmp/0xz  T_2.14, 8;
    %load/vec4 v0x55fbfcd2b440_0;
    %dup/vec4;
    %pushi/vec4 0, 0, 8;
    %cmp/e;
    %jmp/1 T_2.16, 6;
    %dup/vec4;
    %pushi/vec4 1, 0, 8;
    %cmp/e;
    %jmp/1 T_2.17, 6;
    %dup/vec4;
    %pushi/vec4 2, 0, 8;
    %cmp/e;
    %jmp/1 T_2.18, 6;
    %dup/vec4;
    %pushi/vec4 3, 0, 8;
    %cmp/e;
    %jmp/1 T_2.19, 6;
    %dup/vec4;
    %pushi/vec4 4, 0, 8;
    %cmp/e;
    %jmp/1 T_2.20, 6;
    %dup/vec4;
    %pushi/vec4 5, 0, 8;
    %cmp/e;
    %jmp/1 T_2.21, 6;
    %dup/vec4;
    %pushi/vec4 6, 0, 8;
    %cmp/e;
    %jmp/1 T_2.22, 6;
    %dup/vec4;
    %pushi/vec4 7, 0, 8;
    %cmp/e;
    %jmp/1 T_2.23, 6;
    %jmp T_2.24;
T_2.16 ;
    %load/vec4 v0x55fbfcd2beb0_0;
    %assign/vec4 v0x55fbfcd2c5d0_0, 0;
    %jmp T_2.24;
T_2.17 ;
    %load/vec4 v0x55fbfcd2beb0_0;
    %assign/vec4 v0x55fbfcd2c6b0_0, 0;
    %jmp T_2.24;
T_2.18 ;
    %load/vec4 v0x55fbfcd2beb0_0;
    %assign/vec4 v0x55fbfcd2c790_0, 0;
    %jmp T_2.24;
T_2.19 ;
    %load/vec4 v0x55fbfcd2beb0_0;
    %assign/vec4 v0x55fbfcd2c870_0, 0;
    %jmp T_2.24;
T_2.20 ;
    %load/vec4 v0x55fbfcd2beb0_0;
    %assign/vec4 v0x55fbfcd2c950_0, 0;
    %jmp T_2.24;
T_2.21 ;
    %load/vec4 v0x55fbfcd2beb0_0;
    %assign/vec4 v0x55fbfcd2ca30_0, 0;
    %jmp T_2.24;
T_2.22 ;
    %load/vec4 v0x55fbfcd2beb0_0;
    %assign/vec4 v0x55fbfcd2cb10_0, 0;
    %jmp T_2.24;
T_2.23 ;
    %load/vec4 v0x55fbfcd2beb0_0;
    %assign/vec4 v0x55fbfcd2cbf0_0, 0;
    %jmp T_2.24;
T_2.24 ;
    %pop/vec4 1;
T_2.14 ;
T_2.3 ;
    %load/vec4 v0x55fbfcd2b340_0;
    %dup/vec4;
    %pushi/vec4 0, 0, 8;
    %cmp/e;
    %jmp/1 T_2.25, 6;
    %dup/vec4;
    %pushi/vec4 1, 0, 8;
    %cmp/e;
    %jmp/1 T_2.26, 6;
    %dup/vec4;
    %pushi/vec4 2, 0, 8;
    %cmp/e;
    %jmp/1 T_2.27, 6;
    %dup/vec4;
    %pushi/vec4 3, 0, 8;
    %cmp/e;
    %jmp/1 T_2.28, 6;
    %dup/vec4;
    %pushi/vec4 4, 0, 8;
    %cmp/e;
    %jmp/1 T_2.29, 6;
    %dup/vec4;
    %pushi/vec4 5, 0, 8;
    %cmp/e;
    %jmp/1 T_2.30, 6;
    %dup/vec4;
    %pushi/vec4 6, 0, 8;
    %cmp/e;
    %jmp/1 T_2.31, 6;
    %dup/vec4;
    %pushi/vec4 7, 0, 8;
    %cmp/e;
    %jmp/1 T_2.32, 6;
    %pushi/vec4 255, 0, 8;
    %assign/vec4 v0x55fbfcd2bcf0_0, 0;
    %jmp T_2.34;
T_2.25 ;
    %load/vec4 v0x55fbfcd2c5d0_0;
    %assign/vec4 v0x55fbfcd2bcf0_0, 0;
    %jmp T_2.34;
T_2.26 ;
    %load/vec4 v0x55fbfcd2c6b0_0;
    %assign/vec4 v0x55fbfcd2bcf0_0, 0;
    %jmp T_2.34;
T_2.27 ;
    %load/vec4 v0x55fbfcd2c790_0;
    %assign/vec4 v0x55fbfcd2bcf0_0, 0;
    %jmp T_2.34;
T_2.28 ;
    %load/vec4 v0x55fbfcd2c870_0;
    %assign/vec4 v0x55fbfcd2bcf0_0, 0;
    %jmp T_2.34;
T_2.29 ;
    %load/vec4 v0x55fbfcd2c950_0;
    %assign/vec4 v0x55fbfcd2bcf0_0, 0;
    %jmp T_2.34;
T_2.30 ;
    %load/vec4 v0x55fbfcd2ca30_0;
    %assign/vec4 v0x55fbfcd2bcf0_0, 0;
    %jmp T_2.34;
T_2.31 ;
    %load/vec4 v0x55fbfcd2cb10_0;
    %assign/vec4 v0x55fbfcd2bcf0_0, 0;
    %jmp T_2.34;
T_2.32 ;
    %load/vec4 v0x55fbfcd2cbf0_0;
    %assign/vec4 v0x55fbfcd2bcf0_0, 0;
    %jmp T_2.34;
T_2.34 ;
    %pop/vec4 1;
    %load/vec4 v0x55fbfcd2cd90_0;
    %assign/vec4 v0x55fbfcd2cfd0_0, 0;
    %load/vec4 v0x55fbfcd2c2b0_0;
    %assign/vec4 v0x55fbfcd2c430_0, 0;
    %load/vec4 v0x55fbfcd2d2f0_0;
    %assign/vec4 v0x55fbfcd2d530_0, 0;
    %load/vec4 v0x55fbfcd2b930_0;
    %assign/vec4 v0x55fbfcd2bb70_0, 0;
    %load/vec4 v0x55fbfcd2b5e0_0;
    %assign/vec4 v0x55fbfcd2b870_0, 0;
    %load/vec4 v0x55fbfcd2cfd0_0;
    %assign/vec4 v0x55fbfcd2ce50_0, 0;
    %load/vec4 v0x55fbfcd2c430_0;
    %assign/vec4 v0x55fbfcd2c370_0, 0;
    %load/vec4 v0x55fbfcd2d530_0;
    %assign/vec4 v0x55fbfcd2d3b0_0, 0;
    %load/vec4 v0x55fbfcd2bb70_0;
    %assign/vec4 v0x55fbfcd2b9f0_0, 0;
    %load/vec4 v0x55fbfcd2b870_0;
    %assign/vec4 v0x55fbfcd2b6a0_0, 0;
    %load/vec4 v0x55fbfcd2ce50_0;
    %assign/vec4 v0x55fbfcd2cf10_0, 0;
    %load/vec4 v0x55fbfcd2d3b0_0;
    %assign/vec4 v0x55fbfcd2d470_0, 0;
    %pushi/vec4 0, 0, 1;
    %assign/vec4 v0x55fbfcd2d770_0, 0;
    %load/vec4 v0x55fbfcd2d210_0;
    %dup/vec4;
    %pushi/vec4 0, 0, 3;
    %cmp/e;
    %jmp/1 T_2.35, 6;
    %dup/vec4;
    %pushi/vec4 1, 0, 3;
    %cmp/e;
    %jmp/1 T_2.36, 6;
    %dup/vec4;
    %pushi/vec4 2, 0, 3;
    %cmp/e;
    %jmp/1 T_2.37, 6;
    %dup/vec4;
    %pushi/vec4 3, 0, 3;
    %cmp/e;
    %jmp/1 T_2.38, 6;
    %dup/vec4;
    %pushi/vec4 4, 0, 3;
    %cmp/e;
    %jmp/1 T_2.39, 6;
    %jmp T_2.40;
T_2.35 ;
    %pushi/vec4 0, 0, 4;
    %assign/vec4 v0x55fbfcd2b520_0, 0;
    %load/vec4 v0x55fbfcd2b9f0_0;
    %assign/vec4 v0x55fbfcd2bab0_0, 0;
    %load/vec4 v0x55fbfcd2b6a0_0;
    %assign/vec4 v0x55fbfcd2b7b0_0, 0;
    %load/vec4 v0x55fbfcd2d9f0_0;
    %pushi/vec4 1, 0, 8;
    %or;
    %assign/vec4 v0x55fbfcd2d9f0_0, 0;
    %load/vec4 v0x55fbfcd2d3b0_0;
    %pad/u 32;
    %cmpi/e 0, 0, 32;
    %flag_get/vec4 4;
    %jmp/0 T_2.43, 4;
    %load/vec4 v0x55fbfcd2d470_0;
    %pad/u 32;
    %pushi/vec4 1, 0, 32;
    %cmp/e;
    %flag_get/vec4 4;
    %and;
T_2.43;
    %flag_set/vec4 8;
    %jmp/0xz  T_2.41, 8;
    %pushi/vec4 1, 0, 3;
    %assign/vec4 v0x55fbfcd2d210_0, 0;
T_2.41 ;
    %jmp T_2.40;
T_2.36 ;
    %load/vec4 v0x55fbfcd2d9f0_0;
    %pushi/vec4 2, 0, 8;
    %or;
    %assign/vec4 v0x55fbfcd2d9f0_0, 0;
    %load/vec4 v0x55fbfcd2d5f0_0;
    %flag_set/vec4 8;
    %jmp/0xz  T_2.44, 8;
    %load/vec4 v0x55fbfcd2c4f0_0;
    %parti/s 7, 0, 2;
    %load/vec4 v0x55fbfcd2c370_0;
    %concat/vec4; draw_concat_vec4
    %assign/vec4 v0x55fbfcd2c4f0_0, 0;
    %load/vec4 v0x55fbfcd2b520_0;
    %addi 1, 0, 4;
    %assign/vec4 v0x55fbfcd2b520_0, 0;
T_2.44 ;
    %load/vec4 v0x55fbfcd2b520_0;
    %cmpi/e 8, 0, 4;
    %jmp/0xz  T_2.46, 4;
    %pushi/vec4 0, 0, 4;
    %assign/vec4 v0x55fbfcd2b520_0, 0;
    %pushi/vec4 0, 0, 1;
    %load/vec4 v0x55fbfcd2c4f0_0;
    %parti/s 7, 0, 2;
    %concat/vec4; draw_concat_vec4
    %assign/vec4 v0x55fbfcd2b440_0, 0;
    %load/vec4 v0x55fbfcd2c4f0_0;
    %parti/s 1, 7, 4;
    %assign/vec4 v0x55fbfcd2ccd0_0, 0;
    %load/vec4 v0x55fbfcd2c4f0_0;
    %parti/s 1, 7, 4;
    %pad/u 32;
    %cmpi/e 1, 0, 32;
    %jmp/0xz  T_2.48, 4;
    %pushi/vec4 3, 0, 3;
    %assign/vec4 v0x55fbfcd2d210_0, 0;
    %jmp T_2.49;
T_2.48 ;
    %pushi/vec4 2, 0, 3;
    %assign/vec4 v0x55fbfcd2d210_0, 0;
T_2.49 ;
T_2.46 ;
    %jmp T_2.40;
T_2.37 ;
    %load/vec4 v0x55fbfcd2d9f0_0;
    %pushi/vec4 4, 0, 8;
    %or;
    %assign/vec4 v0x55fbfcd2d9f0_0, 0;
    %load/vec4 v0x55fbfcd2d5f0_0;
    %flag_set/vec4 8;
    %jmp/0xz  T_2.50, 8;
    %load/vec4 v0x55fbfcd2c4f0_0;
    %parti/s 7, 0, 2;
    %load/vec4 v0x55fbfcd2c370_0;
    %concat/vec4; draw_concat_vec4
    %assign/vec4 v0x55fbfcd2c4f0_0, 0;
    %load/vec4 v0x55fbfcd2b520_0;
    %addi 1, 0, 4;
    %assign/vec4 v0x55fbfcd2b520_0, 0;
T_2.50 ;
    %load/vec4 v0x55fbfcd2b520_0;
    %cmpi/e 8, 0, 4;
    %jmp/0xz  T_2.52, 4;
    %pushi/vec4 1, 0, 1;
    %assign/vec4 v0x55fbfcd2d770_0, 0;
    %load/vec4 v0x55fbfcd2c4f0_0;
    %assign/vec4 v0x55fbfcd2beb0_0, 0;
    %pushi/vec4 4, 0, 3;
    %assign/vec4 v0x55fbfcd2d210_0, 0;
T_2.52 ;
    %jmp T_2.40;
T_2.38 ;
    %load/vec4 v0x55fbfcd2d9f0_0;
    %pushi/vec4 8, 0, 8;
    %or;
    %assign/vec4 v0x55fbfcd2d9f0_0, 0;
    %load/vec4 v0x55fbfcd2b520_0;
    %pad/u 32;
    %cmpi/e 0, 0, 32;
    %jmp/0xz  T_2.54, 4;
    %load/vec4 v0x55fbfcd2c070_0;
    %flag_set/vec4 8;
    %jmp/0xz  T_2.56, 8;
    %load/vec4 v0x55fbfcd2bf90_0;
    %parti/s 1, 7, 4;
    %assign/vec4 v0x55fbfcd2c1f0_0, 0;
    %load/vec4 v0x55fbfcd2bf90_0;
    %parti/s 7, 0, 2;
    %concati/vec4 0, 0, 1;
    %assign/vec4 v0x55fbfcd2bdd0_0, 0;
    %pushi/vec4 1, 0, 4;
    %assign/vec4 v0x55fbfcd2b520_0, 0;
T_2.56 ;
    %jmp T_2.55;
T_2.54 ;
    %load/vec4 v0x55fbfcd2c070_0;
    %flag_set/vec4 8;
    %jmp/0xz  T_2.58, 8;
    %load/vec4 v0x55fbfcd2bdd0_0;
    %parti/s 1, 7, 4;
    %assign/vec4 v0x55fbfcd2c1f0_0, 0;
    %load/vec4 v0x55fbfcd2bdd0_0;
    %parti/s 7, 0, 2;
    %concati/vec4 0, 0, 1;
    %assign/vec4 v0x55fbfcd2bdd0_0, 0;
    %load/vec4 v0x55fbfcd2b520_0;
    %addi 1, 0, 4;
    %assign/vec4 v0x55fbfcd2b520_0, 0;
T_2.58 ;
T_2.55 ;
    %load/vec4 v0x55fbfcd2b520_0;
    %cmpi/e 8, 0, 4;
    %jmp/0xz  T_2.60, 4;
    %load/vec4 v0x55fbfcd2c4f0_0;
    %assign/vec4 v0x55fbfcd2beb0_0, 0;
    %pushi/vec4 4, 0, 3;
    %assign/vec4 v0x55fbfcd2d210_0, 0;
T_2.60 ;
    %jmp T_2.40;
T_2.39 ;
    %load/vec4 v0x55fbfcd2d9f0_0;
    %pushi/vec4 16, 0, 8;
    %or;
    %assign/vec4 v0x55fbfcd2d9f0_0, 0;
    %load/vec4 v0x55fbfcd2d3b0_0;
    %flag_set/vec4 8;
    %jmp/0xz  T_2.62, 8;
    %pushi/vec4 0, 0, 3;
    %assign/vec4 v0x55fbfcd2d210_0, 0;
T_2.62 ;
    %jmp T_2.40;
T_2.40 ;
    %pop/vec4 1;
T_2.1 ;
    %jmp T_2;
    .thread T_2;
    .scope S_0x55fbfccef040;
T_3 ;
    %pushi/vec4 0, 0, 1;
    %store/vec4 v0x55fbfcd2e240_0, 0, 1;
T_3.0 ;
    %delay 1, 0;
    %load/vec4 v0x55fbfcd2e240_0;
    %inv;
    %store/vec4 v0x55fbfcd2e240_0, 0, 1;
    %jmp T_3.0;
T_3.1 ;
    %end;
    .thread T_3;
    .scope S_0x55fbfccef040;
T_4 ;
    %pushi/vec4 0, 0, 32;
    %store/vec4 v0x55fbfcd2e640_0, 0, 32;
    %pushi/vec4 0, 0, 32;
    %store/vec4 v0x55fbfcd2e8f0_0, 0, 32;
T_4.0 ; Top of for-loop
    %load/vec4 v0x55fbfcd2e8f0_0;
    %cmpi/s 3, 0, 32;
    %flag_or 5, 4;
	  %jmp/0xz T_4.1, 5;
    %load/vec4 v0x55fbfcd2e8f0_0;
    %parti/s 2, 0, 2;
    %store/vec4 v0x55fbfccef5f0_0, 0, 2;
    %fork TD_tb_spi_slave.run_mode, S_0x55fbfccef1d0;
    %join;
T_4.2 ; for-loop step statement
    %load/vec4 v0x55fbfcd2e8f0_0;
    %addi 1, 0, 32;
    %store/vec4 v0x55fbfcd2e8f0_0, 0, 32;
    %jmp T_4.0;
T_4.1 ; for-loop exit label
    %load/vec4 v0x55fbfcd2e640_0;
    %cmpi/e 0, 0, 32;
    %jmp/0xz  T_4.3, 4;
    %vpi_call/w 3 155 "$display", "PASS: all checks passed in all 4 SPI modes" {0 0 0};
    %jmp T_4.4;
T_4.3 ;
    %vpi_call/w 3 157 "$display", "FAIL: %0d check(s) failed", v0x55fbfcd2e640_0 {0 0 0};
T_4.4 ;
    %delay 20, 0;
    %vpi_call/w 3 158 "$finish" {0 0 0};
    %end;
    .thread T_4;
    .scope S_0x55fbfccef040;
T_5 ;
    %vpi_call/w 3 165 "$dumpfile", "tb_spi_slave.vcd" {0 0 0};
    %vpi_call/w 3 167 "$dumpvars", 32'sb00000000000000000000000000000000, S_0x55fbfccef040 {0 0 0};
    %end;
    .thread T_5;
# The file index is used to find the file name in the following table.
:file_names 5;
    "N/A";
    "<interactive>";
    "-";
    "tb_spi_slave.v";
    "./spi_slave.v";
