# Logfile created on 2026-08-08 22:30:22 +0200 by logger.rb/v1.5.3
2026-08-08 22:30:22 +0200: Memory Usage (455064K) : Starting running IHP-SG13G2 KLayout DRC runset on /foss/designs/spi-slave-ihp/spi_slave.gds
2026-08-08 22:30:22 +0200: Memory Usage (455064K) : Ruby Version for klayout: 3.2.3
2026-08-08 22:30:22 +0200: Memory Usage (457104K) : Loading database to memory is complete.
2026-08-08 22:30:22 +0200: Memory Usage (457104K) : IHP-SG13G2 KLayout DRC runset output at: /foss/designs/spi-slave-ihp/signoff/drc/spi_slave_spi_slave_vian.lyrdb
2026-08-08 22:30:22 +0200: Memory Usage (457288K) : Evaluate switches.
2026-08-08 22:30:22 +0200: Memory Usage (457288K) : tables selected: vian
2026-08-08 22:30:22 +0200: Memory Usage (457288K) : KLayout will use 8 thread(s) in tiling mode.
2026-08-08 22:30:22 +0200: Memory Usage (457288K) : deep mode is enabled.
2026-08-08 22:30:22 +0200: Memory Usage (457288K) : FEOL enabled: false
2026-08-08 22:30:22 +0200: Memory Usage (457288K) : BEOL enabled: false
2026-08-08 22:30:22 +0200: Memory Usage (457288K) : OFFGRID enabled: true
2026-08-08 22:30:22 +0200: Memory Usage (457288K) : ANGLE enabled: true
2026-08-08 22:30:22 +0200: Memory Usage (457288K) : PIN enabled: false
2026-08-08 22:30:22 +0200: Memory Usage (457288K) : FORBIDDEN enabled: false
2026-08-08 22:30:22 +0200: Memory Usage (457288K) : RECOMMENDED enabled: true
2026-08-08 22:30:22 +0200: Memory Usage (457288K) : PreCheck DRC enabled: false
2026-08-08 22:30:22 +0200: Memory Usage (457288K) : CONNECTIVITY_RULES enabled: false.
2026-08-08 22:30:22 +0200: Memory Usage (457288K) : Read in polygons from layers.
2026-08-08 22:30:22 +0200: Memory Usage (458656K) : activ_drw has 8060 polygons
2026-08-08 22:30:22 +0200: Memory Usage (458656K) : activ_pin has 0 polygons
2026-08-08 22:30:22 +0200: Memory Usage (458656K) : activ_mask has 0 polygons
2026-08-08 22:30:22 +0200: Memory Usage (458656K) : activ_filler has 0 polygons
2026-08-08 22:30:22 +0200: Memory Usage (458656K) : activ_nofill has 0 polygons
2026-08-08 22:30:22 +0200: Memory Usage (458912K) : activ_opc has 0 polygons
2026-08-08 22:30:22 +0200: Memory Usage (458912K) : activ_iopc has 0 polygons
2026-08-08 22:30:22 +0200: Memory Usage (458912K) : activ_noqrc has 0 polygons
2026-08-08 22:30:22 +0200: Memory Usage (458912K) : biwind_drw has 0 polygons
2026-08-08 22:30:22 +0200: Memory Usage (458912K) : biwind_opc has 0 polygons
2026-08-08 22:30:22 +0200: Memory Usage (458912K) : pemwind_drw has 0 polygons
2026-08-08 22:30:22 +0200: Memory Usage (458912K) : gatpoly_drw has 8381 polygons
2026-08-08 22:30:22 +0200: Memory Usage (458912K) : gatpoly_pin has 0 polygons
2026-08-08 22:30:22 +0200: Memory Usage (459040K) : gatpoly_filler has 0 polygons
2026-08-08 22:30:22 +0200: Memory Usage (459168K) : gatpoly_nofill has 0 polygons
2026-08-08 22:30:22 +0200: Memory Usage (459168K) : gatpoly_opc has 0 polygons
2026-08-08 22:30:22 +0200: Memory Usage (459168K) : gatpoly_iopc has 0 polygons
2026-08-08 22:30:22 +0200: Memory Usage (459296K) : gatpoly_noqrc has 0 polygons
2026-08-08 22:30:22 +0200: Memory Usage (459296K) : cont_drw has 54323 polygons
2026-08-08 22:30:22 +0200: Memory Usage (459424K) : cont_opc has 0 polygons
2026-08-08 22:30:22 +0200: Memory Usage (459424K) : nsd_drw has 0 polygons
2026-08-08 22:30:23 +0200: Memory Usage (459552K) : nsd_block has 0 polygons
2026-08-08 22:30:23 +0200: Memory Usage (459552K) : metal1_drw has 15572 polygons
2026-08-08 22:30:23 +0200: Memory Usage (459680K) : metal1_pin has 5570 polygons
2026-08-08 22:30:23 +0200: Memory Usage (459808K) : metal1_mask has 0 polygons
2026-08-08 22:30:23 +0200: Memory Usage (459808K) : metal1_filler has 0 polygons
2026-08-08 22:30:23 +0200: Memory Usage (459936K) : metal1_nofill has 0 polygons
2026-08-08 22:30:23 +0200: Memory Usage (459936K) : metal1_slit has 0 polygons
2026-08-08 22:30:23 +0200: Memory Usage (460248K) : metal1_text has 5488 polygons
2026-08-08 22:30:23 +0200: Memory Usage (460248K) : metal1_opc has 0 polygons
2026-08-08 22:30:23 +0200: Memory Usage (460248K) : metal1_noqrc has 0 polygons
2026-08-08 22:30:23 +0200: Memory Usage (460248K) : metal1_res has 0 polygons
2026-08-08 22:30:23 +0200: Memory Usage (460248K) : metal1_iprobe has 0 polygons
2026-08-08 22:30:23 +0200: Memory Usage (460248K) : metal1_diffprb has 0 polygons
2026-08-08 22:30:23 +0200: Memory Usage (460248K) : passiv_drw has 12 polygons
2026-08-08 22:30:23 +0200: Memory Usage (460248K) : passiv_pin has 0 polygons
2026-08-08 22:30:23 +0200: Memory Usage (460248K) : passiv_sbump has 0 polygons
2026-08-08 22:30:23 +0200: Memory Usage (460248K) : passiv_pillar has 0 polygons
2026-08-08 22:30:23 +0200: Memory Usage (460248K) : passiv_pdl has 0 polygons
2026-08-08 22:30:23 +0200: Memory Usage (460248K) : metal2_drw has 7662 polygons
2026-08-08 22:30:23 +0200: Memory Usage (460248K) : metal2_pin has 19 polygons
2026-08-08 22:30:23 +0200: Memory Usage (460248K) : metal2_mask has 0 polygons
2026-08-08 22:30:23 +0200: Memory Usage (460248K) : metal2_filler has 0 polygons
2026-08-08 22:30:23 +0200: Memory Usage (460248K) : metal2_nofill has 0 polygons
2026-08-08 22:30:23 +0200: Memory Usage (460248K) : metal2_slit has 0 polygons
2026-08-08 22:30:23 +0200: Memory Usage (460248K) : metal2_text has 19 polygons
2026-08-08 22:30:23 +0200: Memory Usage (460248K) : metal2_opc has 0 polygons
2026-08-08 22:30:23 +0200: Memory Usage (460248K) : metal2_noqrc has 0 polygons
2026-08-08 22:30:23 +0200: Memory Usage (460248K) : metal2_res has 0 polygons
2026-08-08 22:30:23 +0200: Memory Usage (460248K) : metal2_iprobe has 0 polygons
2026-08-08 22:30:23 +0200: Memory Usage (460248K) : metal2_diffprb has 0 polygons
2026-08-08 22:30:23 +0200: Memory Usage (460248K) : baspoly_drw has 0 polygons
2026-08-08 22:30:23 +0200: Memory Usage (460248K) : baspoly_pin has 0 polygons
2026-08-08 22:30:23 +0200: Memory Usage (460248K) : psd_drw has 3408 polygons
2026-08-08 22:30:23 +0200: Memory Usage (460248K) : nldb_drw has 0 polygons
2026-08-08 22:30:23 +0200: Memory Usage (460248K) : digibnd_drw has 0 polygons
2026-08-08 22:30:23 +0200: Memory Usage (460248K) : via1_drw has 2569 polygons
2026-08-08 22:30:23 +0200: Memory Usage (460248K) : backmetal1_drw has 0 polygons
2026-08-08 22:30:23 +0200: Memory Usage (460248K) : backmetal1_pin has 0 polygons
2026-08-08 22:30:23 +0200: Memory Usage (460248K) : backmetal1_mask has 0 polygons
2026-08-08 22:30:23 +0200: Memory Usage (460248K) : backmetal1_filler has 0 polygons
2026-08-08 22:30:23 +0200: Memory Usage (460248K) : backmetal1_nofill has 0 polygons
2026-08-08 22:30:23 +0200: Memory Usage (460248K) : backmetal1_slit has 0 polygons
2026-08-08 22:30:23 +0200: Memory Usage (460248K) : backmetal1_text has 0 polygons
2026-08-08 22:30:23 +0200: Memory Usage (460248K) : backmetal1_opc has 0 polygons
2026-08-08 22:30:23 +0200: Memory Usage (460248K) : backmetal1_noqrc has 0 polygons
2026-08-08 22:30:23 +0200: Memory Usage (460248K) : backmetal1_res has 0 polygons
2026-08-08 22:30:23 +0200: Memory Usage (460376K) : backmetal1_iprobe has 0 polygons
2026-08-08 22:30:23 +0200: Memory Usage (460504K) : backmetal1_diffprb has 0 polygons
2026-08-08 22:30:23 +0200: Memory Usage (460504K) : backpassiv_drw has 0 polygons
2026-08-08 22:30:23 +0200: Memory Usage (460504K) : res_drw has 0 polygons
2026-08-08 22:30:23 +0200: Memory Usage (460632K) : sram_drw has 0 polygons
2026-08-08 22:30:23 +0200: Memory Usage (460632K) : trans_drw has 0 polygons
2026-08-08 22:30:23 +0200: Memory Usage (460632K) : ind_drw has 0 polygons
2026-08-08 22:30:23 +0200: Memory Usage (460632K) : ind_pin has 0 polygons
2026-08-08 22:30:23 +0200: Memory Usage (460760K) : ind_text has 0 polygons
2026-08-08 22:30:23 +0200: Memory Usage (460760K) : salblock_drw has 0 polygons
2026-08-08 22:30:23 +0200: Memory Usage (460760K) : via2_drw has 2316 polygons
2026-08-08 22:30:23 +0200: Memory Usage (460760K) : metal3_drw has 3647 polygons
2026-08-08 22:30:23 +0200: Memory Usage (460760K) : metal3_pin has 11 polygons
2026-08-08 22:30:23 +0200: Memory Usage (460760K) : metal3_mask has 0 polygons
2026-08-08 22:30:23 +0200: Memory Usage (460760K) : metal3_filler has 0 polygons
2026-08-08 22:30:23 +0200: Memory Usage (460760K) : metal3_nofill has 0 polygons
2026-08-08 22:30:23 +0200: Memory Usage (460760K) : metal3_slit has 0 polygons
2026-08-08 22:30:23 +0200: Memory Usage (460760K) : metal3_text has 11 polygons
2026-08-08 22:30:23 +0200: Memory Usage (460760K) : metal3_opc has 0 polygons
2026-08-08 22:30:23 +0200: Memory Usage (460760K) : metal3_noqrc has 0 polygons
2026-08-08 22:30:23 +0200: Memory Usage (460760K) : metal3_res has 0 polygons
2026-08-08 22:30:23 +0200: Memory Usage (460760K) : metal3_iprobe has 0 polygons
2026-08-08 22:30:23 +0200: Memory Usage (460760K) : metal3_diffprb has 0 polygons
2026-08-08 22:30:23 +0200: Memory Usage (460760K) : nwell_drw has 1682 polygons
2026-08-08 22:30:23 +0200: Memory Usage (460760K) : nwell_pin has 0 polygons
2026-08-08 22:30:23 +0200: Memory Usage (460760K) : nbulay_drw has 0 polygons
2026-08-08 22:30:23 +0200: Memory Usage (460760K) : nbulay_pin has 0 polygons
2026-08-08 22:30:23 +0200: Memory Usage (460760K) : nbulay_block has 0 polygons
2026-08-08 22:30:23 +0200: Memory Usage (460760K) : emwind_drw has 0 polygons
2026-08-08 22:30:23 +0200: Memory Usage (460760K) : emwind_opc has 0 polygons
2026-08-08 22:30:23 +0200: Memory Usage (460760K) : deepco_drw has 0 polygons
2026-08-08 22:30:23 +0200: Memory Usage (460760K) : deepco_drw has 0 polygons
2026-08-08 22:30:23 +0200: Memory Usage (460760K) : mim_drw has 0 polygons
2026-08-08 22:30:23 +0200: Memory Usage (460760K) : edgeseal_drw has 24 polygons
2026-08-08 22:30:23 +0200: Memory Usage (460760K) : edgeseal_bound has 1 polygons
2026-08-08 22:30:23 +0200: Memory Usage (460760K) : substrate_drw has 0 polygons
2026-08-08 22:30:23 +0200: Memory Usage (460760K) : substrate_text has 0 polygons
2026-08-08 22:30:23 +0200: Memory Usage (460760K) : dfpad_drw has 0 polygons
2026-08-08 22:30:23 +0200: Memory Usage (460760K) : dfpad_pillar has 0 polygons
2026-08-08 22:30:23 +0200: Memory Usage (460760K) : dfpad_sbump has 0 polygons
2026-08-08 22:30:23 +0200: Memory Usage (460760K) : thickgateox_drw has 0 polygons
2026-08-08 22:30:24 +0200: Memory Usage (460760K) : pldb_drw has 0 polygons
2026-08-08 22:30:24 +0200: Memory Usage (460760K) : pwell_drw has 0 polygons
2026-08-08 22:30:24 +0200: Memory Usage (460760K) : pwell_pin has 0 polygons
2026-08-08 22:30:24 +0200: Memory Usage (460760K) : pwell_block has 0 polygons
2026-08-08 22:30:24 +0200: Memory Usage (460760K) : ic_drw has 0 polygons
2026-08-08 22:30:24 +0200: Memory Usage (460760K) : via3_drw has 597 polygons
2026-08-08 22:30:24 +0200: Memory Usage (460760K) : metal4_drw has 492 polygons
2026-08-08 22:30:24 +0200: Memory Usage (460760K) : metal4_pin has 0 polygons
2026-08-08 22:30:24 +0200: Memory Usage (460760K) : metal4_mask has 0 polygons
2026-08-08 22:30:24 +0200: Memory Usage (460760K) : metal4_filler has 0 polygons
2026-08-08 22:30:24 +0200: Memory Usage (460760K) : metal4_nofill has 0 polygons
2026-08-08 22:30:24 +0200: Memory Usage (460760K) : metal4_slit has 0 polygons
2026-08-08 22:30:24 +0200: Memory Usage (460760K) : metal4_text has 0 polygons
2026-08-08 22:30:24 +0200: Memory Usage (460760K) : metal4_opc has 0 polygons
2026-08-08 22:30:24 +0200: Memory Usage (460760K) : metal4_noqrc has 0 polygons
2026-08-08 22:30:24 +0200: Memory Usage (460760K) : metal4_res has 0 polygons
2026-08-08 22:30:24 +0200: Memory Usage (460760K) : metal4_iprobe has 0 polygons
2026-08-08 22:30:24 +0200: Memory Usage (460760K) : metal4_diffprb has 0 polygons
2026-08-08 22:30:24 +0200: Memory Usage (460760K) : heattrans_drw has 0 polygons
2026-08-08 22:30:24 +0200: Memory Usage (460760K) : heatres_drw has 0 polygons
2026-08-08 22:30:24 +0200: Memory Usage (460760K) : pempoly_drw has 0 polygons
2026-08-08 22:30:24 +0200: Memory Usage (460760K) : fbe_drw has 0 polygons
2026-08-08 22:30:24 +0200: Memory Usage (460760K) : empoly_drw has 0 polygons
2026-08-08 22:30:24 +0200: Memory Usage (460760K) : ldmos_drw has 0 polygons
2026-08-08 22:30:24 +0200: Memory Usage (460760K) : pbiwind_drw has 0 polygons
2026-08-08 22:30:24 +0200: Memory Usage (460760K) : digisub_drw has 0 polygons
2026-08-08 22:30:24 +0200: Memory Usage (460760K) : nodrc_drw has 0 polygons
2026-08-08 22:30:24 +0200: Memory Usage (460760K) : text_drw has 2 polygons
2026-08-08 22:30:24 +0200: Memory Usage (460760K) : via4_drw has 468 polygons
2026-08-08 22:30:24 +0200: Memory Usage (460760K) : metal5_drw has 311 polygons
2026-08-08 22:30:24 +0200: Memory Usage (460760K) : metal5_pin has 0 polygons
2026-08-08 22:30:24 +0200: Memory Usage (460760K) : metal5_mask has 0 polygons
2026-08-08 22:30:24 +0200: Memory Usage (460760K) : metal5_filler has 0 polygons
2026-08-08 22:30:24 +0200: Memory Usage (460760K) : metal5_nofill has 0 polygons
2026-08-08 22:30:24 +0200: Memory Usage (460760K) : metal5_slit has 0 polygons
2026-08-08 22:30:24 +0200: Memory Usage (460760K) : metal5_text has 0 polygons
2026-08-08 22:30:24 +0200: Memory Usage (460760K) : metal5_opc has 0 polygons
2026-08-08 22:30:24 +0200: Memory Usage (460760K) : metal5_noqrc has 0 polygons
2026-08-08 22:30:24 +0200: Memory Usage (460760K) : metal5_res has 0 polygons
2026-08-08 22:30:24 +0200: Memory Usage (460760K) : metal5_iprobe has 0 polygons
2026-08-08 22:30:24 +0200: Memory Usage (460760K) : metal5_diffprb has 0 polygons
2026-08-08 22:30:24 +0200: Memory Usage (460760K) : radhard_drw has 0 polygons
2026-08-08 22:30:24 +0200: Memory Usage (460760K) : memcap_drw has 0 polygons
2026-08-08 22:30:24 +0200: Memory Usage (460760K) : varicap_drw has 0 polygons
2026-08-08 22:30:24 +0200: Memory Usage (460760K) : flash_drw has 0 polygons
2026-08-08 22:30:24 +0200: Memory Usage (460760K) : intbondvia_drw has 0 polygons
2026-08-08 22:30:24 +0200: Memory Usage (460760K) : intbondmet_drw has 0 polygons
2026-08-08 22:30:24 +0200: Memory Usage (460760K) : devbondvia_drw has 0 polygons
2026-08-08 22:30:24 +0200: Memory Usage (460760K) : devbondmet_drw has 0 polygons
2026-08-08 22:30:24 +0200: Memory Usage (460760K) : devtrench_drw has 0 polygons
2026-08-08 22:30:24 +0200: Memory Usage (460760K) : redist_drw has 0 polygons
2026-08-08 22:30:24 +0200: Memory Usage (460760K) : graphbot_drw has 0 polygons
2026-08-08 22:30:24 +0200: Memory Usage (460760K) : graphtop_drw has 0 polygons
2026-08-08 22:30:24 +0200: Memory Usage (460760K) : antvia1_drw has 0 polygons
2026-08-08 22:30:24 +0200: Memory Usage (460760K) : antmetal2_drw has 0 polygons
2026-08-08 22:30:24 +0200: Memory Usage (460760K) : graphcont_drw has 0 polygons
2026-08-08 22:30:24 +0200: Memory Usage (460760K) : siwg_drw has 0 polygons
2026-08-08 22:30:24 +0200: Memory Usage (460760K) : siwg_filler has 0 polygons
2026-08-08 22:30:24 +0200: Memory Usage (460760K) : siwg_nofill has 0 polygons
2026-08-08 22:30:24 +0200: Memory Usage (460760K) : sigrating_drw has 0 polygons
2026-08-08 22:30:24 +0200: Memory Usage (460760K) : singrating_drw has 0 polygons
2026-08-08 22:30:24 +0200: Memory Usage (460760K) : graphpas_drw has 0 polygons
2026-08-08 22:30:24 +0200: Memory Usage (460760K) : emwind3_drw has 0 polygons
2026-08-08 22:30:24 +0200: Memory Usage (460760K) : emwihv3_drw has 0 polygons
2026-08-08 22:30:24 +0200: Memory Usage (460760K) : redbulay_drw has 0 polygons
2026-08-08 22:30:24 +0200: Memory Usage (460760K) : smos_drw has 0 polygons
2026-08-08 22:30:24 +0200: Memory Usage (460760K) : graphpad_drw has 0 polygons
2026-08-08 22:30:24 +0200: Memory Usage (460760K) : polimide_drw has 0 polygons
2026-08-08 22:30:24 +0200: Memory Usage (460760K) : polimide_pin has 0 polygons
2026-08-08 22:30:24 +0200: Memory Usage (460760K) : recog_drw has 0 polygons
2026-08-08 22:30:24 +0200: Memory Usage (460760K) : recog_pin has 0 polygons
2026-08-08 22:30:24 +0200: Memory Usage (460760K) : recog_esd has 0 polygons
2026-08-08 22:30:24 +0200: Memory Usage (460760K) : recog_diode has 0 polygons
2026-08-08 22:30:24 +0200: Memory Usage (460760K) : recog_tsv has 0 polygons
2026-08-08 22:30:24 +0200: Memory Usage (460760K) : recog_iprobe has 0 polygons
2026-08-08 22:30:24 +0200: Memory Usage (460760K) : recog_diffprb has 0 polygons
2026-08-08 22:30:24 +0200: Memory Usage (460760K) : recog_pillar has 0 polygons
2026-08-08 22:30:24 +0200: Memory Usage (460760K) : recog_sbump has 0 polygons
2026-08-08 22:30:25 +0200: Memory Usage (460760K) : recog_otp has 0 polygons
2026-08-08 22:30:25 +0200: Memory Usage (460760K) : recog_pdiode has 0 polygons
2026-08-08 22:30:25 +0200: Memory Usage (460760K) : recog_mom has 0 polygons
2026-08-08 22:30:25 +0200: Memory Usage (460760K) : recog_pcm has 0 polygons
2026-08-08 22:30:25 +0200: Memory Usage (460760K) : colopen_drw has 0 polygons
2026-08-08 22:30:25 +0200: Memory Usage (460760K) : graphmetal1_drw has 0 polygons
2026-08-08 22:30:25 +0200: Memory Usage (460760K) : graphmetal1_filler has 0 polygons
2026-08-08 22:30:25 +0200: Memory Usage (460760K) : graphmetal1_nofill has 0 polygons
2026-08-08 22:30:25 +0200: Memory Usage (460760K) : graphmetal1_slit has 0 polygons
2026-08-08 22:30:25 +0200: Memory Usage (460760K) : graphmetal1_opc has 0 polygons
2026-08-08 22:30:25 +0200: Memory Usage (460760K) : graphmet1l_drw has 0 polygons
2026-08-08 22:30:25 +0200: Memory Usage (460760K) : graphmet1l_filler has 0 polygons
2026-08-08 22:30:25 +0200: Memory Usage (460760K) : graphmet1l_nofill has 0 polygons
2026-08-08 22:30:25 +0200: Memory Usage (460760K) : graphmet1l_slit has 0 polygons
2026-08-08 22:30:25 +0200: Memory Usage (460760K) : graphmet1l_opc has 0 polygons
2026-08-08 22:30:25 +0200: Memory Usage (460760K) : extblock_drw has 0 polygons
2026-08-08 22:30:25 +0200: Memory Usage (460760K) : nldd_drw has 0 polygons
2026-08-08 22:30:25 +0200: Memory Usage (460760K) : pldd_drw has 0 polygons
2026-08-08 22:30:25 +0200: Memory Usage (460760K) : next_drw has 0 polygons
2026-08-08 22:30:25 +0200: Memory Usage (460760K) : pext_drw has 0 polygons
2026-08-08 22:30:25 +0200: Memory Usage (460760K) : nexthv_drw has 0 polygons
2026-08-08 22:30:25 +0200: Memory Usage (460760K) : pexthv_drw has 0 polygons
2026-08-08 22:30:25 +0200: Memory Usage (460760K) : graphgate_drw has 0 polygons
2026-08-08 22:30:25 +0200: Memory Usage (460760K) : sinwg_drw has 0 polygons
2026-08-08 22:30:25 +0200: Memory Usage (460760K) : sinwg_filler has 0 polygons
2026-08-08 22:30:25 +0200: Memory Usage (460760K) : sinwg_nofill has 0 polygons
2026-08-08 22:30:25 +0200: Memory Usage (460760K) : mempad_drw has 0 polygons
2026-08-08 22:30:25 +0200: Memory Usage (460760K) : topvia1_drw has 200 polygons
2026-08-08 22:30:25 +0200: Memory Usage (460760K) : topmetal1_drw has 118 polygons
2026-08-08 22:30:25 +0200: Memory Usage (460760K) : topmetal1_pin has 4 polygons
2026-08-08 22:30:25 +0200: Memory Usage (460760K) : topmetal1_mask has 0 polygons
2026-08-08 22:30:25 +0200: Memory Usage (460760K) : topmetal1_filler has 0 polygons
2026-08-08 22:30:25 +0200: Memory Usage (460760K) : topmetal1_nofill has 0 polygons
2026-08-08 22:30:25 +0200: Memory Usage (460760K) : topmetal1_slit has 0 polygons
2026-08-08 22:30:25 +0200: Memory Usage (460760K) : topmetal1_text has 2 polygons
2026-08-08 22:30:25 +0200: Memory Usage (460760K) : topmetal1_noqrc has 0 polygons
2026-08-08 22:30:25 +0200: Memory Usage (460760K) : topmetal1_res has 0 polygons
2026-08-08 22:30:25 +0200: Memory Usage (460760K) : topmetal1_iprobe has 0 polygons
2026-08-08 22:30:25 +0200: Memory Usage (460760K) : topmetal1_diffprb has 0 polygons
2026-08-08 22:30:25 +0200: Memory Usage (460760K) : inldpwl_drw has 0 polygons
2026-08-08 22:30:25 +0200: Memory Usage (460760K) : polyres_drw has 0 polygons
2026-08-08 22:30:25 +0200: Memory Usage (460760K) : polyres_pin has 0 polygons
2026-08-08 22:30:25 +0200: Memory Usage (460760K) : vmim_drw has 0 polygons
2026-08-08 22:30:25 +0200: Memory Usage (460760K) : nbulaycut_drw has 0 polygons
2026-08-08 22:30:25 +0200: Memory Usage (460760K) : antmetal1_drw has 0 polygons
2026-08-08 22:30:25 +0200: Memory Usage (460760K) : topvia2_drw has 36 polygons
2026-08-08 22:30:25 +0200: Memory Usage (460760K) : topmetal2_drw has 40 polygons
2026-08-08 22:30:25 +0200: Memory Usage (460760K) : topmetal2_pin has 4 polygons
2026-08-08 22:30:25 +0200: Memory Usage (460760K) : topmetal2_mask has 0 polygons
2026-08-08 22:30:25 +0200: Memory Usage (460760K) : topmetal2_filler has 0 polygons
2026-08-08 22:30:25 +0200: Memory Usage (460760K) : topmetal2_nofill has 0 polygons
2026-08-08 22:30:25 +0200: Memory Usage (460760K) : topmetal2_slit has 0 polygons
2026-08-08 22:30:25 +0200: Memory Usage (460760K) : topmetal2_text has 2 polygons
2026-08-08 22:30:25 +0200: Memory Usage (460760K) : topmetal2_noqrc has 0 polygons
2026-08-08 22:30:25 +0200: Memory Usage (460760K) : topmetal2_res has 0 polygons
2026-08-08 22:30:25 +0200: Memory Usage (460760K) : topmetal2_iprobe has 0 polygons
2026-08-08 22:30:25 +0200: Memory Usage (460760K) : topmetal2_diffprb has 0 polygons
2026-08-08 22:30:25 +0200: Memory Usage (460760K) : snsring_drw has 0 polygons
2026-08-08 22:30:25 +0200: Memory Usage (460760K) : sensor_drw has 0 polygons
2026-08-08 22:30:25 +0200: Memory Usage (460760K) : snsarms_drw has 0 polygons
2026-08-08 22:30:25 +0200: Memory Usage (460760K) : snscmosvia_drw has 0 polygons
2026-08-08 22:30:25 +0200: Memory Usage (460760K) : colwind_drw has 0 polygons
2026-08-08 22:30:25 +0200: Memory Usage (460760K) : flm_drw has 0 polygons
2026-08-08 22:30:25 +0200: Memory Usage (460760K) : hafniumox_drw has 0 polygons
2026-08-08 22:30:25 +0200: Memory Usage (460760K) : memvia_drw has 0 polygons
2026-08-08 22:30:25 +0200: Memory Usage (460760K) : thinfilmres_drw has 0 polygons
2026-08-08 22:30:25 +0200: Memory Usage (460760K) : rfmem_drw has 0 polygons
2026-08-08 22:30:25 +0200: Memory Usage (460760K) : norcx_drw has 0 polygons
2026-08-08 22:30:25 +0200: Memory Usage (460760K) : norcx_m2m3 has 0 polygons
2026-08-08 22:30:25 +0200: Memory Usage (460760K) : norcx_m2m4 has 0 polygons
2026-08-08 22:30:25 +0200: Memory Usage (460760K) : norcx_m2m5 has 0 polygons
2026-08-08 22:30:25 +0200: Memory Usage (460760K) : norcx_m2tm1 has 0 polygons
2026-08-08 22:30:25 +0200: Memory Usage (460760K) : norcx_m2tm2 has 0 polygons
2026-08-08 22:30:25 +0200: Memory Usage (460760K) : norcx_m3m4 has 0 polygons
2026-08-08 22:30:25 +0200: Memory Usage (460760K) : norcx_m3m5 has 0 polygons
2026-08-08 22:30:25 +0200: Memory Usage (460760K) : norcx_m3tm1 has 0 polygons
2026-08-08 22:30:25 +0200: Memory Usage (460760K) : norcx_m3tm2 has 0 polygons
2026-08-08 22:30:25 +0200: Memory Usage (460760K) : norcx_m4m5 has 0 polygons
2026-08-08 22:30:25 +0200: Memory Usage (460760K) : norcx_m4tm1 has 0 polygons
2026-08-08 22:30:25 +0200: Memory Usage (460760K) : norcx_m4tm2 has 0 polygons
2026-08-08 22:30:25 +0200: Memory Usage (460760K) : norcx_m5tm1 has 0 polygons
2026-08-08 22:30:25 +0200: Memory Usage (460760K) : norcx_m5tm2 has 0 polygons
2026-08-08 22:30:25 +0200: Memory Usage (460760K) : norcx_tm1tm2 has 0 polygons
2026-08-08 22:30:25 +0200: Memory Usage (460760K) : norcx_m1sub has 0 polygons
2026-08-08 22:30:25 +0200: Memory Usage (460760K) : norcx_m2sub has 0 polygons
2026-08-08 22:30:26 +0200: Memory Usage (460760K) : norcx_m3sub has 0 polygons
2026-08-08 22:30:26 +0200: Memory Usage (460760K) : norcx_m4sub has 0 polygons
2026-08-08 22:30:26 +0200: Memory Usage (460760K) : norcx_m5sub has 0 polygons
2026-08-08 22:30:26 +0200: Memory Usage (460760K) : norcx_tm1sub has 0 polygons
2026-08-08 22:30:26 +0200: Memory Usage (460760K) : norcx_tm2sub has 0 polygons
2026-08-08 22:30:26 +0200: Memory Usage (460760K) : snsbotvia_drw has 0 polygons
2026-08-08 22:30:26 +0200: Memory Usage (460760K) : snstopvia_drw has 0 polygons
2026-08-08 22:30:26 +0200: Memory Usage (460760K) : deepvia_drw has 0 polygons
2026-08-08 22:30:26 +0200: Memory Usage (460760K) : fgetch_drw has 0 polygons
2026-08-08 22:30:26 +0200: Memory Usage (460760K) : ctrgat_drw has 0 polygons
2026-08-08 22:30:26 +0200: Memory Usage (460760K) : fgimp_drw has 0 polygons
2026-08-08 22:30:26 +0200: Memory Usage (460760K) : emwihv_drw has 0 polygons
2026-08-08 22:30:26 +0200: Memory Usage (460760K) : lbe_drw has 0 polygons
2026-08-08 22:30:26 +0200: Memory Usage (460760K) : alcustop_drw has 0 polygons
2026-08-08 22:30:26 +0200: Memory Usage (460760K) : nometfiller_drw has 0 polygons
2026-08-08 22:30:26 +0200: Memory Usage (460760K) : prboundary_drw has 0 polygons
2026-08-08 22:30:26 +0200: Memory Usage (460760K) : exchange0_drw has 0 polygons
2026-08-08 22:30:26 +0200: Memory Usage (460760K) : exchange0_pin has 0 polygons
2026-08-08 22:30:26 +0200: Memory Usage (460760K) : exchange0_text has 0 polygons
2026-08-08 22:30:26 +0200: Memory Usage (460760K) : exchange1_drw has 0 polygons
2026-08-08 22:30:26 +0200: Memory Usage (460760K) : exchange1_pin has 0 polygons
2026-08-08 22:30:26 +0200: Memory Usage (460760K) : exchange1_text has 0 polygons
2026-08-08 22:30:26 +0200: Memory Usage (460760K) : exchange2_drw has 0 polygons
2026-08-08 22:30:26 +0200: Memory Usage (460760K) : exchange2_pin has 0 polygons
2026-08-08 22:30:26 +0200: Memory Usage (460760K) : exchange2_text has 0 polygons
2026-08-08 22:30:26 +0200: Memory Usage (460760K) : exchange3_drw has 0 polygons
2026-08-08 22:30:26 +0200: Memory Usage (460760K) : exchange3_pin has 0 polygons
2026-08-08 22:30:26 +0200: Memory Usage (460760K) : exchange3_text has 0 polygons
2026-08-08 22:30:26 +0200: Memory Usage (460760K) : exchange4_drw has 0 polygons
2026-08-08 22:30:26 +0200: Memory Usage (460760K) : exchange4_pin has 0 polygons
2026-08-08 22:30:26 +0200: Memory Usage (460760K) : exchange4_text has 0 polygons
2026-08-08 22:30:26 +0200: Memory Usage (460760K) : isonwell_drw has 0 polygons
2026-08-08 22:30:26 +0200: Memory Usage (460760K) : Total no. of polygons in the design is 121051
2026-08-08 22:30:26 +0200: Memory Usage (460760K) : Loaded TECH DRC rules values from /foss/pdks/ihp-sg13g2/libs.tech/klayout/python/sg13g2_pycell_lib/sg13g2_tech_mod.json
2026-08-08 22:30:26 +0200: Memory Usage (460760K) : Loaded default DRC rules values from /foss/pdks/ihp-sg13g2/libs.tech/klayout/tech/drc/rule_decks/sg13g2_tech_default.json
2026-08-08 22:30:26 +0200: Memory Usage (460760K) : The following rules values were missing in tech json and default values were used:
2026-08-08 22:30:26 +0200: Memory Usage (460760K) :   - NW_f1_digibnd
2026-08-08 22:30:26 +0200: Memory Usage (460760K) :   - Cnt_c_digibnd
2026-08-08 22:30:26 +0200: Memory Usage (460760K) :   - Cnt_c_sram
2026-08-08 22:30:26 +0200: Memory Usage (460760K) :   - Sdiod_b
2026-08-08 22:30:26 +0200: Memory Usage (460760K) :   - Sdiod_c
2026-08-08 22:30:26 +0200: Memory Usage (461712K) : Total area of the design is 27848.17 um^2.
2026-08-08 22:30:26 +0200: Memory Usage (461712K) : The design dimensions are 157.78 µm * 176.5 µm.
2026-08-08 22:30:26 +0200: Memory Usage (461712K) : Starting general IHP-SG13G2 derivations.
2026-08-08 22:30:26 +0200: Memory Usage (461712K) : Starting Pwell derivations
2026-08-08 22:30:26 +0200: Memory Usage (465032K) : Starting IHP-SG13G2 DRC rules.
2026-08-08 22:30:26 +0200: Memory Usage (465032K) : Starting 5.20. Vian table
2026-08-08 22:30:26 +0200: Memory Usage (466308K) : Executing rule V2.a
2026-08-08 22:30:26 +0200: Memory Usage (466820K) : Executing rule V2.b
2026-08-08 22:30:26 +0200: Memory Usage (467624K) : Executing rule V2.c
2026-08-08 22:30:27 +0200: Memory Usage (471336K) : Executing rule V3.a
2026-08-08 22:30:27 +0200: Memory Usage (471336K) : Executing rule V3.b
2026-08-08 22:30:27 +0200: Memory Usage (471336K) : Executing rule V3.c
2026-08-08 22:30:27 +0200: Memory Usage (472616K) : Executing rule V4.a
2026-08-08 22:30:27 +0200: Memory Usage (472616K) : Executing rule V4.b
2026-08-08 22:30:27 +0200: Memory Usage (472744K) : Executing rule V4.c
2026-08-08 22:30:27 +0200: Memory Usage (473000K) : KLayout DRC run for tables 'vian' completed in 5.05 seconds
