# Logfile created on 2026-08-08 22:29:05 +0200 by logger.rb/v1.5.3
2026-08-08 22:29:05 +0200: Memory Usage (454744K) : Starting running IHP-SG13G2 KLayout DRC runset on /foss/designs/spi-slave-ihp/spi_slave.gds
2026-08-08 22:29:05 +0200: Memory Usage (454744K) : Ruby Version for klayout: 3.2.3
2026-08-08 22:29:05 +0200: Memory Usage (456704K) : Loading database to memory is complete.
2026-08-08 22:29:05 +0200: Memory Usage (456704K) : IHP-SG13G2 KLayout DRC runset output at: /foss/designs/spi-slave-ihp/signoff/drc/spi_slave_spi_slave_activ.lyrdb
2026-08-08 22:29:05 +0200: Memory Usage (456704K) : Evaluate switches.
2026-08-08 22:29:05 +0200: Memory Usage (456704K) : tables selected: activ
2026-08-08 22:29:05 +0200: Memory Usage (456704K) : KLayout will use 8 thread(s) in tiling mode.
2026-08-08 22:29:05 +0200: Memory Usage (456704K) : deep mode is enabled.
2026-08-08 22:29:05 +0200: Memory Usage (456704K) : FEOL enabled: false
2026-08-08 22:29:05 +0200: Memory Usage (456704K) : BEOL enabled: false
2026-08-08 22:29:05 +0200: Memory Usage (456704K) : OFFGRID enabled: true
2026-08-08 22:29:05 +0200: Memory Usage (456704K) : ANGLE enabled: true
2026-08-08 22:29:05 +0200: Memory Usage (456704K) : PIN enabled: false
2026-08-08 22:29:05 +0200: Memory Usage (456704K) : FORBIDDEN enabled: false
2026-08-08 22:29:05 +0200: Memory Usage (456704K) : RECOMMENDED enabled: true
2026-08-08 22:29:05 +0200: Memory Usage (456704K) : PreCheck DRC enabled: false
2026-08-08 22:29:05 +0200: Memory Usage (456704K) : CONNECTIVITY_RULES enabled: false.
2026-08-08 22:29:05 +0200: Memory Usage (456704K) : Read in polygons from layers.
2026-08-08 22:29:05 +0200: Memory Usage (458344K) : activ_drw has 8060 polygons
2026-08-08 22:29:05 +0200: Memory Usage (458344K) : activ_pin has 0 polygons
2026-08-08 22:29:05 +0200: Memory Usage (458344K) : activ_mask has 0 polygons
2026-08-08 22:29:05 +0200: Memory Usage (458344K) : activ_filler has 0 polygons
2026-08-08 22:29:05 +0200: Memory Usage (458344K) : activ_nofill has 0 polygons
2026-08-08 22:29:05 +0200: Memory Usage (458472K) : activ_opc has 0 polygons
2026-08-08 22:29:05 +0200: Memory Usage (458472K) : activ_iopc has 0 polygons
2026-08-08 22:29:05 +0200: Memory Usage (458472K) : activ_noqrc has 0 polygons
2026-08-08 22:29:05 +0200: Memory Usage (458472K) : biwind_drw has 0 polygons
2026-08-08 22:29:05 +0200: Memory Usage (458472K) : biwind_opc has 0 polygons
2026-08-08 22:29:05 +0200: Memory Usage (458600K) : pemwind_drw has 0 polygons
2026-08-08 22:29:05 +0200: Memory Usage (458600K) : gatpoly_drw has 8381 polygons
2026-08-08 22:29:05 +0200: Memory Usage (458728K) : gatpoly_pin has 0 polygons
2026-08-08 22:29:05 +0200: Memory Usage (458728K) : gatpoly_filler has 0 polygons
2026-08-08 22:29:05 +0200: Memory Usage (458856K) : gatpoly_nofill has 0 polygons
2026-08-08 22:29:05 +0200: Memory Usage (458984K) : gatpoly_opc has 0 polygons
2026-08-08 22:29:05 +0200: Memory Usage (458984K) : gatpoly_iopc has 0 polygons
2026-08-08 22:29:06 +0200: Memory Usage (459112K) : gatpoly_noqrc has 0 polygons
2026-08-08 22:29:06 +0200: Memory Usage (459240K) : cont_drw has 54323 polygons
2026-08-08 22:29:06 +0200: Memory Usage (459240K) : cont_opc has 0 polygons
2026-08-08 22:29:06 +0200: Memory Usage (459240K) : nsd_drw has 0 polygons
2026-08-08 22:29:06 +0200: Memory Usage (459240K) : nsd_block has 0 polygons
2026-08-08 22:29:06 +0200: Memory Usage (459240K) : metal1_drw has 15572 polygons
2026-08-08 22:29:06 +0200: Memory Usage (459240K) : metal1_pin has 5570 polygons
2026-08-08 22:29:06 +0200: Memory Usage (459240K) : metal1_mask has 0 polygons
2026-08-08 22:29:06 +0200: Memory Usage (459240K) : metal1_filler has 0 polygons
2026-08-08 22:29:06 +0200: Memory Usage (459240K) : metal1_nofill has 0 polygons
2026-08-08 22:29:06 +0200: Memory Usage (459240K) : metal1_slit has 0 polygons
2026-08-08 22:29:06 +0200: Memory Usage (459544K) : metal1_text has 5488 polygons
2026-08-08 22:29:06 +0200: Memory Usage (459544K) : metal1_opc has 0 polygons
2026-08-08 22:29:06 +0200: Memory Usage (459544K) : metal1_noqrc has 0 polygons
2026-08-08 22:29:06 +0200: Memory Usage (459544K) : metal1_res has 0 polygons
2026-08-08 22:29:06 +0200: Memory Usage (459544K) : metal1_iprobe has 0 polygons
2026-08-08 22:29:06 +0200: Memory Usage (459544K) : metal1_diffprb has 0 polygons
2026-08-08 22:29:06 +0200: Memory Usage (459544K) : passiv_drw has 12 polygons
2026-08-08 22:29:06 +0200: Memory Usage (459544K) : passiv_pin has 0 polygons
2026-08-08 22:29:06 +0200: Memory Usage (459544K) : passiv_sbump has 0 polygons
2026-08-08 22:29:06 +0200: Memory Usage (459544K) : passiv_pillar has 0 polygons
2026-08-08 22:29:06 +0200: Memory Usage (459544K) : passiv_pdl has 0 polygons
2026-08-08 22:29:06 +0200: Memory Usage (459544K) : metal2_drw has 7662 polygons
2026-08-08 22:29:06 +0200: Memory Usage (459544K) : metal2_pin has 19 polygons
2026-08-08 22:29:06 +0200: Memory Usage (459544K) : metal2_mask has 0 polygons
2026-08-08 22:29:06 +0200: Memory Usage (459544K) : metal2_filler has 0 polygons
2026-08-08 22:29:06 +0200: Memory Usage (459544K) : metal2_nofill has 0 polygons
2026-08-08 22:29:06 +0200: Memory Usage (459544K) : metal2_slit has 0 polygons
2026-08-08 22:29:06 +0200: Memory Usage (459544K) : metal2_text has 19 polygons
2026-08-08 22:29:06 +0200: Memory Usage (459544K) : metal2_opc has 0 polygons
2026-08-08 22:29:06 +0200: Memory Usage (459544K) : metal2_noqrc has 0 polygons
2026-08-08 22:29:06 +0200: Memory Usage (459544K) : metal2_res has 0 polygons
2026-08-08 22:29:06 +0200: Memory Usage (459544K) : metal2_iprobe has 0 polygons
2026-08-08 22:29:06 +0200: Memory Usage (459544K) : metal2_diffprb has 0 polygons
2026-08-08 22:29:06 +0200: Memory Usage (459544K) : baspoly_drw has 0 polygons
2026-08-08 22:29:06 +0200: Memory Usage (459544K) : baspoly_pin has 0 polygons
2026-08-08 22:29:06 +0200: Memory Usage (459544K) : psd_drw has 3408 polygons
2026-08-08 22:29:06 +0200: Memory Usage (459544K) : nldb_drw has 0 polygons
2026-08-08 22:29:06 +0200: Memory Usage (459544K) : digibnd_drw has 0 polygons
2026-08-08 22:29:06 +0200: Memory Usage (459544K) : via1_drw has 2569 polygons
2026-08-08 22:29:06 +0200: Memory Usage (459544K) : backmetal1_drw has 0 polygons
2026-08-08 22:29:06 +0200: Memory Usage (459544K) : backmetal1_pin has 0 polygons
2026-08-08 22:29:06 +0200: Memory Usage (459544K) : backmetal1_mask has 0 polygons
2026-08-08 22:29:06 +0200: Memory Usage (459544K) : backmetal1_filler has 0 polygons
2026-08-08 22:29:07 +0200: Memory Usage (459544K) : backmetal1_nofill has 0 polygons
2026-08-08 22:29:07 +0200: Memory Usage (459544K) : backmetal1_slit has 0 polygons
2026-08-08 22:29:07 +0200: Memory Usage (459544K) : backmetal1_text has 0 polygons
2026-08-08 22:29:07 +0200: Memory Usage (459544K) : backmetal1_opc has 0 polygons
2026-08-08 22:29:07 +0200: Memory Usage (459544K) : backmetal1_noqrc has 0 polygons
2026-08-08 22:29:07 +0200: Memory Usage (459544K) : backmetal1_res has 0 polygons
2026-08-08 22:29:07 +0200: Memory Usage (459544K) : backmetal1_iprobe has 0 polygons
2026-08-08 22:29:07 +0200: Memory Usage (459544K) : backmetal1_diffprb has 0 polygons
2026-08-08 22:29:07 +0200: Memory Usage (459544K) : backpassiv_drw has 0 polygons
2026-08-08 22:29:07 +0200: Memory Usage (459672K) : res_drw has 0 polygons
2026-08-08 22:29:07 +0200: Memory Usage (459672K) : sram_drw has 0 polygons
2026-08-08 22:29:07 +0200: Memory Usage (459672K) : trans_drw has 0 polygons
2026-08-08 22:29:07 +0200: Memory Usage (459800K) : ind_drw has 0 polygons
2026-08-08 22:29:07 +0200: Memory Usage (459800K) : ind_pin has 0 polygons
2026-08-08 22:29:07 +0200: Memory Usage (459800K) : ind_text has 0 polygons
2026-08-08 22:29:07 +0200: Memory Usage (459800K) : salblock_drw has 0 polygons
2026-08-08 22:29:07 +0200: Memory Usage (459800K) : via2_drw has 2316 polygons
2026-08-08 22:29:07 +0200: Memory Usage (459800K) : metal3_drw has 3647 polygons
2026-08-08 22:29:07 +0200: Memory Usage (459800K) : metal3_pin has 11 polygons
2026-08-08 22:29:07 +0200: Memory Usage (459800K) : metal3_mask has 0 polygons
2026-08-08 22:29:07 +0200: Memory Usage (459800K) : metal3_filler has 0 polygons
2026-08-08 22:29:07 +0200: Memory Usage (459800K) : metal3_nofill has 0 polygons
2026-08-08 22:29:07 +0200: Memory Usage (459800K) : metal3_slit has 0 polygons
2026-08-08 22:29:07 +0200: Memory Usage (459800K) : metal3_text has 11 polygons
2026-08-08 22:29:07 +0200: Memory Usage (459800K) : metal3_opc has 0 polygons
2026-08-08 22:29:07 +0200: Memory Usage (459800K) : metal3_noqrc has 0 polygons
2026-08-08 22:29:07 +0200: Memory Usage (459800K) : metal3_res has 0 polygons
2026-08-08 22:29:07 +0200: Memory Usage (459800K) : metal3_iprobe has 0 polygons
2026-08-08 22:29:07 +0200: Memory Usage (459800K) : metal3_diffprb has 0 polygons
2026-08-08 22:29:07 +0200: Memory Usage (459800K) : nwell_drw has 1682 polygons
2026-08-08 22:29:07 +0200: Memory Usage (459800K) : nwell_pin has 0 polygons
2026-08-08 22:29:07 +0200: Memory Usage (459800K) : nbulay_drw has 0 polygons
2026-08-08 22:29:07 +0200: Memory Usage (459800K) : nbulay_pin has 0 polygons
2026-08-08 22:29:07 +0200: Memory Usage (459800K) : nbulay_block has 0 polygons
2026-08-08 22:29:07 +0200: Memory Usage (459800K) : emwind_drw has 0 polygons
2026-08-08 22:29:07 +0200: Memory Usage (459800K) : emwind_opc has 0 polygons
2026-08-08 22:29:07 +0200: Memory Usage (459800K) : deepco_drw has 0 polygons
2026-08-08 22:29:07 +0200: Memory Usage (459800K) : deepco_drw has 0 polygons
2026-08-08 22:29:07 +0200: Memory Usage (459800K) : mim_drw has 0 polygons
2026-08-08 22:29:07 +0200: Memory Usage (459800K) : edgeseal_drw has 24 polygons
2026-08-08 22:29:07 +0200: Memory Usage (459800K) : edgeseal_bound has 1 polygons
2026-08-08 22:29:07 +0200: Memory Usage (459800K) : substrate_drw has 0 polygons
2026-08-08 22:29:07 +0200: Memory Usage (459800K) : substrate_text has 0 polygons
2026-08-08 22:29:07 +0200: Memory Usage (459800K) : dfpad_drw has 0 polygons
2026-08-08 22:29:07 +0200: Memory Usage (459800K) : dfpad_pillar has 0 polygons
2026-08-08 22:29:07 +0200: Memory Usage (459800K) : dfpad_sbump has 0 polygons
2026-08-08 22:29:07 +0200: Memory Usage (459800K) : thickgateox_drw has 0 polygons
2026-08-08 22:29:07 +0200: Memory Usage (459800K) : pldb_drw has 0 polygons
2026-08-08 22:29:07 +0200: Memory Usage (459800K) : pwell_drw has 0 polygons
2026-08-08 22:29:07 +0200: Memory Usage (459800K) : pwell_pin has 0 polygons
2026-08-08 22:29:07 +0200: Memory Usage (459800K) : pwell_block has 0 polygons
2026-08-08 22:29:07 +0200: Memory Usage (459800K) : ic_drw has 0 polygons
2026-08-08 22:29:07 +0200: Memory Usage (459800K) : via3_drw has 597 polygons
2026-08-08 22:29:07 +0200: Memory Usage (459800K) : metal4_drw has 492 polygons
2026-08-08 22:29:07 +0200: Memory Usage (459800K) : metal4_pin has 0 polygons
2026-08-08 22:29:07 +0200: Memory Usage (459800K) : metal4_mask has 0 polygons
2026-08-08 22:29:07 +0200: Memory Usage (459800K) : metal4_filler has 0 polygons
2026-08-08 22:29:07 +0200: Memory Usage (459800K) : metal4_nofill has 0 polygons
2026-08-08 22:29:07 +0200: Memory Usage (459800K) : metal4_slit has 0 polygons
2026-08-08 22:29:07 +0200: Memory Usage (459800K) : metal4_text has 0 polygons
2026-08-08 22:29:07 +0200: Memory Usage (459800K) : metal4_opc has 0 polygons
2026-08-08 22:29:07 +0200: Memory Usage (459800K) : metal4_noqrc has 0 polygons
2026-08-08 22:29:07 +0200: Memory Usage (459800K) : metal4_res has 0 polygons
2026-08-08 22:29:07 +0200: Memory Usage (459800K) : metal4_iprobe has 0 polygons
2026-08-08 22:29:07 +0200: Memory Usage (459800K) : metal4_diffprb has 0 polygons
2026-08-08 22:29:07 +0200: Memory Usage (459800K) : heattrans_drw has 0 polygons
2026-08-08 22:29:07 +0200: Memory Usage (459800K) : heatres_drw has 0 polygons
2026-08-08 22:29:08 +0200: Memory Usage (459800K) : pempoly_drw has 0 polygons
2026-08-08 22:29:08 +0200: Memory Usage (459800K) : fbe_drw has 0 polygons
2026-08-08 22:29:08 +0200: Memory Usage (459800K) : empoly_drw has 0 polygons
2026-08-08 22:29:08 +0200: Memory Usage (459800K) : ldmos_drw has 0 polygons
2026-08-08 22:29:08 +0200: Memory Usage (459800K) : pbiwind_drw has 0 polygons
2026-08-08 22:29:08 +0200: Memory Usage (459800K) : digisub_drw has 0 polygons
2026-08-08 22:29:08 +0200: Memory Usage (459800K) : nodrc_drw has 0 polygons
2026-08-08 22:29:08 +0200: Memory Usage (459800K) : text_drw has 2 polygons
2026-08-08 22:29:08 +0200: Memory Usage (459800K) : via4_drw has 468 polygons
2026-08-08 22:29:08 +0200: Memory Usage (459800K) : metal5_drw has 311 polygons
2026-08-08 22:29:08 +0200: Memory Usage (459800K) : metal5_pin has 0 polygons
2026-08-08 22:29:08 +0200: Memory Usage (459800K) : metal5_mask has 0 polygons
2026-08-08 22:29:08 +0200: Memory Usage (459800K) : metal5_filler has 0 polygons
2026-08-08 22:29:08 +0200: Memory Usage (459800K) : metal5_nofill has 0 polygons
2026-08-08 22:29:08 +0200: Memory Usage (459800K) : metal5_slit has 0 polygons
2026-08-08 22:29:08 +0200: Memory Usage (459800K) : metal5_text has 0 polygons
2026-08-08 22:29:08 +0200: Memory Usage (459800K) : metal5_opc has 0 polygons
2026-08-08 22:29:08 +0200: Memory Usage (459800K) : metal5_noqrc has 0 polygons
2026-08-08 22:29:08 +0200: Memory Usage (459800K) : metal5_res has 0 polygons
2026-08-08 22:29:08 +0200: Memory Usage (459800K) : metal5_iprobe has 0 polygons
2026-08-08 22:29:08 +0200: Memory Usage (459800K) : metal5_diffprb has 0 polygons
2026-08-08 22:29:08 +0200: Memory Usage (459800K) : radhard_drw has 0 polygons
2026-08-08 22:29:08 +0200: Memory Usage (459800K) : memcap_drw has 0 polygons
2026-08-08 22:29:08 +0200: Memory Usage (459800K) : varicap_drw has 0 polygons
2026-08-08 22:29:08 +0200: Memory Usage (459800K) : flash_drw has 0 polygons
2026-08-08 22:29:08 +0200: Memory Usage (459800K) : intbondvia_drw has 0 polygons
2026-08-08 22:29:08 +0200: Memory Usage (459800K) : intbondmet_drw has 0 polygons
2026-08-08 22:29:08 +0200: Memory Usage (459800K) : devbondvia_drw has 0 polygons
2026-08-08 22:29:08 +0200: Memory Usage (459800K) : devbondmet_drw has 0 polygons
2026-08-08 22:29:08 +0200: Memory Usage (459800K) : devtrench_drw has 0 polygons
2026-08-08 22:29:08 +0200: Memory Usage (459800K) : redist_drw has 0 polygons
2026-08-08 22:29:08 +0200: Memory Usage (459800K) : graphbot_drw has 0 polygons
2026-08-08 22:29:08 +0200: Memory Usage (459800K) : graphtop_drw has 0 polygons
2026-08-08 22:29:08 +0200: Memory Usage (459800K) : antvia1_drw has 0 polygons
2026-08-08 22:29:08 +0200: Memory Usage (459800K) : antmetal2_drw has 0 polygons
2026-08-08 22:29:08 +0200: Memory Usage (459800K) : graphcont_drw has 0 polygons
2026-08-08 22:29:08 +0200: Memory Usage (459800K) : siwg_drw has 0 polygons
2026-08-08 22:29:08 +0200: Memory Usage (459800K) : siwg_filler has 0 polygons
2026-08-08 22:29:08 +0200: Memory Usage (459800K) : siwg_nofill has 0 polygons
2026-08-08 22:29:08 +0200: Memory Usage (459800K) : sigrating_drw has 0 polygons
2026-08-08 22:29:08 +0200: Memory Usage (459800K) : singrating_drw has 0 polygons
2026-08-08 22:29:08 +0200: Memory Usage (459800K) : graphpas_drw has 0 polygons
2026-08-08 22:29:08 +0200: Memory Usage (459800K) : emwind3_drw has 0 polygons
2026-08-08 22:29:08 +0200: Memory Usage (459800K) : emwihv3_drw has 0 polygons
2026-08-08 22:29:08 +0200: Memory Usage (459800K) : redbulay_drw has 0 polygons
2026-08-08 22:29:08 +0200: Memory Usage (459800K) : smos_drw has 0 polygons
2026-08-08 22:29:08 +0200: Memory Usage (459800K) : graphpad_drw has 0 polygons
2026-08-08 22:29:08 +0200: Memory Usage (459800K) : polimide_drw has 0 polygons
2026-08-08 22:29:08 +0200: Memory Usage (459928K) : polimide_pin has 0 polygons
2026-08-08 22:29:08 +0200: Memory Usage (459928K) : recog_drw has 0 polygons
2026-08-08 22:29:08 +0200: Memory Usage (459928K) : recog_pin has 0 polygons
2026-08-08 22:29:08 +0200: Memory Usage (460056K) : recog_esd has 0 polygons
2026-08-08 22:29:08 +0200: Memory Usage (460056K) : recog_diode has 0 polygons
2026-08-08 22:29:08 +0200: Memory Usage (460056K) : recog_tsv has 0 polygons
2026-08-08 22:29:08 +0200: Memory Usage (460056K) : recog_iprobe has 0 polygons
2026-08-08 22:29:09 +0200: Memory Usage (460056K) : recog_diffprb has 0 polygons
2026-08-08 22:29:09 +0200: Memory Usage (460056K) : recog_pillar has 0 polygons
2026-08-08 22:29:09 +0200: Memory Usage (460056K) : recog_sbump has 0 polygons
2026-08-08 22:29:09 +0200: Memory Usage (460056K) : recog_otp has 0 polygons
2026-08-08 22:29:09 +0200: Memory Usage (460056K) : recog_pdiode has 0 polygons
2026-08-08 22:29:09 +0200: Memory Usage (460056K) : recog_mom has 0 polygons
2026-08-08 22:29:09 +0200: Memory Usage (460056K) : recog_pcm has 0 polygons
2026-08-08 22:29:09 +0200: Memory Usage (460056K) : colopen_drw has 0 polygons
2026-08-08 22:29:09 +0200: Memory Usage (460056K) : graphmetal1_drw has 0 polygons
2026-08-08 22:29:09 +0200: Memory Usage (460056K) : graphmetal1_filler has 0 polygons
2026-08-08 22:29:09 +0200: Memory Usage (460056K) : graphmetal1_nofill has 0 polygons
2026-08-08 22:29:09 +0200: Memory Usage (460056K) : graphmetal1_slit has 0 polygons
2026-08-08 22:29:09 +0200: Memory Usage (460056K) : graphmetal1_opc has 0 polygons
2026-08-08 22:29:09 +0200: Memory Usage (460056K) : graphmet1l_drw has 0 polygons
2026-08-08 22:29:09 +0200: Memory Usage (460056K) : graphmet1l_filler has 0 polygons
2026-08-08 22:29:09 +0200: Memory Usage (460056K) : graphmet1l_nofill has 0 polygons
2026-08-08 22:29:09 +0200: Memory Usage (460056K) : graphmet1l_slit has 0 polygons
2026-08-08 22:29:09 +0200: Memory Usage (460056K) : graphmet1l_opc has 0 polygons
2026-08-08 22:29:09 +0200: Memory Usage (460056K) : extblock_drw has 0 polygons
2026-08-08 22:29:09 +0200: Memory Usage (460056K) : nldd_drw has 0 polygons
2026-08-08 22:29:09 +0200: Memory Usage (460056K) : pldd_drw has 0 polygons
2026-08-08 22:29:09 +0200: Memory Usage (460056K) : next_drw has 0 polygons
2026-08-08 22:29:09 +0200: Memory Usage (460056K) : pext_drw has 0 polygons
2026-08-08 22:29:09 +0200: Memory Usage (460056K) : nexthv_drw has 0 polygons
2026-08-08 22:29:09 +0200: Memory Usage (460056K) : pexthv_drw has 0 polygons
2026-08-08 22:29:09 +0200: Memory Usage (460056K) : graphgate_drw has 0 polygons
2026-08-08 22:29:09 +0200: Memory Usage (460056K) : sinwg_drw has 0 polygons
2026-08-08 22:29:09 +0200: Memory Usage (460056K) : sinwg_filler has 0 polygons
2026-08-08 22:29:09 +0200: Memory Usage (460056K) : sinwg_nofill has 0 polygons
2026-08-08 22:29:09 +0200: Memory Usage (460056K) : mempad_drw has 0 polygons
2026-08-08 22:29:09 +0200: Memory Usage (460056K) : topvia1_drw has 200 polygons
2026-08-08 22:29:09 +0200: Memory Usage (460056K) : topmetal1_drw has 118 polygons
2026-08-08 22:29:09 +0200: Memory Usage (460056K) : topmetal1_pin has 4 polygons
2026-08-08 22:29:09 +0200: Memory Usage (460056K) : topmetal1_mask has 0 polygons
2026-08-08 22:29:09 +0200: Memory Usage (460056K) : topmetal1_filler has 0 polygons
2026-08-08 22:29:09 +0200: Memory Usage (460056K) : topmetal1_nofill has 0 polygons
2026-08-08 22:29:09 +0200: Memory Usage (460056K) : topmetal1_slit has 0 polygons
2026-08-08 22:29:09 +0200: Memory Usage (460056K) : topmetal1_text has 2 polygons
2026-08-08 22:29:09 +0200: Memory Usage (460056K) : topmetal1_noqrc has 0 polygons
2026-08-08 22:29:09 +0200: Memory Usage (460056K) : topmetal1_res has 0 polygons
2026-08-08 22:29:09 +0200: Memory Usage (460056K) : topmetal1_iprobe has 0 polygons
2026-08-08 22:29:09 +0200: Memory Usage (460056K) : topmetal1_diffprb has 0 polygons
2026-08-08 22:29:09 +0200: Memory Usage (460056K) : inldpwl_drw has 0 polygons
2026-08-08 22:29:09 +0200: Memory Usage (460056K) : polyres_drw has 0 polygons
2026-08-08 22:29:09 +0200: Memory Usage (460056K) : polyres_pin has 0 polygons
2026-08-08 22:29:09 +0200: Memory Usage (460056K) : vmim_drw has 0 polygons
2026-08-08 22:29:09 +0200: Memory Usage (460056K) : nbulaycut_drw has 0 polygons
2026-08-08 22:29:09 +0200: Memory Usage (460056K) : antmetal1_drw has 0 polygons
2026-08-08 22:29:09 +0200: Memory Usage (460056K) : topvia2_drw has 36 polygons
2026-08-08 22:29:09 +0200: Memory Usage (460056K) : topmetal2_drw has 40 polygons
2026-08-08 22:29:09 +0200: Memory Usage (460056K) : topmetal2_pin has 4 polygons
2026-08-08 22:29:09 +0200: Memory Usage (460056K) : topmetal2_mask has 0 polygons
2026-08-08 22:29:09 +0200: Memory Usage (460056K) : topmetal2_filler has 0 polygons
2026-08-08 22:29:09 +0200: Memory Usage (460056K) : topmetal2_nofill has 0 polygons
2026-08-08 22:29:09 +0200: Memory Usage (460056K) : topmetal2_slit has 0 polygons
2026-08-08 22:29:09 +0200: Memory Usage (460056K) : topmetal2_text has 2 polygons
2026-08-08 22:29:09 +0200: Memory Usage (460056K) : topmetal2_noqrc has 0 polygons
2026-08-08 22:29:09 +0200: Memory Usage (460056K) : topmetal2_res has 0 polygons
2026-08-08 22:29:09 +0200: Memory Usage (460056K) : topmetal2_iprobe has 0 polygons
2026-08-08 22:29:09 +0200: Memory Usage (460056K) : topmetal2_diffprb has 0 polygons
2026-08-08 22:29:09 +0200: Memory Usage (460056K) : snsring_drw has 0 polygons
2026-08-08 22:29:09 +0200: Memory Usage (460056K) : sensor_drw has 0 polygons
2026-08-08 22:29:10 +0200: Memory Usage (460056K) : snsarms_drw has 0 polygons
2026-08-08 22:29:10 +0200: Memory Usage (460056K) : snscmosvia_drw has 0 polygons
2026-08-08 22:29:10 +0200: Memory Usage (460056K) : colwind_drw has 0 polygons
2026-08-08 22:29:10 +0200: Memory Usage (460056K) : flm_drw has 0 polygons
2026-08-08 22:29:10 +0200: Memory Usage (460056K) : hafniumox_drw has 0 polygons
2026-08-08 22:29:10 +0200: Memory Usage (460056K) : memvia_drw has 0 polygons
2026-08-08 22:29:10 +0200: Memory Usage (460056K) : thinfilmres_drw has 0 polygons
2026-08-08 22:29:10 +0200: Memory Usage (460056K) : rfmem_drw has 0 polygons
2026-08-08 22:29:10 +0200: Memory Usage (460056K) : norcx_drw has 0 polygons
2026-08-08 22:29:10 +0200: Memory Usage (460056K) : norcx_m2m3 has 0 polygons
2026-08-08 22:29:10 +0200: Memory Usage (460056K) : norcx_m2m4 has 0 polygons
2026-08-08 22:29:10 +0200: Memory Usage (460056K) : norcx_m2m5 has 0 polygons
2026-08-08 22:29:10 +0200: Memory Usage (460056K) : norcx_m2tm1 has 0 polygons
2026-08-08 22:29:10 +0200: Memory Usage (460056K) : norcx_m2tm2 has 0 polygons
2026-08-08 22:29:10 +0200: Memory Usage (460056K) : norcx_m3m4 has 0 polygons
2026-08-08 22:29:10 +0200: Memory Usage (460056K) : norcx_m3m5 has 0 polygons
2026-08-08 22:29:10 +0200: Memory Usage (460056K) : norcx_m3tm1 has 0 polygons
2026-08-08 22:29:10 +0200: Memory Usage (460056K) : norcx_m3tm2 has 0 polygons
2026-08-08 22:29:10 +0200: Memory Usage (460056K) : norcx_m4m5 has 0 polygons
2026-08-08 22:29:10 +0200: Memory Usage (460056K) : norcx_m4tm1 has 0 polygons
2026-08-08 22:29:10 +0200: Memory Usage (460056K) : norcx_m4tm2 has 0 polygons
2026-08-08 22:29:10 +0200: Memory Usage (460056K) : norcx_m5tm1 has 0 polygons
2026-08-08 22:29:10 +0200: Memory Usage (460056K) : norcx_m5tm2 has 0 polygons
2026-08-08 22:29:10 +0200: Memory Usage (460056K) : norcx_tm1tm2 has 0 polygons
2026-08-08 22:29:10 +0200: Memory Usage (460056K) : norcx_m1sub has 0 polygons
2026-08-08 22:29:10 +0200: Memory Usage (460056K) : norcx_m2sub has 0 polygons
2026-08-08 22:29:10 +0200: Memory Usage (460056K) : norcx_m3sub has 0 polygons
2026-08-08 22:29:10 +0200: Memory Usage (460056K) : norcx_m4sub has 0 polygons
2026-08-08 22:29:10 +0200: Memory Usage (460056K) : norcx_m5sub has 0 polygons
2026-08-08 22:29:10 +0200: Memory Usage (460056K) : norcx_tm1sub has 0 polygons
2026-08-08 22:29:10 +0200: Memory Usage (460056K) : norcx_tm2sub has 0 polygons
2026-08-08 22:29:10 +0200: Memory Usage (460056K) : snsbotvia_drw has 0 polygons
2026-08-08 22:29:10 +0200: Memory Usage (460056K) : snstopvia_drw has 0 polygons
2026-08-08 22:29:10 +0200: Memory Usage (460056K) : deepvia_drw has 0 polygons
2026-08-08 22:29:10 +0200: Memory Usage (460056K) : fgetch_drw has 0 polygons
2026-08-08 22:29:10 +0200: Memory Usage (460056K) : ctrgat_drw has 0 polygons
2026-08-08 22:29:10 +0200: Memory Usage (460056K) : fgimp_drw has 0 polygons
2026-08-08 22:29:10 +0200: Memory Usage (460056K) : emwihv_drw has 0 polygons
2026-08-08 22:29:10 +0200: Memory Usage (460056K) : lbe_drw has 0 polygons
2026-08-08 22:29:10 +0200: Memory Usage (460056K) : alcustop_drw has 0 polygons
2026-08-08 22:29:10 +0200: Memory Usage (460056K) : nometfiller_drw has 0 polygons
2026-08-08 22:29:10 +0200: Memory Usage (460056K) : prboundary_drw has 0 polygons
2026-08-08 22:29:10 +0200: Memory Usage (460056K) : exchange0_drw has 0 polygons
2026-08-08 22:29:10 +0200: Memory Usage (460056K) : exchange0_pin has 0 polygons
2026-08-08 22:29:10 +0200: Memory Usage (460056K) : exchange0_text has 0 polygons
2026-08-08 22:29:10 +0200: Memory Usage (460056K) : exchange1_drw has 0 polygons
2026-08-08 22:29:10 +0200: Memory Usage (460056K) : exchange1_pin has 0 polygons
2026-08-08 22:29:10 +0200: Memory Usage (460056K) : exchange1_text has 0 polygons
2026-08-08 22:29:10 +0200: Memory Usage (460056K) : exchange2_drw has 0 polygons
2026-08-08 22:29:10 +0200: Memory Usage (460056K) : exchange2_pin has 0 polygons
2026-08-08 22:29:10 +0200: Memory Usage (460056K) : exchange2_text has 0 polygons
2026-08-08 22:29:10 +0200: Memory Usage (460056K) : exchange3_drw has 0 polygons
2026-08-08 22:29:10 +0200: Memory Usage (460056K) : exchange3_pin has 0 polygons
2026-08-08 22:29:10 +0200: Memory Usage (460056K) : exchange3_text has 0 polygons
2026-08-08 22:29:10 +0200: Memory Usage (460056K) : exchange4_drw has 0 polygons
2026-08-08 22:29:10 +0200: Memory Usage (460056K) : exchange4_pin has 0 polygons
2026-08-08 22:29:10 +0200: Memory Usage (460056K) : exchange4_text has 0 polygons
2026-08-08 22:29:10 +0200: Memory Usage (460056K) : isonwell_drw has 0 polygons
2026-08-08 22:29:10 +0200: Memory Usage (460056K) : Total no. of polygons in the design is 121051
2026-08-08 22:29:10 +0200: Memory Usage (460184K) : Loaded TECH DRC rules values from /foss/pdks/ihp-sg13g2/libs.tech/klayout/python/sg13g2_pycell_lib/sg13g2_tech_mod.json
2026-08-08 22:29:10 +0200: Memory Usage (460184K) : Loaded default DRC rules values from /foss/pdks/ihp-sg13g2/libs.tech/klayout/tech/drc/rule_decks/sg13g2_tech_default.json
2026-08-08 22:29:10 +0200: Memory Usage (460184K) : The following rules values were missing in tech json and default values were used:
2026-08-08 22:29:10 +0200: Memory Usage (460184K) :   - NW_f1_digibnd
2026-08-08 22:29:10 +0200: Memory Usage (460184K) :   - Cnt_c_digibnd
2026-08-08 22:29:10 +0200: Memory Usage (460184K) :   - Cnt_c_sram
2026-08-08 22:29:10 +0200: Memory Usage (460184K) :   - Sdiod_b
2026-08-08 22:29:10 +0200: Memory Usage (460184K) :   - Sdiod_c
2026-08-08 22:29:10 +0200: Memory Usage (461020K) : Total area of the design is 27848.17 um^2.
2026-08-08 22:29:10 +0200: Memory Usage (461020K) : The design dimensions are 157.78 µm * 176.5 µm.
2026-08-08 22:29:10 +0200: Memory Usage (461020K) : Starting general IHP-SG13G2 derivations.
2026-08-08 22:29:10 +0200: Memory Usage (461020K) : Starting Pwell derivations
2026-08-08 22:29:10 +0200: Memory Usage (464520K) : Starting IHP-SG13G2 DRC rules.
2026-08-08 22:29:10 +0200: Memory Usage (464520K) : Starting 5.5. Activ table
2026-08-08 22:29:10 +0200: Memory Usage (464520K) : Executing rule Act.a
2026-08-08 22:29:11 +0200: Memory Usage (466424K) : Executing rule Act.b
2026-08-08 22:29:12 +0200: Memory Usage (470064K) : KLayout DRC run for tables 'activ' completed in 6.77 seconds
