# Logfile created on 2026-08-08 22:32:20 +0200 by logger.rb/v1.5.3
2026-08-08 22:32:20 +0200: Memory Usage (454440K) : Starting running IHP-SG13G2 KLayout DRC runset on /foss/designs/spi-slave-ihp/spi_slave.gds
2026-08-08 22:32:20 +0200: Memory Usage (454440K) : Ruby Version for klayout: 3.2.3
2026-08-08 22:32:20 +0200: Memory Usage (456524K) : Loading database to memory is complete.
2026-08-08 22:32:20 +0200: Memory Usage (456524K) : IHP-SG13G2 KLayout DRC runset output at: /foss/designs/spi-slave-ihp/signoff/drc/spi_slave_spi_slave_forbidden.lyrdb
2026-08-08 22:32:20 +0200: Memory Usage (456688K) : Evaluate switches.
2026-08-08 22:32:20 +0200: Memory Usage (456688K) : tables selected: forbidden
2026-08-08 22:32:20 +0200: Memory Usage (456688K) : KLayout will use 8 thread(s) in tiling mode.
2026-08-08 22:32:20 +0200: Memory Usage (456688K) : deep mode is enabled.
2026-08-08 22:32:20 +0200: Memory Usage (456688K) : FEOL enabled: false
2026-08-08 22:32:20 +0200: Memory Usage (456688K) : BEOL enabled: false
2026-08-08 22:32:20 +0200: Memory Usage (456688K) : OFFGRID enabled: true
2026-08-08 22:32:20 +0200: Memory Usage (456688K) : ANGLE enabled: true
2026-08-08 22:32:20 +0200: Memory Usage (456688K) : PIN enabled: false
2026-08-08 22:32:20 +0200: Memory Usage (456688K) : FORBIDDEN enabled: false
2026-08-08 22:32:20 +0200: Memory Usage (456688K) : RECOMMENDED enabled: true
2026-08-08 22:32:20 +0200: Memory Usage (456688K) : PreCheck DRC enabled: false
2026-08-08 22:32:20 +0200: Memory Usage (456688K) : CONNECTIVITY_RULES enabled: false.
2026-08-08 22:32:20 +0200: Memory Usage (456688K) : Read in polygons from layers.
2026-08-08 22:32:20 +0200: Memory Usage (458264K) : activ_drw has 8060 polygons
2026-08-08 22:32:20 +0200: Memory Usage (458264K) : activ_pin has 0 polygons
2026-08-08 22:32:20 +0200: Memory Usage (458264K) : activ_mask has 0 polygons
2026-08-08 22:32:20 +0200: Memory Usage (458264K) : activ_filler has 0 polygons
2026-08-08 22:32:20 +0200: Memory Usage (458264K) : activ_nofill has 0 polygons
2026-08-08 22:32:20 +0200: Memory Usage (458392K) : activ_opc has 0 polygons
2026-08-08 22:32:20 +0200: Memory Usage (458392K) : activ_iopc has 0 polygons
2026-08-08 22:32:20 +0200: Memory Usage (458392K) : activ_noqrc has 0 polygons
2026-08-08 22:32:21 +0200: Memory Usage (458392K) : biwind_drw has 0 polygons
2026-08-08 22:32:21 +0200: Memory Usage (458392K) : biwind_opc has 0 polygons
2026-08-08 22:32:21 +0200: Memory Usage (458520K) : pemwind_drw has 0 polygons
2026-08-08 22:32:21 +0200: Memory Usage (458520K) : gatpoly_drw has 8381 polygons
2026-08-08 22:32:21 +0200: Memory Usage (458648K) : gatpoly_pin has 0 polygons
2026-08-08 22:32:21 +0200: Memory Usage (458648K) : gatpoly_filler has 0 polygons
2026-08-08 22:32:21 +0200: Memory Usage (458648K) : gatpoly_nofill has 0 polygons
2026-08-08 22:32:21 +0200: Memory Usage (458648K) : gatpoly_opc has 0 polygons
2026-08-08 22:32:21 +0200: Memory Usage (458648K) : gatpoly_iopc has 0 polygons
2026-08-08 22:32:21 +0200: Memory Usage (458648K) : gatpoly_noqrc has 0 polygons
2026-08-08 22:32:21 +0200: Memory Usage (458648K) : cont_drw has 54323 polygons
2026-08-08 22:32:21 +0200: Memory Usage (458648K) : cont_opc has 0 polygons
2026-08-08 22:32:21 +0200: Memory Usage (458648K) : nsd_drw has 0 polygons
2026-08-08 22:32:21 +0200: Memory Usage (458648K) : nsd_block has 0 polygons
2026-08-08 22:32:21 +0200: Memory Usage (458776K) : metal1_drw has 15572 polygons
2026-08-08 22:32:21 +0200: Memory Usage (458776K) : metal1_pin has 5570 polygons
2026-08-08 22:32:21 +0200: Memory Usage (458776K) : metal1_mask has 0 polygons
2026-08-08 22:32:21 +0200: Memory Usage (458776K) : metal1_filler has 0 polygons
2026-08-08 22:32:21 +0200: Memory Usage (458776K) : metal1_nofill has 0 polygons
2026-08-08 22:32:21 +0200: Memory Usage (458776K) : metal1_slit has 0 polygons
2026-08-08 22:32:21 +0200: Memory Usage (459084K) : metal1_text has 5488 polygons
2026-08-08 22:32:21 +0200: Memory Usage (459084K) : metal1_opc has 0 polygons
2026-08-08 22:32:21 +0200: Memory Usage (459084K) : metal1_noqrc has 0 polygons
2026-08-08 22:32:21 +0200: Memory Usage (459084K) : metal1_res has 0 polygons
2026-08-08 22:32:21 +0200: Memory Usage (459084K) : metal1_iprobe has 0 polygons
2026-08-08 22:32:21 +0200: Memory Usage (459084K) : metal1_diffprb has 0 polygons
2026-08-08 22:32:21 +0200: Memory Usage (459084K) : passiv_drw has 12 polygons
2026-08-08 22:32:21 +0200: Memory Usage (459084K) : passiv_pin has 0 polygons
2026-08-08 22:32:21 +0200: Memory Usage (459084K) : passiv_sbump has 0 polygons
2026-08-08 22:32:21 +0200: Memory Usage (459084K) : passiv_pillar has 0 polygons
2026-08-08 22:32:21 +0200: Memory Usage (459084K) : passiv_pdl has 0 polygons
2026-08-08 22:32:21 +0200: Memory Usage (459084K) : metal2_drw has 7662 polygons
2026-08-08 22:32:21 +0200: Memory Usage (459084K) : metal2_pin has 19 polygons
2026-08-08 22:32:21 +0200: Memory Usage (459084K) : metal2_mask has 0 polygons
2026-08-08 22:32:21 +0200: Memory Usage (459084K) : metal2_filler has 0 polygons
2026-08-08 22:32:22 +0200: Memory Usage (459084K) : metal2_nofill has 0 polygons
2026-08-08 22:32:22 +0200: Memory Usage (459084K) : metal2_slit has 0 polygons
2026-08-08 22:32:22 +0200: Memory Usage (459084K) : metal2_text has 19 polygons
2026-08-08 22:32:22 +0200: Memory Usage (459084K) : metal2_opc has 0 polygons
2026-08-08 22:32:22 +0200: Memory Usage (459084K) : metal2_noqrc has 0 polygons
2026-08-08 22:32:22 +0200: Memory Usage (459084K) : metal2_res has 0 polygons
2026-08-08 22:32:22 +0200: Memory Usage (459084K) : metal2_iprobe has 0 polygons
2026-08-08 22:32:22 +0200: Memory Usage (459084K) : metal2_diffprb has 0 polygons
2026-08-08 22:32:22 +0200: Memory Usage (459084K) : baspoly_drw has 0 polygons
2026-08-08 22:32:22 +0200: Memory Usage (459084K) : baspoly_pin has 0 polygons
2026-08-08 22:32:22 +0200: Memory Usage (459084K) : psd_drw has 3408 polygons
2026-08-08 22:32:22 +0200: Memory Usage (459084K) : nldb_drw has 0 polygons
2026-08-08 22:32:22 +0200: Memory Usage (459084K) : digibnd_drw has 0 polygons
2026-08-08 22:32:22 +0200: Memory Usage (459084K) : via1_drw has 2569 polygons
2026-08-08 22:32:22 +0200: Memory Usage (459084K) : backmetal1_drw has 0 polygons
2026-08-08 22:32:22 +0200: Memory Usage (459084K) : backmetal1_pin has 0 polygons
2026-08-08 22:32:22 +0200: Memory Usage (459212K) : backmetal1_mask has 0 polygons
2026-08-08 22:32:22 +0200: Memory Usage (459212K) : backmetal1_filler has 0 polygons
2026-08-08 22:32:22 +0200: Memory Usage (459212K) : backmetal1_nofill has 0 polygons
2026-08-08 22:32:22 +0200: Memory Usage (459212K) : backmetal1_slit has 0 polygons
2026-08-08 22:32:22 +0200: Memory Usage (459212K) : backmetal1_text has 0 polygons
2026-08-08 22:32:22 +0200: Memory Usage (459212K) : backmetal1_opc has 0 polygons
2026-08-08 22:32:22 +0200: Memory Usage (459212K) : backmetal1_noqrc has 0 polygons
2026-08-08 22:32:22 +0200: Memory Usage (459212K) : backmetal1_res has 0 polygons
2026-08-08 22:32:22 +0200: Memory Usage (459212K) : backmetal1_iprobe has 0 polygons
2026-08-08 22:32:22 +0200: Memory Usage (459212K) : backmetal1_diffprb has 0 polygons
2026-08-08 22:32:22 +0200: Memory Usage (459212K) : backpassiv_drw has 0 polygons
2026-08-08 22:32:22 +0200: Memory Usage (459212K) : res_drw has 0 polygons
2026-08-08 22:32:22 +0200: Memory Usage (459212K) : sram_drw has 0 polygons
2026-08-08 22:32:22 +0200: Memory Usage (459212K) : trans_drw has 0 polygons
2026-08-08 22:32:22 +0200: Memory Usage (459212K) : ind_drw has 0 polygons
2026-08-08 22:32:22 +0200: Memory Usage (459212K) : ind_pin has 0 polygons
2026-08-08 22:32:22 +0200: Memory Usage (459212K) : ind_text has 0 polygons
2026-08-08 22:32:22 +0200: Memory Usage (459212K) : salblock_drw has 0 polygons
2026-08-08 22:32:22 +0200: Memory Usage (459212K) : via2_drw has 2316 polygons
2026-08-08 22:32:23 +0200: Memory Usage (459212K) : metal3_drw has 3647 polygons
2026-08-08 22:32:23 +0200: Memory Usage (459212K) : metal3_pin has 11 polygons
2026-08-08 22:32:23 +0200: Memory Usage (459212K) : metal3_mask has 0 polygons
2026-08-08 22:32:23 +0200: Memory Usage (459212K) : metal3_filler has 0 polygons
2026-08-08 22:32:23 +0200: Memory Usage (459212K) : metal3_nofill has 0 polygons
2026-08-08 22:32:23 +0200: Memory Usage (459212K) : metal3_slit has 0 polygons
2026-08-08 22:32:23 +0200: Memory Usage (459212K) : metal3_text has 11 polygons
2026-08-08 22:32:23 +0200: Memory Usage (459212K) : metal3_opc has 0 polygons
2026-08-08 22:32:23 +0200: Memory Usage (459212K) : metal3_noqrc has 0 polygons
2026-08-08 22:32:23 +0200: Memory Usage (459212K) : metal3_res has 0 polygons
2026-08-08 22:32:23 +0200: Memory Usage (459212K) : metal3_iprobe has 0 polygons
2026-08-08 22:32:23 +0200: Memory Usage (459212K) : metal3_diffprb has 0 polygons
2026-08-08 22:32:23 +0200: Memory Usage (459212K) : nwell_drw has 1682 polygons
2026-08-08 22:32:23 +0200: Memory Usage (459212K) : nwell_pin has 0 polygons
2026-08-08 22:32:23 +0200: Memory Usage (459212K) : nbulay_drw has 0 polygons
2026-08-08 22:32:23 +0200: Memory Usage (459212K) : nbulay_pin has 0 polygons
2026-08-08 22:32:23 +0200: Memory Usage (459212K) : nbulay_block has 0 polygons
2026-08-08 22:32:23 +0200: Memory Usage (459212K) : emwind_drw has 0 polygons
2026-08-08 22:32:23 +0200: Memory Usage (459212K) : emwind_opc has 0 polygons
2026-08-08 22:32:23 +0200: Memory Usage (459212K) : deepco_drw has 0 polygons
2026-08-08 22:32:23 +0200: Memory Usage (459212K) : deepco_drw has 0 polygons
2026-08-08 22:32:23 +0200: Memory Usage (459212K) : mim_drw has 0 polygons
2026-08-08 22:32:23 +0200: Memory Usage (459212K) : edgeseal_drw has 24 polygons
2026-08-08 22:32:23 +0200: Memory Usage (459212K) : edgeseal_bound has 1 polygons
2026-08-08 22:32:23 +0200: Memory Usage (459212K) : substrate_drw has 0 polygons
2026-08-08 22:32:23 +0200: Memory Usage (459212K) : substrate_text has 0 polygons
2026-08-08 22:32:23 +0200: Memory Usage (459212K) : dfpad_drw has 0 polygons
2026-08-08 22:32:23 +0200: Memory Usage (459340K) : dfpad_pillar has 0 polygons
2026-08-08 22:32:23 +0200: Memory Usage (459340K) : dfpad_sbump has 0 polygons
2026-08-08 22:32:23 +0200: Memory Usage (459340K) : thickgateox_drw has 0 polygons
2026-08-08 22:32:23 +0200: Memory Usage (459340K) : pldb_drw has 0 polygons
2026-08-08 22:32:23 +0200: Memory Usage (459340K) : pwell_drw has 0 polygons
2026-08-08 22:32:23 +0200: Memory Usage (459340K) : pwell_pin has 0 polygons
2026-08-08 22:32:23 +0200: Memory Usage (459340K) : pwell_block has 0 polygons
2026-08-08 22:32:23 +0200: Memory Usage (459340K) : ic_drw has 0 polygons
2026-08-08 22:32:23 +0200: Memory Usage (459340K) : via3_drw has 597 polygons
2026-08-08 22:32:23 +0200: Memory Usage (459340K) : metal4_drw has 492 polygons
2026-08-08 22:32:23 +0200: Memory Usage (459340K) : metal4_pin has 0 polygons
2026-08-08 22:32:23 +0200: Memory Usage (459340K) : metal4_mask has 0 polygons
2026-08-08 22:32:24 +0200: Memory Usage (459340K) : metal4_filler has 0 polygons
2026-08-08 22:32:24 +0200: Memory Usage (459340K) : metal4_nofill has 0 polygons
2026-08-08 22:32:24 +0200: Memory Usage (459340K) : metal4_slit has 0 polygons
2026-08-08 22:32:24 +0200: Memory Usage (459340K) : metal4_text has 0 polygons
2026-08-08 22:32:24 +0200: Memory Usage (459340K) : metal4_opc has 0 polygons
2026-08-08 22:32:24 +0200: Memory Usage (459340K) : metal4_noqrc has 0 polygons
2026-08-08 22:32:24 +0200: Memory Usage (459340K) : metal4_res has 0 polygons
2026-08-08 22:32:24 +0200: Memory Usage (459340K) : metal4_iprobe has 0 polygons
2026-08-08 22:32:24 +0200: Memory Usage (459340K) : metal4_diffprb has 0 polygons
2026-08-08 22:32:24 +0200: Memory Usage (459340K) : heattrans_drw has 0 polygons
2026-08-08 22:32:24 +0200: Memory Usage (459340K) : heatres_drw has 0 polygons
2026-08-08 22:32:24 +0200: Memory Usage (459340K) : pempoly_drw has 0 polygons
2026-08-08 22:32:24 +0200: Memory Usage (459340K) : fbe_drw has 0 polygons
2026-08-08 22:32:24 +0200: Memory Usage (459340K) : empoly_drw has 0 polygons
2026-08-08 22:32:24 +0200: Memory Usage (459340K) : ldmos_drw has 0 polygons
2026-08-08 22:32:24 +0200: Memory Usage (459340K) : pbiwind_drw has 0 polygons
2026-08-08 22:32:24 +0200: Memory Usage (459340K) : digisub_drw has 0 polygons
2026-08-08 22:32:24 +0200: Memory Usage (459340K) : nodrc_drw has 0 polygons
2026-08-08 22:32:24 +0200: Memory Usage (459340K) : text_drw has 2 polygons
2026-08-08 22:32:24 +0200: Memory Usage (459340K) : via4_drw has 468 polygons
2026-08-08 22:32:24 +0200: Memory Usage (459340K) : metal5_drw has 311 polygons
2026-08-08 22:32:24 +0200: Memory Usage (459340K) : metal5_pin has 0 polygons
2026-08-08 22:32:24 +0200: Memory Usage (459340K) : metal5_mask has 0 polygons
2026-08-08 22:32:24 +0200: Memory Usage (459340K) : metal5_filler has 0 polygons
2026-08-08 22:32:24 +0200: Memory Usage (459340K) : metal5_nofill has 0 polygons
2026-08-08 22:32:24 +0200: Memory Usage (459340K) : metal5_slit has 0 polygons
2026-08-08 22:32:24 +0200: Memory Usage (459340K) : metal5_text has 0 polygons
2026-08-08 22:32:24 +0200: Memory Usage (459340K) : metal5_opc has 0 polygons
2026-08-08 22:32:24 +0200: Memory Usage (459340K) : metal5_noqrc has 0 polygons
2026-08-08 22:32:24 +0200: Memory Usage (459340K) : metal5_res has 0 polygons
2026-08-08 22:32:24 +0200: Memory Usage (459340K) : metal5_iprobe has 0 polygons
2026-08-08 22:32:25 +0200: Memory Usage (459340K) : metal5_diffprb has 0 polygons
2026-08-08 22:32:25 +0200: Memory Usage (459340K) : radhard_drw has 0 polygons
2026-08-08 22:32:25 +0200: Memory Usage (459340K) : memcap_drw has 0 polygons
2026-08-08 22:32:25 +0200: Memory Usage (459340K) : varicap_drw has 0 polygons
2026-08-08 22:32:25 +0200: Memory Usage (459340K) : flash_drw has 0 polygons
2026-08-08 22:32:25 +0200: Memory Usage (459340K) : intbondvia_drw has 0 polygons
2026-08-08 22:32:25 +0200: Memory Usage (459340K) : intbondmet_drw has 0 polygons
2026-08-08 22:32:25 +0200: Memory Usage (459340K) : devbondvia_drw has 0 polygons
2026-08-08 22:32:25 +0200: Memory Usage (459340K) : devbondmet_drw has 0 polygons
2026-08-08 22:32:25 +0200: Memory Usage (459340K) : devtrench_drw has 0 polygons
2026-08-08 22:32:25 +0200: Memory Usage (459340K) : redist_drw has 0 polygons
2026-08-08 22:32:25 +0200: Memory Usage (459340K) : graphbot_drw has 0 polygons
2026-08-08 22:32:25 +0200: Memory Usage (459340K) : graphtop_drw has 0 polygons
2026-08-08 22:32:25 +0200: Memory Usage (459340K) : antvia1_drw has 0 polygons
2026-08-08 22:32:25 +0200: Memory Usage (459340K) : antmetal2_drw has 0 polygons
2026-08-08 22:32:25 +0200: Memory Usage (459340K) : graphcont_drw has 0 polygons
2026-08-08 22:32:25 +0200: Memory Usage (459340K) : siwg_drw has 0 polygons
2026-08-08 22:32:25 +0200: Memory Usage (459340K) : siwg_filler has 0 polygons
2026-08-08 22:32:25 +0200: Memory Usage (459340K) : siwg_nofill has 0 polygons
2026-08-08 22:32:25 +0200: Memory Usage (459340K) : sigrating_drw has 0 polygons
2026-08-08 22:32:25 +0200: Memory Usage (459340K) : singrating_drw has 0 polygons
2026-08-08 22:32:25 +0200: Memory Usage (459340K) : graphpas_drw has 0 polygons
2026-08-08 22:32:25 +0200: Memory Usage (459340K) : emwind3_drw has 0 polygons
2026-08-08 22:32:25 +0200: Memory Usage (459340K) : emwihv3_drw has 0 polygons
2026-08-08 22:32:25 +0200: Memory Usage (459340K) : redbulay_drw has 0 polygons
2026-08-08 22:32:25 +0200: Memory Usage (459340K) : smos_drw has 0 polygons
2026-08-08 22:32:25 +0200: Memory Usage (459340K) : graphpad_drw has 0 polygons
2026-08-08 22:32:25 +0200: Memory Usage (459340K) : polimide_drw has 0 polygons
2026-08-08 22:32:25 +0200: Memory Usage (459340K) : polimide_pin has 0 polygons
2026-08-08 22:32:25 +0200: Memory Usage (459340K) : recog_drw has 0 polygons
2026-08-08 22:32:25 +0200: Memory Usage (459340K) : recog_pin has 0 polygons
2026-08-08 22:32:25 +0200: Memory Usage (459340K) : recog_esd has 0 polygons
2026-08-08 22:32:25 +0200: Memory Usage (459340K) : recog_diode has 0 polygons
2026-08-08 22:32:25 +0200: Memory Usage (459340K) : recog_tsv has 0 polygons
2026-08-08 22:32:25 +0200: Memory Usage (459340K) : recog_iprobe has 0 polygons
2026-08-08 22:32:25 +0200: Memory Usage (459340K) : recog_diffprb has 0 polygons
2026-08-08 22:32:25 +0200: Memory Usage (459340K) : recog_pillar has 0 polygons
2026-08-08 22:32:25 +0200: Memory Usage (459340K) : recog_sbump has 0 polygons
2026-08-08 22:32:25 +0200: Memory Usage (459340K) : recog_otp has 0 polygons
2026-08-08 22:32:25 +0200: Memory Usage (459340K) : recog_pdiode has 0 polygons
2026-08-08 22:32:25 +0200: Memory Usage (459340K) : recog_mom has 0 polygons
2026-08-08 22:32:25 +0200: Memory Usage (459340K) : recog_pcm has 0 polygons
2026-08-08 22:32:25 +0200: Memory Usage (459340K) : colopen_drw has 0 polygons
2026-08-08 22:32:25 +0200: Memory Usage (459340K) : graphmetal1_drw has 0 polygons
2026-08-08 22:32:25 +0200: Memory Usage (459468K) : graphmetal1_filler has 0 polygons
2026-08-08 22:32:26 +0200: Memory Usage (459468K) : graphmetal1_nofill has 0 polygons
2026-08-08 22:32:26 +0200: Memory Usage (459468K) : graphmetal1_slit has 0 polygons
2026-08-08 22:32:26 +0200: Memory Usage (459468K) : graphmetal1_opc has 0 polygons
2026-08-08 22:32:26 +0200: Memory Usage (459468K) : graphmet1l_drw has 0 polygons
2026-08-08 22:32:26 +0200: Memory Usage (459468K) : graphmet1l_filler has 0 polygons
2026-08-08 22:32:26 +0200: Memory Usage (459468K) : graphmet1l_nofill has 0 polygons
2026-08-08 22:32:26 +0200: Memory Usage (459468K) : graphmet1l_slit has 0 polygons
2026-08-08 22:32:26 +0200: Memory Usage (459468K) : graphmet1l_opc has 0 polygons
2026-08-08 22:32:26 +0200: Memory Usage (459468K) : extblock_drw has 0 polygons
2026-08-08 22:32:26 +0200: Memory Usage (459468K) : nldd_drw has 0 polygons
2026-08-08 22:32:26 +0200: Memory Usage (459468K) : pldd_drw has 0 polygons
2026-08-08 22:32:26 +0200: Memory Usage (459468K) : next_drw has 0 polygons
2026-08-08 22:32:26 +0200: Memory Usage (459468K) : pext_drw has 0 polygons
2026-08-08 22:32:26 +0200: Memory Usage (459468K) : nexthv_drw has 0 polygons
2026-08-08 22:32:26 +0200: Memory Usage (459468K) : pexthv_drw has 0 polygons
2026-08-08 22:32:26 +0200: Memory Usage (459468K) : graphgate_drw has 0 polygons
2026-08-08 22:32:26 +0200: Memory Usage (459468K) : sinwg_drw has 0 polygons
2026-08-08 22:32:26 +0200: Memory Usage (459468K) : sinwg_filler has 0 polygons
2026-08-08 22:32:26 +0200: Memory Usage (459468K) : sinwg_nofill has 0 polygons
2026-08-08 22:32:26 +0200: Memory Usage (459468K) : mempad_drw has 0 polygons
2026-08-08 22:32:26 +0200: Memory Usage (459468K) : topvia1_drw has 200 polygons
2026-08-08 22:32:26 +0200: Memory Usage (459468K) : topmetal1_drw has 118 polygons
2026-08-08 22:32:26 +0200: Memory Usage (459468K) : topmetal1_pin has 4 polygons
2026-08-08 22:32:26 +0200: Memory Usage (459468K) : topmetal1_mask has 0 polygons
2026-08-08 22:32:26 +0200: Memory Usage (459468K) : topmetal1_filler has 0 polygons
2026-08-08 22:32:26 +0200: Memory Usage (459468K) : topmetal1_nofill has 0 polygons
2026-08-08 22:32:26 +0200: Memory Usage (459468K) : topmetal1_slit has 0 polygons
2026-08-08 22:32:26 +0200: Memory Usage (459468K) : topmetal1_text has 2 polygons
2026-08-08 22:32:26 +0200: Memory Usage (459468K) : topmetal1_noqrc has 0 polygons
2026-08-08 22:32:26 +0200: Memory Usage (459468K) : topmetal1_res has 0 polygons
2026-08-08 22:32:26 +0200: Memory Usage (459468K) : topmetal1_iprobe has 0 polygons
2026-08-08 22:32:26 +0200: Memory Usage (459468K) : topmetal1_diffprb has 0 polygons
2026-08-08 22:32:26 +0200: Memory Usage (459468K) : inldpwl_drw has 0 polygons
2026-08-08 22:32:26 +0200: Memory Usage (459468K) : polyres_drw has 0 polygons
2026-08-08 22:32:26 +0200: Memory Usage (459468K) : polyres_pin has 0 polygons
2026-08-08 22:32:26 +0200: Memory Usage (459468K) : vmim_drw has 0 polygons
2026-08-08 22:32:26 +0200: Memory Usage (459468K) : nbulaycut_drw has 0 polygons
2026-08-08 22:32:26 +0200: Memory Usage (459468K) : antmetal1_drw has 0 polygons
2026-08-08 22:32:26 +0200: Memory Usage (459468K) : topvia2_drw has 36 polygons
2026-08-08 22:32:26 +0200: Memory Usage (459468K) : topmetal2_drw has 40 polygons
2026-08-08 22:32:26 +0200: Memory Usage (459468K) : topmetal2_pin has 4 polygons
2026-08-08 22:32:26 +0200: Memory Usage (459468K) : topmetal2_mask has 0 polygons
2026-08-08 22:32:26 +0200: Memory Usage (459468K) : topmetal2_filler has 0 polygons
2026-08-08 22:32:27 +0200: Memory Usage (459468K) : topmetal2_nofill has 0 polygons
2026-08-08 22:32:27 +0200: Memory Usage (459468K) : topmetal2_slit has 0 polygons
2026-08-08 22:32:27 +0200: Memory Usage (459468K) : topmetal2_text has 2 polygons
2026-08-08 22:32:27 +0200: Memory Usage (459468K) : topmetal2_noqrc has 0 polygons
2026-08-08 22:32:27 +0200: Memory Usage (459468K) : topmetal2_res has 0 polygons
2026-08-08 22:32:27 +0200: Memory Usage (459468K) : topmetal2_iprobe has 0 polygons
2026-08-08 22:32:27 +0200: Memory Usage (459468K) : topmetal2_diffprb has 0 polygons
2026-08-08 22:32:27 +0200: Memory Usage (459468K) : snsring_drw has 0 polygons
2026-08-08 22:32:27 +0200: Memory Usage (459468K) : sensor_drw has 0 polygons
2026-08-08 22:32:27 +0200: Memory Usage (459468K) : snsarms_drw has 0 polygons
2026-08-08 22:32:27 +0200: Memory Usage (459468K) : snscmosvia_drw has 0 polygons
2026-08-08 22:32:27 +0200: Memory Usage (459468K) : colwind_drw has 0 polygons
2026-08-08 22:32:27 +0200: Memory Usage (459468K) : flm_drw has 0 polygons
2026-08-08 22:32:27 +0200: Memory Usage (459468K) : hafniumox_drw has 0 polygons
2026-08-08 22:32:27 +0200: Memory Usage (459468K) : memvia_drw has 0 polygons
2026-08-08 22:32:27 +0200: Memory Usage (459468K) : thinfilmres_drw has 0 polygons
2026-08-08 22:32:27 +0200: Memory Usage (459468K) : rfmem_drw has 0 polygons
2026-08-08 22:32:27 +0200: Memory Usage (459468K) : norcx_drw has 0 polygons
2026-08-08 22:32:27 +0200: Memory Usage (459468K) : norcx_m2m3 has 0 polygons
2026-08-08 22:32:27 +0200: Memory Usage (459468K) : norcx_m2m4 has 0 polygons
2026-08-08 22:32:27 +0200: Memory Usage (459468K) : norcx_m2m5 has 0 polygons
2026-08-08 22:32:27 +0200: Memory Usage (459468K) : norcx_m2tm1 has 0 polygons
2026-08-08 22:32:27 +0200: Memory Usage (459468K) : norcx_m2tm2 has 0 polygons
2026-08-08 22:32:27 +0200: Memory Usage (459468K) : norcx_m3m4 has 0 polygons
2026-08-08 22:32:27 +0200: Memory Usage (459468K) : norcx_m3m5 has 0 polygons
2026-08-08 22:32:27 +0200: Memory Usage (459468K) : norcx_m3tm1 has 0 polygons
2026-08-08 22:32:27 +0200: Memory Usage (459468K) : norcx_m3tm2 has 0 polygons
2026-08-08 22:32:27 +0200: Memory Usage (459468K) : norcx_m4m5 has 0 polygons
2026-08-08 22:32:27 +0200: Memory Usage (459468K) : norcx_m4tm1 has 0 polygons
2026-08-08 22:32:27 +0200: Memory Usage (459468K) : norcx_m4tm2 has 0 polygons
2026-08-08 22:32:27 +0200: Memory Usage (459468K) : norcx_m5tm1 has 0 polygons
2026-08-08 22:32:27 +0200: Memory Usage (459468K) : norcx_m5tm2 has 0 polygons
2026-08-08 22:32:27 +0200: Memory Usage (459468K) : norcx_tm1tm2 has 0 polygons
2026-08-08 22:32:27 +0200: Memory Usage (459468K) : norcx_m1sub has 0 polygons
2026-08-08 22:32:27 +0200: Memory Usage (459468K) : norcx_m2sub has 0 polygons
2026-08-08 22:32:27 +0200: Memory Usage (459468K) : norcx_m3sub has 0 polygons
2026-08-08 22:32:27 +0200: Memory Usage (459468K) : norcx_m4sub has 0 polygons
2026-08-08 22:32:28 +0200: Memory Usage (459468K) : norcx_m5sub has 0 polygons
2026-08-08 22:32:28 +0200: Memory Usage (459468K) : norcx_tm1sub has 0 polygons
2026-08-08 22:32:28 +0200: Memory Usage (459468K) : norcx_tm2sub has 0 polygons
2026-08-08 22:32:28 +0200: Memory Usage (459468K) : snsbotvia_drw has 0 polygons
2026-08-08 22:32:28 +0200: Memory Usage (459468K) : snstopvia_drw has 0 polygons
2026-08-08 22:32:28 +0200: Memory Usage (459468K) : deepvia_drw has 0 polygons
2026-08-08 22:32:28 +0200: Memory Usage (459468K) : fgetch_drw has 0 polygons
2026-08-08 22:32:28 +0200: Memory Usage (459468K) : ctrgat_drw has 0 polygons
2026-08-08 22:32:28 +0200: Memory Usage (459468K) : fgimp_drw has 0 polygons
2026-08-08 22:32:28 +0200: Memory Usage (459468K) : emwihv_drw has 0 polygons
2026-08-08 22:32:28 +0200: Memory Usage (459468K) : lbe_drw has 0 polygons
2026-08-08 22:32:28 +0200: Memory Usage (459468K) : alcustop_drw has 0 polygons
2026-08-08 22:32:28 +0200: Memory Usage (459468K) : nometfiller_drw has 0 polygons
2026-08-08 22:32:28 +0200: Memory Usage (459468K) : prboundary_drw has 0 polygons
2026-08-08 22:32:28 +0200: Memory Usage (459468K) : exchange0_drw has 0 polygons
2026-08-08 22:32:28 +0200: Memory Usage (459468K) : exchange0_pin has 0 polygons
2026-08-08 22:32:28 +0200: Memory Usage (459468K) : exchange0_text has 0 polygons
2026-08-08 22:32:28 +0200: Memory Usage (459468K) : exchange1_drw has 0 polygons
2026-08-08 22:32:28 +0200: Memory Usage (459468K) : exchange1_pin has 0 polygons
2026-08-08 22:32:28 +0200: Memory Usage (459468K) : exchange1_text has 0 polygons
2026-08-08 22:32:28 +0200: Memory Usage (459468K) : exchange2_drw has 0 polygons
2026-08-08 22:32:28 +0200: Memory Usage (459468K) : exchange2_pin has 0 polygons
2026-08-08 22:32:28 +0200: Memory Usage (459468K) : exchange2_text has 0 polygons
2026-08-08 22:32:28 +0200: Memory Usage (459468K) : exchange3_drw has 0 polygons
2026-08-08 22:32:28 +0200: Memory Usage (459468K) : exchange3_pin has 0 polygons
2026-08-08 22:32:28 +0200: Memory Usage (459468K) : exchange3_text has 0 polygons
2026-08-08 22:32:28 +0200: Memory Usage (459468K) : exchange4_drw has 0 polygons
2026-08-08 22:32:28 +0200: Memory Usage (459468K) : exchange4_pin has 0 polygons
2026-08-08 22:32:28 +0200: Memory Usage (459596K) : exchange4_text has 0 polygons
2026-08-08 22:32:28 +0200: Memory Usage (459596K) : isonwell_drw has 0 polygons
2026-08-08 22:32:28 +0200: Memory Usage (459596K) : Total no. of polygons in the design is 121051
2026-08-08 22:32:28 +0200: Memory Usage (459596K) : Loaded TECH DRC rules values from /foss/pdks/ihp-sg13g2/libs.tech/klayout/python/sg13g2_pycell_lib/sg13g2_tech_mod.json
2026-08-08 22:32:28 +0200: Memory Usage (459596K) : Loaded default DRC rules values from /foss/pdks/ihp-sg13g2/libs.tech/klayout/tech/drc/rule_decks/sg13g2_tech_default.json
2026-08-08 22:32:28 +0200: Memory Usage (459596K) : The following rules values were missing in tech json and default values were used:
2026-08-08 22:32:28 +0200: Memory Usage (459596K) :   - NW_f1_digibnd
2026-08-08 22:32:28 +0200: Memory Usage (459596K) :   - Cnt_c_digibnd
2026-08-08 22:32:28 +0200: Memory Usage (459596K) :   - Cnt_c_sram
2026-08-08 22:32:28 +0200: Memory Usage (459596K) :   - Sdiod_b
2026-08-08 22:32:28 +0200: Memory Usage (459596K) :   - Sdiod_c
2026-08-08 22:32:28 +0200: Memory Usage (460416K) : Total area of the design is 27848.17 um^2.
2026-08-08 22:32:28 +0200: Memory Usage (460416K) : The design dimensions are 157.78 µm * 176.5 µm.
2026-08-08 22:32:28 +0200: Memory Usage (460416K) : Starting general IHP-SG13G2 derivations.
2026-08-08 22:32:28 +0200: Memory Usage (460416K) : Starting Pwell derivations
2026-08-08 22:32:28 +0200: Memory Usage (463708K) : Starting IHP-SG13G2 DRC rules.
2026-08-08 22:32:28 +0200: Memory Usage (463708K) : Starting 3.2. FORBIDDEN table
2026-08-08 22:32:28 +0200: Memory Usage (463708K) : Executing rule forbidden.biwind
2026-08-08 22:32:29 +0200: Memory Usage (463848K) : Executing rule forbidden.pemwind
2026-08-08 22:32:29 +0200: Memory Usage (463848K) : Executing rule forbidden.baspoly
2026-08-08 22:32:29 +0200: Memory Usage (463848K) : Executing rule forbidden.deepco
2026-08-08 22:32:29 +0200: Memory Usage (463848K) : Executing rule forbidden.pempoly
2026-08-08 22:32:29 +0200: Memory Usage (463848K) : Executing rule forbidden.empoly
2026-08-08 22:32:29 +0200: Memory Usage (463848K) : Executing rule forbidden.ldmos
2026-08-08 22:32:29 +0200: Memory Usage (463848K) : Executing rule forbidden.pbiwind
2026-08-08 22:32:29 +0200: Memory Usage (463848K) : Executing rule forbidden.nodrc
2026-08-08 22:32:29 +0200: Memory Usage (463848K) : Executing rule forbidden.flash
2026-08-08 22:32:29 +0200: Memory Usage (463848K) : Executing rule forbidden.colwind
2026-08-08 22:32:29 +0200: Memory Usage (463848K) : KLayout DRC run for tables 'forbidden' completed in 8.53 seconds
