# Logfile created on 2026-08-08 22:30:07 +0200 by logger.rb/v1.5.3
2026-08-08 22:30:07 +0200: Memory Usage (454356K) : Starting running IHP-SG13G2 KLayout DRC runset on /foss/designs/spi-slave-ihp/spi_slave.gds
2026-08-08 22:30:07 +0200: Memory Usage (454356K) : Ruby Version for klayout: 3.2.3
2026-08-08 22:30:07 +0200: Memory Usage (456448K) : Loading database to memory is complete.
2026-08-08 22:30:07 +0200: Memory Usage (456448K) : IHP-SG13G2 KLayout DRC runset output at: /foss/designs/spi-slave-ihp/signoff/drc/spi_slave_spi_slave_nbulay.lyrdb
2026-08-08 22:30:07 +0200: Memory Usage (456448K) : Evaluate switches.
2026-08-08 22:30:07 +0200: Memory Usage (456448K) : tables selected: nbulay
2026-08-08 22:30:07 +0200: Memory Usage (456448K) : KLayout will use 8 thread(s) in tiling mode.
2026-08-08 22:30:07 +0200: Memory Usage (456448K) : deep mode is enabled.
2026-08-08 22:30:07 +0200: Memory Usage (456448K) : FEOL enabled: false
2026-08-08 22:30:07 +0200: Memory Usage (456448K) : BEOL enabled: false
2026-08-08 22:30:07 +0200: Memory Usage (456448K) : OFFGRID enabled: true
2026-08-08 22:30:07 +0200: Memory Usage (456448K) : ANGLE enabled: true
2026-08-08 22:30:07 +0200: Memory Usage (456448K) : PIN enabled: false
2026-08-08 22:30:07 +0200: Memory Usage (456448K) : FORBIDDEN enabled: false
2026-08-08 22:30:07 +0200: Memory Usage (456448K) : RECOMMENDED enabled: true
2026-08-08 22:30:07 +0200: Memory Usage (456448K) : PreCheck DRC enabled: false
2026-08-08 22:30:07 +0200: Memory Usage (456448K) : CONNECTIVITY_RULES enabled: true.
2026-08-08 22:30:07 +0200: Memory Usage (456448K) : Read in polygons from layers.
2026-08-08 22:30:07 +0200: Memory Usage (458144K) : activ_drw has 8060 polygons
2026-08-08 22:30:07 +0200: Memory Usage (458144K) : activ_pin has 0 polygons
2026-08-08 22:30:07 +0200: Memory Usage (458144K) : activ_mask has 0 polygons
2026-08-08 22:30:08 +0200: Memory Usage (458144K) : activ_filler has 0 polygons
2026-08-08 22:30:08 +0200: Memory Usage (458144K) : activ_nofill has 0 polygons
2026-08-08 22:30:08 +0200: Memory Usage (458400K) : activ_opc has 0 polygons
2026-08-08 22:30:08 +0200: Memory Usage (458400K) : activ_iopc has 0 polygons
2026-08-08 22:30:08 +0200: Memory Usage (458400K) : activ_noqrc has 0 polygons
2026-08-08 22:30:08 +0200: Memory Usage (458400K) : biwind_drw has 0 polygons
2026-08-08 22:30:08 +0200: Memory Usage (458400K) : biwind_opc has 0 polygons
2026-08-08 22:30:08 +0200: Memory Usage (458400K) : pemwind_drw has 0 polygons
2026-08-08 22:30:08 +0200: Memory Usage (458400K) : gatpoly_drw has 8381 polygons
2026-08-08 22:30:08 +0200: Memory Usage (458400K) : gatpoly_pin has 0 polygons
2026-08-08 22:30:08 +0200: Memory Usage (458400K) : gatpoly_filler has 0 polygons
2026-08-08 22:30:08 +0200: Memory Usage (458400K) : gatpoly_nofill has 0 polygons
2026-08-08 22:30:08 +0200: Memory Usage (458400K) : gatpoly_opc has 0 polygons
2026-08-08 22:30:08 +0200: Memory Usage (458400K) : gatpoly_iopc has 0 polygons
2026-08-08 22:30:08 +0200: Memory Usage (458400K) : gatpoly_noqrc has 0 polygons
2026-08-08 22:30:08 +0200: Memory Usage (458400K) : cont_drw has 54323 polygons
2026-08-08 22:30:08 +0200: Memory Usage (458400K) : cont_opc has 0 polygons
2026-08-08 22:30:08 +0200: Memory Usage (458400K) : nsd_drw has 0 polygons
2026-08-08 22:30:08 +0200: Memory Usage (458400K) : nsd_block has 0 polygons
2026-08-08 22:30:08 +0200: Memory Usage (458560K) : metal1_drw has 15572 polygons
2026-08-08 22:30:08 +0200: Memory Usage (458560K) : metal1_pin has 5570 polygons
2026-08-08 22:30:08 +0200: Memory Usage (458560K) : metal1_mask has 0 polygons
2026-08-08 22:30:08 +0200: Memory Usage (458560K) : metal1_filler has 0 polygons
2026-08-08 22:30:08 +0200: Memory Usage (458560K) : metal1_nofill has 0 polygons
2026-08-08 22:30:08 +0200: Memory Usage (458560K) : metal1_slit has 0 polygons
2026-08-08 22:30:08 +0200: Memory Usage (458872K) : metal1_text has 5488 polygons
2026-08-08 22:30:08 +0200: Memory Usage (458872K) : metal1_opc has 0 polygons
2026-08-08 22:30:08 +0200: Memory Usage (459000K) : metal1_noqrc has 0 polygons
2026-08-08 22:30:08 +0200: Memory Usage (459128K) : metal1_res has 0 polygons
2026-08-08 22:30:08 +0200: Memory Usage (459128K) : metal1_iprobe has 0 polygons
2026-08-08 22:30:08 +0200: Memory Usage (459128K) : metal1_diffprb has 0 polygons
2026-08-08 22:30:08 +0200: Memory Usage (459128K) : passiv_drw has 12 polygons
2026-08-08 22:30:08 +0200: Memory Usage (459256K) : passiv_pin has 0 polygons
2026-08-08 22:30:08 +0200: Memory Usage (459256K) : passiv_sbump has 0 polygons
2026-08-08 22:30:08 +0200: Memory Usage (459256K) : passiv_pillar has 0 polygons
2026-08-08 22:30:08 +0200: Memory Usage (459256K) : passiv_pdl has 0 polygons
2026-08-08 22:30:09 +0200: Memory Usage (459256K) : metal2_drw has 7662 polygons
2026-08-08 22:30:09 +0200: Memory Usage (459256K) : metal2_pin has 19 polygons
2026-08-08 22:30:09 +0200: Memory Usage (459256K) : metal2_mask has 0 polygons
2026-08-08 22:30:09 +0200: Memory Usage (459256K) : metal2_filler has 0 polygons
2026-08-08 22:30:09 +0200: Memory Usage (459256K) : metal2_nofill has 0 polygons
2026-08-08 22:30:09 +0200: Memory Usage (459256K) : metal2_slit has 0 polygons
2026-08-08 22:30:09 +0200: Memory Usage (459256K) : metal2_text has 19 polygons
2026-08-08 22:30:09 +0200: Memory Usage (459256K) : metal2_opc has 0 polygons
2026-08-08 22:30:09 +0200: Memory Usage (459256K) : metal2_noqrc has 0 polygons
2026-08-08 22:30:09 +0200: Memory Usage (459256K) : metal2_res has 0 polygons
2026-08-08 22:30:09 +0200: Memory Usage (459256K) : metal2_iprobe has 0 polygons
2026-08-08 22:30:09 +0200: Memory Usage (459256K) : metal2_diffprb has 0 polygons
2026-08-08 22:30:09 +0200: Memory Usage (459256K) : baspoly_drw has 0 polygons
2026-08-08 22:30:09 +0200: Memory Usage (459256K) : baspoly_pin has 0 polygons
2026-08-08 22:30:09 +0200: Memory Usage (459256K) : psd_drw has 3408 polygons
2026-08-08 22:30:09 +0200: Memory Usage (459256K) : nldb_drw has 0 polygons
2026-08-08 22:30:09 +0200: Memory Usage (459256K) : digibnd_drw has 0 polygons
2026-08-08 22:30:09 +0200: Memory Usage (459256K) : via1_drw has 2569 polygons
2026-08-08 22:30:09 +0200: Memory Usage (459256K) : backmetal1_drw has 0 polygons
2026-08-08 22:30:09 +0200: Memory Usage (459256K) : backmetal1_pin has 0 polygons
2026-08-08 22:30:09 +0200: Memory Usage (459256K) : backmetal1_mask has 0 polygons
2026-08-08 22:30:09 +0200: Memory Usage (459256K) : backmetal1_filler has 0 polygons
2026-08-08 22:30:09 +0200: Memory Usage (459256K) : backmetal1_nofill has 0 polygons
2026-08-08 22:30:09 +0200: Memory Usage (459256K) : backmetal1_slit has 0 polygons
2026-08-08 22:30:09 +0200: Memory Usage (459256K) : backmetal1_text has 0 polygons
2026-08-08 22:30:09 +0200: Memory Usage (459256K) : backmetal1_opc has 0 polygons
2026-08-08 22:30:09 +0200: Memory Usage (459256K) : backmetal1_noqrc has 0 polygons
2026-08-08 22:30:09 +0200: Memory Usage (459256K) : backmetal1_res has 0 polygons
2026-08-08 22:30:09 +0200: Memory Usage (459256K) : backmetal1_iprobe has 0 polygons
2026-08-08 22:30:09 +0200: Memory Usage (459256K) : backmetal1_diffprb has 0 polygons
2026-08-08 22:30:09 +0200: Memory Usage (459256K) : backpassiv_drw has 0 polygons
2026-08-08 22:30:09 +0200: Memory Usage (459256K) : res_drw has 0 polygons
2026-08-08 22:30:09 +0200: Memory Usage (459256K) : sram_drw has 0 polygons
2026-08-08 22:30:09 +0200: Memory Usage (459256K) : trans_drw has 0 polygons
2026-08-08 22:30:09 +0200: Memory Usage (459256K) : ind_drw has 0 polygons
2026-08-08 22:30:09 +0200: Memory Usage (459256K) : ind_pin has 0 polygons
2026-08-08 22:30:09 +0200: Memory Usage (459256K) : ind_text has 0 polygons
2026-08-08 22:30:09 +0200: Memory Usage (459256K) : salblock_drw has 0 polygons
2026-08-08 22:30:09 +0200: Memory Usage (459256K) : via2_drw has 2316 polygons
2026-08-08 22:30:09 +0200: Memory Usage (459256K) : metal3_drw has 3647 polygons
2026-08-08 22:30:09 +0200: Memory Usage (459256K) : metal3_pin has 11 polygons
2026-08-08 22:30:09 +0200: Memory Usage (459256K) : metal3_mask has 0 polygons
2026-08-08 22:30:09 +0200: Memory Usage (459256K) : metal3_filler has 0 polygons
2026-08-08 22:30:09 +0200: Memory Usage (459256K) : metal3_nofill has 0 polygons
2026-08-08 22:30:09 +0200: Memory Usage (459256K) : metal3_slit has 0 polygons
2026-08-08 22:30:09 +0200: Memory Usage (459256K) : metal3_text has 11 polygons
2026-08-08 22:30:09 +0200: Memory Usage (459256K) : metal3_opc has 0 polygons
2026-08-08 22:30:09 +0200: Memory Usage (459256K) : metal3_noqrc has 0 polygons
2026-08-08 22:30:09 +0200: Memory Usage (459256K) : metal3_res has 0 polygons
2026-08-08 22:30:09 +0200: Memory Usage (459256K) : metal3_iprobe has 0 polygons
2026-08-08 22:30:09 +0200: Memory Usage (459256K) : metal3_diffprb has 0 polygons
2026-08-08 22:30:09 +0200: Memory Usage (459256K) : nwell_drw has 1682 polygons
2026-08-08 22:30:09 +0200: Memory Usage (459256K) : nwell_pin has 0 polygons
2026-08-08 22:30:09 +0200: Memory Usage (459256K) : nbulay_drw has 0 polygons
2026-08-08 22:30:09 +0200: Memory Usage (459256K) : nbulay_pin has 0 polygons
2026-08-08 22:30:09 +0200: Memory Usage (459256K) : nbulay_block has 0 polygons
2026-08-08 22:30:09 +0200: Memory Usage (459256K) : emwind_drw has 0 polygons
2026-08-08 22:30:09 +0200: Memory Usage (459256K) : emwind_opc has 0 polygons
2026-08-08 22:30:09 +0200: Memory Usage (459256K) : deepco_drw has 0 polygons
2026-08-08 22:30:09 +0200: Memory Usage (459256K) : deepco_drw has 0 polygons
2026-08-08 22:30:10 +0200: Memory Usage (459384K) : mim_drw has 0 polygons
2026-08-08 22:30:10 +0200: Memory Usage (459384K) : edgeseal_drw has 24 polygons
2026-08-08 22:30:10 +0200: Memory Usage (459384K) : edgeseal_bound has 1 polygons
2026-08-08 22:30:10 +0200: Memory Usage (459384K) : substrate_drw has 0 polygons
2026-08-08 22:30:10 +0200: Memory Usage (459384K) : substrate_text has 0 polygons
2026-08-08 22:30:10 +0200: Memory Usage (459384K) : dfpad_drw has 0 polygons
2026-08-08 22:30:10 +0200: Memory Usage (459384K) : dfpad_pillar has 0 polygons
2026-08-08 22:30:10 +0200: Memory Usage (459384K) : dfpad_sbump has 0 polygons
2026-08-08 22:30:10 +0200: Memory Usage (459384K) : thickgateox_drw has 0 polygons
2026-08-08 22:30:10 +0200: Memory Usage (459384K) : pldb_drw has 0 polygons
2026-08-08 22:30:10 +0200: Memory Usage (459384K) : pwell_drw has 0 polygons
2026-08-08 22:30:10 +0200: Memory Usage (459384K) : pwell_pin has 0 polygons
2026-08-08 22:30:10 +0200: Memory Usage (459384K) : pwell_block has 0 polygons
2026-08-08 22:30:10 +0200: Memory Usage (459384K) : ic_drw has 0 polygons
2026-08-08 22:30:10 +0200: Memory Usage (459384K) : via3_drw has 597 polygons
2026-08-08 22:30:10 +0200: Memory Usage (459384K) : metal4_drw has 492 polygons
2026-08-08 22:30:10 +0200: Memory Usage (459384K) : metal4_pin has 0 polygons
2026-08-08 22:30:10 +0200: Memory Usage (459384K) : metal4_mask has 0 polygons
2026-08-08 22:30:10 +0200: Memory Usage (459384K) : metal4_filler has 0 polygons
2026-08-08 22:30:10 +0200: Memory Usage (459384K) : metal4_nofill has 0 polygons
2026-08-08 22:30:10 +0200: Memory Usage (459384K) : metal4_slit has 0 polygons
2026-08-08 22:30:10 +0200: Memory Usage (459384K) : metal4_text has 0 polygons
2026-08-08 22:30:10 +0200: Memory Usage (459384K) : metal4_opc has 0 polygons
2026-08-08 22:30:10 +0200: Memory Usage (459384K) : metal4_noqrc has 0 polygons
2026-08-08 22:30:10 +0200: Memory Usage (459384K) : metal4_res has 0 polygons
2026-08-08 22:30:10 +0200: Memory Usage (459384K) : metal4_iprobe has 0 polygons
2026-08-08 22:30:10 +0200: Memory Usage (459384K) : metal4_diffprb has 0 polygons
2026-08-08 22:30:10 +0200: Memory Usage (459384K) : heattrans_drw has 0 polygons
2026-08-08 22:30:10 +0200: Memory Usage (459384K) : heatres_drw has 0 polygons
2026-08-08 22:30:10 +0200: Memory Usage (459384K) : pempoly_drw has 0 polygons
2026-08-08 22:30:10 +0200: Memory Usage (459384K) : fbe_drw has 0 polygons
2026-08-08 22:30:10 +0200: Memory Usage (459384K) : empoly_drw has 0 polygons
2026-08-08 22:30:10 +0200: Memory Usage (459384K) : ldmos_drw has 0 polygons
2026-08-08 22:30:10 +0200: Memory Usage (459384K) : pbiwind_drw has 0 polygons
2026-08-08 22:30:10 +0200: Memory Usage (459384K) : digisub_drw has 0 polygons
2026-08-08 22:30:10 +0200: Memory Usage (459384K) : nodrc_drw has 0 polygons
2026-08-08 22:30:10 +0200: Memory Usage (459384K) : text_drw has 2 polygons
2026-08-08 22:30:10 +0200: Memory Usage (459384K) : via4_drw has 468 polygons
2026-08-08 22:30:10 +0200: Memory Usage (459384K) : metal5_drw has 311 polygons
2026-08-08 22:30:10 +0200: Memory Usage (459384K) : metal5_pin has 0 polygons
2026-08-08 22:30:11 +0200: Memory Usage (459384K) : metal5_mask has 0 polygons
2026-08-08 22:30:11 +0200: Memory Usage (459384K) : metal5_filler has 0 polygons
2026-08-08 22:30:11 +0200: Memory Usage (459384K) : metal5_nofill has 0 polygons
2026-08-08 22:30:11 +0200: Memory Usage (459384K) : metal5_slit has 0 polygons
2026-08-08 22:30:11 +0200: Memory Usage (459384K) : metal5_text has 0 polygons
2026-08-08 22:30:11 +0200: Memory Usage (459384K) : metal5_opc has 0 polygons
2026-08-08 22:30:11 +0200: Memory Usage (459384K) : metal5_noqrc has 0 polygons
2026-08-08 22:30:11 +0200: Memory Usage (459384K) : metal5_res has 0 polygons
2026-08-08 22:30:11 +0200: Memory Usage (459384K) : metal5_iprobe has 0 polygons
2026-08-08 22:30:11 +0200: Memory Usage (459384K) : metal5_diffprb has 0 polygons
2026-08-08 22:30:11 +0200: Memory Usage (459384K) : radhard_drw has 0 polygons
2026-08-08 22:30:11 +0200: Memory Usage (459384K) : memcap_drw has 0 polygons
2026-08-08 22:30:11 +0200: Memory Usage (459384K) : varicap_drw has 0 polygons
2026-08-08 22:30:11 +0200: Memory Usage (459384K) : flash_drw has 0 polygons
2026-08-08 22:30:11 +0200: Memory Usage (459384K) : intbondvia_drw has 0 polygons
2026-08-08 22:30:11 +0200: Memory Usage (459384K) : intbondmet_drw has 0 polygons
2026-08-08 22:30:11 +0200: Memory Usage (459512K) : devbondvia_drw has 0 polygons
2026-08-08 22:30:11 +0200: Memory Usage (459512K) : devbondmet_drw has 0 polygons
2026-08-08 22:30:11 +0200: Memory Usage (459512K) : devtrench_drw has 0 polygons
2026-08-08 22:30:11 +0200: Memory Usage (459512K) : redist_drw has 0 polygons
2026-08-08 22:30:11 +0200: Memory Usage (459512K) : graphbot_drw has 0 polygons
2026-08-08 22:30:11 +0200: Memory Usage (459512K) : graphtop_drw has 0 polygons
2026-08-08 22:30:11 +0200: Memory Usage (459512K) : antvia1_drw has 0 polygons
2026-08-08 22:30:11 +0200: Memory Usage (459512K) : antmetal2_drw has 0 polygons
2026-08-08 22:30:11 +0200: Memory Usage (459512K) : graphcont_drw has 0 polygons
2026-08-08 22:30:11 +0200: Memory Usage (459512K) : siwg_drw has 0 polygons
2026-08-08 22:30:11 +0200: Memory Usage (459512K) : siwg_filler has 0 polygons
2026-08-08 22:30:11 +0200: Memory Usage (459512K) : siwg_nofill has 0 polygons
2026-08-08 22:30:11 +0200: Memory Usage (459512K) : sigrating_drw has 0 polygons
2026-08-08 22:30:11 +0200: Memory Usage (459512K) : singrating_drw has 0 polygons
2026-08-08 22:30:11 +0200: Memory Usage (459512K) : graphpas_drw has 0 polygons
2026-08-08 22:30:11 +0200: Memory Usage (459512K) : emwind3_drw has 0 polygons
2026-08-08 22:30:11 +0200: Memory Usage (459512K) : emwihv3_drw has 0 polygons
2026-08-08 22:30:11 +0200: Memory Usage (459512K) : redbulay_drw has 0 polygons
2026-08-08 22:30:11 +0200: Memory Usage (459512K) : smos_drw has 0 polygons
2026-08-08 22:30:11 +0200: Memory Usage (459512K) : graphpad_drw has 0 polygons
2026-08-08 22:30:11 +0200: Memory Usage (459512K) : polimide_drw has 0 polygons
2026-08-08 22:30:11 +0200: Memory Usage (459512K) : polimide_pin has 0 polygons
2026-08-08 22:30:11 +0200: Memory Usage (459512K) : recog_drw has 0 polygons
2026-08-08 22:30:11 +0200: Memory Usage (459512K) : recog_pin has 0 polygons
2026-08-08 22:30:11 +0200: Memory Usage (459512K) : recog_esd has 0 polygons
2026-08-08 22:30:11 +0200: Memory Usage (459512K) : recog_diode has 0 polygons
2026-08-08 22:30:11 +0200: Memory Usage (459512K) : recog_tsv has 0 polygons
2026-08-08 22:30:11 +0200: Memory Usage (459512K) : recog_iprobe has 0 polygons
2026-08-08 22:30:11 +0200: Memory Usage (459512K) : recog_diffprb has 0 polygons
2026-08-08 22:30:11 +0200: Memory Usage (459512K) : recog_pillar has 0 polygons
2026-08-08 22:30:11 +0200: Memory Usage (459512K) : recog_sbump has 0 polygons
2026-08-08 22:30:11 +0200: Memory Usage (459512K) : recog_otp has 0 polygons
2026-08-08 22:30:11 +0200: Memory Usage (459512K) : recog_pdiode has 0 polygons
2026-08-08 22:30:11 +0200: Memory Usage (459512K) : recog_mom has 0 polygons
2026-08-08 22:30:11 +0200: Memory Usage (459512K) : recog_pcm has 0 polygons
2026-08-08 22:30:11 +0200: Memory Usage (459512K) : colopen_drw has 0 polygons
2026-08-08 22:30:11 +0200: Memory Usage (459512K) : graphmetal1_drw has 0 polygons
2026-08-08 22:30:11 +0200: Memory Usage (459512K) : graphmetal1_filler has 0 polygons
2026-08-08 22:30:11 +0200: Memory Usage (459512K) : graphmetal1_nofill has 0 polygons
2026-08-08 22:30:11 +0200: Memory Usage (459512K) : graphmetal1_slit has 0 polygons
2026-08-08 22:30:12 +0200: Memory Usage (459512K) : graphmetal1_opc has 0 polygons
2026-08-08 22:30:12 +0200: Memory Usage (459512K) : graphmet1l_drw has 0 polygons
2026-08-08 22:30:12 +0200: Memory Usage (459512K) : graphmet1l_filler has 0 polygons
2026-08-08 22:30:12 +0200: Memory Usage (459512K) : graphmet1l_nofill has 0 polygons
2026-08-08 22:30:12 +0200: Memory Usage (459512K) : graphmet1l_slit has 0 polygons
2026-08-08 22:30:12 +0200: Memory Usage (459512K) : graphmet1l_opc has 0 polygons
2026-08-08 22:30:12 +0200: Memory Usage (459512K) : extblock_drw has 0 polygons
2026-08-08 22:30:12 +0200: Memory Usage (459512K) : nldd_drw has 0 polygons
2026-08-08 22:30:12 +0200: Memory Usage (459512K) : pldd_drw has 0 polygons
2026-08-08 22:30:12 +0200: Memory Usage (459512K) : next_drw has 0 polygons
2026-08-08 22:30:12 +0200: Memory Usage (459512K) : pext_drw has 0 polygons
2026-08-08 22:30:12 +0200: Memory Usage (459512K) : nexthv_drw has 0 polygons
2026-08-08 22:30:12 +0200: Memory Usage (459512K) : pexthv_drw has 0 polygons
2026-08-08 22:30:12 +0200: Memory Usage (459512K) : graphgate_drw has 0 polygons
2026-08-08 22:30:12 +0200: Memory Usage (459512K) : sinwg_drw has 0 polygons
2026-08-08 22:30:12 +0200: Memory Usage (459512K) : sinwg_filler has 0 polygons
2026-08-08 22:30:12 +0200: Memory Usage (459512K) : sinwg_nofill has 0 polygons
2026-08-08 22:30:12 +0200: Memory Usage (459512K) : mempad_drw has 0 polygons
2026-08-08 22:30:12 +0200: Memory Usage (459512K) : topvia1_drw has 200 polygons
2026-08-08 22:30:12 +0200: Memory Usage (459512K) : topmetal1_drw has 118 polygons
2026-08-08 22:30:12 +0200: Memory Usage (459512K) : topmetal1_pin has 4 polygons
2026-08-08 22:30:12 +0200: Memory Usage (459512K) : topmetal1_mask has 0 polygons
2026-08-08 22:30:12 +0200: Memory Usage (459512K) : topmetal1_filler has 0 polygons
2026-08-08 22:30:12 +0200: Memory Usage (459512K) : topmetal1_nofill has 0 polygons
2026-08-08 22:30:12 +0200: Memory Usage (459512K) : topmetal1_slit has 0 polygons
2026-08-08 22:30:12 +0200: Memory Usage (459512K) : topmetal1_text has 2 polygons
2026-08-08 22:30:12 +0200: Memory Usage (459512K) : topmetal1_noqrc has 0 polygons
2026-08-08 22:30:12 +0200: Memory Usage (459512K) : topmetal1_res has 0 polygons
2026-08-08 22:30:12 +0200: Memory Usage (459512K) : topmetal1_iprobe has 0 polygons
2026-08-08 22:30:12 +0200: Memory Usage (459512K) : topmetal1_diffprb has 0 polygons
2026-08-08 22:30:12 +0200: Memory Usage (459512K) : inldpwl_drw has 0 polygons
2026-08-08 22:30:12 +0200: Memory Usage (459512K) : polyres_drw has 0 polygons
2026-08-08 22:30:12 +0200: Memory Usage (459512K) : polyres_pin has 0 polygons
2026-08-08 22:30:12 +0200: Memory Usage (459512K) : vmim_drw has 0 polygons
2026-08-08 22:30:12 +0200: Memory Usage (459512K) : nbulaycut_drw has 0 polygons
2026-08-08 22:30:12 +0200: Memory Usage (459512K) : antmetal1_drw has 0 polygons
2026-08-08 22:30:12 +0200: Memory Usage (459512K) : topvia2_drw has 36 polygons
2026-08-08 22:30:12 +0200: Memory Usage (459512K) : topmetal2_drw has 40 polygons
2026-08-08 22:30:12 +0200: Memory Usage (459512K) : topmetal2_pin has 4 polygons
2026-08-08 22:30:12 +0200: Memory Usage (459512K) : topmetal2_mask has 0 polygons
2026-08-08 22:30:12 +0200: Memory Usage (459512K) : topmetal2_filler has 0 polygons
2026-08-08 22:30:12 +0200: Memory Usage (459512K) : topmetal2_nofill has 0 polygons
2026-08-08 22:30:12 +0200: Memory Usage (459512K) : topmetal2_slit has 0 polygons
2026-08-08 22:30:12 +0200: Memory Usage (459512K) : topmetal2_text has 2 polygons
2026-08-08 22:30:12 +0200: Memory Usage (459512K) : topmetal2_noqrc has 0 polygons
2026-08-08 22:30:12 +0200: Memory Usage (459512K) : topmetal2_res has 0 polygons
2026-08-08 22:30:12 +0200: Memory Usage (459512K) : topmetal2_iprobe has 0 polygons
2026-08-08 22:30:12 +0200: Memory Usage (459512K) : topmetal2_diffprb has 0 polygons
2026-08-08 22:30:12 +0200: Memory Usage (459512K) : snsring_drw has 0 polygons
2026-08-08 22:30:12 +0200: Memory Usage (459512K) : sensor_drw has 0 polygons
2026-08-08 22:30:12 +0200: Memory Usage (459512K) : snsarms_drw has 0 polygons
2026-08-08 22:30:13 +0200: Memory Usage (459512K) : snscmosvia_drw has 0 polygons
2026-08-08 22:30:13 +0200: Memory Usage (459512K) : colwind_drw has 0 polygons
2026-08-08 22:30:13 +0200: Memory Usage (459512K) : flm_drw has 0 polygons
2026-08-08 22:30:13 +0200: Memory Usage (459512K) : hafniumox_drw has 0 polygons
2026-08-08 22:30:13 +0200: Memory Usage (459512K) : memvia_drw has 0 polygons
2026-08-08 22:30:13 +0200: Memory Usage (459512K) : thinfilmres_drw has 0 polygons
2026-08-08 22:30:13 +0200: Memory Usage (459512K) : rfmem_drw has 0 polygons
2026-08-08 22:30:13 +0200: Memory Usage (459512K) : norcx_drw has 0 polygons
2026-08-08 22:30:13 +0200: Memory Usage (459512K) : norcx_m2m3 has 0 polygons
2026-08-08 22:30:13 +0200: Memory Usage (459512K) : norcx_m2m4 has 0 polygons
2026-08-08 22:30:13 +0200: Memory Usage (459512K) : norcx_m2m5 has 0 polygons
2026-08-08 22:30:13 +0200: Memory Usage (459512K) : norcx_m2tm1 has 0 polygons
2026-08-08 22:30:13 +0200: Memory Usage (459512K) : norcx_m2tm2 has 0 polygons
2026-08-08 22:30:13 +0200: Memory Usage (459512K) : norcx_m3m4 has 0 polygons
2026-08-08 22:30:13 +0200: Memory Usage (459512K) : norcx_m3m5 has 0 polygons
2026-08-08 22:30:13 +0200: Memory Usage (459512K) : norcx_m3tm1 has 0 polygons
2026-08-08 22:30:13 +0200: Memory Usage (459512K) : norcx_m3tm2 has 0 polygons
2026-08-08 22:30:13 +0200: Memory Usage (459512K) : norcx_m4m5 has 0 polygons
2026-08-08 22:30:13 +0200: Memory Usage (459512K) : norcx_m4tm1 has 0 polygons
2026-08-08 22:30:13 +0200: Memory Usage (459512K) : norcx_m4tm2 has 0 polygons
2026-08-08 22:30:13 +0200: Memory Usage (459512K) : norcx_m5tm1 has 0 polygons
2026-08-08 22:30:13 +0200: Memory Usage (459512K) : norcx_m5tm2 has 0 polygons
2026-08-08 22:30:13 +0200: Memory Usage (459512K) : norcx_tm1tm2 has 0 polygons
2026-08-08 22:30:13 +0200: Memory Usage (459512K) : norcx_m1sub has 0 polygons
2026-08-08 22:30:13 +0200: Memory Usage (459512K) : norcx_m2sub has 0 polygons
2026-08-08 22:30:13 +0200: Memory Usage (459512K) : norcx_m3sub has 0 polygons
2026-08-08 22:30:13 +0200: Memory Usage (459512K) : norcx_m4sub has 0 polygons
2026-08-08 22:30:13 +0200: Memory Usage (459512K) : norcx_m5sub has 0 polygons
2026-08-08 22:30:13 +0200: Memory Usage (459512K) : norcx_tm1sub has 0 polygons
2026-08-08 22:30:13 +0200: Memory Usage (459512K) : norcx_tm2sub has 0 polygons
2026-08-08 22:30:13 +0200: Memory Usage (459512K) : snsbotvia_drw has 0 polygons
2026-08-08 22:30:13 +0200: Memory Usage (459512K) : snstopvia_drw has 0 polygons
2026-08-08 22:30:13 +0200: Memory Usage (459512K) : deepvia_drw has 0 polygons
2026-08-08 22:30:13 +0200: Memory Usage (459512K) : fgetch_drw has 0 polygons
2026-08-08 22:30:13 +0200: Memory Usage (459512K) : ctrgat_drw has 0 polygons
2026-08-08 22:30:13 +0200: Memory Usage (459512K) : fgimp_drw has 0 polygons
2026-08-08 22:30:13 +0200: Memory Usage (459512K) : emwihv_drw has 0 polygons
2026-08-08 22:30:13 +0200: Memory Usage (459512K) : lbe_drw has 0 polygons
2026-08-08 22:30:13 +0200: Memory Usage (459512K) : alcustop_drw has 0 polygons
2026-08-08 22:30:13 +0200: Memory Usage (459512K) : nometfiller_drw has 0 polygons
2026-08-08 22:30:13 +0200: Memory Usage (459512K) : prboundary_drw has 0 polygons
2026-08-08 22:30:13 +0200: Memory Usage (459512K) : exchange0_drw has 0 polygons
2026-08-08 22:30:13 +0200: Memory Usage (459512K) : exchange0_pin has 0 polygons
2026-08-08 22:30:13 +0200: Memory Usage (459512K) : exchange0_text has 0 polygons
2026-08-08 22:30:13 +0200: Memory Usage (459512K) : exchange1_drw has 0 polygons
2026-08-08 22:30:13 +0200: Memory Usage (459512K) : exchange1_pin has 0 polygons
2026-08-08 22:30:13 +0200: Memory Usage (459512K) : exchange1_text has 0 polygons
2026-08-08 22:30:13 +0200: Memory Usage (459512K) : exchange2_drw has 0 polygons
2026-08-08 22:30:13 +0200: Memory Usage (459512K) : exchange2_pin has 0 polygons
2026-08-08 22:30:13 +0200: Memory Usage (459512K) : exchange2_text has 0 polygons
2026-08-08 22:30:13 +0200: Memory Usage (459512K) : exchange3_drw has 0 polygons
2026-08-08 22:30:13 +0200: Memory Usage (459512K) : exchange3_pin has 0 polygons
2026-08-08 22:30:13 +0200: Memory Usage (459512K) : exchange3_text has 0 polygons
2026-08-08 22:30:13 +0200: Memory Usage (459512K) : exchange4_drw has 0 polygons
2026-08-08 22:30:13 +0200: Memory Usage (459512K) : exchange4_pin has 0 polygons
2026-08-08 22:30:13 +0200: Memory Usage (459512K) : exchange4_text has 0 polygons
2026-08-08 22:30:13 +0200: Memory Usage (459512K) : isonwell_drw has 0 polygons
2026-08-08 22:30:13 +0200: Memory Usage (459512K) : Total no. of polygons in the design is 121051
2026-08-08 22:30:13 +0200: Memory Usage (459640K) : Loaded TECH DRC rules values from /foss/pdks/ihp-sg13g2/libs.tech/klayout/python/sg13g2_pycell_lib/sg13g2_tech_mod.json
2026-08-08 22:30:13 +0200: Memory Usage (459640K) : Loaded default DRC rules values from /foss/pdks/ihp-sg13g2/libs.tech/klayout/tech/drc/rule_decks/sg13g2_tech_default.json
2026-08-08 22:30:13 +0200: Memory Usage (459640K) : The following rules values were missing in tech json and default values were used:
2026-08-08 22:30:13 +0200: Memory Usage (459640K) :   - NW_f1_digibnd
2026-08-08 22:30:13 +0200: Memory Usage (459640K) :   - Cnt_c_digibnd
2026-08-08 22:30:13 +0200: Memory Usage (459640K) :   - Cnt_c_sram
2026-08-08 22:30:13 +0200: Memory Usage (459640K) :   - Sdiod_b
2026-08-08 22:30:13 +0200: Memory Usage (459640K) :   - Sdiod_c
2026-08-08 22:30:13 +0200: Memory Usage (460460K) : Total area of the design is 27848.17 um^2.
2026-08-08 22:30:13 +0200: Memory Usage (460460K) : The design dimensions are 157.78 µm * 176.5 µm.
2026-08-08 22:30:13 +0200: Memory Usage (460460K) : Starting general IHP-SG13G2 derivations.
2026-08-08 22:30:13 +0200: Memory Usage (460460K) : Starting Pwell derivations
2026-08-08 22:30:14 +0200: Memory Usage (463736K) : Starting n-Activ derivations
2026-08-08 22:30:14 +0200: Memory Usage (466720K) : Starting p-Activ derivations
2026-08-08 22:30:15 +0200: Memory Usage (468552K) : Starting ptap derivations
2026-08-08 22:30:15 +0200: Memory Usage (470088K) : Starting ntap derivations
2026-08-08 22:30:16 +0200: Memory Usage (472904K) : Starting pact FET derivations
2026-08-08 22:30:16 +0200: Memory Usage (473160K) : Starting nact FET derivations
2026-08-08 22:30:16 +0200: Memory Usage (474568K) : Starting Gate derivations
2026-08-08 22:30:17 +0200: Memory Usage (476872K) : Starting SVaricap general derivations
2026-08-08 22:30:17 +0200: Memory Usage (477512K) : Starting IHP-SG13G2 DRC connectivity related derivations.
2026-08-08 22:30:17 +0200: Memory Usage (477676K) : Starting IHP-SG13G2 DRC connectivity setup
2026-08-08 22:30:19 +0200: Memory Usage (487720K) : Starting IHP-SG13G2 DRC rules.
2026-08-08 22:30:19 +0200: Memory Usage (487720K) : Starting 5.3 nBuLay table
2026-08-08 22:30:19 +0200: Memory Usage (487720K) : Executing rule NBL.b
2026-08-08 22:30:19 +0200: Memory Usage (488232K) : Executing rule NBL.c
2026-08-08 22:30:20 +0200: Memory Usage (488360K) : Executing rule NBL.d
2026-08-08 22:30:20 +0200: Memory Usage (488360K) : Executing rule NBL.e
2026-08-08 22:30:20 +0200: Memory Usage (488488K) : Executing rule NBL.f
2026-08-08 22:30:20 +0200: Memory Usage (488356K) : KLayout DRC run for tables 'nbulay' completed in 12.49 seconds
