# Logfile created on 2026-08-08 22:28:57 +0200 by logger.rb/v1.5.3
2026-08-08 22:28:57 +0200: Memory Usage (454912K) : Starting running IHP-SG13G2 KLayout DRC runset on /foss/designs/spi-slave-ihp/spi_slave.gds
2026-08-08 22:28:57 +0200: Memory Usage (454912K) : Ruby Version for klayout: 3.2.3
2026-08-08 22:28:57 +0200: Memory Usage (456988K) : Loading database to memory is complete.
2026-08-08 22:28:57 +0200: Memory Usage (456988K) : IHP-SG13G2 KLayout DRC runset output at: /foss/designs/spi-slave-ihp/signoff/drc/spi_slave_spi_slave_cont.lyrdb
2026-08-08 22:28:57 +0200: Memory Usage (456988K) : Evaluate switches.
2026-08-08 22:28:57 +0200: Memory Usage (456988K) : tables selected: cont
2026-08-08 22:28:57 +0200: Memory Usage (456988K) : KLayout will use 8 thread(s) in tiling mode.
2026-08-08 22:28:57 +0200: Memory Usage (456988K) : deep mode is enabled.
2026-08-08 22:28:57 +0200: Memory Usage (456988K) : FEOL enabled: false
2026-08-08 22:28:57 +0200: Memory Usage (456988K) : BEOL enabled: false
2026-08-08 22:28:57 +0200: Memory Usage (456988K) : OFFGRID enabled: true
2026-08-08 22:28:57 +0200: Memory Usage (456988K) : ANGLE enabled: true
2026-08-08 22:28:57 +0200: Memory Usage (456988K) : PIN enabled: false
2026-08-08 22:28:57 +0200: Memory Usage (456988K) : FORBIDDEN enabled: false
2026-08-08 22:28:57 +0200: Memory Usage (456988K) : RECOMMENDED enabled: true
2026-08-08 22:28:57 +0200: Memory Usage (456988K) : PreCheck DRC enabled: false
2026-08-08 22:28:57 +0200: Memory Usage (456988K) : CONNECTIVITY_RULES enabled: false.
2026-08-08 22:28:57 +0200: Memory Usage (456988K) : Read in polygons from layers.
2026-08-08 22:28:57 +0200: Memory Usage (458412K) : activ_drw has 8060 polygons
2026-08-08 22:28:57 +0200: Memory Usage (458412K) : activ_pin has 0 polygons
2026-08-08 22:28:57 +0200: Memory Usage (458412K) : activ_mask has 0 polygons
2026-08-08 22:28:57 +0200: Memory Usage (458412K) : activ_filler has 0 polygons
2026-08-08 22:28:57 +0200: Memory Usage (458412K) : activ_nofill has 0 polygons
2026-08-08 22:28:57 +0200: Memory Usage (458668K) : activ_opc has 0 polygons
2026-08-08 22:28:57 +0200: Memory Usage (458668K) : activ_iopc has 0 polygons
2026-08-08 22:28:57 +0200: Memory Usage (458668K) : activ_noqrc has 0 polygons
2026-08-08 22:28:57 +0200: Memory Usage (458668K) : biwind_drw has 0 polygons
2026-08-08 22:28:57 +0200: Memory Usage (458668K) : biwind_opc has 0 polygons
2026-08-08 22:28:57 +0200: Memory Usage (458668K) : pemwind_drw has 0 polygons
2026-08-08 22:28:57 +0200: Memory Usage (458668K) : gatpoly_drw has 8381 polygons
2026-08-08 22:28:57 +0200: Memory Usage (458668K) : gatpoly_pin has 0 polygons
2026-08-08 22:28:57 +0200: Memory Usage (458668K) : gatpoly_filler has 0 polygons
2026-08-08 22:28:57 +0200: Memory Usage (458668K) : gatpoly_nofill has 0 polygons
2026-08-08 22:28:57 +0200: Memory Usage (458668K) : gatpoly_opc has 0 polygons
2026-08-08 22:28:57 +0200: Memory Usage (458668K) : gatpoly_iopc has 0 polygons
2026-08-08 22:28:57 +0200: Memory Usage (458668K) : gatpoly_noqrc has 0 polygons
2026-08-08 22:28:57 +0200: Memory Usage (458668K) : cont_drw has 54323 polygons
2026-08-08 22:28:57 +0200: Memory Usage (458668K) : cont_opc has 0 polygons
2026-08-08 22:28:57 +0200: Memory Usage (458668K) : nsd_drw has 0 polygons
2026-08-08 22:28:57 +0200: Memory Usage (458668K) : nsd_block has 0 polygons
2026-08-08 22:28:57 +0200: Memory Usage (458852K) : metal1_drw has 15572 polygons
2026-08-08 22:28:57 +0200: Memory Usage (458852K) : metal1_pin has 5570 polygons
2026-08-08 22:28:57 +0200: Memory Usage (458852K) : metal1_mask has 0 polygons
2026-08-08 22:28:57 +0200: Memory Usage (458852K) : metal1_filler has 0 polygons
2026-08-08 22:28:57 +0200: Memory Usage (458852K) : metal1_nofill has 0 polygons
2026-08-08 22:28:57 +0200: Memory Usage (458852K) : metal1_slit has 0 polygons
2026-08-08 22:28:57 +0200: Memory Usage (459036K) : metal1_text has 5488 polygons
2026-08-08 22:28:57 +0200: Memory Usage (459036K) : metal1_opc has 0 polygons
2026-08-08 22:28:57 +0200: Memory Usage (459036K) : metal1_noqrc has 0 polygons
2026-08-08 22:28:57 +0200: Memory Usage (459164K) : metal1_res has 0 polygons
2026-08-08 22:28:57 +0200: Memory Usage (459164K) : metal1_iprobe has 0 polygons
2026-08-08 22:28:58 +0200: Memory Usage (459164K) : metal1_diffprb has 0 polygons
2026-08-08 22:28:58 +0200: Memory Usage (459292K) : passiv_drw has 12 polygons
2026-08-08 22:28:58 +0200: Memory Usage (459292K) : passiv_pin has 0 polygons
2026-08-08 22:28:58 +0200: Memory Usage (459292K) : passiv_sbump has 0 polygons
2026-08-08 22:28:58 +0200: Memory Usage (459420K) : passiv_pillar has 0 polygons
2026-08-08 22:28:58 +0200: Memory Usage (459420K) : passiv_pdl has 0 polygons
2026-08-08 22:28:58 +0200: Memory Usage (459420K) : metal2_drw has 7662 polygons
2026-08-08 22:28:58 +0200: Memory Usage (459548K) : metal2_pin has 19 polygons
2026-08-08 22:28:58 +0200: Memory Usage (459548K) : metal2_mask has 0 polygons
2026-08-08 22:28:58 +0200: Memory Usage (459676K) : metal2_filler has 0 polygons
2026-08-08 22:28:58 +0200: Memory Usage (459676K) : metal2_nofill has 0 polygons
2026-08-08 22:28:58 +0200: Memory Usage (459676K) : metal2_slit has 0 polygons
2026-08-08 22:28:58 +0200: Memory Usage (459676K) : metal2_text has 19 polygons
2026-08-08 22:28:58 +0200: Memory Usage (459804K) : metal2_opc has 0 polygons
2026-08-08 22:28:58 +0200: Memory Usage (459804K) : metal2_noqrc has 0 polygons
2026-08-08 22:28:58 +0200: Memory Usage (459804K) : metal2_res has 0 polygons
2026-08-08 22:28:58 +0200: Memory Usage (459932K) : metal2_iprobe has 0 polygons
2026-08-08 22:28:58 +0200: Memory Usage (459932K) : metal2_diffprb has 0 polygons
2026-08-08 22:28:58 +0200: Memory Usage (459932K) : baspoly_drw has 0 polygons
2026-08-08 22:28:58 +0200: Memory Usage (460060K) : baspoly_pin has 0 polygons
2026-08-08 22:28:58 +0200: Memory Usage (460060K) : psd_drw has 3408 polygons
2026-08-08 22:28:58 +0200: Memory Usage (460060K) : nldb_drw has 0 polygons
2026-08-08 22:28:58 +0200: Memory Usage (460060K) : digibnd_drw has 0 polygons
2026-08-08 22:28:58 +0200: Memory Usage (460188K) : via1_drw has 2569 polygons
2026-08-08 22:28:58 +0200: Memory Usage (460188K) : backmetal1_drw has 0 polygons
2026-08-08 22:28:58 +0200: Memory Usage (460188K) : backmetal1_pin has 0 polygons
2026-08-08 22:28:58 +0200: Memory Usage (460316K) : backmetal1_mask has 0 polygons
2026-08-08 22:28:58 +0200: Memory Usage (460316K) : backmetal1_filler has 0 polygons
2026-08-08 22:28:58 +0200: Memory Usage (460316K) : backmetal1_nofill has 0 polygons
2026-08-08 22:28:58 +0200: Memory Usage (460316K) : backmetal1_slit has 0 polygons
2026-08-08 22:28:58 +0200: Memory Usage (460316K) : backmetal1_text has 0 polygons
2026-08-08 22:28:58 +0200: Memory Usage (460316K) : backmetal1_opc has 0 polygons
2026-08-08 22:28:58 +0200: Memory Usage (460316K) : backmetal1_noqrc has 0 polygons
2026-08-08 22:28:58 +0200: Memory Usage (460316K) : backmetal1_res has 0 polygons
2026-08-08 22:28:58 +0200: Memory Usage (460316K) : backmetal1_iprobe has 0 polygons
2026-08-08 22:28:58 +0200: Memory Usage (460316K) : backmetal1_diffprb has 0 polygons
2026-08-08 22:28:58 +0200: Memory Usage (460316K) : backpassiv_drw has 0 polygons
2026-08-08 22:28:58 +0200: Memory Usage (460316K) : res_drw has 0 polygons
2026-08-08 22:28:58 +0200: Memory Usage (460316K) : sram_drw has 0 polygons
2026-08-08 22:28:58 +0200: Memory Usage (460316K) : trans_drw has 0 polygons
2026-08-08 22:28:58 +0200: Memory Usage (460316K) : ind_drw has 0 polygons
2026-08-08 22:28:58 +0200: Memory Usage (460316K) : ind_pin has 0 polygons
2026-08-08 22:28:58 +0200: Memory Usage (460316K) : ind_text has 0 polygons
2026-08-08 22:28:58 +0200: Memory Usage (460316K) : salblock_drw has 0 polygons
2026-08-08 22:28:58 +0200: Memory Usage (460316K) : via2_drw has 2316 polygons
2026-08-08 22:28:58 +0200: Memory Usage (460316K) : metal3_drw has 3647 polygons
2026-08-08 22:28:58 +0200: Memory Usage (460316K) : metal3_pin has 11 polygons
2026-08-08 22:28:58 +0200: Memory Usage (460316K) : metal3_mask has 0 polygons
2026-08-08 22:28:58 +0200: Memory Usage (460316K) : metal3_filler has 0 polygons
2026-08-08 22:28:58 +0200: Memory Usage (460316K) : metal3_nofill has 0 polygons
2026-08-08 22:28:58 +0200: Memory Usage (460316K) : metal3_slit has 0 polygons
2026-08-08 22:28:58 +0200: Memory Usage (460316K) : metal3_text has 11 polygons
2026-08-08 22:28:58 +0200: Memory Usage (460316K) : metal3_opc has 0 polygons
2026-08-08 22:28:58 +0200: Memory Usage (460316K) : metal3_noqrc has 0 polygons
2026-08-08 22:28:58 +0200: Memory Usage (460316K) : metal3_res has 0 polygons
2026-08-08 22:28:58 +0200: Memory Usage (460316K) : metal3_iprobe has 0 polygons
2026-08-08 22:28:58 +0200: Memory Usage (460316K) : metal3_diffprb has 0 polygons
2026-08-08 22:28:58 +0200: Memory Usage (460316K) : nwell_drw has 1682 polygons
2026-08-08 22:28:58 +0200: Memory Usage (460316K) : nwell_pin has 0 polygons
2026-08-08 22:28:58 +0200: Memory Usage (460316K) : nbulay_drw has 0 polygons
2026-08-08 22:28:58 +0200: Memory Usage (460316K) : nbulay_pin has 0 polygons
2026-08-08 22:28:58 +0200: Memory Usage (460316K) : nbulay_block has 0 polygons
2026-08-08 22:28:58 +0200: Memory Usage (460316K) : emwind_drw has 0 polygons
2026-08-08 22:28:58 +0200: Memory Usage (460316K) : emwind_opc has 0 polygons
2026-08-08 22:28:58 +0200: Memory Usage (460316K) : deepco_drw has 0 polygons
2026-08-08 22:28:58 +0200: Memory Usage (460316K) : deepco_drw has 0 polygons
2026-08-08 22:28:58 +0200: Memory Usage (460316K) : mim_drw has 0 polygons
2026-08-08 22:28:58 +0200: Memory Usage (460316K) : edgeseal_drw has 24 polygons
2026-08-08 22:28:58 +0200: Memory Usage (460316K) : edgeseal_bound has 1 polygons
2026-08-08 22:28:58 +0200: Memory Usage (460316K) : substrate_drw has 0 polygons
2026-08-08 22:28:58 +0200: Memory Usage (460316K) : substrate_text has 0 polygons
2026-08-08 22:28:58 +0200: Memory Usage (460316K) : dfpad_drw has 0 polygons
2026-08-08 22:28:58 +0200: Memory Usage (460316K) : dfpad_pillar has 0 polygons
2026-08-08 22:28:58 +0200: Memory Usage (460316K) : dfpad_sbump has 0 polygons
2026-08-08 22:28:58 +0200: Memory Usage (460316K) : thickgateox_drw has 0 polygons
2026-08-08 22:28:58 +0200: Memory Usage (460316K) : pldb_drw has 0 polygons
2026-08-08 22:28:58 +0200: Memory Usage (460316K) : pwell_drw has 0 polygons
2026-08-08 22:28:58 +0200: Memory Usage (460316K) : pwell_pin has 0 polygons
2026-08-08 22:28:58 +0200: Memory Usage (460316K) : pwell_block has 0 polygons
2026-08-08 22:28:59 +0200: Memory Usage (460316K) : ic_drw has 0 polygons
2026-08-08 22:28:59 +0200: Memory Usage (460316K) : via3_drw has 597 polygons
2026-08-08 22:28:59 +0200: Memory Usage (460316K) : metal4_drw has 492 polygons
2026-08-08 22:28:59 +0200: Memory Usage (460316K) : metal4_pin has 0 polygons
2026-08-08 22:28:59 +0200: Memory Usage (460316K) : metal4_mask has 0 polygons
2026-08-08 22:28:59 +0200: Memory Usage (460316K) : metal4_filler has 0 polygons
2026-08-08 22:28:59 +0200: Memory Usage (460316K) : metal4_nofill has 0 polygons
2026-08-08 22:28:59 +0200: Memory Usage (460316K) : metal4_slit has 0 polygons
2026-08-08 22:28:59 +0200: Memory Usage (460316K) : metal4_text has 0 polygons
2026-08-08 22:28:59 +0200: Memory Usage (460316K) : metal4_opc has 0 polygons
2026-08-08 22:28:59 +0200: Memory Usage (460316K) : metal4_noqrc has 0 polygons
2026-08-08 22:28:59 +0200: Memory Usage (460316K) : metal4_res has 0 polygons
2026-08-08 22:28:59 +0200: Memory Usage (460316K) : metal4_iprobe has 0 polygons
2026-08-08 22:28:59 +0200: Memory Usage (460316K) : metal4_diffprb has 0 polygons
2026-08-08 22:28:59 +0200: Memory Usage (460316K) : heattrans_drw has 0 polygons
2026-08-08 22:28:59 +0200: Memory Usage (460316K) : heatres_drw has 0 polygons
2026-08-08 22:28:59 +0200: Memory Usage (460316K) : pempoly_drw has 0 polygons
2026-08-08 22:28:59 +0200: Memory Usage (460316K) : fbe_drw has 0 polygons
2026-08-08 22:28:59 +0200: Memory Usage (460316K) : empoly_drw has 0 polygons
2026-08-08 22:28:59 +0200: Memory Usage (460316K) : ldmos_drw has 0 polygons
2026-08-08 22:28:59 +0200: Memory Usage (460316K) : pbiwind_drw has 0 polygons
2026-08-08 22:28:59 +0200: Memory Usage (460316K) : digisub_drw has 0 polygons
2026-08-08 22:28:59 +0200: Memory Usage (460316K) : nodrc_drw has 0 polygons
2026-08-08 22:28:59 +0200: Memory Usage (460316K) : text_drw has 2 polygons
2026-08-08 22:28:59 +0200: Memory Usage (460316K) : via4_drw has 468 polygons
2026-08-08 22:28:59 +0200: Memory Usage (460316K) : metal5_drw has 311 polygons
2026-08-08 22:28:59 +0200: Memory Usage (460316K) : metal5_pin has 0 polygons
2026-08-08 22:28:59 +0200: Memory Usage (460316K) : metal5_mask has 0 polygons
2026-08-08 22:28:59 +0200: Memory Usage (460316K) : metal5_filler has 0 polygons
2026-08-08 22:28:59 +0200: Memory Usage (460316K) : metal5_nofill has 0 polygons
2026-08-08 22:28:59 +0200: Memory Usage (460316K) : metal5_slit has 0 polygons
2026-08-08 22:28:59 +0200: Memory Usage (460316K) : metal5_text has 0 polygons
2026-08-08 22:28:59 +0200: Memory Usage (460316K) : metal5_opc has 0 polygons
2026-08-08 22:28:59 +0200: Memory Usage (460316K) : metal5_noqrc has 0 polygons
2026-08-08 22:28:59 +0200: Memory Usage (460316K) : metal5_res has 0 polygons
2026-08-08 22:28:59 +0200: Memory Usage (460316K) : metal5_iprobe has 0 polygons
2026-08-08 22:28:59 +0200: Memory Usage (460316K) : metal5_diffprb has 0 polygons
2026-08-08 22:28:59 +0200: Memory Usage (460316K) : radhard_drw has 0 polygons
2026-08-08 22:28:59 +0200: Memory Usage (460316K) : memcap_drw has 0 polygons
2026-08-08 22:28:59 +0200: Memory Usage (460316K) : varicap_drw has 0 polygons
2026-08-08 22:28:59 +0200: Memory Usage (460316K) : flash_drw has 0 polygons
2026-08-08 22:28:59 +0200: Memory Usage (460316K) : intbondvia_drw has 0 polygons
2026-08-08 22:28:59 +0200: Memory Usage (460316K) : intbondmet_drw has 0 polygons
2026-08-08 22:28:59 +0200: Memory Usage (460316K) : devbondvia_drw has 0 polygons
2026-08-08 22:28:59 +0200: Memory Usage (460316K) : devbondmet_drw has 0 polygons
2026-08-08 22:28:59 +0200: Memory Usage (460316K) : devtrench_drw has 0 polygons
2026-08-08 22:28:59 +0200: Memory Usage (460316K) : redist_drw has 0 polygons
2026-08-08 22:28:59 +0200: Memory Usage (460316K) : graphbot_drw has 0 polygons
2026-08-08 22:28:59 +0200: Memory Usage (460316K) : graphtop_drw has 0 polygons
2026-08-08 22:29:00 +0200: Memory Usage (460316K) : antvia1_drw has 0 polygons
2026-08-08 22:29:00 +0200: Memory Usage (460316K) : antmetal2_drw has 0 polygons
2026-08-08 22:29:00 +0200: Memory Usage (460316K) : graphcont_drw has 0 polygons
2026-08-08 22:29:00 +0200: Memory Usage (460316K) : siwg_drw has 0 polygons
2026-08-08 22:29:00 +0200: Memory Usage (460316K) : siwg_filler has 0 polygons
2026-08-08 22:29:00 +0200: Memory Usage (460316K) : siwg_nofill has 0 polygons
2026-08-08 22:29:00 +0200: Memory Usage (460316K) : sigrating_drw has 0 polygons
2026-08-08 22:29:00 +0200: Memory Usage (460316K) : singrating_drw has 0 polygons
2026-08-08 22:29:00 +0200: Memory Usage (460316K) : graphpas_drw has 0 polygons
2026-08-08 22:29:00 +0200: Memory Usage (460316K) : emwind3_drw has 0 polygons
2026-08-08 22:29:00 +0200: Memory Usage (460316K) : emwihv3_drw has 0 polygons
2026-08-08 22:29:00 +0200: Memory Usage (460316K) : redbulay_drw has 0 polygons
2026-08-08 22:29:00 +0200: Memory Usage (460316K) : smos_drw has 0 polygons
2026-08-08 22:29:00 +0200: Memory Usage (460316K) : graphpad_drw has 0 polygons
2026-08-08 22:29:00 +0200: Memory Usage (460316K) : polimide_drw has 0 polygons
2026-08-08 22:29:00 +0200: Memory Usage (460316K) : polimide_pin has 0 polygons
2026-08-08 22:29:00 +0200: Memory Usage (460316K) : recog_drw has 0 polygons
2026-08-08 22:29:00 +0200: Memory Usage (460316K) : recog_pin has 0 polygons
2026-08-08 22:29:00 +0200: Memory Usage (460316K) : recog_esd has 0 polygons
2026-08-08 22:29:00 +0200: Memory Usage (460316K) : recog_diode has 0 polygons
2026-08-08 22:29:00 +0200: Memory Usage (460316K) : recog_tsv has 0 polygons
2026-08-08 22:29:00 +0200: Memory Usage (460316K) : recog_iprobe has 0 polygons
2026-08-08 22:29:00 +0200: Memory Usage (460316K) : recog_diffprb has 0 polygons
2026-08-08 22:29:00 +0200: Memory Usage (460316K) : recog_pillar has 0 polygons
2026-08-08 22:29:00 +0200: Memory Usage (460316K) : recog_sbump has 0 polygons
2026-08-08 22:29:00 +0200: Memory Usage (460316K) : recog_otp has 0 polygons
2026-08-08 22:29:00 +0200: Memory Usage (460316K) : recog_pdiode has 0 polygons
2026-08-08 22:29:00 +0200: Memory Usage (460316K) : recog_mom has 0 polygons
2026-08-08 22:29:00 +0200: Memory Usage (460316K) : recog_pcm has 0 polygons
2026-08-08 22:29:00 +0200: Memory Usage (460316K) : colopen_drw has 0 polygons
2026-08-08 22:29:00 +0200: Memory Usage (460316K) : graphmetal1_drw has 0 polygons
2026-08-08 22:29:00 +0200: Memory Usage (460316K) : graphmetal1_filler has 0 polygons
2026-08-08 22:29:00 +0200: Memory Usage (460316K) : graphmetal1_nofill has 0 polygons
2026-08-08 22:29:00 +0200: Memory Usage (460316K) : graphmetal1_slit has 0 polygons
2026-08-08 22:29:00 +0200: Memory Usage (460316K) : graphmetal1_opc has 0 polygons
2026-08-08 22:29:00 +0200: Memory Usage (460316K) : graphmet1l_drw has 0 polygons
2026-08-08 22:29:00 +0200: Memory Usage (460316K) : graphmet1l_filler has 0 polygons
2026-08-08 22:29:00 +0200: Memory Usage (460316K) : graphmet1l_nofill has 0 polygons
2026-08-08 22:29:00 +0200: Memory Usage (460316K) : graphmet1l_slit has 0 polygons
2026-08-08 22:29:00 +0200: Memory Usage (460316K) : graphmet1l_opc has 0 polygons
2026-08-08 22:29:00 +0200: Memory Usage (460316K) : extblock_drw has 0 polygons
2026-08-08 22:29:00 +0200: Memory Usage (460316K) : nldd_drw has 0 polygons
2026-08-08 22:29:00 +0200: Memory Usage (460316K) : pldd_drw has 0 polygons
2026-08-08 22:29:00 +0200: Memory Usage (460316K) : next_drw has 0 polygons
2026-08-08 22:29:00 +0200: Memory Usage (460316K) : pext_drw has 0 polygons
2026-08-08 22:29:00 +0200: Memory Usage (460316K) : nexthv_drw has 0 polygons
2026-08-08 22:29:00 +0200: Memory Usage (460316K) : pexthv_drw has 0 polygons
2026-08-08 22:29:00 +0200: Memory Usage (460316K) : graphgate_drw has 0 polygons
2026-08-08 22:29:00 +0200: Memory Usage (460316K) : sinwg_drw has 0 polygons
2026-08-08 22:29:00 +0200: Memory Usage (460316K) : sinwg_filler has 0 polygons
2026-08-08 22:29:00 +0200: Memory Usage (460316K) : sinwg_nofill has 0 polygons
2026-08-08 22:29:00 +0200: Memory Usage (460316K) : mempad_drw has 0 polygons
2026-08-08 22:29:00 +0200: Memory Usage (460316K) : topvia1_drw has 200 polygons
2026-08-08 22:29:00 +0200: Memory Usage (460316K) : topmetal1_drw has 118 polygons
2026-08-08 22:29:00 +0200: Memory Usage (460444K) : topmetal1_pin has 4 polygons
2026-08-08 22:29:00 +0200: Memory Usage (460444K) : topmetal1_mask has 0 polygons
2026-08-08 22:29:00 +0200: Memory Usage (460444K) : topmetal1_filler has 0 polygons
2026-08-08 22:29:00 +0200: Memory Usage (460572K) : topmetal1_nofill has 0 polygons
2026-08-08 22:29:00 +0200: Memory Usage (460572K) : topmetal1_slit has 0 polygons
2026-08-08 22:29:00 +0200: Memory Usage (460572K) : topmetal1_text has 2 polygons
2026-08-08 22:29:00 +0200: Memory Usage (460572K) : topmetal1_noqrc has 0 polygons
2026-08-08 22:29:00 +0200: Memory Usage (460572K) : topmetal1_res has 0 polygons
2026-08-08 22:29:00 +0200: Memory Usage (460572K) : topmetal1_iprobe has 0 polygons
2026-08-08 22:29:00 +0200: Memory Usage (460572K) : topmetal1_diffprb has 0 polygons
2026-08-08 22:29:00 +0200: Memory Usage (460572K) : inldpwl_drw has 0 polygons
2026-08-08 22:29:00 +0200: Memory Usage (460572K) : polyres_drw has 0 polygons
2026-08-08 22:29:00 +0200: Memory Usage (460572K) : polyres_pin has 0 polygons
2026-08-08 22:29:00 +0200: Memory Usage (460572K) : vmim_drw has 0 polygons
2026-08-08 22:29:00 +0200: Memory Usage (460572K) : nbulaycut_drw has 0 polygons
2026-08-08 22:29:00 +0200: Memory Usage (460572K) : antmetal1_drw has 0 polygons
2026-08-08 22:29:00 +0200: Memory Usage (460572K) : topvia2_drw has 36 polygons
2026-08-08 22:29:00 +0200: Memory Usage (460572K) : topmetal2_drw has 40 polygons
2026-08-08 22:29:00 +0200: Memory Usage (460572K) : topmetal2_pin has 4 polygons
2026-08-08 22:29:00 +0200: Memory Usage (460572K) : topmetal2_mask has 0 polygons
2026-08-08 22:29:00 +0200: Memory Usage (460572K) : topmetal2_filler has 0 polygons
2026-08-08 22:29:00 +0200: Memory Usage (460572K) : topmetal2_nofill has 0 polygons
2026-08-08 22:29:00 +0200: Memory Usage (460572K) : topmetal2_slit has 0 polygons
2026-08-08 22:29:00 +0200: Memory Usage (460572K) : topmetal2_text has 2 polygons
2026-08-08 22:29:00 +0200: Memory Usage (460572K) : topmetal2_noqrc has 0 polygons
2026-08-08 22:29:00 +0200: Memory Usage (460572K) : topmetal2_res has 0 polygons
2026-08-08 22:29:00 +0200: Memory Usage (460572K) : topmetal2_iprobe has 0 polygons
2026-08-08 22:29:00 +0200: Memory Usage (460572K) : topmetal2_diffprb has 0 polygons
2026-08-08 22:29:00 +0200: Memory Usage (460572K) : snsring_drw has 0 polygons
2026-08-08 22:29:01 +0200: Memory Usage (460572K) : sensor_drw has 0 polygons
2026-08-08 22:29:01 +0200: Memory Usage (460572K) : snsarms_drw has 0 polygons
2026-08-08 22:29:01 +0200: Memory Usage (460572K) : snscmosvia_drw has 0 polygons
2026-08-08 22:29:01 +0200: Memory Usage (460572K) : colwind_drw has 0 polygons
2026-08-08 22:29:01 +0200: Memory Usage (460572K) : flm_drw has 0 polygons
2026-08-08 22:29:01 +0200: Memory Usage (460572K) : hafniumox_drw has 0 polygons
2026-08-08 22:29:01 +0200: Memory Usage (460572K) : memvia_drw has 0 polygons
2026-08-08 22:29:01 +0200: Memory Usage (460572K) : thinfilmres_drw has 0 polygons
2026-08-08 22:29:01 +0200: Memory Usage (460572K) : rfmem_drw has 0 polygons
2026-08-08 22:29:01 +0200: Memory Usage (460572K) : norcx_drw has 0 polygons
2026-08-08 22:29:01 +0200: Memory Usage (460572K) : norcx_m2m3 has 0 polygons
2026-08-08 22:29:01 +0200: Memory Usage (460572K) : norcx_m2m4 has 0 polygons
2026-08-08 22:29:01 +0200: Memory Usage (460572K) : norcx_m2m5 has 0 polygons
2026-08-08 22:29:01 +0200: Memory Usage (460572K) : norcx_m2tm1 has 0 polygons
2026-08-08 22:29:01 +0200: Memory Usage (460572K) : norcx_m2tm2 has 0 polygons
2026-08-08 22:29:01 +0200: Memory Usage (460572K) : norcx_m3m4 has 0 polygons
2026-08-08 22:29:01 +0200: Memory Usage (460572K) : norcx_m3m5 has 0 polygons
2026-08-08 22:29:01 +0200: Memory Usage (460572K) : norcx_m3tm1 has 0 polygons
2026-08-08 22:29:01 +0200: Memory Usage (460572K) : norcx_m3tm2 has 0 polygons
2026-08-08 22:29:01 +0200: Memory Usage (460572K) : norcx_m4m5 has 0 polygons
2026-08-08 22:29:01 +0200: Memory Usage (460572K) : norcx_m4tm1 has 0 polygons
2026-08-08 22:29:01 +0200: Memory Usage (460572K) : norcx_m4tm2 has 0 polygons
2026-08-08 22:29:01 +0200: Memory Usage (460572K) : norcx_m5tm1 has 0 polygons
2026-08-08 22:29:01 +0200: Memory Usage (460572K) : norcx_m5tm2 has 0 polygons
2026-08-08 22:29:01 +0200: Memory Usage (460572K) : norcx_tm1tm2 has 0 polygons
2026-08-08 22:29:01 +0200: Memory Usage (460572K) : norcx_m1sub has 0 polygons
2026-08-08 22:29:01 +0200: Memory Usage (460572K) : norcx_m2sub has 0 polygons
2026-08-08 22:29:01 +0200: Memory Usage (460572K) : norcx_m3sub has 0 polygons
2026-08-08 22:29:01 +0200: Memory Usage (460572K) : norcx_m4sub has 0 polygons
2026-08-08 22:29:01 +0200: Memory Usage (460572K) : norcx_m5sub has 0 polygons
2026-08-08 22:29:01 +0200: Memory Usage (460572K) : norcx_tm1sub has 0 polygons
2026-08-08 22:29:01 +0200: Memory Usage (460572K) : norcx_tm2sub has 0 polygons
2026-08-08 22:29:01 +0200: Memory Usage (460572K) : snsbotvia_drw has 0 polygons
2026-08-08 22:29:01 +0200: Memory Usage (460572K) : snstopvia_drw has 0 polygons
2026-08-08 22:29:01 +0200: Memory Usage (460572K) : deepvia_drw has 0 polygons
2026-08-08 22:29:01 +0200: Memory Usage (460572K) : fgetch_drw has 0 polygons
2026-08-08 22:29:01 +0200: Memory Usage (460572K) : ctrgat_drw has 0 polygons
2026-08-08 22:29:01 +0200: Memory Usage (460572K) : fgimp_drw has 0 polygons
2026-08-08 22:29:01 +0200: Memory Usage (460572K) : emwihv_drw has 0 polygons
2026-08-08 22:29:01 +0200: Memory Usage (460572K) : lbe_drw has 0 polygons
2026-08-08 22:29:01 +0200: Memory Usage (460572K) : alcustop_drw has 0 polygons
2026-08-08 22:29:01 +0200: Memory Usage (460572K) : nometfiller_drw has 0 polygons
2026-08-08 22:29:01 +0200: Memory Usage (460572K) : prboundary_drw has 0 polygons
2026-08-08 22:29:01 +0200: Memory Usage (460572K) : exchange0_drw has 0 polygons
2026-08-08 22:29:01 +0200: Memory Usage (460572K) : exchange0_pin has 0 polygons
2026-08-08 22:29:01 +0200: Memory Usage (460572K) : exchange0_text has 0 polygons
2026-08-08 22:29:01 +0200: Memory Usage (460572K) : exchange1_drw has 0 polygons
2026-08-08 22:29:02 +0200: Memory Usage (460572K) : exchange1_pin has 0 polygons
2026-08-08 22:29:02 +0200: Memory Usage (460572K) : exchange1_text has 0 polygons
2026-08-08 22:29:02 +0200: Memory Usage (460572K) : exchange2_drw has 0 polygons
2026-08-08 22:29:02 +0200: Memory Usage (460572K) : exchange2_pin has 0 polygons
2026-08-08 22:29:02 +0200: Memory Usage (460572K) : exchange2_text has 0 polygons
2026-08-08 22:29:02 +0200: Memory Usage (460572K) : exchange3_drw has 0 polygons
2026-08-08 22:29:02 +0200: Memory Usage (460572K) : exchange3_pin has 0 polygons
2026-08-08 22:29:02 +0200: Memory Usage (460572K) : exchange3_text has 0 polygons
2026-08-08 22:29:02 +0200: Memory Usage (460572K) : exchange4_drw has 0 polygons
2026-08-08 22:29:02 +0200: Memory Usage (460572K) : exchange4_pin has 0 polygons
2026-08-08 22:29:02 +0200: Memory Usage (460572K) : exchange4_text has 0 polygons
2026-08-08 22:29:02 +0200: Memory Usage (460572K) : isonwell_drw has 0 polygons
2026-08-08 22:29:02 +0200: Memory Usage (460572K) : Total no. of polygons in the design is 121051
2026-08-08 22:29:02 +0200: Memory Usage (460572K) : Loaded TECH DRC rules values from /foss/pdks/ihp-sg13g2/libs.tech/klayout/python/sg13g2_pycell_lib/sg13g2_tech_mod.json
2026-08-08 22:29:02 +0200: Memory Usage (460572K) : Loaded default DRC rules values from /foss/pdks/ihp-sg13g2/libs.tech/klayout/tech/drc/rule_decks/sg13g2_tech_default.json
2026-08-08 22:29:02 +0200: Memory Usage (460572K) : The following rules values were missing in tech json and default values were used:
2026-08-08 22:29:02 +0200: Memory Usage (460572K) :   - NW_f1_digibnd
2026-08-08 22:29:02 +0200: Memory Usage (460572K) :   - Cnt_c_digibnd
2026-08-08 22:29:02 +0200: Memory Usage (460572K) :   - Cnt_c_sram
2026-08-08 22:29:02 +0200: Memory Usage (460572K) :   - Sdiod_b
2026-08-08 22:29:02 +0200: Memory Usage (460572K) :   - Sdiod_c
2026-08-08 22:29:02 +0200: Memory Usage (461468K) : Total area of the design is 27848.17 um^2.
2026-08-08 22:29:02 +0200: Memory Usage (461468K) : The design dimensions are 157.78 µm * 176.5 µm.
2026-08-08 22:29:02 +0200: Memory Usage (461468K) : Starting general IHP-SG13G2 derivations.
2026-08-08 22:29:02 +0200: Memory Usage (461468K) : Starting Pwell derivations
2026-08-08 22:29:02 +0200: Memory Usage (465136K) : Starting n-Activ derivations
2026-08-08 22:29:03 +0200: Memory Usage (468028K) : Starting p-Activ derivations
2026-08-08 22:29:03 +0200: Memory Usage (469692K) : Starting nact FET derivations
2026-08-08 22:29:03 +0200: Memory Usage (471228K) : Starting cont/contbar general derivations
2026-08-08 22:29:05 +0200: Memory Usage (496168K) : Starting SVaricap general derivations
2026-08-08 22:29:06 +0200: Memory Usage (496680K) : Starting IHP-SG13G2 DRC rules.
2026-08-08 22:29:06 +0200: Memory Usage (496680K) : Starting 5.14. Cont table
2026-08-08 22:29:06 +0200: Memory Usage (496680K) : Executing rule Cnt.a
2026-08-08 22:29:07 +0200: Memory Usage (485388K) : Executing rule Cnt.b
2026-08-08 22:29:08 +0200: Memory Usage (494052K) : Executing rule Cnt.c
2026-08-08 22:29:11 +0200: Memory Usage (500656K) : Executing rule Cnt.c.digibnd
2026-08-08 22:29:11 +0200: Memory Usage (500656K) : Executing rule Cnt.c.SRAM
2026-08-08 22:29:11 +0200: Memory Usage (500656K) : Executing rule Cnt.d
2026-08-08 22:29:12 +0200: Memory Usage (500784K) : Executing rule Cnt.e
2026-08-08 22:29:13 +0200: Memory Usage (511424K) : Executing rule Cnt.g1
2026-08-08 22:29:14 +0200: Memory Usage (523840K) : Executing rule Cnt.g2
2026-08-08 22:29:17 +0200: Memory Usage (541376K) : KLayout DRC run for tables 'cont' completed in 20.18 seconds
