# Logfile created on 2026-08-08 22:29:11 +0200 by logger.rb/v1.5.3
2026-08-08 22:29:11 +0200: Memory Usage (454772K) : Starting running IHP-SG13G2 KLayout DRC runset on /foss/designs/spi-slave-ihp/spi_slave.gds
2026-08-08 22:29:11 +0200: Memory Usage (454772K) : Ruby Version for klayout: 3.2.3
2026-08-08 22:29:11 +0200: Memory Usage (456756K) : Loading database to memory is complete.
2026-08-08 22:29:11 +0200: Memory Usage (456756K) : IHP-SG13G2 KLayout DRC runset output at: /foss/designs/spi-slave-ihp/signoff/drc/spi_slave_spi_slave_nwell.lyrdb
2026-08-08 22:29:11 +0200: Memory Usage (456944K) : Evaluate switches.
2026-08-08 22:29:11 +0200: Memory Usage (456944K) : tables selected: nwell
2026-08-08 22:29:11 +0200: Memory Usage (456944K) : KLayout will use 8 thread(s) in tiling mode.
2026-08-08 22:29:11 +0200: Memory Usage (456944K) : deep mode is enabled.
2026-08-08 22:29:11 +0200: Memory Usage (456944K) : FEOL enabled: false
2026-08-08 22:29:11 +0200: Memory Usage (456944K) : BEOL enabled: false
2026-08-08 22:29:11 +0200: Memory Usage (456944K) : OFFGRID enabled: true
2026-08-08 22:29:11 +0200: Memory Usage (456944K) : ANGLE enabled: true
2026-08-08 22:29:11 +0200: Memory Usage (456944K) : PIN enabled: false
2026-08-08 22:29:11 +0200: Memory Usage (456944K) : FORBIDDEN enabled: false
2026-08-08 22:29:11 +0200: Memory Usage (456944K) : RECOMMENDED enabled: true
2026-08-08 22:29:11 +0200: Memory Usage (456944K) : PreCheck DRC enabled: false
2026-08-08 22:29:11 +0200: Memory Usage (456944K) : CONNECTIVITY_RULES enabled: true.
2026-08-08 22:29:11 +0200: Memory Usage (456944K) : Read in polygons from layers.
2026-08-08 22:29:11 +0200: Memory Usage (458612K) : activ_drw has 8060 polygons
2026-08-08 22:29:11 +0200: Memory Usage (458612K) : activ_pin has 0 polygons
2026-08-08 22:29:11 +0200: Memory Usage (458612K) : activ_mask has 0 polygons
2026-08-08 22:29:11 +0200: Memory Usage (458612K) : activ_filler has 0 polygons
2026-08-08 22:29:11 +0200: Memory Usage (458612K) : activ_nofill has 0 polygons
2026-08-08 22:29:11 +0200: Memory Usage (458740K) : activ_opc has 0 polygons
2026-08-08 22:29:11 +0200: Memory Usage (458740K) : activ_iopc has 0 polygons
2026-08-08 22:29:11 +0200: Memory Usage (458740K) : activ_noqrc has 0 polygons
2026-08-08 22:29:12 +0200: Memory Usage (458740K) : biwind_drw has 0 polygons
2026-08-08 22:29:12 +0200: Memory Usage (458740K) : biwind_opc has 0 polygons
2026-08-08 22:29:12 +0200: Memory Usage (458740K) : pemwind_drw has 0 polygons
2026-08-08 22:29:12 +0200: Memory Usage (458740K) : gatpoly_drw has 8381 polygons
2026-08-08 22:29:12 +0200: Memory Usage (458740K) : gatpoly_pin has 0 polygons
2026-08-08 22:29:12 +0200: Memory Usage (458740K) : gatpoly_filler has 0 polygons
2026-08-08 22:29:12 +0200: Memory Usage (458740K) : gatpoly_nofill has 0 polygons
2026-08-08 22:29:12 +0200: Memory Usage (458740K) : gatpoly_opc has 0 polygons
2026-08-08 22:29:12 +0200: Memory Usage (458740K) : gatpoly_iopc has 0 polygons
2026-08-08 22:29:12 +0200: Memory Usage (458740K) : gatpoly_noqrc has 0 polygons
2026-08-08 22:29:12 +0200: Memory Usage (458740K) : cont_drw has 54323 polygons
2026-08-08 22:29:12 +0200: Memory Usage (458740K) : cont_opc has 0 polygons
2026-08-08 22:29:12 +0200: Memory Usage (458740K) : nsd_drw has 0 polygons
2026-08-08 22:29:12 +0200: Memory Usage (458740K) : nsd_block has 0 polygons
2026-08-08 22:29:12 +0200: Memory Usage (458880K) : metal1_drw has 15572 polygons
2026-08-08 22:29:12 +0200: Memory Usage (458880K) : metal1_pin has 5570 polygons
2026-08-08 22:29:12 +0200: Memory Usage (458880K) : metal1_mask has 0 polygons
2026-08-08 22:29:12 +0200: Memory Usage (458880K) : metal1_filler has 0 polygons
2026-08-08 22:29:12 +0200: Memory Usage (458880K) : metal1_nofill has 0 polygons
2026-08-08 22:29:12 +0200: Memory Usage (458880K) : metal1_slit has 0 polygons
2026-08-08 22:29:12 +0200: Memory Usage (459008K) : metal1_text has 5488 polygons
2026-08-08 22:29:12 +0200: Memory Usage (459136K) : metal1_opc has 0 polygons
2026-08-08 22:29:12 +0200: Memory Usage (459136K) : metal1_noqrc has 0 polygons
2026-08-08 22:29:12 +0200: Memory Usage (459136K) : metal1_res has 0 polygons
2026-08-08 22:29:12 +0200: Memory Usage (459136K) : metal1_iprobe has 0 polygons
2026-08-08 22:29:12 +0200: Memory Usage (459264K) : metal1_diffprb has 0 polygons
2026-08-08 22:29:12 +0200: Memory Usage (459264K) : passiv_drw has 12 polygons
2026-08-08 22:29:12 +0200: Memory Usage (459264K) : passiv_pin has 0 polygons
2026-08-08 22:29:12 +0200: Memory Usage (459392K) : passiv_sbump has 0 polygons
2026-08-08 22:29:12 +0200: Memory Usage (459392K) : passiv_pillar has 0 polygons
2026-08-08 22:29:12 +0200: Memory Usage (459392K) : passiv_pdl has 0 polygons
2026-08-08 22:29:12 +0200: Memory Usage (459520K) : metal2_drw has 7662 polygons
2026-08-08 22:29:12 +0200: Memory Usage (459648K) : metal2_pin has 19 polygons
2026-08-08 22:29:12 +0200: Memory Usage (459648K) : metal2_mask has 0 polygons
2026-08-08 22:29:12 +0200: Memory Usage (459648K) : metal2_filler has 0 polygons
2026-08-08 22:29:12 +0200: Memory Usage (459648K) : metal2_nofill has 0 polygons
2026-08-08 22:29:12 +0200: Memory Usage (459648K) : metal2_slit has 0 polygons
2026-08-08 22:29:12 +0200: Memory Usage (459648K) : metal2_text has 19 polygons
2026-08-08 22:29:12 +0200: Memory Usage (459648K) : metal2_opc has 0 polygons
2026-08-08 22:29:12 +0200: Memory Usage (459648K) : metal2_noqrc has 0 polygons
2026-08-08 22:29:12 +0200: Memory Usage (459648K) : metal2_res has 0 polygons
2026-08-08 22:29:12 +0200: Memory Usage (459648K) : metal2_iprobe has 0 polygons
2026-08-08 22:29:12 +0200: Memory Usage (459648K) : metal2_diffprb has 0 polygons
2026-08-08 22:29:12 +0200: Memory Usage (459648K) : baspoly_drw has 0 polygons
2026-08-08 22:29:12 +0200: Memory Usage (459648K) : baspoly_pin has 0 polygons
2026-08-08 22:29:12 +0200: Memory Usage (459648K) : psd_drw has 3408 polygons
2026-08-08 22:29:12 +0200: Memory Usage (459648K) : nldb_drw has 0 polygons
2026-08-08 22:29:12 +0200: Memory Usage (459648K) : digibnd_drw has 0 polygons
2026-08-08 22:29:12 +0200: Memory Usage (459648K) : via1_drw has 2569 polygons
2026-08-08 22:29:12 +0200: Memory Usage (459648K) : backmetal1_drw has 0 polygons
2026-08-08 22:29:12 +0200: Memory Usage (459648K) : backmetal1_pin has 0 polygons
2026-08-08 22:29:12 +0200: Memory Usage (459648K) : backmetal1_mask has 0 polygons
2026-08-08 22:29:12 +0200: Memory Usage (459648K) : backmetal1_filler has 0 polygons
2026-08-08 22:29:12 +0200: Memory Usage (459648K) : backmetal1_nofill has 0 polygons
2026-08-08 22:29:12 +0200: Memory Usage (459648K) : backmetal1_slit has 0 polygons
2026-08-08 22:29:12 +0200: Memory Usage (459648K) : backmetal1_text has 0 polygons
2026-08-08 22:29:12 +0200: Memory Usage (459648K) : backmetal1_opc has 0 polygons
2026-08-08 22:29:12 +0200: Memory Usage (459648K) : backmetal1_noqrc has 0 polygons
2026-08-08 22:29:12 +0200: Memory Usage (459648K) : backmetal1_res has 0 polygons
2026-08-08 22:29:12 +0200: Memory Usage (459648K) : backmetal1_iprobe has 0 polygons
2026-08-08 22:29:12 +0200: Memory Usage (459648K) : backmetal1_diffprb has 0 polygons
2026-08-08 22:29:12 +0200: Memory Usage (459648K) : backpassiv_drw has 0 polygons
2026-08-08 22:29:12 +0200: Memory Usage (459648K) : res_drw has 0 polygons
2026-08-08 22:29:12 +0200: Memory Usage (459648K) : sram_drw has 0 polygons
2026-08-08 22:29:12 +0200: Memory Usage (459648K) : trans_drw has 0 polygons
2026-08-08 22:29:12 +0200: Memory Usage (459648K) : ind_drw has 0 polygons
2026-08-08 22:29:12 +0200: Memory Usage (459648K) : ind_pin has 0 polygons
2026-08-08 22:29:12 +0200: Memory Usage (459648K) : ind_text has 0 polygons
2026-08-08 22:29:12 +0200: Memory Usage (459648K) : salblock_drw has 0 polygons
2026-08-08 22:29:12 +0200: Memory Usage (459648K) : via2_drw has 2316 polygons
2026-08-08 22:29:12 +0200: Memory Usage (459648K) : metal3_drw has 3647 polygons
2026-08-08 22:29:12 +0200: Memory Usage (459776K) : metal3_pin has 11 polygons
2026-08-08 22:29:12 +0200: Memory Usage (459776K) : metal3_mask has 0 polygons
2026-08-08 22:29:12 +0200: Memory Usage (459776K) : metal3_filler has 0 polygons
2026-08-08 22:29:12 +0200: Memory Usage (459776K) : metal3_nofill has 0 polygons
2026-08-08 22:29:12 +0200: Memory Usage (459904K) : metal3_slit has 0 polygons
2026-08-08 22:29:12 +0200: Memory Usage (459904K) : metal3_text has 11 polygons
2026-08-08 22:29:12 +0200: Memory Usage (459904K) : metal3_opc has 0 polygons
2026-08-08 22:29:13 +0200: Memory Usage (460032K) : metal3_noqrc has 0 polygons
2026-08-08 22:29:13 +0200: Memory Usage (460032K) : metal3_res has 0 polygons
2026-08-08 22:29:13 +0200: Memory Usage (460032K) : metal3_iprobe has 0 polygons
2026-08-08 22:29:13 +0200: Memory Usage (460160K) : metal3_diffprb has 0 polygons
2026-08-08 22:29:13 +0200: Memory Usage (460160K) : nwell_drw has 1682 polygons
2026-08-08 22:29:13 +0200: Memory Usage (460160K) : nwell_pin has 0 polygons
2026-08-08 22:29:13 +0200: Memory Usage (460160K) : nbulay_drw has 0 polygons
2026-08-08 22:29:13 +0200: Memory Usage (460288K) : nbulay_pin has 0 polygons
2026-08-08 22:29:13 +0200: Memory Usage (460288K) : nbulay_block has 0 polygons
2026-08-08 22:29:13 +0200: Memory Usage (460288K) : emwind_drw has 0 polygons
2026-08-08 22:29:13 +0200: Memory Usage (460288K) : emwind_opc has 0 polygons
2026-08-08 22:29:13 +0200: Memory Usage (460288K) : deepco_drw has 0 polygons
2026-08-08 22:29:13 +0200: Memory Usage (460288K) : deepco_drw has 0 polygons
2026-08-08 22:29:13 +0200: Memory Usage (460288K) : mim_drw has 0 polygons
2026-08-08 22:29:13 +0200: Memory Usage (460288K) : edgeseal_drw has 24 polygons
2026-08-08 22:29:13 +0200: Memory Usage (460288K) : edgeseal_bound has 1 polygons
2026-08-08 22:29:13 +0200: Memory Usage (460288K) : substrate_drw has 0 polygons
2026-08-08 22:29:13 +0200: Memory Usage (460288K) : substrate_text has 0 polygons
2026-08-08 22:29:13 +0200: Memory Usage (460288K) : dfpad_drw has 0 polygons
2026-08-08 22:29:13 +0200: Memory Usage (460288K) : dfpad_pillar has 0 polygons
2026-08-08 22:29:13 +0200: Memory Usage (460288K) : dfpad_sbump has 0 polygons
2026-08-08 22:29:13 +0200: Memory Usage (460288K) : thickgateox_drw has 0 polygons
2026-08-08 22:29:13 +0200: Memory Usage (460288K) : pldb_drw has 0 polygons
2026-08-08 22:29:13 +0200: Memory Usage (460288K) : pwell_drw has 0 polygons
2026-08-08 22:29:13 +0200: Memory Usage (460288K) : pwell_pin has 0 polygons
2026-08-08 22:29:13 +0200: Memory Usage (460288K) : pwell_block has 0 polygons
2026-08-08 22:29:13 +0200: Memory Usage (460288K) : ic_drw has 0 polygons
2026-08-08 22:29:13 +0200: Memory Usage (460288K) : via3_drw has 597 polygons
2026-08-08 22:29:13 +0200: Memory Usage (460288K) : metal4_drw has 492 polygons
2026-08-08 22:29:13 +0200: Memory Usage (460288K) : metal4_pin has 0 polygons
2026-08-08 22:29:13 +0200: Memory Usage (460288K) : metal4_mask has 0 polygons
2026-08-08 22:29:13 +0200: Memory Usage (460288K) : metal4_filler has 0 polygons
2026-08-08 22:29:13 +0200: Memory Usage (460288K) : metal4_nofill has 0 polygons
2026-08-08 22:29:13 +0200: Memory Usage (460288K) : metal4_slit has 0 polygons
2026-08-08 22:29:13 +0200: Memory Usage (460288K) : metal4_text has 0 polygons
2026-08-08 22:29:13 +0200: Memory Usage (460288K) : metal4_opc has 0 polygons
2026-08-08 22:29:13 +0200: Memory Usage (460288K) : metal4_noqrc has 0 polygons
2026-08-08 22:29:13 +0200: Memory Usage (460288K) : metal4_res has 0 polygons
2026-08-08 22:29:13 +0200: Memory Usage (460288K) : metal4_iprobe has 0 polygons
2026-08-08 22:29:13 +0200: Memory Usage (460288K) : metal4_diffprb has 0 polygons
2026-08-08 22:29:13 +0200: Memory Usage (460288K) : heattrans_drw has 0 polygons
2026-08-08 22:29:13 +0200: Memory Usage (460288K) : heatres_drw has 0 polygons
2026-08-08 22:29:13 +0200: Memory Usage (460288K) : pempoly_drw has 0 polygons
2026-08-08 22:29:13 +0200: Memory Usage (460288K) : fbe_drw has 0 polygons
2026-08-08 22:29:13 +0200: Memory Usage (460288K) : empoly_drw has 0 polygons
2026-08-08 22:29:13 +0200: Memory Usage (460288K) : ldmos_drw has 0 polygons
2026-08-08 22:29:13 +0200: Memory Usage (460288K) : pbiwind_drw has 0 polygons
2026-08-08 22:29:13 +0200: Memory Usage (460288K) : digisub_drw has 0 polygons
2026-08-08 22:29:13 +0200: Memory Usage (460288K) : nodrc_drw has 0 polygons
2026-08-08 22:29:13 +0200: Memory Usage (460288K) : text_drw has 2 polygons
2026-08-08 22:29:13 +0200: Memory Usage (460288K) : via4_drw has 468 polygons
2026-08-08 22:29:13 +0200: Memory Usage (460288K) : metal5_drw has 311 polygons
2026-08-08 22:29:13 +0200: Memory Usage (460288K) : metal5_pin has 0 polygons
2026-08-08 22:29:13 +0200: Memory Usage (460288K) : metal5_mask has 0 polygons
2026-08-08 22:29:13 +0200: Memory Usage (460288K) : metal5_filler has 0 polygons
2026-08-08 22:29:13 +0200: Memory Usage (460288K) : metal5_nofill has 0 polygons
2026-08-08 22:29:13 +0200: Memory Usage (460288K) : metal5_slit has 0 polygons
2026-08-08 22:29:13 +0200: Memory Usage (460288K) : metal5_text has 0 polygons
2026-08-08 22:29:13 +0200: Memory Usage (460288K) : metal5_opc has 0 polygons
2026-08-08 22:29:13 +0200: Memory Usage (460288K) : metal5_noqrc has 0 polygons
2026-08-08 22:29:13 +0200: Memory Usage (460288K) : metal5_res has 0 polygons
2026-08-08 22:29:13 +0200: Memory Usage (460288K) : metal5_iprobe has 0 polygons
2026-08-08 22:29:13 +0200: Memory Usage (460288K) : metal5_diffprb has 0 polygons
2026-08-08 22:29:13 +0200: Memory Usage (460288K) : radhard_drw has 0 polygons
2026-08-08 22:29:13 +0200: Memory Usage (460288K) : memcap_drw has 0 polygons
2026-08-08 22:29:13 +0200: Memory Usage (460288K) : varicap_drw has 0 polygons
2026-08-08 22:29:13 +0200: Memory Usage (460288K) : flash_drw has 0 polygons
2026-08-08 22:29:13 +0200: Memory Usage (460288K) : intbondvia_drw has 0 polygons
2026-08-08 22:29:13 +0200: Memory Usage (460288K) : intbondmet_drw has 0 polygons
2026-08-08 22:29:13 +0200: Memory Usage (460288K) : devbondvia_drw has 0 polygons
2026-08-08 22:29:13 +0200: Memory Usage (460288K) : devbondmet_drw has 0 polygons
2026-08-08 22:29:13 +0200: Memory Usage (460288K) : devtrench_drw has 0 polygons
2026-08-08 22:29:13 +0200: Memory Usage (460288K) : redist_drw has 0 polygons
2026-08-08 22:29:13 +0200: Memory Usage (460288K) : graphbot_drw has 0 polygons
2026-08-08 22:29:13 +0200: Memory Usage (460288K) : graphtop_drw has 0 polygons
2026-08-08 22:29:14 +0200: Memory Usage (460288K) : antvia1_drw has 0 polygons
2026-08-08 22:29:14 +0200: Memory Usage (460288K) : antmetal2_drw has 0 polygons
2026-08-08 22:29:14 +0200: Memory Usage (460288K) : graphcont_drw has 0 polygons
2026-08-08 22:29:14 +0200: Memory Usage (460288K) : siwg_drw has 0 polygons
2026-08-08 22:29:14 +0200: Memory Usage (460288K) : siwg_filler has 0 polygons
2026-08-08 22:29:14 +0200: Memory Usage (460288K) : siwg_nofill has 0 polygons
2026-08-08 22:29:14 +0200: Memory Usage (460288K) : sigrating_drw has 0 polygons
2026-08-08 22:29:14 +0200: Memory Usage (460288K) : singrating_drw has 0 polygons
2026-08-08 22:29:14 +0200: Memory Usage (460288K) : graphpas_drw has 0 polygons
2026-08-08 22:29:14 +0200: Memory Usage (460288K) : emwind3_drw has 0 polygons
2026-08-08 22:29:14 +0200: Memory Usage (460288K) : emwihv3_drw has 0 polygons
2026-08-08 22:29:14 +0200: Memory Usage (460288K) : redbulay_drw has 0 polygons
2026-08-08 22:29:14 +0200: Memory Usage (460288K) : smos_drw has 0 polygons
2026-08-08 22:29:14 +0200: Memory Usage (460288K) : graphpad_drw has 0 polygons
2026-08-08 22:29:14 +0200: Memory Usage (460288K) : polimide_drw has 0 polygons
2026-08-08 22:29:14 +0200: Memory Usage (460288K) : polimide_pin has 0 polygons
2026-08-08 22:29:14 +0200: Memory Usage (460288K) : recog_drw has 0 polygons
2026-08-08 22:29:14 +0200: Memory Usage (460288K) : recog_pin has 0 polygons
2026-08-08 22:29:14 +0200: Memory Usage (460288K) : recog_esd has 0 polygons
2026-08-08 22:29:14 +0200: Memory Usage (460288K) : recog_diode has 0 polygons
2026-08-08 22:29:14 +0200: Memory Usage (460288K) : recog_tsv has 0 polygons
2026-08-08 22:29:14 +0200: Memory Usage (460288K) : recog_iprobe has 0 polygons
2026-08-08 22:29:14 +0200: Memory Usage (460288K) : recog_diffprb has 0 polygons
2026-08-08 22:29:14 +0200: Memory Usage (460288K) : recog_pillar has 0 polygons
2026-08-08 22:29:14 +0200: Memory Usage (460288K) : recog_sbump has 0 polygons
2026-08-08 22:29:14 +0200: Memory Usage (460288K) : recog_otp has 0 polygons
2026-08-08 22:29:14 +0200: Memory Usage (460288K) : recog_pdiode has 0 polygons
2026-08-08 22:29:14 +0200: Memory Usage (460288K) : recog_mom has 0 polygons
2026-08-08 22:29:14 +0200: Memory Usage (460288K) : recog_pcm has 0 polygons
2026-08-08 22:29:14 +0200: Memory Usage (460288K) : colopen_drw has 0 polygons
2026-08-08 22:29:14 +0200: Memory Usage (460288K) : graphmetal1_drw has 0 polygons
2026-08-08 22:29:14 +0200: Memory Usage (460288K) : graphmetal1_filler has 0 polygons
2026-08-08 22:29:14 +0200: Memory Usage (460288K) : graphmetal1_nofill has 0 polygons
2026-08-08 22:29:14 +0200: Memory Usage (460288K) : graphmetal1_slit has 0 polygons
2026-08-08 22:29:14 +0200: Memory Usage (460288K) : graphmetal1_opc has 0 polygons
2026-08-08 22:29:14 +0200: Memory Usage (460288K) : graphmet1l_drw has 0 polygons
2026-08-08 22:29:14 +0200: Memory Usage (460288K) : graphmet1l_filler has 0 polygons
2026-08-08 22:29:14 +0200: Memory Usage (460288K) : graphmet1l_nofill has 0 polygons
2026-08-08 22:29:14 +0200: Memory Usage (460288K) : graphmet1l_slit has 0 polygons
2026-08-08 22:29:14 +0200: Memory Usage (460288K) : graphmet1l_opc has 0 polygons
2026-08-08 22:29:14 +0200: Memory Usage (460288K) : extblock_drw has 0 polygons
2026-08-08 22:29:14 +0200: Memory Usage (460288K) : nldd_drw has 0 polygons
2026-08-08 22:29:14 +0200: Memory Usage (460288K) : pldd_drw has 0 polygons
2026-08-08 22:29:14 +0200: Memory Usage (460288K) : next_drw has 0 polygons
2026-08-08 22:29:14 +0200: Memory Usage (460288K) : pext_drw has 0 polygons
2026-08-08 22:29:14 +0200: Memory Usage (460288K) : nexthv_drw has 0 polygons
2026-08-08 22:29:14 +0200: Memory Usage (460288K) : pexthv_drw has 0 polygons
2026-08-08 22:29:14 +0200: Memory Usage (460288K) : graphgate_drw has 0 polygons
2026-08-08 22:29:14 +0200: Memory Usage (460288K) : sinwg_drw has 0 polygons
2026-08-08 22:29:14 +0200: Memory Usage (460288K) : sinwg_filler has 0 polygons
2026-08-08 22:29:14 +0200: Memory Usage (460288K) : sinwg_nofill has 0 polygons
2026-08-08 22:29:14 +0200: Memory Usage (460288K) : mempad_drw has 0 polygons
2026-08-08 22:29:14 +0200: Memory Usage (460288K) : topvia1_drw has 200 polygons
2026-08-08 22:29:14 +0200: Memory Usage (460288K) : topmetal1_drw has 118 polygons
2026-08-08 22:29:14 +0200: Memory Usage (460288K) : topmetal1_pin has 4 polygons
2026-08-08 22:29:14 +0200: Memory Usage (460288K) : topmetal1_mask has 0 polygons
2026-08-08 22:29:14 +0200: Memory Usage (460288K) : topmetal1_filler has 0 polygons
2026-08-08 22:29:14 +0200: Memory Usage (460288K) : topmetal1_nofill has 0 polygons
2026-08-08 22:29:14 +0200: Memory Usage (460288K) : topmetal1_slit has 0 polygons
2026-08-08 22:29:14 +0200: Memory Usage (460288K) : topmetal1_text has 2 polygons
2026-08-08 22:29:14 +0200: Memory Usage (460288K) : topmetal1_noqrc has 0 polygons
2026-08-08 22:29:14 +0200: Memory Usage (460288K) : topmetal1_res has 0 polygons
2026-08-08 22:29:14 +0200: Memory Usage (460288K) : topmetal1_iprobe has 0 polygons
2026-08-08 22:29:14 +0200: Memory Usage (460288K) : topmetal1_diffprb has 0 polygons
2026-08-08 22:29:14 +0200: Memory Usage (460288K) : inldpwl_drw has 0 polygons
2026-08-08 22:29:14 +0200: Memory Usage (460288K) : polyres_drw has 0 polygons
2026-08-08 22:29:14 +0200: Memory Usage (460288K) : polyres_pin has 0 polygons
2026-08-08 22:29:14 +0200: Memory Usage (460288K) : vmim_drw has 0 polygons
2026-08-08 22:29:14 +0200: Memory Usage (460288K) : nbulaycut_drw has 0 polygons
2026-08-08 22:29:15 +0200: Memory Usage (460288K) : antmetal1_drw has 0 polygons
2026-08-08 22:29:15 +0200: Memory Usage (460288K) : topvia2_drw has 36 polygons
2026-08-08 22:29:15 +0200: Memory Usage (460288K) : topmetal2_drw has 40 polygons
2026-08-08 22:29:15 +0200: Memory Usage (460288K) : topmetal2_pin has 4 polygons
2026-08-08 22:29:15 +0200: Memory Usage (460288K) : topmetal2_mask has 0 polygons
2026-08-08 22:29:15 +0200: Memory Usage (460288K) : topmetal2_filler has 0 polygons
2026-08-08 22:29:15 +0200: Memory Usage (460288K) : topmetal2_nofill has 0 polygons
2026-08-08 22:29:15 +0200: Memory Usage (460288K) : topmetal2_slit has 0 polygons
2026-08-08 22:29:15 +0200: Memory Usage (460288K) : topmetal2_text has 2 polygons
2026-08-08 22:29:15 +0200: Memory Usage (460288K) : topmetal2_noqrc has 0 polygons
2026-08-08 22:29:15 +0200: Memory Usage (460288K) : topmetal2_res has 0 polygons
2026-08-08 22:29:15 +0200: Memory Usage (460288K) : topmetal2_iprobe has 0 polygons
2026-08-08 22:29:15 +0200: Memory Usage (460288K) : topmetal2_diffprb has 0 polygons
2026-08-08 22:29:15 +0200: Memory Usage (460288K) : snsring_drw has 0 polygons
2026-08-08 22:29:15 +0200: Memory Usage (460288K) : sensor_drw has 0 polygons
2026-08-08 22:29:15 +0200: Memory Usage (460288K) : snsarms_drw has 0 polygons
2026-08-08 22:29:15 +0200: Memory Usage (460288K) : snscmosvia_drw has 0 polygons
2026-08-08 22:29:15 +0200: Memory Usage (460288K) : colwind_drw has 0 polygons
2026-08-08 22:29:15 +0200: Memory Usage (460288K) : flm_drw has 0 polygons
2026-08-08 22:29:15 +0200: Memory Usage (460288K) : hafniumox_drw has 0 polygons
2026-08-08 22:29:15 +0200: Memory Usage (460288K) : memvia_drw has 0 polygons
2026-08-08 22:29:15 +0200: Memory Usage (460288K) : thinfilmres_drw has 0 polygons
2026-08-08 22:29:15 +0200: Memory Usage (460288K) : rfmem_drw has 0 polygons
2026-08-08 22:29:15 +0200: Memory Usage (460288K) : norcx_drw has 0 polygons
2026-08-08 22:29:15 +0200: Memory Usage (460288K) : norcx_m2m3 has 0 polygons
2026-08-08 22:29:15 +0200: Memory Usage (460288K) : norcx_m2m4 has 0 polygons
2026-08-08 22:29:15 +0200: Memory Usage (460288K) : norcx_m2m5 has 0 polygons
2026-08-08 22:29:15 +0200: Memory Usage (460288K) : norcx_m2tm1 has 0 polygons
2026-08-08 22:29:15 +0200: Memory Usage (460288K) : norcx_m2tm2 has 0 polygons
2026-08-08 22:29:15 +0200: Memory Usage (460288K) : norcx_m3m4 has 0 polygons
2026-08-08 22:29:15 +0200: Memory Usage (460288K) : norcx_m3m5 has 0 polygons
2026-08-08 22:29:15 +0200: Memory Usage (460288K) : norcx_m3tm1 has 0 polygons
2026-08-08 22:29:15 +0200: Memory Usage (460288K) : norcx_m3tm2 has 0 polygons
2026-08-08 22:29:15 +0200: Memory Usage (460288K) : norcx_m4m5 has 0 polygons
2026-08-08 22:29:15 +0200: Memory Usage (460288K) : norcx_m4tm1 has 0 polygons
2026-08-08 22:29:15 +0200: Memory Usage (460288K) : norcx_m4tm2 has 0 polygons
2026-08-08 22:29:15 +0200: Memory Usage (460288K) : norcx_m5tm1 has 0 polygons
2026-08-08 22:29:15 +0200: Memory Usage (460288K) : norcx_m5tm2 has 0 polygons
2026-08-08 22:29:15 +0200: Memory Usage (460288K) : norcx_tm1tm2 has 0 polygons
2026-08-08 22:29:15 +0200: Memory Usage (460288K) : norcx_m1sub has 0 polygons
2026-08-08 22:29:15 +0200: Memory Usage (460288K) : norcx_m2sub has 0 polygons
2026-08-08 22:29:15 +0200: Memory Usage (460288K) : norcx_m3sub has 0 polygons
2026-08-08 22:29:15 +0200: Memory Usage (460288K) : norcx_m4sub has 0 polygons
2026-08-08 22:29:15 +0200: Memory Usage (460288K) : norcx_m5sub has 0 polygons
2026-08-08 22:29:15 +0200: Memory Usage (460288K) : norcx_tm1sub has 0 polygons
2026-08-08 22:29:15 +0200: Memory Usage (460288K) : norcx_tm2sub has 0 polygons
2026-08-08 22:29:15 +0200: Memory Usage (460288K) : snsbotvia_drw has 0 polygons
2026-08-08 22:29:16 +0200: Memory Usage (460288K) : snstopvia_drw has 0 polygons
2026-08-08 22:29:16 +0200: Memory Usage (460288K) : deepvia_drw has 0 polygons
2026-08-08 22:29:16 +0200: Memory Usage (460288K) : fgetch_drw has 0 polygons
2026-08-08 22:29:16 +0200: Memory Usage (460288K) : ctrgat_drw has 0 polygons
2026-08-08 22:29:16 +0200: Memory Usage (460288K) : fgimp_drw has 0 polygons
2026-08-08 22:29:16 +0200: Memory Usage (460288K) : emwihv_drw has 0 polygons
2026-08-08 22:29:16 +0200: Memory Usage (460288K) : lbe_drw has 0 polygons
2026-08-08 22:29:16 +0200: Memory Usage (460288K) : alcustop_drw has 0 polygons
2026-08-08 22:29:16 +0200: Memory Usage (460288K) : nometfiller_drw has 0 polygons
2026-08-08 22:29:16 +0200: Memory Usage (460288K) : prboundary_drw has 0 polygons
2026-08-08 22:29:16 +0200: Memory Usage (460288K) : exchange0_drw has 0 polygons
2026-08-08 22:29:16 +0200: Memory Usage (460288K) : exchange0_pin has 0 polygons
2026-08-08 22:29:16 +0200: Memory Usage (460288K) : exchange0_text has 0 polygons
2026-08-08 22:29:16 +0200: Memory Usage (460288K) : exchange1_drw has 0 polygons
2026-08-08 22:29:16 +0200: Memory Usage (460288K) : exchange1_pin has 0 polygons
2026-08-08 22:29:16 +0200: Memory Usage (460288K) : exchange1_text has 0 polygons
2026-08-08 22:29:16 +0200: Memory Usage (460288K) : exchange2_drw has 0 polygons
2026-08-08 22:29:16 +0200: Memory Usage (460288K) : exchange2_pin has 0 polygons
2026-08-08 22:29:16 +0200: Memory Usage (460288K) : exchange2_text has 0 polygons
2026-08-08 22:29:16 +0200: Memory Usage (460288K) : exchange3_drw has 0 polygons
2026-08-08 22:29:16 +0200: Memory Usage (460288K) : exchange3_pin has 0 polygons
2026-08-08 22:29:16 +0200: Memory Usage (460288K) : exchange3_text has 0 polygons
2026-08-08 22:29:16 +0200: Memory Usage (460288K) : exchange4_drw has 0 polygons
2026-08-08 22:29:16 +0200: Memory Usage (460288K) : exchange4_pin has 0 polygons
2026-08-08 22:29:16 +0200: Memory Usage (460288K) : exchange4_text has 0 polygons
2026-08-08 22:29:16 +0200: Memory Usage (460288K) : isonwell_drw has 0 polygons
2026-08-08 22:29:16 +0200: Memory Usage (460288K) : Total no. of polygons in the design is 121051
2026-08-08 22:29:16 +0200: Memory Usage (460288K) : Loaded TECH DRC rules values from /foss/pdks/ihp-sg13g2/libs.tech/klayout/python/sg13g2_pycell_lib/sg13g2_tech_mod.json
2026-08-08 22:29:16 +0200: Memory Usage (460288K) : Loaded default DRC rules values from /foss/pdks/ihp-sg13g2/libs.tech/klayout/tech/drc/rule_decks/sg13g2_tech_default.json
2026-08-08 22:29:16 +0200: Memory Usage (460288K) : The following rules values were missing in tech json and default values were used:
2026-08-08 22:29:16 +0200: Memory Usage (460288K) :   - NW_f1_digibnd
2026-08-08 22:29:16 +0200: Memory Usage (460288K) :   - Cnt_c_digibnd
2026-08-08 22:29:16 +0200: Memory Usage (460288K) :   - Cnt_c_sram
2026-08-08 22:29:16 +0200: Memory Usage (460288K) :   - Sdiod_b
2026-08-08 22:29:16 +0200: Memory Usage (460288K) :   - Sdiod_c
2026-08-08 22:29:16 +0200: Memory Usage (461240K) : Total area of the design is 27848.17 um^2.
2026-08-08 22:29:16 +0200: Memory Usage (461240K) : The design dimensions are 157.78 µm * 176.5 µm.
2026-08-08 22:29:16 +0200: Memory Usage (461240K) : Starting general IHP-SG13G2 derivations.
2026-08-08 22:29:16 +0200: Memory Usage (461240K) : Starting Pwell derivations
2026-08-08 22:29:17 +0200: Memory Usage (464780K) : Starting n-Activ derivations
2026-08-08 22:29:17 +0200: Memory Usage (467656K) : Starting p-Activ derivations
2026-08-08 22:29:17 +0200: Memory Usage (469320K) : Starting ptap derivations
2026-08-08 22:29:17 +0200: Memory Usage (469448K) : Starting ntap derivations
2026-08-08 22:29:18 +0200: Memory Usage (471880K) : Starting pact FET derivations
2026-08-08 22:29:18 +0200: Memory Usage (472904K) : Starting nact FET derivations
2026-08-08 22:29:18 +0200: Memory Usage (474184K) : Starting Gate derivations
2026-08-08 22:29:19 +0200: Memory Usage (478920K) : Starting SVaricap general derivations
2026-08-08 22:29:20 +0200: Memory Usage (479688K) : Starting IHP-SG13G2 DRC connectivity related derivations.
2026-08-08 22:29:20 +0200: Memory Usage (479688K) : Starting IHP-SG13G2 DRC connectivity setup
2026-08-08 22:29:22 +0200: Memory Usage (490568K) : Starting IHP-SG13G2 DRC rules.
2026-08-08 22:29:22 +0200: Memory Usage (490568K) : Starting 5.1 NWell table
2026-08-08 22:29:22 +0200: Memory Usage (490568K) : Executing rule NW.b
2026-08-08 22:29:22 +0200: Memory Usage (491756K) : Executing rule NW.b1
2026-08-08 22:29:23 +0200: Memory Usage (491904K) : Executing rule NW.f1
2026-08-08 22:29:23 +0200: Memory Usage (491904K) : Executing rule NW.f1.digibnd
2026-08-08 22:29:23 +0200: Memory Usage (491904K) : KLayout DRC run for tables 'nwell' completed in 11.67 seconds
