# Logfile created on 2026-08-08 22:30:28 +0200 by logger.rb/v1.5.3
2026-08-08 22:30:28 +0200: Memory Usage (454984K) : Starting running IHP-SG13G2 KLayout DRC runset on /foss/designs/spi-slave-ihp/spi_slave.gds
2026-08-08 22:30:28 +0200: Memory Usage (454984K) : Ruby Version for klayout: 3.2.3
2026-08-08 22:30:28 +0200: Memory Usage (457072K) : Loading database to memory is complete.
2026-08-08 22:30:28 +0200: Memory Usage (457072K) : IHP-SG13G2 KLayout DRC runset output at: /foss/designs/spi-slave-ihp/signoff/drc/spi_slave_spi_slave_sealring.lyrdb
2026-08-08 22:30:28 +0200: Memory Usage (457256K) : Evaluate switches.
2026-08-08 22:30:28 +0200: Memory Usage (457256K) : tables selected: sealring
2026-08-08 22:30:28 +0200: Memory Usage (457256K) : KLayout will use 8 thread(s) in tiling mode.
2026-08-08 22:30:28 +0200: Memory Usage (457256K) : deep mode is enabled.
2026-08-08 22:30:28 +0200: Memory Usage (457256K) : FEOL enabled: false
2026-08-08 22:30:28 +0200: Memory Usage (457256K) : BEOL enabled: false
2026-08-08 22:30:28 +0200: Memory Usage (457256K) : OFFGRID enabled: true
2026-08-08 22:30:28 +0200: Memory Usage (457256K) : ANGLE enabled: true
2026-08-08 22:30:28 +0200: Memory Usage (457256K) : PIN enabled: false
2026-08-08 22:30:28 +0200: Memory Usage (457256K) : FORBIDDEN enabled: false
2026-08-08 22:30:28 +0200: Memory Usage (457256K) : RECOMMENDED enabled: true
2026-08-08 22:30:28 +0200: Memory Usage (457256K) : PreCheck DRC enabled: false
2026-08-08 22:30:28 +0200: Memory Usage (457256K) : CONNECTIVITY_RULES enabled: false.
2026-08-08 22:30:28 +0200: Memory Usage (457256K) : Read in polygons from layers.
2026-08-08 22:30:28 +0200: Memory Usage (458668K) : activ_drw has 8060 polygons
2026-08-08 22:30:28 +0200: Memory Usage (458668K) : activ_pin has 0 polygons
2026-08-08 22:30:28 +0200: Memory Usage (458668K) : activ_mask has 0 polygons
2026-08-08 22:30:28 +0200: Memory Usage (458668K) : activ_filler has 0 polygons
2026-08-08 22:30:28 +0200: Memory Usage (458668K) : activ_nofill has 0 polygons
2026-08-08 22:30:28 +0200: Memory Usage (458924K) : activ_opc has 0 polygons
2026-08-08 22:30:28 +0200: Memory Usage (458924K) : activ_iopc has 0 polygons
2026-08-08 22:30:28 +0200: Memory Usage (458924K) : activ_noqrc has 0 polygons
2026-08-08 22:30:28 +0200: Memory Usage (458924K) : biwind_drw has 0 polygons
2026-08-08 22:30:28 +0200: Memory Usage (458924K) : biwind_opc has 0 polygons
2026-08-08 22:30:28 +0200: Memory Usage (458924K) : pemwind_drw has 0 polygons
2026-08-08 22:30:28 +0200: Memory Usage (459052K) : gatpoly_drw has 8381 polygons
2026-08-08 22:30:28 +0200: Memory Usage (459052K) : gatpoly_pin has 0 polygons
2026-08-08 22:30:28 +0200: Memory Usage (459180K) : gatpoly_filler has 0 polygons
2026-08-08 22:30:28 +0200: Memory Usage (459180K) : gatpoly_nofill has 0 polygons
2026-08-08 22:30:28 +0200: Memory Usage (459180K) : gatpoly_opc has 0 polygons
2026-08-08 22:30:28 +0200: Memory Usage (459180K) : gatpoly_iopc has 0 polygons
2026-08-08 22:30:28 +0200: Memory Usage (459180K) : gatpoly_noqrc has 0 polygons
2026-08-08 22:30:28 +0200: Memory Usage (459180K) : cont_drw has 54323 polygons
2026-08-08 22:30:28 +0200: Memory Usage (459180K) : cont_opc has 0 polygons
2026-08-08 22:30:28 +0200: Memory Usage (459180K) : nsd_drw has 0 polygons
2026-08-08 22:30:28 +0200: Memory Usage (459180K) : nsd_block has 0 polygons
2026-08-08 22:30:28 +0200: Memory Usage (459368K) : metal1_drw has 15572 polygons
2026-08-08 22:30:28 +0200: Memory Usage (459368K) : metal1_pin has 5570 polygons
2026-08-08 22:30:28 +0200: Memory Usage (459368K) : metal1_mask has 0 polygons
2026-08-08 22:30:28 +0200: Memory Usage (459368K) : metal1_filler has 0 polygons
2026-08-08 22:30:28 +0200: Memory Usage (459368K) : metal1_nofill has 0 polygons
2026-08-08 22:30:28 +0200: Memory Usage (459368K) : metal1_slit has 0 polygons
2026-08-08 22:30:28 +0200: Memory Usage (459552K) : metal1_text has 5488 polygons
2026-08-08 22:30:28 +0200: Memory Usage (459552K) : metal1_opc has 0 polygons
2026-08-08 22:30:28 +0200: Memory Usage (459552K) : metal1_noqrc has 0 polygons
2026-08-08 22:30:28 +0200: Memory Usage (459552K) : metal1_res has 0 polygons
2026-08-08 22:30:28 +0200: Memory Usage (459552K) : metal1_iprobe has 0 polygons
2026-08-08 22:30:28 +0200: Memory Usage (459552K) : metal1_diffprb has 0 polygons
2026-08-08 22:30:28 +0200: Memory Usage (459552K) : passiv_drw has 12 polygons
2026-08-08 22:30:28 +0200: Memory Usage (459552K) : passiv_pin has 0 polygons
2026-08-08 22:30:28 +0200: Memory Usage (459552K) : passiv_sbump has 0 polygons
2026-08-08 22:30:28 +0200: Memory Usage (459680K) : passiv_pillar has 0 polygons
2026-08-08 22:30:28 +0200: Memory Usage (459680K) : passiv_pdl has 0 polygons
2026-08-08 22:30:29 +0200: Memory Usage (459680K) : metal2_drw has 7662 polygons
2026-08-08 22:30:29 +0200: Memory Usage (459808K) : metal2_pin has 19 polygons
2026-08-08 22:30:29 +0200: Memory Usage (459808K) : metal2_mask has 0 polygons
2026-08-08 22:30:29 +0200: Memory Usage (459936K) : metal2_filler has 0 polygons
2026-08-08 22:30:29 +0200: Memory Usage (459936K) : metal2_nofill has 0 polygons
2026-08-08 22:30:29 +0200: Memory Usage (459936K) : metal2_slit has 0 polygons
2026-08-08 22:30:29 +0200: Memory Usage (459936K) : metal2_text has 19 polygons
2026-08-08 22:30:29 +0200: Memory Usage (460064K) : metal2_opc has 0 polygons
2026-08-08 22:30:29 +0200: Memory Usage (460064K) : metal2_noqrc has 0 polygons
2026-08-08 22:30:29 +0200: Memory Usage (460064K) : metal2_res has 0 polygons
2026-08-08 22:30:29 +0200: Memory Usage (460064K) : metal2_iprobe has 0 polygons
2026-08-08 22:30:29 +0200: Memory Usage (460064K) : metal2_diffprb has 0 polygons
2026-08-08 22:30:29 +0200: Memory Usage (460064K) : baspoly_drw has 0 polygons
2026-08-08 22:30:29 +0200: Memory Usage (460064K) : baspoly_pin has 0 polygons
2026-08-08 22:30:29 +0200: Memory Usage (460064K) : psd_drw has 3408 polygons
2026-08-08 22:30:29 +0200: Memory Usage (460064K) : nldb_drw has 0 polygons
2026-08-08 22:30:29 +0200: Memory Usage (460064K) : digibnd_drw has 0 polygons
2026-08-08 22:30:29 +0200: Memory Usage (460064K) : via1_drw has 2569 polygons
2026-08-08 22:30:29 +0200: Memory Usage (460064K) : backmetal1_drw has 0 polygons
2026-08-08 22:30:29 +0200: Memory Usage (460064K) : backmetal1_pin has 0 polygons
2026-08-08 22:30:29 +0200: Memory Usage (460064K) : backmetal1_mask has 0 polygons
2026-08-08 22:30:29 +0200: Memory Usage (460064K) : backmetal1_filler has 0 polygons
2026-08-08 22:30:29 +0200: Memory Usage (460064K) : backmetal1_nofill has 0 polygons
2026-08-08 22:30:29 +0200: Memory Usage (460064K) : backmetal1_slit has 0 polygons
2026-08-08 22:30:29 +0200: Memory Usage (460064K) : backmetal1_text has 0 polygons
2026-08-08 22:30:29 +0200: Memory Usage (460064K) : backmetal1_opc has 0 polygons
2026-08-08 22:30:29 +0200: Memory Usage (460064K) : backmetal1_noqrc has 0 polygons
2026-08-08 22:30:29 +0200: Memory Usage (460064K) : backmetal1_res has 0 polygons
2026-08-08 22:30:29 +0200: Memory Usage (460064K) : backmetal1_iprobe has 0 polygons
2026-08-08 22:30:29 +0200: Memory Usage (460064K) : backmetal1_diffprb has 0 polygons
2026-08-08 22:30:29 +0200: Memory Usage (460064K) : backpassiv_drw has 0 polygons
2026-08-08 22:30:29 +0200: Memory Usage (460064K) : res_drw has 0 polygons
2026-08-08 22:30:29 +0200: Memory Usage (460064K) : sram_drw has 0 polygons
2026-08-08 22:30:29 +0200: Memory Usage (460064K) : trans_drw has 0 polygons
2026-08-08 22:30:29 +0200: Memory Usage (460064K) : ind_drw has 0 polygons
2026-08-08 22:30:29 +0200: Memory Usage (460064K) : ind_pin has 0 polygons
2026-08-08 22:30:29 +0200: Memory Usage (460064K) : ind_text has 0 polygons
2026-08-08 22:30:29 +0200: Memory Usage (460064K) : salblock_drw has 0 polygons
2026-08-08 22:30:29 +0200: Memory Usage (460064K) : via2_drw has 2316 polygons
2026-08-08 22:30:29 +0200: Memory Usage (460064K) : metal3_drw has 3647 polygons
2026-08-08 22:30:29 +0200: Memory Usage (460064K) : metal3_pin has 11 polygons
2026-08-08 22:30:29 +0200: Memory Usage (460064K) : metal3_mask has 0 polygons
2026-08-08 22:30:29 +0200: Memory Usage (460064K) : metal3_filler has 0 polygons
2026-08-08 22:30:29 +0200: Memory Usage (460064K) : metal3_nofill has 0 polygons
2026-08-08 22:30:29 +0200: Memory Usage (460064K) : metal3_slit has 0 polygons
2026-08-08 22:30:29 +0200: Memory Usage (460064K) : metal3_text has 11 polygons
2026-08-08 22:30:29 +0200: Memory Usage (460064K) : metal3_opc has 0 polygons
2026-08-08 22:30:29 +0200: Memory Usage (460064K) : metal3_noqrc has 0 polygons
2026-08-08 22:30:29 +0200: Memory Usage (460064K) : metal3_res has 0 polygons
2026-08-08 22:30:29 +0200: Memory Usage (460064K) : metal3_iprobe has 0 polygons
2026-08-08 22:30:29 +0200: Memory Usage (460064K) : metal3_diffprb has 0 polygons
2026-08-08 22:30:30 +0200: Memory Usage (460064K) : nwell_drw has 1682 polygons
2026-08-08 22:30:30 +0200: Memory Usage (460064K) : nwell_pin has 0 polygons
2026-08-08 22:30:30 +0200: Memory Usage (460064K) : nbulay_drw has 0 polygons
2026-08-08 22:30:30 +0200: Memory Usage (460064K) : nbulay_pin has 0 polygons
2026-08-08 22:30:30 +0200: Memory Usage (460064K) : nbulay_block has 0 polygons
2026-08-08 22:30:30 +0200: Memory Usage (460064K) : emwind_drw has 0 polygons
2026-08-08 22:30:30 +0200: Memory Usage (460064K) : emwind_opc has 0 polygons
2026-08-08 22:30:30 +0200: Memory Usage (460064K) : deepco_drw has 0 polygons
2026-08-08 22:30:30 +0200: Memory Usage (460064K) : deepco_drw has 0 polygons
2026-08-08 22:30:30 +0200: Memory Usage (460064K) : mim_drw has 0 polygons
2026-08-08 22:30:30 +0200: Memory Usage (460064K) : edgeseal_drw has 24 polygons
2026-08-08 22:30:30 +0200: Memory Usage (460064K) : edgeseal_bound has 1 polygons
2026-08-08 22:30:30 +0200: Memory Usage (460064K) : substrate_drw has 0 polygons
2026-08-08 22:30:30 +0200: Memory Usage (460064K) : substrate_text has 0 polygons
2026-08-08 22:30:30 +0200: Memory Usage (460064K) : dfpad_drw has 0 polygons
2026-08-08 22:30:30 +0200: Memory Usage (460064K) : dfpad_pillar has 0 polygons
2026-08-08 22:30:30 +0200: Memory Usage (460064K) : dfpad_sbump has 0 polygons
2026-08-08 22:30:30 +0200: Memory Usage (460064K) : thickgateox_drw has 0 polygons
2026-08-08 22:30:30 +0200: Memory Usage (460064K) : pldb_drw has 0 polygons
2026-08-08 22:30:30 +0200: Memory Usage (460064K) : pwell_drw has 0 polygons
2026-08-08 22:30:30 +0200: Memory Usage (460064K) : pwell_pin has 0 polygons
2026-08-08 22:30:30 +0200: Memory Usage (460064K) : pwell_block has 0 polygons
2026-08-08 22:30:30 +0200: Memory Usage (460192K) : ic_drw has 0 polygons
2026-08-08 22:30:30 +0200: Memory Usage (460192K) : via3_drw has 597 polygons
2026-08-08 22:30:30 +0200: Memory Usage (460192K) : metal4_drw has 492 polygons
2026-08-08 22:30:30 +0200: Memory Usage (460192K) : metal4_pin has 0 polygons
2026-08-08 22:30:30 +0200: Memory Usage (460192K) : metal4_mask has 0 polygons
2026-08-08 22:30:30 +0200: Memory Usage (460192K) : metal4_filler has 0 polygons
2026-08-08 22:30:30 +0200: Memory Usage (460192K) : metal4_nofill has 0 polygons
2026-08-08 22:30:30 +0200: Memory Usage (460192K) : metal4_slit has 0 polygons
2026-08-08 22:30:30 +0200: Memory Usage (460192K) : metal4_text has 0 polygons
2026-08-08 22:30:30 +0200: Memory Usage (460192K) : metal4_opc has 0 polygons
2026-08-08 22:30:30 +0200: Memory Usage (460192K) : metal4_noqrc has 0 polygons
2026-08-08 22:30:30 +0200: Memory Usage (460192K) : metal4_res has 0 polygons
2026-08-08 22:30:30 +0200: Memory Usage (460192K) : metal4_iprobe has 0 polygons
2026-08-08 22:30:30 +0200: Memory Usage (460192K) : metal4_diffprb has 0 polygons
2026-08-08 22:30:30 +0200: Memory Usage (460192K) : heattrans_drw has 0 polygons
2026-08-08 22:30:30 +0200: Memory Usage (460192K) : heatres_drw has 0 polygons
2026-08-08 22:30:30 +0200: Memory Usage (460192K) : pempoly_drw has 0 polygons
2026-08-08 22:30:30 +0200: Memory Usage (460192K) : fbe_drw has 0 polygons
2026-08-08 22:30:30 +0200: Memory Usage (460192K) : empoly_drw has 0 polygons
2026-08-08 22:30:30 +0200: Memory Usage (460192K) : ldmos_drw has 0 polygons
2026-08-08 22:30:30 +0200: Memory Usage (460192K) : pbiwind_drw has 0 polygons
2026-08-08 22:30:30 +0200: Memory Usage (460192K) : digisub_drw has 0 polygons
2026-08-08 22:30:30 +0200: Memory Usage (460192K) : nodrc_drw has 0 polygons
2026-08-08 22:30:30 +0200: Memory Usage (460192K) : text_drw has 2 polygons
2026-08-08 22:30:30 +0200: Memory Usage (460192K) : via4_drw has 468 polygons
2026-08-08 22:30:30 +0200: Memory Usage (460192K) : metal5_drw has 311 polygons
2026-08-08 22:30:30 +0200: Memory Usage (460192K) : metal5_pin has 0 polygons
2026-08-08 22:30:30 +0200: Memory Usage (460192K) : metal5_mask has 0 polygons
2026-08-08 22:30:30 +0200: Memory Usage (460192K) : metal5_filler has 0 polygons
2026-08-08 22:30:30 +0200: Memory Usage (460192K) : metal5_nofill has 0 polygons
2026-08-08 22:30:30 +0200: Memory Usage (460192K) : metal5_slit has 0 polygons
2026-08-08 22:30:30 +0200: Memory Usage (460192K) : metal5_text has 0 polygons
2026-08-08 22:30:30 +0200: Memory Usage (460192K) : metal5_opc has 0 polygons
2026-08-08 22:30:30 +0200: Memory Usage (460192K) : metal5_noqrc has 0 polygons
2026-08-08 22:30:30 +0200: Memory Usage (460192K) : metal5_res has 0 polygons
2026-08-08 22:30:30 +0200: Memory Usage (460192K) : metal5_iprobe has 0 polygons
2026-08-08 22:30:30 +0200: Memory Usage (460192K) : metal5_diffprb has 0 polygons
2026-08-08 22:30:31 +0200: Memory Usage (460192K) : radhard_drw has 0 polygons
2026-08-08 22:30:31 +0200: Memory Usage (460192K) : memcap_drw has 0 polygons
2026-08-08 22:30:31 +0200: Memory Usage (460192K) : varicap_drw has 0 polygons
2026-08-08 22:30:31 +0200: Memory Usage (460192K) : flash_drw has 0 polygons
2026-08-08 22:30:31 +0200: Memory Usage (460192K) : intbondvia_drw has 0 polygons
2026-08-08 22:30:31 +0200: Memory Usage (460192K) : intbondmet_drw has 0 polygons
2026-08-08 22:30:31 +0200: Memory Usage (460192K) : devbondvia_drw has 0 polygons
2026-08-08 22:30:31 +0200: Memory Usage (460192K) : devbondmet_drw has 0 polygons
2026-08-08 22:30:31 +0200: Memory Usage (460192K) : devtrench_drw has 0 polygons
2026-08-08 22:30:31 +0200: Memory Usage (460192K) : redist_drw has 0 polygons
2026-08-08 22:30:31 +0200: Memory Usage (460192K) : graphbot_drw has 0 polygons
2026-08-08 22:30:31 +0200: Memory Usage (460192K) : graphtop_drw has 0 polygons
2026-08-08 22:30:31 +0200: Memory Usage (460192K) : antvia1_drw has 0 polygons
2026-08-08 22:30:31 +0200: Memory Usage (460192K) : antmetal2_drw has 0 polygons
2026-08-08 22:30:31 +0200: Memory Usage (460192K) : graphcont_drw has 0 polygons
2026-08-08 22:30:31 +0200: Memory Usage (460192K) : siwg_drw has 0 polygons
2026-08-08 22:30:31 +0200: Memory Usage (460192K) : siwg_filler has 0 polygons
2026-08-08 22:30:31 +0200: Memory Usage (460192K) : siwg_nofill has 0 polygons
2026-08-08 22:30:31 +0200: Memory Usage (460192K) : sigrating_drw has 0 polygons
2026-08-08 22:30:31 +0200: Memory Usage (460192K) : singrating_drw has 0 polygons
2026-08-08 22:30:31 +0200: Memory Usage (460192K) : graphpas_drw has 0 polygons
2026-08-08 22:30:31 +0200: Memory Usage (460192K) : emwind3_drw has 0 polygons
2026-08-08 22:30:31 +0200: Memory Usage (460192K) : emwihv3_drw has 0 polygons
2026-08-08 22:30:31 +0200: Memory Usage (460192K) : redbulay_drw has 0 polygons
2026-08-08 22:30:31 +0200: Memory Usage (460192K) : smos_drw has 0 polygons
2026-08-08 22:30:31 +0200: Memory Usage (460192K) : graphpad_drw has 0 polygons
2026-08-08 22:30:31 +0200: Memory Usage (460192K) : polimide_drw has 0 polygons
2026-08-08 22:30:31 +0200: Memory Usage (460192K) : polimide_pin has 0 polygons
2026-08-08 22:30:31 +0200: Memory Usage (460192K) : recog_drw has 0 polygons
2026-08-08 22:30:31 +0200: Memory Usage (460192K) : recog_pin has 0 polygons
2026-08-08 22:30:31 +0200: Memory Usage (460192K) : recog_esd has 0 polygons
2026-08-08 22:30:31 +0200: Memory Usage (460192K) : recog_diode has 0 polygons
2026-08-08 22:30:31 +0200: Memory Usage (460192K) : recog_tsv has 0 polygons
2026-08-08 22:30:31 +0200: Memory Usage (460192K) : recog_iprobe has 0 polygons
2026-08-08 22:30:31 +0200: Memory Usage (460192K) : recog_diffprb has 0 polygons
2026-08-08 22:30:31 +0200: Memory Usage (460192K) : recog_pillar has 0 polygons
2026-08-08 22:30:31 +0200: Memory Usage (460192K) : recog_sbump has 0 polygons
2026-08-08 22:30:31 +0200: Memory Usage (460192K) : recog_otp has 0 polygons
2026-08-08 22:30:31 +0200: Memory Usage (460192K) : recog_pdiode has 0 polygons
2026-08-08 22:30:31 +0200: Memory Usage (460192K) : recog_mom has 0 polygons
2026-08-08 22:30:31 +0200: Memory Usage (460192K) : recog_pcm has 0 polygons
2026-08-08 22:30:31 +0200: Memory Usage (460192K) : colopen_drw has 0 polygons
2026-08-08 22:30:31 +0200: Memory Usage (460192K) : graphmetal1_drw has 0 polygons
2026-08-08 22:30:31 +0200: Memory Usage (460192K) : graphmetal1_filler has 0 polygons
2026-08-08 22:30:31 +0200: Memory Usage (460192K) : graphmetal1_nofill has 0 polygons
2026-08-08 22:30:31 +0200: Memory Usage (460192K) : graphmetal1_slit has 0 polygons
2026-08-08 22:30:31 +0200: Memory Usage (460192K) : graphmetal1_opc has 0 polygons
2026-08-08 22:30:31 +0200: Memory Usage (460192K) : graphmet1l_drw has 0 polygons
2026-08-08 22:30:31 +0200: Memory Usage (460192K) : graphmet1l_filler has 0 polygons
2026-08-08 22:30:31 +0200: Memory Usage (460192K) : graphmet1l_nofill has 0 polygons
2026-08-08 22:30:31 +0200: Memory Usage (460192K) : graphmet1l_slit has 0 polygons
2026-08-08 22:30:31 +0200: Memory Usage (460192K) : graphmet1l_opc has 0 polygons
2026-08-08 22:30:31 +0200: Memory Usage (460192K) : extblock_drw has 0 polygons
2026-08-08 22:30:31 +0200: Memory Usage (460192K) : nldd_drw has 0 polygons
2026-08-08 22:30:32 +0200: Memory Usage (460192K) : pldd_drw has 0 polygons
2026-08-08 22:30:32 +0200: Memory Usage (460192K) : next_drw has 0 polygons
2026-08-08 22:30:32 +0200: Memory Usage (460192K) : pext_drw has 0 polygons
2026-08-08 22:30:32 +0200: Memory Usage (460192K) : nexthv_drw has 0 polygons
2026-08-08 22:30:32 +0200: Memory Usage (460192K) : pexthv_drw has 0 polygons
2026-08-08 22:30:32 +0200: Memory Usage (460192K) : graphgate_drw has 0 polygons
2026-08-08 22:30:32 +0200: Memory Usage (460192K) : sinwg_drw has 0 polygons
2026-08-08 22:30:32 +0200: Memory Usage (460192K) : sinwg_filler has 0 polygons
2026-08-08 22:30:32 +0200: Memory Usage (460192K) : sinwg_nofill has 0 polygons
2026-08-08 22:30:32 +0200: Memory Usage (460192K) : mempad_drw has 0 polygons
2026-08-08 22:30:32 +0200: Memory Usage (460192K) : topvia1_drw has 200 polygons
2026-08-08 22:30:32 +0200: Memory Usage (460192K) : topmetal1_drw has 118 polygons
2026-08-08 22:30:32 +0200: Memory Usage (460192K) : topmetal1_pin has 4 polygons
2026-08-08 22:30:32 +0200: Memory Usage (460192K) : topmetal1_mask has 0 polygons
2026-08-08 22:30:32 +0200: Memory Usage (460192K) : topmetal1_filler has 0 polygons
2026-08-08 22:30:32 +0200: Memory Usage (460192K) : topmetal1_nofill has 0 polygons
2026-08-08 22:30:32 +0200: Memory Usage (460192K) : topmetal1_slit has 0 polygons
2026-08-08 22:30:32 +0200: Memory Usage (460192K) : topmetal1_text has 2 polygons
2026-08-08 22:30:32 +0200: Memory Usage (460192K) : topmetal1_noqrc has 0 polygons
2026-08-08 22:30:32 +0200: Memory Usage (460192K) : topmetal1_res has 0 polygons
2026-08-08 22:30:32 +0200: Memory Usage (460192K) : topmetal1_iprobe has 0 polygons
2026-08-08 22:30:32 +0200: Memory Usage (460192K) : topmetal1_diffprb has 0 polygons
2026-08-08 22:30:32 +0200: Memory Usage (460192K) : inldpwl_drw has 0 polygons
2026-08-08 22:30:32 +0200: Memory Usage (460192K) : polyres_drw has 0 polygons
2026-08-08 22:30:32 +0200: Memory Usage (460192K) : polyres_pin has 0 polygons
2026-08-08 22:30:32 +0200: Memory Usage (460192K) : vmim_drw has 0 polygons
2026-08-08 22:30:32 +0200: Memory Usage (460192K) : nbulaycut_drw has 0 polygons
2026-08-08 22:30:32 +0200: Memory Usage (460192K) : antmetal1_drw has 0 polygons
2026-08-08 22:30:32 +0200: Memory Usage (460192K) : topvia2_drw has 36 polygons
2026-08-08 22:30:32 +0200: Memory Usage (460192K) : topmetal2_drw has 40 polygons
2026-08-08 22:30:32 +0200: Memory Usage (460192K) : topmetal2_pin has 4 polygons
2026-08-08 22:30:32 +0200: Memory Usage (460192K) : topmetal2_mask has 0 polygons
2026-08-08 22:30:32 +0200: Memory Usage (460192K) : topmetal2_filler has 0 polygons
2026-08-08 22:30:32 +0200: Memory Usage (460192K) : topmetal2_nofill has 0 polygons
2026-08-08 22:30:32 +0200: Memory Usage (460192K) : topmetal2_slit has 0 polygons
2026-08-08 22:30:32 +0200: Memory Usage (460192K) : topmetal2_text has 2 polygons
2026-08-08 22:30:32 +0200: Memory Usage (460192K) : topmetal2_noqrc has 0 polygons
2026-08-08 22:30:32 +0200: Memory Usage (460192K) : topmetal2_res has 0 polygons
2026-08-08 22:30:32 +0200: Memory Usage (460192K) : topmetal2_iprobe has 0 polygons
2026-08-08 22:30:32 +0200: Memory Usage (460192K) : topmetal2_diffprb has 0 polygons
2026-08-08 22:30:32 +0200: Memory Usage (460192K) : snsring_drw has 0 polygons
2026-08-08 22:30:32 +0200: Memory Usage (460192K) : sensor_drw has 0 polygons
2026-08-08 22:30:32 +0200: Memory Usage (460192K) : snsarms_drw has 0 polygons
2026-08-08 22:30:32 +0200: Memory Usage (460192K) : snscmosvia_drw has 0 polygons
2026-08-08 22:30:32 +0200: Memory Usage (460192K) : colwind_drw has 0 polygons
2026-08-08 22:30:32 +0200: Memory Usage (460192K) : flm_drw has 0 polygons
2026-08-08 22:30:32 +0200: Memory Usage (460192K) : hafniumox_drw has 0 polygons
2026-08-08 22:30:32 +0200: Memory Usage (460192K) : memvia_drw has 0 polygons
2026-08-08 22:30:32 +0200: Memory Usage (460192K) : thinfilmres_drw has 0 polygons
2026-08-08 22:30:32 +0200: Memory Usage (460192K) : rfmem_drw has 0 polygons
2026-08-08 22:30:32 +0200: Memory Usage (460192K) : norcx_drw has 0 polygons
2026-08-08 22:30:32 +0200: Memory Usage (460192K) : norcx_m2m3 has 0 polygons
2026-08-08 22:30:32 +0200: Memory Usage (460192K) : norcx_m2m4 has 0 polygons
2026-08-08 22:30:32 +0200: Memory Usage (460320K) : norcx_m2m5 has 0 polygons
2026-08-08 22:30:32 +0200: Memory Usage (460320K) : norcx_m2tm1 has 0 polygons
2026-08-08 22:30:32 +0200: Memory Usage (460320K) : norcx_m2tm2 has 0 polygons
2026-08-08 22:30:32 +0200: Memory Usage (460320K) : norcx_m3m4 has 0 polygons
2026-08-08 22:30:32 +0200: Memory Usage (460320K) : norcx_m3m5 has 0 polygons
2026-08-08 22:30:32 +0200: Memory Usage (460320K) : norcx_m3tm1 has 0 polygons
2026-08-08 22:30:32 +0200: Memory Usage (460320K) : norcx_m3tm2 has 0 polygons
2026-08-08 22:30:32 +0200: Memory Usage (460320K) : norcx_m4m5 has 0 polygons
2026-08-08 22:30:32 +0200: Memory Usage (460320K) : norcx_m4tm1 has 0 polygons
2026-08-08 22:30:32 +0200: Memory Usage (460320K) : norcx_m4tm2 has 0 polygons
2026-08-08 22:30:32 +0200: Memory Usage (460320K) : norcx_m5tm1 has 0 polygons
2026-08-08 22:30:32 +0200: Memory Usage (460320K) : norcx_m5tm2 has 0 polygons
2026-08-08 22:30:32 +0200: Memory Usage (460320K) : norcx_tm1tm2 has 0 polygons
2026-08-08 22:30:32 +0200: Memory Usage (460320K) : norcx_m1sub has 0 polygons
2026-08-08 22:30:33 +0200: Memory Usage (460320K) : norcx_m2sub has 0 polygons
2026-08-08 22:30:33 +0200: Memory Usage (460320K) : norcx_m3sub has 0 polygons
2026-08-08 22:30:33 +0200: Memory Usage (460320K) : norcx_m4sub has 0 polygons
2026-08-08 22:30:33 +0200: Memory Usage (460320K) : norcx_m5sub has 0 polygons
2026-08-08 22:30:33 +0200: Memory Usage (460320K) : norcx_tm1sub has 0 polygons
2026-08-08 22:30:33 +0200: Memory Usage (460320K) : norcx_tm2sub has 0 polygons
2026-08-08 22:30:33 +0200: Memory Usage (460320K) : snsbotvia_drw has 0 polygons
2026-08-08 22:30:33 +0200: Memory Usage (460320K) : snstopvia_drw has 0 polygons
2026-08-08 22:30:33 +0200: Memory Usage (460320K) : deepvia_drw has 0 polygons
2026-08-08 22:30:33 +0200: Memory Usage (460320K) : fgetch_drw has 0 polygons
2026-08-08 22:30:33 +0200: Memory Usage (460320K) : ctrgat_drw has 0 polygons
2026-08-08 22:30:33 +0200: Memory Usage (460320K) : fgimp_drw has 0 polygons
2026-08-08 22:30:33 +0200: Memory Usage (460320K) : emwihv_drw has 0 polygons
2026-08-08 22:30:33 +0200: Memory Usage (460320K) : lbe_drw has 0 polygons
2026-08-08 22:30:33 +0200: Memory Usage (460320K) : alcustop_drw has 0 polygons
2026-08-08 22:30:33 +0200: Memory Usage (460320K) : nometfiller_drw has 0 polygons
2026-08-08 22:30:33 +0200: Memory Usage (460320K) : prboundary_drw has 0 polygons
2026-08-08 22:30:33 +0200: Memory Usage (460320K) : exchange0_drw has 0 polygons
2026-08-08 22:30:33 +0200: Memory Usage (460320K) : exchange0_pin has 0 polygons
2026-08-08 22:30:33 +0200: Memory Usage (460320K) : exchange0_text has 0 polygons
2026-08-08 22:30:33 +0200: Memory Usage (460320K) : exchange1_drw has 0 polygons
2026-08-08 22:30:33 +0200: Memory Usage (460320K) : exchange1_pin has 0 polygons
2026-08-08 22:30:33 +0200: Memory Usage (460320K) : exchange1_text has 0 polygons
2026-08-08 22:30:33 +0200: Memory Usage (460320K) : exchange2_drw has 0 polygons
2026-08-08 22:30:33 +0200: Memory Usage (460320K) : exchange2_pin has 0 polygons
2026-08-08 22:30:33 +0200: Memory Usage (460320K) : exchange2_text has 0 polygons
2026-08-08 22:30:33 +0200: Memory Usage (460320K) : exchange3_drw has 0 polygons
2026-08-08 22:30:33 +0200: Memory Usage (460448K) : exchange3_pin has 0 polygons
2026-08-08 22:30:33 +0200: Memory Usage (460448K) : exchange3_text has 0 polygons
2026-08-08 22:30:33 +0200: Memory Usage (460448K) : exchange4_drw has 0 polygons
2026-08-08 22:30:33 +0200: Memory Usage (460448K) : exchange4_pin has 0 polygons
2026-08-08 22:30:33 +0200: Memory Usage (460448K) : exchange4_text has 0 polygons
2026-08-08 22:30:33 +0200: Memory Usage (460448K) : isonwell_drw has 0 polygons
2026-08-08 22:30:33 +0200: Memory Usage (460448K) : Total no. of polygons in the design is 121051
2026-08-08 22:30:33 +0200: Memory Usage (460448K) : Loaded TECH DRC rules values from /foss/pdks/ihp-sg13g2/libs.tech/klayout/python/sg13g2_pycell_lib/sg13g2_tech_mod.json
2026-08-08 22:30:33 +0200: Memory Usage (460448K) : Loaded default DRC rules values from /foss/pdks/ihp-sg13g2/libs.tech/klayout/tech/drc/rule_decks/sg13g2_tech_default.json
2026-08-08 22:30:33 +0200: Memory Usage (460448K) : The following rules values were missing in tech json and default values were used:
2026-08-08 22:30:33 +0200: Memory Usage (460448K) :   - NW_f1_digibnd
2026-08-08 22:30:33 +0200: Memory Usage (460448K) :   - Cnt_c_digibnd
2026-08-08 22:30:33 +0200: Memory Usage (460448K) :   - Cnt_c_sram
2026-08-08 22:30:33 +0200: Memory Usage (460448K) :   - Sdiod_b
2026-08-08 22:30:33 +0200: Memory Usage (460448K) :   - Sdiod_c
2026-08-08 22:30:33 +0200: Memory Usage (461404K) : Total area of the design is 27848.17 um^2.
2026-08-08 22:30:33 +0200: Memory Usage (461404K) : The design dimensions are 157.78 µm * 176.5 µm.
2026-08-08 22:30:33 +0200: Memory Usage (461404K) : Starting general IHP-SG13G2 derivations.
2026-08-08 22:30:33 +0200: Memory Usage (461404K) : Starting Pwell derivations
2026-08-08 22:30:33 +0200: Memory Usage (464344K) : Starting IHP-SG13G2 DRC rules.
2026-08-08 22:30:33 +0200: Memory Usage (464344K) : Starting 6.10 Sealring table
2026-08-08 22:30:33 +0200: Memory Usage (464344K) : Executing rule Seal.l
2026-08-08 22:30:43 +0200: Memory Usage (477984K) : Executing rule Seal.n
2026-08-08 22:30:43 +0200: Memory Usage (478112K) : Executing rule seal.b_metal1
2026-08-08 22:30:44 +0200: Memory Usage (481284K) : Executing rule seal.b_metal2
2026-08-08 22:30:45 +0200: Memory Usage (484100K) : Executing rule seal.b_metal3
2026-08-08 22:30:46 +0200: Memory Usage (484100K) : Executing rule seal.b_metal4
2026-08-08 22:30:46 +0200: Memory Usage (485380K) : Executing rule seal.b_metal5
2026-08-08 22:30:47 +0200: Memory Usage (486660K) : Executing rule seal.b_topmetal1
2026-08-08 22:30:47 +0200: Memory Usage (486660K) : Executing rule seal.b_topmetal2
2026-08-08 22:30:48 +0200: Memory Usage (487940K) : Executing rule seal.b_activ
2026-08-08 22:30:49 +0200: Memory Usage (487808K) : Executing rule seal.b_psd
2026-08-08 22:30:50 +0200: Memory Usage (489856K) : Executing rule Seal.k
2026-08-08 22:30:50 +0200: Memory Usage (493092K) : Executing rule Seal.m
2026-08-08 22:30:50 +0200: Memory Usage (493348K) : KLayout DRC run for tables 'sealring' completed in 22.44 seconds
