# Logfile created on 2026-08-08 22:29:44 +0200 by logger.rb/v1.5.3
2026-08-08 22:29:44 +0200: Memory Usage (455160K) : Starting running IHP-SG13G2 KLayout DRC runset on /foss/designs/spi-slave-ihp/spi_slave.gds
2026-08-08 22:29:44 +0200: Memory Usage (455160K) : Ruby Version for klayout: 3.2.3
2026-08-08 22:29:44 +0200: Memory Usage (457192K) : Loading database to memory is complete.
2026-08-08 22:29:44 +0200: Memory Usage (457192K) : IHP-SG13G2 KLayout DRC runset output at: /foss/designs/spi-slave-ihp/signoff/drc/spi_slave_spi_slave_gatpoly.lyrdb
2026-08-08 22:29:44 +0200: Memory Usage (457192K) : Evaluate switches.
2026-08-08 22:29:44 +0200: Memory Usage (457192K) : tables selected: gatpoly
2026-08-08 22:29:44 +0200: Memory Usage (457192K) : KLayout will use 8 thread(s) in tiling mode.
2026-08-08 22:29:44 +0200: Memory Usage (457192K) : deep mode is enabled.
2026-08-08 22:29:44 +0200: Memory Usage (457192K) : FEOL enabled: false
2026-08-08 22:29:44 +0200: Memory Usage (457192K) : BEOL enabled: false
2026-08-08 22:29:44 +0200: Memory Usage (457192K) : OFFGRID enabled: true
2026-08-08 22:29:44 +0200: Memory Usage (457192K) : ANGLE enabled: true
2026-08-08 22:29:44 +0200: Memory Usage (457192K) : PIN enabled: false
2026-08-08 22:29:44 +0200: Memory Usage (457192K) : FORBIDDEN enabled: false
2026-08-08 22:29:44 +0200: Memory Usage (457192K) : RECOMMENDED enabled: true
2026-08-08 22:29:44 +0200: Memory Usage (457192K) : PreCheck DRC enabled: false
2026-08-08 22:29:44 +0200: Memory Usage (457192K) : CONNECTIVITY_RULES enabled: false.
2026-08-08 22:29:44 +0200: Memory Usage (457192K) : Read in polygons from layers.
2026-08-08 22:29:44 +0200: Memory Usage (458564K) : activ_drw has 8060 polygons
2026-08-08 22:29:44 +0200: Memory Usage (458564K) : activ_pin has 0 polygons
2026-08-08 22:29:44 +0200: Memory Usage (458564K) : activ_mask has 0 polygons
2026-08-08 22:29:44 +0200: Memory Usage (458564K) : activ_filler has 0 polygons
2026-08-08 22:29:44 +0200: Memory Usage (458564K) : activ_nofill has 0 polygons
2026-08-08 22:29:44 +0200: Memory Usage (458820K) : activ_opc has 0 polygons
2026-08-08 22:29:44 +0200: Memory Usage (458820K) : activ_iopc has 0 polygons
2026-08-08 22:29:44 +0200: Memory Usage (458820K) : activ_noqrc has 0 polygons
2026-08-08 22:29:44 +0200: Memory Usage (458820K) : biwind_drw has 0 polygons
2026-08-08 22:29:44 +0200: Memory Usage (458820K) : biwind_opc has 0 polygons
2026-08-08 22:29:44 +0200: Memory Usage (458948K) : pemwind_drw has 0 polygons
2026-08-08 22:29:44 +0200: Memory Usage (458948K) : gatpoly_drw has 8381 polygons
2026-08-08 22:29:44 +0200: Memory Usage (458948K) : gatpoly_pin has 0 polygons
2026-08-08 22:29:44 +0200: Memory Usage (459076K) : gatpoly_filler has 0 polygons
2026-08-08 22:29:44 +0200: Memory Usage (459204K) : gatpoly_nofill has 0 polygons
2026-08-08 22:29:44 +0200: Memory Usage (459204K) : gatpoly_opc has 0 polygons
2026-08-08 22:29:44 +0200: Memory Usage (459204K) : gatpoly_iopc has 0 polygons
2026-08-08 22:29:44 +0200: Memory Usage (459332K) : gatpoly_noqrc has 0 polygons
2026-08-08 22:29:44 +0200: Memory Usage (459332K) : cont_drw has 54323 polygons
2026-08-08 22:29:44 +0200: Memory Usage (459460K) : cont_opc has 0 polygons
2026-08-08 22:29:44 +0200: Memory Usage (459460K) : nsd_drw has 0 polygons
2026-08-08 22:29:44 +0200: Memory Usage (459588K) : nsd_block has 0 polygons
2026-08-08 22:29:44 +0200: Memory Usage (459588K) : metal1_drw has 15572 polygons
2026-08-08 22:29:44 +0200: Memory Usage (459588K) : metal1_pin has 5570 polygons
2026-08-08 22:29:44 +0200: Memory Usage (459588K) : metal1_mask has 0 polygons
2026-08-08 22:29:44 +0200: Memory Usage (459588K) : metal1_filler has 0 polygons
2026-08-08 22:29:45 +0200: Memory Usage (459588K) : metal1_nofill has 0 polygons
2026-08-08 22:29:45 +0200: Memory Usage (459588K) : metal1_slit has 0 polygons
2026-08-08 22:29:45 +0200: Memory Usage (459772K) : metal1_text has 5488 polygons
2026-08-08 22:29:45 +0200: Memory Usage (459772K) : metal1_opc has 0 polygons
2026-08-08 22:29:45 +0200: Memory Usage (459772K) : metal1_noqrc has 0 polygons
2026-08-08 22:29:45 +0200: Memory Usage (459772K) : metal1_res has 0 polygons
2026-08-08 22:29:45 +0200: Memory Usage (459772K) : metal1_iprobe has 0 polygons
2026-08-08 22:29:45 +0200: Memory Usage (459772K) : metal1_diffprb has 0 polygons
2026-08-08 22:29:45 +0200: Memory Usage (459772K) : passiv_drw has 12 polygons
2026-08-08 22:29:45 +0200: Memory Usage (459772K) : passiv_pin has 0 polygons
2026-08-08 22:29:45 +0200: Memory Usage (459772K) : passiv_sbump has 0 polygons
2026-08-08 22:29:45 +0200: Memory Usage (459772K) : passiv_pillar has 0 polygons
2026-08-08 22:29:45 +0200: Memory Usage (459772K) : passiv_pdl has 0 polygons
2026-08-08 22:29:45 +0200: Memory Usage (459772K) : metal2_drw has 7662 polygons
2026-08-08 22:29:45 +0200: Memory Usage (459772K) : metal2_pin has 19 polygons
2026-08-08 22:29:45 +0200: Memory Usage (459772K) : metal2_mask has 0 polygons
2026-08-08 22:29:45 +0200: Memory Usage (459772K) : metal2_filler has 0 polygons
2026-08-08 22:29:45 +0200: Memory Usage (459772K) : metal2_nofill has 0 polygons
2026-08-08 22:29:45 +0200: Memory Usage (459772K) : metal2_slit has 0 polygons
2026-08-08 22:29:45 +0200: Memory Usage (459772K) : metal2_text has 19 polygons
2026-08-08 22:29:45 +0200: Memory Usage (459772K) : metal2_opc has 0 polygons
2026-08-08 22:29:45 +0200: Memory Usage (459772K) : metal2_noqrc has 0 polygons
2026-08-08 22:29:45 +0200: Memory Usage (459772K) : metal2_res has 0 polygons
2026-08-08 22:29:45 +0200: Memory Usage (459772K) : metal2_iprobe has 0 polygons
2026-08-08 22:29:45 +0200: Memory Usage (459772K) : metal2_diffprb has 0 polygons
2026-08-08 22:29:45 +0200: Memory Usage (459772K) : baspoly_drw has 0 polygons
2026-08-08 22:29:45 +0200: Memory Usage (459772K) : baspoly_pin has 0 polygons
2026-08-08 22:29:45 +0200: Memory Usage (459772K) : psd_drw has 3408 polygons
2026-08-08 22:29:45 +0200: Memory Usage (459772K) : nldb_drw has 0 polygons
2026-08-08 22:29:45 +0200: Memory Usage (459772K) : digibnd_drw has 0 polygons
2026-08-08 22:29:45 +0200: Memory Usage (459772K) : via1_drw has 2569 polygons
2026-08-08 22:29:45 +0200: Memory Usage (459772K) : backmetal1_drw has 0 polygons
2026-08-08 22:29:45 +0200: Memory Usage (459772K) : backmetal1_pin has 0 polygons
2026-08-08 22:29:45 +0200: Memory Usage (459772K) : backmetal1_mask has 0 polygons
2026-08-08 22:29:45 +0200: Memory Usage (459772K) : backmetal1_filler has 0 polygons
2026-08-08 22:29:45 +0200: Memory Usage (459772K) : backmetal1_nofill has 0 polygons
2026-08-08 22:29:45 +0200: Memory Usage (459772K) : backmetal1_slit has 0 polygons
2026-08-08 22:29:45 +0200: Memory Usage (459772K) : backmetal1_text has 0 polygons
2026-08-08 22:29:45 +0200: Memory Usage (459772K) : backmetal1_opc has 0 polygons
2026-08-08 22:29:45 +0200: Memory Usage (459772K) : backmetal1_noqrc has 0 polygons
2026-08-08 22:29:45 +0200: Memory Usage (459772K) : backmetal1_res has 0 polygons
2026-08-08 22:29:45 +0200: Memory Usage (459772K) : backmetal1_iprobe has 0 polygons
2026-08-08 22:29:45 +0200: Memory Usage (459772K) : backmetal1_diffprb has 0 polygons
2026-08-08 22:29:45 +0200: Memory Usage (459772K) : backpassiv_drw has 0 polygons
2026-08-08 22:29:45 +0200: Memory Usage (459772K) : res_drw has 0 polygons
2026-08-08 22:29:45 +0200: Memory Usage (459772K) : sram_drw has 0 polygons
2026-08-08 22:29:45 +0200: Memory Usage (459772K) : trans_drw has 0 polygons
2026-08-08 22:29:45 +0200: Memory Usage (459772K) : ind_drw has 0 polygons
2026-08-08 22:29:45 +0200: Memory Usage (459772K) : ind_pin has 0 polygons
2026-08-08 22:29:45 +0200: Memory Usage (459772K) : ind_text has 0 polygons
2026-08-08 22:29:46 +0200: Memory Usage (459772K) : salblock_drw has 0 polygons
2026-08-08 22:29:46 +0200: Memory Usage (459772K) : via2_drw has 2316 polygons
2026-08-08 22:29:46 +0200: Memory Usage (459772K) : metal3_drw has 3647 polygons
2026-08-08 22:29:46 +0200: Memory Usage (459772K) : metal3_pin has 11 polygons
2026-08-08 22:29:46 +0200: Memory Usage (459772K) : metal3_mask has 0 polygons
2026-08-08 22:29:46 +0200: Memory Usage (459772K) : metal3_filler has 0 polygons
2026-08-08 22:29:46 +0200: Memory Usage (459772K) : metal3_nofill has 0 polygons
2026-08-08 22:29:46 +0200: Memory Usage (459772K) : metal3_slit has 0 polygons
2026-08-08 22:29:46 +0200: Memory Usage (459772K) : metal3_text has 11 polygons
2026-08-08 22:29:46 +0200: Memory Usage (459772K) : metal3_opc has 0 polygons
2026-08-08 22:29:46 +0200: Memory Usage (459772K) : metal3_noqrc has 0 polygons
2026-08-08 22:29:46 +0200: Memory Usage (459772K) : metal3_res has 0 polygons
2026-08-08 22:29:46 +0200: Memory Usage (459772K) : metal3_iprobe has 0 polygons
2026-08-08 22:29:46 +0200: Memory Usage (459772K) : metal3_diffprb has 0 polygons
2026-08-08 22:29:46 +0200: Memory Usage (459772K) : nwell_drw has 1682 polygons
2026-08-08 22:29:46 +0200: Memory Usage (459772K) : nwell_pin has 0 polygons
2026-08-08 22:29:46 +0200: Memory Usage (459772K) : nbulay_drw has 0 polygons
2026-08-08 22:29:46 +0200: Memory Usage (459772K) : nbulay_pin has 0 polygons
2026-08-08 22:29:46 +0200: Memory Usage (459772K) : nbulay_block has 0 polygons
2026-08-08 22:29:46 +0200: Memory Usage (459772K) : emwind_drw has 0 polygons
2026-08-08 22:29:46 +0200: Memory Usage (459772K) : emwind_opc has 0 polygons
2026-08-08 22:29:46 +0200: Memory Usage (459772K) : deepco_drw has 0 polygons
2026-08-08 22:29:46 +0200: Memory Usage (459772K) : deepco_drw has 0 polygons
2026-08-08 22:29:46 +0200: Memory Usage (459772K) : mim_drw has 0 polygons
2026-08-08 22:29:46 +0200: Memory Usage (459772K) : edgeseal_drw has 24 polygons
2026-08-08 22:29:46 +0200: Memory Usage (459772K) : edgeseal_bound has 1 polygons
2026-08-08 22:29:46 +0200: Memory Usage (459772K) : substrate_drw has 0 polygons
2026-08-08 22:29:46 +0200: Memory Usage (459772K) : substrate_text has 0 polygons
2026-08-08 22:29:46 +0200: Memory Usage (459772K) : dfpad_drw has 0 polygons
2026-08-08 22:29:46 +0200: Memory Usage (459772K) : dfpad_pillar has 0 polygons
2026-08-08 22:29:46 +0200: Memory Usage (459772K) : dfpad_sbump has 0 polygons
2026-08-08 22:29:47 +0200: Memory Usage (459772K) : thickgateox_drw has 0 polygons
2026-08-08 22:29:47 +0200: Memory Usage (459772K) : pldb_drw has 0 polygons
2026-08-08 22:29:47 +0200: Memory Usage (459772K) : pwell_drw has 0 polygons
2026-08-08 22:29:47 +0200: Memory Usage (459772K) : pwell_pin has 0 polygons
2026-08-08 22:29:47 +0200: Memory Usage (459772K) : pwell_block has 0 polygons
2026-08-08 22:29:47 +0200: Memory Usage (459772K) : ic_drw has 0 polygons
2026-08-08 22:29:47 +0200: Memory Usage (459772K) : via3_drw has 597 polygons
2026-08-08 22:29:47 +0200: Memory Usage (459772K) : metal4_drw has 492 polygons
2026-08-08 22:29:47 +0200: Memory Usage (459772K) : metal4_pin has 0 polygons
2026-08-08 22:29:47 +0200: Memory Usage (459772K) : metal4_mask has 0 polygons
2026-08-08 22:29:47 +0200: Memory Usage (459772K) : metal4_filler has 0 polygons
2026-08-08 22:29:47 +0200: Memory Usage (459772K) : metal4_nofill has 0 polygons
2026-08-08 22:29:47 +0200: Memory Usage (459772K) : metal4_slit has 0 polygons
2026-08-08 22:29:47 +0200: Memory Usage (459772K) : metal4_text has 0 polygons
2026-08-08 22:29:47 +0200: Memory Usage (459772K) : metal4_opc has 0 polygons
2026-08-08 22:29:47 +0200: Memory Usage (459772K) : metal4_noqrc has 0 polygons
2026-08-08 22:29:47 +0200: Memory Usage (459772K) : metal4_res has 0 polygons
2026-08-08 22:29:47 +0200: Memory Usage (459772K) : metal4_iprobe has 0 polygons
2026-08-08 22:29:47 +0200: Memory Usage (459772K) : metal4_diffprb has 0 polygons
2026-08-08 22:29:47 +0200: Memory Usage (459772K) : heattrans_drw has 0 polygons
2026-08-08 22:29:47 +0200: Memory Usage (459772K) : heatres_drw has 0 polygons
2026-08-08 22:29:47 +0200: Memory Usage (459772K) : pempoly_drw has 0 polygons
2026-08-08 22:29:47 +0200: Memory Usage (459772K) : fbe_drw has 0 polygons
2026-08-08 22:29:47 +0200: Memory Usage (459772K) : empoly_drw has 0 polygons
2026-08-08 22:29:47 +0200: Memory Usage (459772K) : ldmos_drw has 0 polygons
2026-08-08 22:29:47 +0200: Memory Usage (459772K) : pbiwind_drw has 0 polygons
2026-08-08 22:29:47 +0200: Memory Usage (459772K) : digisub_drw has 0 polygons
2026-08-08 22:29:47 +0200: Memory Usage (459772K) : nodrc_drw has 0 polygons
2026-08-08 22:29:47 +0200: Memory Usage (459772K) : text_drw has 2 polygons
2026-08-08 22:29:47 +0200: Memory Usage (459772K) : via4_drw has 468 polygons
2026-08-08 22:29:47 +0200: Memory Usage (459772K) : metal5_drw has 311 polygons
2026-08-08 22:29:47 +0200: Memory Usage (459772K) : metal5_pin has 0 polygons
2026-08-08 22:29:47 +0200: Memory Usage (459772K) : metal5_mask has 0 polygons
2026-08-08 22:29:47 +0200: Memory Usage (459772K) : metal5_filler has 0 polygons
2026-08-08 22:29:47 +0200: Memory Usage (459772K) : metal5_nofill has 0 polygons
2026-08-08 22:29:47 +0200: Memory Usage (459772K) : metal5_slit has 0 polygons
2026-08-08 22:29:47 +0200: Memory Usage (459772K) : metal5_text has 0 polygons
2026-08-08 22:29:47 +0200: Memory Usage (459772K) : metal5_opc has 0 polygons
2026-08-08 22:29:47 +0200: Memory Usage (459772K) : metal5_noqrc has 0 polygons
2026-08-08 22:29:47 +0200: Memory Usage (459772K) : metal5_res has 0 polygons
2026-08-08 22:29:47 +0200: Memory Usage (459772K) : metal5_iprobe has 0 polygons
2026-08-08 22:29:47 +0200: Memory Usage (459772K) : metal5_diffprb has 0 polygons
2026-08-08 22:29:47 +0200: Memory Usage (459772K) : radhard_drw has 0 polygons
2026-08-08 22:29:47 +0200: Memory Usage (459772K) : memcap_drw has 0 polygons
2026-08-08 22:29:48 +0200: Memory Usage (459772K) : varicap_drw has 0 polygons
2026-08-08 22:29:48 +0200: Memory Usage (459772K) : flash_drw has 0 polygons
2026-08-08 22:29:48 +0200: Memory Usage (459772K) : intbondvia_drw has 0 polygons
2026-08-08 22:29:48 +0200: Memory Usage (459772K) : intbondmet_drw has 0 polygons
2026-08-08 22:29:48 +0200: Memory Usage (459772K) : devbondvia_drw has 0 polygons
2026-08-08 22:29:48 +0200: Memory Usage (459772K) : devbondmet_drw has 0 polygons
2026-08-08 22:29:48 +0200: Memory Usage (459772K) : devtrench_drw has 0 polygons
2026-08-08 22:29:48 +0200: Memory Usage (459772K) : redist_drw has 0 polygons
2026-08-08 22:29:48 +0200: Memory Usage (459772K) : graphbot_drw has 0 polygons
2026-08-08 22:29:48 +0200: Memory Usage (459772K) : graphtop_drw has 0 polygons
2026-08-08 22:29:48 +0200: Memory Usage (459772K) : antvia1_drw has 0 polygons
2026-08-08 22:29:48 +0200: Memory Usage (459772K) : antmetal2_drw has 0 polygons
2026-08-08 22:29:48 +0200: Memory Usage (459772K) : graphcont_drw has 0 polygons
2026-08-08 22:29:48 +0200: Memory Usage (459772K) : siwg_drw has 0 polygons
2026-08-08 22:29:48 +0200: Memory Usage (459772K) : siwg_filler has 0 polygons
2026-08-08 22:29:48 +0200: Memory Usage (459772K) : siwg_nofill has 0 polygons
2026-08-08 22:29:48 +0200: Memory Usage (459772K) : sigrating_drw has 0 polygons
2026-08-08 22:29:48 +0200: Memory Usage (459772K) : singrating_drw has 0 polygons
2026-08-08 22:29:48 +0200: Memory Usage (459772K) : graphpas_drw has 0 polygons
2026-08-08 22:29:48 +0200: Memory Usage (459772K) : emwind3_drw has 0 polygons
2026-08-08 22:29:48 +0200: Memory Usage (459772K) : emwihv3_drw has 0 polygons
2026-08-08 22:29:48 +0200: Memory Usage (459772K) : redbulay_drw has 0 polygons
2026-08-08 22:29:48 +0200: Memory Usage (459772K) : smos_drw has 0 polygons
2026-08-08 22:29:48 +0200: Memory Usage (459772K) : graphpad_drw has 0 polygons
2026-08-08 22:29:48 +0200: Memory Usage (459772K) : polimide_drw has 0 polygons
2026-08-08 22:29:48 +0200: Memory Usage (459772K) : polimide_pin has 0 polygons
2026-08-08 22:29:48 +0200: Memory Usage (459772K) : recog_drw has 0 polygons
2026-08-08 22:29:48 +0200: Memory Usage (459772K) : recog_pin has 0 polygons
2026-08-08 22:29:48 +0200: Memory Usage (459900K) : recog_esd has 0 polygons
2026-08-08 22:29:48 +0200: Memory Usage (459900K) : recog_diode has 0 polygons
2026-08-08 22:29:48 +0200: Memory Usage (459900K) : recog_tsv has 0 polygons
2026-08-08 22:29:48 +0200: Memory Usage (460028K) : recog_iprobe has 0 polygons
2026-08-08 22:29:48 +0200: Memory Usage (460028K) : recog_diffprb has 0 polygons
2026-08-08 22:29:48 +0200: Memory Usage (460028K) : recog_pillar has 0 polygons
2026-08-08 22:29:48 +0200: Memory Usage (460028K) : recog_sbump has 0 polygons
2026-08-08 22:29:48 +0200: Memory Usage (460028K) : recog_otp has 0 polygons
2026-08-08 22:29:48 +0200: Memory Usage (460028K) : recog_pdiode has 0 polygons
2026-08-08 22:29:48 +0200: Memory Usage (460028K) : recog_mom has 0 polygons
2026-08-08 22:29:48 +0200: Memory Usage (460028K) : recog_pcm has 0 polygons
2026-08-08 22:29:48 +0200: Memory Usage (460028K) : colopen_drw has 0 polygons
2026-08-08 22:29:48 +0200: Memory Usage (460028K) : graphmetal1_drw has 0 polygons
2026-08-08 22:29:48 +0200: Memory Usage (460028K) : graphmetal1_filler has 0 polygons
2026-08-08 22:29:48 +0200: Memory Usage (460028K) : graphmetal1_nofill has 0 polygons
2026-08-08 22:29:48 +0200: Memory Usage (460028K) : graphmetal1_slit has 0 polygons
2026-08-08 22:29:48 +0200: Memory Usage (460028K) : graphmetal1_opc has 0 polygons
2026-08-08 22:29:48 +0200: Memory Usage (460028K) : graphmet1l_drw has 0 polygons
2026-08-08 22:29:48 +0200: Memory Usage (460028K) : graphmet1l_filler has 0 polygons
2026-08-08 22:29:48 +0200: Memory Usage (460028K) : graphmet1l_nofill has 0 polygons
2026-08-08 22:29:48 +0200: Memory Usage (460028K) : graphmet1l_slit has 0 polygons
2026-08-08 22:29:48 +0200: Memory Usage (460028K) : graphmet1l_opc has 0 polygons
2026-08-08 22:29:48 +0200: Memory Usage (460028K) : extblock_drw has 0 polygons
2026-08-08 22:29:48 +0200: Memory Usage (460028K) : nldd_drw has 0 polygons
2026-08-08 22:29:48 +0200: Memory Usage (460028K) : pldd_drw has 0 polygons
2026-08-08 22:29:48 +0200: Memory Usage (460028K) : next_drw has 0 polygons
2026-08-08 22:29:48 +0200: Memory Usage (460028K) : pext_drw has 0 polygons
2026-08-08 22:29:48 +0200: Memory Usage (460028K) : nexthv_drw has 0 polygons
2026-08-08 22:29:48 +0200: Memory Usage (460028K) : pexthv_drw has 0 polygons
2026-08-08 22:29:48 +0200: Memory Usage (460028K) : graphgate_drw has 0 polygons
2026-08-08 22:29:48 +0200: Memory Usage (460028K) : sinwg_drw has 0 polygons
2026-08-08 22:29:48 +0200: Memory Usage (460028K) : sinwg_filler has 0 polygons
2026-08-08 22:29:48 +0200: Memory Usage (460028K) : sinwg_nofill has 0 polygons
2026-08-08 22:29:48 +0200: Memory Usage (460028K) : mempad_drw has 0 polygons
2026-08-08 22:29:49 +0200: Memory Usage (460028K) : topvia1_drw has 200 polygons
2026-08-08 22:29:49 +0200: Memory Usage (460028K) : topmetal1_drw has 118 polygons
2026-08-08 22:29:49 +0200: Memory Usage (460028K) : topmetal1_pin has 4 polygons
2026-08-08 22:29:49 +0200: Memory Usage (460028K) : topmetal1_mask has 0 polygons
2026-08-08 22:29:49 +0200: Memory Usage (460028K) : topmetal1_filler has 0 polygons
2026-08-08 22:29:49 +0200: Memory Usage (460028K) : topmetal1_nofill has 0 polygons
2026-08-08 22:29:49 +0200: Memory Usage (460028K) : topmetal1_slit has 0 polygons
2026-08-08 22:29:49 +0200: Memory Usage (460028K) : topmetal1_text has 2 polygons
2026-08-08 22:29:49 +0200: Memory Usage (460028K) : topmetal1_noqrc has 0 polygons
2026-08-08 22:29:49 +0200: Memory Usage (460028K) : topmetal1_res has 0 polygons
2026-08-08 22:29:49 +0200: Memory Usage (460028K) : topmetal1_iprobe has 0 polygons
2026-08-08 22:29:49 +0200: Memory Usage (460028K) : topmetal1_diffprb has 0 polygons
2026-08-08 22:29:49 +0200: Memory Usage (460028K) : inldpwl_drw has 0 polygons
2026-08-08 22:29:49 +0200: Memory Usage (460028K) : polyres_drw has 0 polygons
2026-08-08 22:29:49 +0200: Memory Usage (460028K) : polyres_pin has 0 polygons
2026-08-08 22:29:49 +0200: Memory Usage (460028K) : vmim_drw has 0 polygons
2026-08-08 22:29:49 +0200: Memory Usage (460028K) : nbulaycut_drw has 0 polygons
2026-08-08 22:29:49 +0200: Memory Usage (460028K) : antmetal1_drw has 0 polygons
2026-08-08 22:29:49 +0200: Memory Usage (460028K) : topvia2_drw has 36 polygons
2026-08-08 22:29:49 +0200: Memory Usage (460028K) : topmetal2_drw has 40 polygons
2026-08-08 22:29:49 +0200: Memory Usage (460028K) : topmetal2_pin has 4 polygons
2026-08-08 22:29:49 +0200: Memory Usage (460028K) : topmetal2_mask has 0 polygons
2026-08-08 22:29:49 +0200: Memory Usage (460028K) : topmetal2_filler has 0 polygons
2026-08-08 22:29:49 +0200: Memory Usage (460028K) : topmetal2_nofill has 0 polygons
2026-08-08 22:29:49 +0200: Memory Usage (460028K) : topmetal2_slit has 0 polygons
2026-08-08 22:29:49 +0200: Memory Usage (460028K) : topmetal2_text has 2 polygons
2026-08-08 22:29:49 +0200: Memory Usage (460028K) : topmetal2_noqrc has 0 polygons
2026-08-08 22:29:49 +0200: Memory Usage (460028K) : topmetal2_res has 0 polygons
2026-08-08 22:29:49 +0200: Memory Usage (460028K) : topmetal2_iprobe has 0 polygons
2026-08-08 22:29:49 +0200: Memory Usage (460028K) : topmetal2_diffprb has 0 polygons
2026-08-08 22:29:49 +0200: Memory Usage (460028K) : snsring_drw has 0 polygons
2026-08-08 22:29:49 +0200: Memory Usage (460028K) : sensor_drw has 0 polygons
2026-08-08 22:29:49 +0200: Memory Usage (460028K) : snsarms_drw has 0 polygons
2026-08-08 22:29:49 +0200: Memory Usage (460028K) : snscmosvia_drw has 0 polygons
2026-08-08 22:29:49 +0200: Memory Usage (460028K) : colwind_drw has 0 polygons
2026-08-08 22:29:49 +0200: Memory Usage (460028K) : flm_drw has 0 polygons
2026-08-08 22:29:49 +0200: Memory Usage (460028K) : hafniumox_drw has 0 polygons
2026-08-08 22:29:49 +0200: Memory Usage (460028K) : memvia_drw has 0 polygons
2026-08-08 22:29:49 +0200: Memory Usage (460028K) : thinfilmres_drw has 0 polygons
2026-08-08 22:29:49 +0200: Memory Usage (460028K) : rfmem_drw has 0 polygons
2026-08-08 22:29:49 +0200: Memory Usage (460028K) : norcx_drw has 0 polygons
2026-08-08 22:29:49 +0200: Memory Usage (460028K) : norcx_m2m3 has 0 polygons
2026-08-08 22:29:49 +0200: Memory Usage (460028K) : norcx_m2m4 has 0 polygons
2026-08-08 22:29:49 +0200: Memory Usage (460028K) : norcx_m2m5 has 0 polygons
2026-08-08 22:29:49 +0200: Memory Usage (460028K) : norcx_m2tm1 has 0 polygons
2026-08-08 22:29:49 +0200: Memory Usage (460028K) : norcx_m2tm2 has 0 polygons
2026-08-08 22:29:50 +0200: Memory Usage (460028K) : norcx_m3m4 has 0 polygons
2026-08-08 22:29:50 +0200: Memory Usage (460028K) : norcx_m3m5 has 0 polygons
2026-08-08 22:29:50 +0200: Memory Usage (460028K) : norcx_m3tm1 has 0 polygons
2026-08-08 22:29:50 +0200: Memory Usage (460028K) : norcx_m3tm2 has 0 polygons
2026-08-08 22:29:50 +0200: Memory Usage (460028K) : norcx_m4m5 has 0 polygons
2026-08-08 22:29:50 +0200: Memory Usage (460028K) : norcx_m4tm1 has 0 polygons
2026-08-08 22:29:50 +0200: Memory Usage (460028K) : norcx_m4tm2 has 0 polygons
2026-08-08 22:29:50 +0200: Memory Usage (460028K) : norcx_m5tm1 has 0 polygons
2026-08-08 22:29:50 +0200: Memory Usage (460028K) : norcx_m5tm2 has 0 polygons
2026-08-08 22:29:50 +0200: Memory Usage (460028K) : norcx_tm1tm2 has 0 polygons
2026-08-08 22:29:50 +0200: Memory Usage (460028K) : norcx_m1sub has 0 polygons
2026-08-08 22:29:50 +0200: Memory Usage (460028K) : norcx_m2sub has 0 polygons
2026-08-08 22:29:50 +0200: Memory Usage (460028K) : norcx_m3sub has 0 polygons
2026-08-08 22:29:50 +0200: Memory Usage (460028K) : norcx_m4sub has 0 polygons
2026-08-08 22:29:50 +0200: Memory Usage (460028K) : norcx_m5sub has 0 polygons
2026-08-08 22:29:50 +0200: Memory Usage (460028K) : norcx_tm1sub has 0 polygons
2026-08-08 22:29:50 +0200: Memory Usage (460028K) : norcx_tm2sub has 0 polygons
2026-08-08 22:29:50 +0200: Memory Usage (460028K) : snsbotvia_drw has 0 polygons
2026-08-08 22:29:50 +0200: Memory Usage (460028K) : snstopvia_drw has 0 polygons
2026-08-08 22:29:50 +0200: Memory Usage (460028K) : deepvia_drw has 0 polygons
2026-08-08 22:29:50 +0200: Memory Usage (460028K) : fgetch_drw has 0 polygons
2026-08-08 22:29:50 +0200: Memory Usage (460028K) : ctrgat_drw has 0 polygons
2026-08-08 22:29:50 +0200: Memory Usage (460028K) : fgimp_drw has 0 polygons
2026-08-08 22:29:50 +0200: Memory Usage (460028K) : emwihv_drw has 0 polygons
2026-08-08 22:29:50 +0200: Memory Usage (460028K) : lbe_drw has 0 polygons
2026-08-08 22:29:50 +0200: Memory Usage (460028K) : alcustop_drw has 0 polygons
2026-08-08 22:29:50 +0200: Memory Usage (460028K) : nometfiller_drw has 0 polygons
2026-08-08 22:29:50 +0200: Memory Usage (460028K) : prboundary_drw has 0 polygons
2026-08-08 22:29:50 +0200: Memory Usage (460028K) : exchange0_drw has 0 polygons
2026-08-08 22:29:50 +0200: Memory Usage (460028K) : exchange0_pin has 0 polygons
2026-08-08 22:29:50 +0200: Memory Usage (460028K) : exchange0_text has 0 polygons
2026-08-08 22:29:50 +0200: Memory Usage (460028K) : exchange1_drw has 0 polygons
2026-08-08 22:29:50 +0200: Memory Usage (460028K) : exchange1_pin has 0 polygons
2026-08-08 22:29:50 +0200: Memory Usage (460028K) : exchange1_text has 0 polygons
2026-08-08 22:29:50 +0200: Memory Usage (460028K) : exchange2_drw has 0 polygons
2026-08-08 22:29:50 +0200: Memory Usage (460028K) : exchange2_pin has 0 polygons
2026-08-08 22:29:50 +0200: Memory Usage (460028K) : exchange2_text has 0 polygons
2026-08-08 22:29:50 +0200: Memory Usage (460028K) : exchange3_drw has 0 polygons
2026-08-08 22:29:50 +0200: Memory Usage (460028K) : exchange3_pin has 0 polygons
2026-08-08 22:29:50 +0200: Memory Usage (460028K) : exchange3_text has 0 polygons
2026-08-08 22:29:50 +0200: Memory Usage (460028K) : exchange4_drw has 0 polygons
2026-08-08 22:29:50 +0200: Memory Usage (460028K) : exchange4_pin has 0 polygons
2026-08-08 22:29:50 +0200: Memory Usage (460028K) : exchange4_text has 0 polygons
2026-08-08 22:29:50 +0200: Memory Usage (460028K) : isonwell_drw has 0 polygons
2026-08-08 22:29:50 +0200: Memory Usage (460028K) : Total no. of polygons in the design is 121051
2026-08-08 22:29:50 +0200: Memory Usage (460028K) : Loaded TECH DRC rules values from /foss/pdks/ihp-sg13g2/libs.tech/klayout/python/sg13g2_pycell_lib/sg13g2_tech_mod.json
2026-08-08 22:29:50 +0200: Memory Usage (460028K) : Loaded default DRC rules values from /foss/pdks/ihp-sg13g2/libs.tech/klayout/tech/drc/rule_decks/sg13g2_tech_default.json
2026-08-08 22:29:50 +0200: Memory Usage (460028K) : The following rules values were missing in tech json and default values were used:
2026-08-08 22:29:50 +0200: Memory Usage (460028K) :   - NW_f1_digibnd
2026-08-08 22:29:50 +0200: Memory Usage (460028K) :   - Cnt_c_digibnd
2026-08-08 22:29:50 +0200: Memory Usage (460028K) :   - Cnt_c_sram
2026-08-08 22:29:50 +0200: Memory Usage (460028K) :   - Sdiod_b
2026-08-08 22:29:50 +0200: Memory Usage (460028K) :   - Sdiod_c
2026-08-08 22:29:50 +0200: Memory Usage (461436K) : Total area of the design is 27848.17 um^2.
2026-08-08 22:29:50 +0200: Memory Usage (461436K) : The design dimensions are 157.78 µm * 176.5 µm.
2026-08-08 22:29:50 +0200: Memory Usage (461436K) : Starting general IHP-SG13G2 derivations.
2026-08-08 22:29:50 +0200: Memory Usage (461436K) : Starting Pwell derivations
2026-08-08 22:29:51 +0200: Memory Usage (464712K) : Starting n-Activ derivations
2026-08-08 22:29:51 +0200: Memory Usage (467396K) : Starting p-Activ derivations
2026-08-08 22:29:51 +0200: Memory Usage (469060K) : Starting pact FET derivations
2026-08-08 22:29:52 +0200: Memory Usage (470340K) : Starting nact FET derivations
2026-08-08 22:29:52 +0200: Memory Usage (471876K) : Starting Gate derivations
2026-08-08 22:29:53 +0200: Memory Usage (477124K) : Starting IHP-SG13G2 DRC rules.
2026-08-08 22:29:53 +0200: Memory Usage (477124K) : Starting 5.8. GatPoly table
2026-08-08 22:29:53 +0200: Memory Usage (477124K) : Executing rule Gat.a
2026-08-08 22:29:53 +0200: Memory Usage (477312K) : Executing rule Gat.b
2026-08-08 22:29:53 +0200: Memory Usage (478176K) : Executing rule Gat.d
2026-08-08 22:29:53 +0200: Memory Usage (478688K) : Executing rule Gat.a1
2026-08-08 22:29:55 +0200: Memory Usage (491288K) : Executing rule Gat.a2
2026-08-08 22:29:56 +0200: Memory Usage (497304K) : Executing rule Gat.g
2026-08-08 22:29:57 +0200: Memory Usage (497304K) : KLayout DRC run for tables 'gatpoly' completed in 12.64 seconds
