# Logfile created on 2026-08-08 22:31:57 +0200 by logger.rb/v1.5.3
2026-08-08 22:31:57 +0200: Memory Usage (454736K) : Starting running IHP-SG13G2 KLayout DRC runset on /foss/designs/spi-slave-ihp/spi_slave.gds
2026-08-08 22:31:57 +0200: Memory Usage (454736K) : Ruby Version for klayout: 3.2.3
2026-08-08 22:31:57 +0200: Memory Usage (456776K) : Loading database to memory is complete.
2026-08-08 22:31:57 +0200: Memory Usage (456776K) : IHP-SG13G2 KLayout DRC runset output at: /foss/designs/spi-slave-ihp/signoff/drc/spi_slave_spi_slave_metaln.lyrdb
2026-08-08 22:31:57 +0200: Memory Usage (456776K) : Evaluate switches.
2026-08-08 22:31:57 +0200: Memory Usage (456776K) : tables selected: metaln
2026-08-08 22:31:57 +0200: Memory Usage (456776K) : KLayout will use 8 thread(s) in tiling mode.
2026-08-08 22:31:57 +0200: Memory Usage (456776K) : deep mode is enabled.
2026-08-08 22:31:57 +0200: Memory Usage (456776K) : FEOL enabled: false
2026-08-08 22:31:57 +0200: Memory Usage (456776K) : BEOL enabled: false
2026-08-08 22:31:57 +0200: Memory Usage (456776K) : OFFGRID enabled: true
2026-08-08 22:31:57 +0200: Memory Usage (456776K) : ANGLE enabled: true
2026-08-08 22:31:57 +0200: Memory Usage (456776K) : PIN enabled: false
2026-08-08 22:31:57 +0200: Memory Usage (456776K) : FORBIDDEN enabled: false
2026-08-08 22:31:57 +0200: Memory Usage (456776K) : RECOMMENDED enabled: true
2026-08-08 22:31:57 +0200: Memory Usage (456776K) : PreCheck DRC enabled: false
2026-08-08 22:31:57 +0200: Memory Usage (456776K) : CONNECTIVITY_RULES enabled: false.
2026-08-08 22:31:57 +0200: Memory Usage (456776K) : Read in polygons from layers.
2026-08-08 22:31:57 +0200: Memory Usage (458512K) : activ_drw has 8060 polygons
2026-08-08 22:31:57 +0200: Memory Usage (458512K) : activ_pin has 0 polygons
2026-08-08 22:31:57 +0200: Memory Usage (458512K) : activ_mask has 0 polygons
2026-08-08 22:31:57 +0200: Memory Usage (458512K) : activ_filler has 0 polygons
2026-08-08 22:31:57 +0200: Memory Usage (458512K) : activ_nofill has 0 polygons
2026-08-08 22:31:57 +0200: Memory Usage (458640K) : activ_opc has 0 polygons
2026-08-08 22:31:57 +0200: Memory Usage (458640K) : activ_iopc has 0 polygons
2026-08-08 22:31:58 +0200: Memory Usage (458640K) : activ_noqrc has 0 polygons
2026-08-08 22:31:58 +0200: Memory Usage (458768K) : biwind_drw has 0 polygons
2026-08-08 22:31:58 +0200: Memory Usage (458768K) : biwind_opc has 0 polygons
2026-08-08 22:31:58 +0200: Memory Usage (458768K) : pemwind_drw has 0 polygons
2026-08-08 22:31:58 +0200: Memory Usage (458768K) : gatpoly_drw has 8381 polygons
2026-08-08 22:31:58 +0200: Memory Usage (458896K) : gatpoly_pin has 0 polygons
2026-08-08 22:31:58 +0200: Memory Usage (458896K) : gatpoly_filler has 0 polygons
2026-08-08 22:31:58 +0200: Memory Usage (459024K) : gatpoly_nofill has 0 polygons
2026-08-08 22:31:58 +0200: Memory Usage (459152K) : gatpoly_opc has 0 polygons
2026-08-08 22:31:58 +0200: Memory Usage (459152K) : gatpoly_iopc has 0 polygons
2026-08-08 22:31:58 +0200: Memory Usage (459280K) : gatpoly_noqrc has 0 polygons
2026-08-08 22:31:58 +0200: Memory Usage (459408K) : cont_drw has 54323 polygons
2026-08-08 22:31:58 +0200: Memory Usage (459536K) : cont_opc has 0 polygons
2026-08-08 22:31:58 +0200: Memory Usage (459664K) : nsd_drw has 0 polygons
2026-08-08 22:31:58 +0200: Memory Usage (459664K) : nsd_block has 0 polygons
2026-08-08 22:31:58 +0200: Memory Usage (459664K) : metal1_drw has 15572 polygons
2026-08-08 22:31:58 +0200: Memory Usage (459792K) : metal1_pin has 5570 polygons
2026-08-08 22:31:58 +0200: Memory Usage (459792K) : metal1_mask has 0 polygons
2026-08-08 22:31:58 +0200: Memory Usage (459920K) : metal1_filler has 0 polygons
2026-08-08 22:31:58 +0200: Memory Usage (459920K) : metal1_nofill has 0 polygons
2026-08-08 22:31:58 +0200: Memory Usage (459920K) : metal1_slit has 0 polygons
2026-08-08 22:31:58 +0200: Memory Usage (460108K) : metal1_text has 5488 polygons
2026-08-08 22:31:58 +0200: Memory Usage (460108K) : metal1_opc has 0 polygons
2026-08-08 22:31:58 +0200: Memory Usage (460108K) : metal1_noqrc has 0 polygons
2026-08-08 22:31:58 +0200: Memory Usage (460108K) : metal1_res has 0 polygons
2026-08-08 22:31:58 +0200: Memory Usage (460108K) : metal1_iprobe has 0 polygons
2026-08-08 22:31:58 +0200: Memory Usage (460108K) : metal1_diffprb has 0 polygons
2026-08-08 22:31:58 +0200: Memory Usage (460108K) : passiv_drw has 12 polygons
2026-08-08 22:31:58 +0200: Memory Usage (460108K) : passiv_pin has 0 polygons
2026-08-08 22:31:58 +0200: Memory Usage (460108K) : passiv_sbump has 0 polygons
2026-08-08 22:31:58 +0200: Memory Usage (460108K) : passiv_pillar has 0 polygons
2026-08-08 22:31:58 +0200: Memory Usage (460108K) : passiv_pdl has 0 polygons
2026-08-08 22:31:58 +0200: Memory Usage (460108K) : metal2_drw has 7662 polygons
2026-08-08 22:31:58 +0200: Memory Usage (460108K) : metal2_pin has 19 polygons
2026-08-08 22:31:58 +0200: Memory Usage (460108K) : metal2_mask has 0 polygons
2026-08-08 22:31:58 +0200: Memory Usage (460108K) : metal2_filler has 0 polygons
2026-08-08 22:31:58 +0200: Memory Usage (460108K) : metal2_nofill has 0 polygons
2026-08-08 22:31:58 +0200: Memory Usage (460108K) : metal2_slit has 0 polygons
2026-08-08 22:31:58 +0200: Memory Usage (460108K) : metal2_text has 19 polygons
2026-08-08 22:31:58 +0200: Memory Usage (460108K) : metal2_opc has 0 polygons
2026-08-08 22:31:58 +0200: Memory Usage (460108K) : metal2_noqrc has 0 polygons
2026-08-08 22:31:58 +0200: Memory Usage (460108K) : metal2_res has 0 polygons
2026-08-08 22:31:58 +0200: Memory Usage (460108K) : metal2_iprobe has 0 polygons
2026-08-08 22:31:58 +0200: Memory Usage (460108K) : metal2_diffprb has 0 polygons
2026-08-08 22:31:58 +0200: Memory Usage (460108K) : baspoly_drw has 0 polygons
2026-08-08 22:31:58 +0200: Memory Usage (460108K) : baspoly_pin has 0 polygons
2026-08-08 22:31:58 +0200: Memory Usage (460108K) : psd_drw has 3408 polygons
2026-08-08 22:31:58 +0200: Memory Usage (460108K) : nldb_drw has 0 polygons
2026-08-08 22:31:58 +0200: Memory Usage (460108K) : digibnd_drw has 0 polygons
2026-08-08 22:31:59 +0200: Memory Usage (460108K) : via1_drw has 2569 polygons
2026-08-08 22:31:59 +0200: Memory Usage (460108K) : backmetal1_drw has 0 polygons
2026-08-08 22:31:59 +0200: Memory Usage (460108K) : backmetal1_pin has 0 polygons
2026-08-08 22:31:59 +0200: Memory Usage (460108K) : backmetal1_mask has 0 polygons
2026-08-08 22:31:59 +0200: Memory Usage (460108K) : backmetal1_filler has 0 polygons
2026-08-08 22:31:59 +0200: Memory Usage (460108K) : backmetal1_nofill has 0 polygons
2026-08-08 22:31:59 +0200: Memory Usage (460108K) : backmetal1_slit has 0 polygons
2026-08-08 22:31:59 +0200: Memory Usage (460108K) : backmetal1_text has 0 polygons
2026-08-08 22:31:59 +0200: Memory Usage (460108K) : backmetal1_opc has 0 polygons
2026-08-08 22:31:59 +0200: Memory Usage (460108K) : backmetal1_noqrc has 0 polygons
2026-08-08 22:31:59 +0200: Memory Usage (460108K) : backmetal1_res has 0 polygons
2026-08-08 22:31:59 +0200: Memory Usage (460108K) : backmetal1_iprobe has 0 polygons
2026-08-08 22:31:59 +0200: Memory Usage (460108K) : backmetal1_diffprb has 0 polygons
2026-08-08 22:31:59 +0200: Memory Usage (460108K) : backpassiv_drw has 0 polygons
2026-08-08 22:31:59 +0200: Memory Usage (460108K) : res_drw has 0 polygons
2026-08-08 22:31:59 +0200: Memory Usage (460108K) : sram_drw has 0 polygons
2026-08-08 22:31:59 +0200: Memory Usage (460108K) : trans_drw has 0 polygons
2026-08-08 22:31:59 +0200: Memory Usage (460108K) : ind_drw has 0 polygons
2026-08-08 22:31:59 +0200: Memory Usage (460108K) : ind_pin has 0 polygons
2026-08-08 22:31:59 +0200: Memory Usage (460108K) : ind_text has 0 polygons
2026-08-08 22:31:59 +0200: Memory Usage (460108K) : salblock_drw has 0 polygons
2026-08-08 22:31:59 +0200: Memory Usage (460108K) : via2_drw has 2316 polygons
2026-08-08 22:31:59 +0200: Memory Usage (460108K) : metal3_drw has 3647 polygons
2026-08-08 22:31:59 +0200: Memory Usage (460108K) : metal3_pin has 11 polygons
2026-08-08 22:31:59 +0200: Memory Usage (460108K) : metal3_mask has 0 polygons
2026-08-08 22:31:59 +0200: Memory Usage (460108K) : metal3_filler has 0 polygons
2026-08-08 22:31:59 +0200: Memory Usage (460108K) : metal3_nofill has 0 polygons
2026-08-08 22:31:59 +0200: Memory Usage (460108K) : metal3_slit has 0 polygons
2026-08-08 22:31:59 +0200: Memory Usage (460108K) : metal3_text has 11 polygons
2026-08-08 22:31:59 +0200: Memory Usage (460108K) : metal3_opc has 0 polygons
2026-08-08 22:31:59 +0200: Memory Usage (460108K) : metal3_noqrc has 0 polygons
2026-08-08 22:31:59 +0200: Memory Usage (460108K) : metal3_res has 0 polygons
2026-08-08 22:31:59 +0200: Memory Usage (460108K) : metal3_iprobe has 0 polygons
2026-08-08 22:31:59 +0200: Memory Usage (460108K) : metal3_diffprb has 0 polygons
2026-08-08 22:32:00 +0200: Memory Usage (460108K) : nwell_drw has 1682 polygons
2026-08-08 22:32:00 +0200: Memory Usage (460108K) : nwell_pin has 0 polygons
2026-08-08 22:32:00 +0200: Memory Usage (460108K) : nbulay_drw has 0 polygons
2026-08-08 22:32:00 +0200: Memory Usage (460108K) : nbulay_pin has 0 polygons
2026-08-08 22:32:00 +0200: Memory Usage (460108K) : nbulay_block has 0 polygons
2026-08-08 22:32:00 +0200: Memory Usage (460108K) : emwind_drw has 0 polygons
2026-08-08 22:32:00 +0200: Memory Usage (460108K) : emwind_opc has 0 polygons
2026-08-08 22:32:00 +0200: Memory Usage (460108K) : deepco_drw has 0 polygons
2026-08-08 22:32:00 +0200: Memory Usage (460108K) : deepco_drw has 0 polygons
2026-08-08 22:32:00 +0200: Memory Usage (460108K) : mim_drw has 0 polygons
2026-08-08 22:32:00 +0200: Memory Usage (460108K) : edgeseal_drw has 24 polygons
2026-08-08 22:32:00 +0200: Memory Usage (460108K) : edgeseal_bound has 1 polygons
2026-08-08 22:32:00 +0200: Memory Usage (460108K) : substrate_drw has 0 polygons
2026-08-08 22:32:00 +0200: Memory Usage (460108K) : substrate_text has 0 polygons
2026-08-08 22:32:00 +0200: Memory Usage (460108K) : dfpad_drw has 0 polygons
2026-08-08 22:32:00 +0200: Memory Usage (460108K) : dfpad_pillar has 0 polygons
2026-08-08 22:32:00 +0200: Memory Usage (460108K) : dfpad_sbump has 0 polygons
2026-08-08 22:32:00 +0200: Memory Usage (460108K) : thickgateox_drw has 0 polygons
2026-08-08 22:32:00 +0200: Memory Usage (460108K) : pldb_drw has 0 polygons
2026-08-08 22:32:00 +0200: Memory Usage (460108K) : pwell_drw has 0 polygons
2026-08-08 22:32:00 +0200: Memory Usage (460108K) : pwell_pin has 0 polygons
2026-08-08 22:32:00 +0200: Memory Usage (460108K) : pwell_block has 0 polygons
2026-08-08 22:32:00 +0200: Memory Usage (460108K) : ic_drw has 0 polygons
2026-08-08 22:32:00 +0200: Memory Usage (460108K) : via3_drw has 597 polygons
2026-08-08 22:32:00 +0200: Memory Usage (460108K) : metal4_drw has 492 polygons
2026-08-08 22:32:00 +0200: Memory Usage (460108K) : metal4_pin has 0 polygons
2026-08-08 22:32:00 +0200: Memory Usage (460108K) : metal4_mask has 0 polygons
2026-08-08 22:32:00 +0200: Memory Usage (460108K) : metal4_filler has 0 polygons
2026-08-08 22:32:00 +0200: Memory Usage (460108K) : metal4_nofill has 0 polygons
2026-08-08 22:32:00 +0200: Memory Usage (460108K) : metal4_slit has 0 polygons
2026-08-08 22:32:00 +0200: Memory Usage (460108K) : metal4_text has 0 polygons
2026-08-08 22:32:00 +0200: Memory Usage (460108K) : metal4_opc has 0 polygons
2026-08-08 22:32:00 +0200: Memory Usage (460108K) : metal4_noqrc has 0 polygons
2026-08-08 22:32:00 +0200: Memory Usage (460108K) : metal4_res has 0 polygons
2026-08-08 22:32:00 +0200: Memory Usage (460108K) : metal4_iprobe has 0 polygons
2026-08-08 22:32:00 +0200: Memory Usage (460108K) : metal4_diffprb has 0 polygons
2026-08-08 22:32:00 +0200: Memory Usage (460108K) : heattrans_drw has 0 polygons
2026-08-08 22:32:00 +0200: Memory Usage (460108K) : heatres_drw has 0 polygons
2026-08-08 22:32:00 +0200: Memory Usage (460108K) : pempoly_drw has 0 polygons
2026-08-08 22:32:00 +0200: Memory Usage (460108K) : fbe_drw has 0 polygons
2026-08-08 22:32:00 +0200: Memory Usage (460108K) : empoly_drw has 0 polygons
2026-08-08 22:32:00 +0200: Memory Usage (460108K) : ldmos_drw has 0 polygons
2026-08-08 22:32:00 +0200: Memory Usage (460108K) : pbiwind_drw has 0 polygons
2026-08-08 22:32:00 +0200: Memory Usage (460108K) : digisub_drw has 0 polygons
2026-08-08 22:32:00 +0200: Memory Usage (460108K) : nodrc_drw has 0 polygons
2026-08-08 22:32:00 +0200: Memory Usage (460108K) : text_drw has 2 polygons
2026-08-08 22:32:00 +0200: Memory Usage (460108K) : via4_drw has 468 polygons
2026-08-08 22:32:00 +0200: Memory Usage (460108K) : metal5_drw has 311 polygons
2026-08-08 22:32:01 +0200: Memory Usage (460108K) : metal5_pin has 0 polygons
2026-08-08 22:32:01 +0200: Memory Usage (460108K) : metal5_mask has 0 polygons
2026-08-08 22:32:01 +0200: Memory Usage (460108K) : metal5_filler has 0 polygons
2026-08-08 22:32:01 +0200: Memory Usage (460108K) : metal5_nofill has 0 polygons
2026-08-08 22:32:01 +0200: Memory Usage (460108K) : metal5_slit has 0 polygons
2026-08-08 22:32:01 +0200: Memory Usage (460108K) : metal5_text has 0 polygons
2026-08-08 22:32:01 +0200: Memory Usage (460108K) : metal5_opc has 0 polygons
2026-08-08 22:32:01 +0200: Memory Usage (460108K) : metal5_noqrc has 0 polygons
2026-08-08 22:32:01 +0200: Memory Usage (460108K) : metal5_res has 0 polygons
2026-08-08 22:32:01 +0200: Memory Usage (460108K) : metal5_iprobe has 0 polygons
2026-08-08 22:32:01 +0200: Memory Usage (460108K) : metal5_diffprb has 0 polygons
2026-08-08 22:32:01 +0200: Memory Usage (460108K) : radhard_drw has 0 polygons
2026-08-08 22:32:01 +0200: Memory Usage (460108K) : memcap_drw has 0 polygons
2026-08-08 22:32:01 +0200: Memory Usage (460108K) : varicap_drw has 0 polygons
2026-08-08 22:32:01 +0200: Memory Usage (460108K) : flash_drw has 0 polygons
2026-08-08 22:32:01 +0200: Memory Usage (460108K) : intbondvia_drw has 0 polygons
2026-08-08 22:32:01 +0200: Memory Usage (460108K) : intbondmet_drw has 0 polygons
2026-08-08 22:32:01 +0200: Memory Usage (460108K) : devbondvia_drw has 0 polygons
2026-08-08 22:32:01 +0200: Memory Usage (460108K) : devbondmet_drw has 0 polygons
2026-08-08 22:32:01 +0200: Memory Usage (460108K) : devtrench_drw has 0 polygons
2026-08-08 22:32:01 +0200: Memory Usage (460108K) : redist_drw has 0 polygons
2026-08-08 22:32:01 +0200: Memory Usage (460108K) : graphbot_drw has 0 polygons
2026-08-08 22:32:01 +0200: Memory Usage (460108K) : graphtop_drw has 0 polygons
2026-08-08 22:32:01 +0200: Memory Usage (460108K) : antvia1_drw has 0 polygons
2026-08-08 22:32:01 +0200: Memory Usage (460108K) : antmetal2_drw has 0 polygons
2026-08-08 22:32:01 +0200: Memory Usage (460108K) : graphcont_drw has 0 polygons
2026-08-08 22:32:01 +0200: Memory Usage (460108K) : siwg_drw has 0 polygons
2026-08-08 22:32:01 +0200: Memory Usage (460108K) : siwg_filler has 0 polygons
2026-08-08 22:32:01 +0200: Memory Usage (460108K) : siwg_nofill has 0 polygons
2026-08-08 22:32:01 +0200: Memory Usage (460108K) : sigrating_drw has 0 polygons
2026-08-08 22:32:01 +0200: Memory Usage (460108K) : singrating_drw has 0 polygons
2026-08-08 22:32:01 +0200: Memory Usage (460108K) : graphpas_drw has 0 polygons
2026-08-08 22:32:01 +0200: Memory Usage (460108K) : emwind3_drw has 0 polygons
2026-08-08 22:32:01 +0200: Memory Usage (460236K) : emwihv3_drw has 0 polygons
2026-08-08 22:32:01 +0200: Memory Usage (460236K) : redbulay_drw has 0 polygons
2026-08-08 22:32:01 +0200: Memory Usage (460236K) : smos_drw has 0 polygons
2026-08-08 22:32:01 +0200: Memory Usage (460236K) : graphpad_drw has 0 polygons
2026-08-08 22:32:01 +0200: Memory Usage (460236K) : polimide_drw has 0 polygons
2026-08-08 22:32:01 +0200: Memory Usage (460236K) : polimide_pin has 0 polygons
2026-08-08 22:32:01 +0200: Memory Usage (460236K) : recog_drw has 0 polygons
2026-08-08 22:32:01 +0200: Memory Usage (460236K) : recog_pin has 0 polygons
2026-08-08 22:32:01 +0200: Memory Usage (460236K) : recog_esd has 0 polygons
2026-08-08 22:32:01 +0200: Memory Usage (460236K) : recog_diode has 0 polygons
2026-08-08 22:32:01 +0200: Memory Usage (460236K) : recog_tsv has 0 polygons
2026-08-08 22:32:01 +0200: Memory Usage (460236K) : recog_iprobe has 0 polygons
2026-08-08 22:32:01 +0200: Memory Usage (460236K) : recog_diffprb has 0 polygons
2026-08-08 22:32:01 +0200: Memory Usage (460236K) : recog_pillar has 0 polygons
2026-08-08 22:32:01 +0200: Memory Usage (460236K) : recog_sbump has 0 polygons
2026-08-08 22:32:01 +0200: Memory Usage (460236K) : recog_otp has 0 polygons
2026-08-08 22:32:01 +0200: Memory Usage (460236K) : recog_pdiode has 0 polygons
2026-08-08 22:32:01 +0200: Memory Usage (460236K) : recog_mom has 0 polygons
2026-08-08 22:32:01 +0200: Memory Usage (460236K) : recog_pcm has 0 polygons
2026-08-08 22:32:01 +0200: Memory Usage (460236K) : colopen_drw has 0 polygons
2026-08-08 22:32:01 +0200: Memory Usage (460236K) : graphmetal1_drw has 0 polygons
2026-08-08 22:32:01 +0200: Memory Usage (460236K) : graphmetal1_filler has 0 polygons
2026-08-08 22:32:01 +0200: Memory Usage (460236K) : graphmetal1_nofill has 0 polygons
2026-08-08 22:32:01 +0200: Memory Usage (460236K) : graphmetal1_slit has 0 polygons
2026-08-08 22:32:01 +0200: Memory Usage (460236K) : graphmetal1_opc has 0 polygons
2026-08-08 22:32:01 +0200: Memory Usage (460236K) : graphmet1l_drw has 0 polygons
2026-08-08 22:32:01 +0200: Memory Usage (460236K) : graphmet1l_filler has 0 polygons
2026-08-08 22:32:01 +0200: Memory Usage (460236K) : graphmet1l_nofill has 0 polygons
2026-08-08 22:32:01 +0200: Memory Usage (460236K) : graphmet1l_slit has 0 polygons
2026-08-08 22:32:01 +0200: Memory Usage (460236K) : graphmet1l_opc has 0 polygons
2026-08-08 22:32:01 +0200: Memory Usage (460236K) : extblock_drw has 0 polygons
2026-08-08 22:32:01 +0200: Memory Usage (460236K) : nldd_drw has 0 polygons
2026-08-08 22:32:01 +0200: Memory Usage (460236K) : pldd_drw has 0 polygons
2026-08-08 22:32:01 +0200: Memory Usage (460236K) : next_drw has 0 polygons
2026-08-08 22:32:01 +0200: Memory Usage (460236K) : pext_drw has 0 polygons
2026-08-08 22:32:01 +0200: Memory Usage (460236K) : nexthv_drw has 0 polygons
2026-08-08 22:32:01 +0200: Memory Usage (460364K) : pexthv_drw has 0 polygons
2026-08-08 22:32:01 +0200: Memory Usage (460364K) : graphgate_drw has 0 polygons
2026-08-08 22:32:02 +0200: Memory Usage (460364K) : sinwg_drw has 0 polygons
2026-08-08 22:32:02 +0200: Memory Usage (460492K) : sinwg_filler has 0 polygons
2026-08-08 22:32:02 +0200: Memory Usage (460492K) : sinwg_nofill has 0 polygons
2026-08-08 22:32:02 +0200: Memory Usage (460492K) : mempad_drw has 0 polygons
2026-08-08 22:32:02 +0200: Memory Usage (460492K) : topvia1_drw has 200 polygons
2026-08-08 22:32:02 +0200: Memory Usage (460492K) : topmetal1_drw has 118 polygons
2026-08-08 22:32:02 +0200: Memory Usage (460492K) : topmetal1_pin has 4 polygons
2026-08-08 22:32:02 +0200: Memory Usage (460492K) : topmetal1_mask has 0 polygons
2026-08-08 22:32:02 +0200: Memory Usage (460492K) : topmetal1_filler has 0 polygons
2026-08-08 22:32:02 +0200: Memory Usage (460492K) : topmetal1_nofill has 0 polygons
2026-08-08 22:32:02 +0200: Memory Usage (460492K) : topmetal1_slit has 0 polygons
2026-08-08 22:32:02 +0200: Memory Usage (460492K) : topmetal1_text has 2 polygons
2026-08-08 22:32:02 +0200: Memory Usage (460492K) : topmetal1_noqrc has 0 polygons
2026-08-08 22:32:02 +0200: Memory Usage (460492K) : topmetal1_res has 0 polygons
2026-08-08 22:32:02 +0200: Memory Usage (460492K) : topmetal1_iprobe has 0 polygons
2026-08-08 22:32:02 +0200: Memory Usage (460492K) : topmetal1_diffprb has 0 polygons
2026-08-08 22:32:02 +0200: Memory Usage (460492K) : inldpwl_drw has 0 polygons
2026-08-08 22:32:02 +0200: Memory Usage (460492K) : polyres_drw has 0 polygons
2026-08-08 22:32:02 +0200: Memory Usage (460492K) : polyres_pin has 0 polygons
2026-08-08 22:32:02 +0200: Memory Usage (460492K) : vmim_drw has 0 polygons
2026-08-08 22:32:02 +0200: Memory Usage (460492K) : nbulaycut_drw has 0 polygons
2026-08-08 22:32:02 +0200: Memory Usage (460492K) : antmetal1_drw has 0 polygons
2026-08-08 22:32:02 +0200: Memory Usage (460492K) : topvia2_drw has 36 polygons
2026-08-08 22:32:02 +0200: Memory Usage (460492K) : topmetal2_drw has 40 polygons
2026-08-08 22:32:02 +0200: Memory Usage (460492K) : topmetal2_pin has 4 polygons
2026-08-08 22:32:02 +0200: Memory Usage (460492K) : topmetal2_mask has 0 polygons
2026-08-08 22:32:02 +0200: Memory Usage (460492K) : topmetal2_filler has 0 polygons
2026-08-08 22:32:02 +0200: Memory Usage (460492K) : topmetal2_nofill has 0 polygons
2026-08-08 22:32:02 +0200: Memory Usage (460492K) : topmetal2_slit has 0 polygons
2026-08-08 22:32:02 +0200: Memory Usage (460492K) : topmetal2_text has 2 polygons
2026-08-08 22:32:02 +0200: Memory Usage (460492K) : topmetal2_noqrc has 0 polygons
2026-08-08 22:32:02 +0200: Memory Usage (460492K) : topmetal2_res has 0 polygons
2026-08-08 22:32:02 +0200: Memory Usage (460492K) : topmetal2_iprobe has 0 polygons
2026-08-08 22:32:03 +0200: Memory Usage (460492K) : topmetal2_diffprb has 0 polygons
2026-08-08 22:32:03 +0200: Memory Usage (460492K) : snsring_drw has 0 polygons
2026-08-08 22:32:03 +0200: Memory Usage (460492K) : sensor_drw has 0 polygons
2026-08-08 22:32:03 +0200: Memory Usage (460492K) : snsarms_drw has 0 polygons
2026-08-08 22:32:03 +0200: Memory Usage (460492K) : snscmosvia_drw has 0 polygons
2026-08-08 22:32:03 +0200: Memory Usage (460492K) : colwind_drw has 0 polygons
2026-08-08 22:32:03 +0200: Memory Usage (460492K) : flm_drw has 0 polygons
2026-08-08 22:32:03 +0200: Memory Usage (460492K) : hafniumox_drw has 0 polygons
2026-08-08 22:32:03 +0200: Memory Usage (460492K) : memvia_drw has 0 polygons
2026-08-08 22:32:03 +0200: Memory Usage (460492K) : thinfilmres_drw has 0 polygons
2026-08-08 22:32:03 +0200: Memory Usage (460492K) : rfmem_drw has 0 polygons
2026-08-08 22:32:03 +0200: Memory Usage (460492K) : norcx_drw has 0 polygons
2026-08-08 22:32:03 +0200: Memory Usage (460492K) : norcx_m2m3 has 0 polygons
2026-08-08 22:32:03 +0200: Memory Usage (460492K) : norcx_m2m4 has 0 polygons
2026-08-08 22:32:03 +0200: Memory Usage (460492K) : norcx_m2m5 has 0 polygons
2026-08-08 22:32:03 +0200: Memory Usage (460492K) : norcx_m2tm1 has 0 polygons
2026-08-08 22:32:03 +0200: Memory Usage (460492K) : norcx_m2tm2 has 0 polygons
2026-08-08 22:32:03 +0200: Memory Usage (460492K) : norcx_m3m4 has 0 polygons
2026-08-08 22:32:03 +0200: Memory Usage (460492K) : norcx_m3m5 has 0 polygons
2026-08-08 22:32:03 +0200: Memory Usage (460492K) : norcx_m3tm1 has 0 polygons
2026-08-08 22:32:03 +0200: Memory Usage (460492K) : norcx_m3tm2 has 0 polygons
2026-08-08 22:32:03 +0200: Memory Usage (460492K) : norcx_m4m5 has 0 polygons
2026-08-08 22:32:03 +0200: Memory Usage (460492K) : norcx_m4tm1 has 0 polygons
2026-08-08 22:32:03 +0200: Memory Usage (460492K) : norcx_m4tm2 has 0 polygons
2026-08-08 22:32:03 +0200: Memory Usage (460492K) : norcx_m5tm1 has 0 polygons
2026-08-08 22:32:03 +0200: Memory Usage (460492K) : norcx_m5tm2 has 0 polygons
2026-08-08 22:32:03 +0200: Memory Usage (460492K) : norcx_tm1tm2 has 0 polygons
2026-08-08 22:32:03 +0200: Memory Usage (460492K) : norcx_m1sub has 0 polygons
2026-08-08 22:32:03 +0200: Memory Usage (460492K) : norcx_m2sub has 0 polygons
2026-08-08 22:32:03 +0200: Memory Usage (460492K) : norcx_m3sub has 0 polygons
2026-08-08 22:32:03 +0200: Memory Usage (460492K) : norcx_m4sub has 0 polygons
2026-08-08 22:32:03 +0200: Memory Usage (460492K) : norcx_m5sub has 0 polygons
2026-08-08 22:32:03 +0200: Memory Usage (460492K) : norcx_tm1sub has 0 polygons
2026-08-08 22:32:03 +0200: Memory Usage (460492K) : norcx_tm2sub has 0 polygons
2026-08-08 22:32:03 +0200: Memory Usage (460492K) : snsbotvia_drw has 0 polygons
2026-08-08 22:32:03 +0200: Memory Usage (460492K) : snstopvia_drw has 0 polygons
2026-08-08 22:32:03 +0200: Memory Usage (460492K) : deepvia_drw has 0 polygons
2026-08-08 22:32:03 +0200: Memory Usage (460492K) : fgetch_drw has 0 polygons
2026-08-08 22:32:03 +0200: Memory Usage (460492K) : ctrgat_drw has 0 polygons
2026-08-08 22:32:03 +0200: Memory Usage (460492K) : fgimp_drw has 0 polygons
2026-08-08 22:32:03 +0200: Memory Usage (460492K) : emwihv_drw has 0 polygons
2026-08-08 22:32:03 +0200: Memory Usage (460492K) : lbe_drw has 0 polygons
2026-08-08 22:32:03 +0200: Memory Usage (460492K) : alcustop_drw has 0 polygons
2026-08-08 22:32:03 +0200: Memory Usage (460492K) : nometfiller_drw has 0 polygons
2026-08-08 22:32:03 +0200: Memory Usage (460492K) : prboundary_drw has 0 polygons
2026-08-08 22:32:03 +0200: Memory Usage (460492K) : exchange0_drw has 0 polygons
2026-08-08 22:32:03 +0200: Memory Usage (460492K) : exchange0_pin has 0 polygons
2026-08-08 22:32:03 +0200: Memory Usage (460492K) : exchange0_text has 0 polygons
2026-08-08 22:32:03 +0200: Memory Usage (460492K) : exchange1_drw has 0 polygons
2026-08-08 22:32:03 +0200: Memory Usage (460492K) : exchange1_pin has 0 polygons
2026-08-08 22:32:03 +0200: Memory Usage (460492K) : exchange1_text has 0 polygons
2026-08-08 22:32:03 +0200: Memory Usage (460492K) : exchange2_drw has 0 polygons
2026-08-08 22:32:03 +0200: Memory Usage (460492K) : exchange2_pin has 0 polygons
2026-08-08 22:32:04 +0200: Memory Usage (460492K) : exchange2_text has 0 polygons
2026-08-08 22:32:04 +0200: Memory Usage (460492K) : exchange3_drw has 0 polygons
2026-08-08 22:32:04 +0200: Memory Usage (460492K) : exchange3_pin has 0 polygons
2026-08-08 22:32:04 +0200: Memory Usage (460492K) : exchange3_text has 0 polygons
2026-08-08 22:32:04 +0200: Memory Usage (460492K) : exchange4_drw has 0 polygons
2026-08-08 22:32:04 +0200: Memory Usage (460492K) : exchange4_pin has 0 polygons
2026-08-08 22:32:04 +0200: Memory Usage (460492K) : exchange4_text has 0 polygons
2026-08-08 22:32:04 +0200: Memory Usage (460492K) : isonwell_drw has 0 polygons
2026-08-08 22:32:04 +0200: Memory Usage (460492K) : Total no. of polygons in the design is 121051
2026-08-08 22:32:04 +0200: Memory Usage (460492K) : Loaded TECH DRC rules values from /foss/pdks/ihp-sg13g2/libs.tech/klayout/python/sg13g2_pycell_lib/sg13g2_tech_mod.json
2026-08-08 22:32:04 +0200: Memory Usage (460492K) : Loaded default DRC rules values from /foss/pdks/ihp-sg13g2/libs.tech/klayout/tech/drc/rule_decks/sg13g2_tech_default.json
2026-08-08 22:32:04 +0200: Memory Usage (460492K) : The following rules values were missing in tech json and default values were used:
2026-08-08 22:32:04 +0200: Memory Usage (460492K) :   - NW_f1_digibnd
2026-08-08 22:32:04 +0200: Memory Usage (460492K) :   - Cnt_c_digibnd
2026-08-08 22:32:04 +0200: Memory Usage (460492K) :   - Cnt_c_sram
2026-08-08 22:32:04 +0200: Memory Usage (460492K) :   - Sdiod_b
2026-08-08 22:32:04 +0200: Memory Usage (460492K) :   - Sdiod_c
2026-08-08 22:32:04 +0200: Memory Usage (461576K) : Total area of the design is 27848.17 um^2.
2026-08-08 22:32:04 +0200: Memory Usage (461576K) : The design dimensions are 157.78 µm * 176.5 µm.
2026-08-08 22:32:04 +0200: Memory Usage (461576K) : Starting general IHP-SG13G2 derivations.
2026-08-08 22:32:04 +0200: Memory Usage (461576K) : Starting Pwell derivations
2026-08-08 22:32:04 +0200: Memory Usage (464396K) : Starting IHP-SG13G2 DRC rules.
2026-08-08 22:32:04 +0200: Memory Usage (464396K) : Starting 5.17 Metaln table
2026-08-08 22:32:04 +0200: Memory Usage (464396K) : Executing rule M2.a
2026-08-08 22:32:05 +0200: Memory Usage (464984K) : Executing rule M2.b
2026-08-08 22:32:06 +0200: Memory Usage (470332K) : Executing rule M2.e
2026-08-08 22:32:06 +0200: Memory Usage (470636K) : Executing rule M2.f
2026-08-08 22:32:07 +0200: Memory Usage (471404K) : Executing rule M2.g
2026-08-08 22:32:07 +0200: Memory Usage (471788K) : Executing rule M2.i
2026-08-08 22:32:07 +0200: Memory Usage (472812K) : Executing rule M3.a
2026-08-08 22:32:07 +0200: Memory Usage (473452K) : Executing rule M3.b
2026-08-08 22:32:08 +0200: Memory Usage (475500K) : Executing rule M3.e
2026-08-08 22:32:08 +0200: Memory Usage (475500K) : Executing rule M3.f
2026-08-08 22:32:08 +0200: Memory Usage (475500K) : Executing rule M3.g
2026-08-08 22:32:08 +0200: Memory Usage (475628K) : Executing rule M3.i
2026-08-08 22:32:08 +0200: Memory Usage (475628K) : Executing rule M4.a
2026-08-08 22:32:08 +0200: Memory Usage (475628K) : Executing rule M4.b
2026-08-08 22:32:09 +0200: Memory Usage (475628K) : Executing rule M4.e
2026-08-08 22:32:09 +0200: Memory Usage (475628K) : Executing rule M4.f
2026-08-08 22:32:09 +0200: Memory Usage (475628K) : Executing rule M4.g
2026-08-08 22:32:09 +0200: Memory Usage (475628K) : Executing rule M4.i
2026-08-08 22:32:09 +0200: Memory Usage (475628K) : Executing rule M5.a
2026-08-08 22:32:09 +0200: Memory Usage (475628K) : Executing rule M5.b
2026-08-08 22:32:09 +0200: Memory Usage (475884K) : Executing rule M5.e
2026-08-08 22:32:09 +0200: Memory Usage (476012K) : Executing rule M5.f
2026-08-08 22:32:09 +0200: Memory Usage (476012K) : Executing rule M5.g
2026-08-08 22:32:09 +0200: Memory Usage (476012K) : Executing rule M5.i
2026-08-08 22:32:10 +0200: Memory Usage (476012K) : KLayout DRC run for tables 'metaln' completed in 12.25 seconds
