# Logfile created on 2026-08-08 22:28:39 +0200 by logger.rb/v1.5.3
2026-08-08 22:28:39 +0200: Memory Usage (451824K) : Starting running IHP-SG13G2 Klayout DRC Density runset on /foss/designs/spi-slave-ihp/spi_slave.gds
2026-08-08 22:28:39 +0200: Memory Usage (451824K) : Ruby Version for klayout: 3.2.3
2026-08-08 22:28:40 +0200: Memory Usage (455064K) : Loading database to memory is complete.
2026-08-08 22:28:40 +0200: Memory Usage (455064K) : IHP-SG13G2 Klayout DRC Density runset output at: /foss/designs/spi-slave-ihp/signoff/drc/spi_slave_spi_slave_density.lyrdb
2026-08-08 22:28:40 +0200: Memory Usage (455064K) : Evaluate switches.
2026-08-08 22:28:40 +0200: Memory Usage (455064K) : Configured KLayout worker thread(s): 8.
2026-08-08 22:28:40 +0200: Memory Usage (455064K) : Deep mode enabled: reading layers and preparing general derivations.
2026-08-08 22:28:40 +0200: Memory Usage (455064K) : PreCheck DRC enabled: false
2026-08-08 22:28:40 +0200: Memory Usage (455064K) : Density sanity checks enabled: false
2026-08-08 22:28:40 +0200: Memory Usage (455064K) : Read in polygons from layers.
2026-08-08 22:28:40 +0200: Memory Usage (456832K) : activ_drw has 8060 polygons
2026-08-08 22:28:40 +0200: Memory Usage (456960K) : activ_mask has 0 polygons
2026-08-08 22:28:40 +0200: Memory Usage (456960K) : activ_filler has 0 polygons
2026-08-08 22:28:40 +0200: Memory Usage (456960K) : gatpoly_drw has 8381 polygons
2026-08-08 22:28:40 +0200: Memory Usage (456960K) : gatpoly_filler has 0 polygons
2026-08-08 22:28:40 +0200: Memory Usage (457092K) : metal1_drw has 15572 polygons
2026-08-08 22:28:40 +0200: Memory Usage (457092K) : metal1_filler has 0 polygons
2026-08-08 22:28:40 +0200: Memory Usage (457092K) : metal1_slit has 0 polygons
2026-08-08 22:28:40 +0200: Memory Usage (457092K) : metal2_drw has 7662 polygons
2026-08-08 22:28:40 +0200: Memory Usage (457092K) : metal2_filler has 0 polygons
2026-08-08 22:28:40 +0200: Memory Usage (457092K) : metal2_slit has 0 polygons
2026-08-08 22:28:40 +0200: Memory Usage (457092K) : metal3_drw has 3647 polygons
2026-08-08 22:28:40 +0200: Memory Usage (457092K) : metal3_filler has 0 polygons
2026-08-08 22:28:40 +0200: Memory Usage (457092K) : metal3_slit has 0 polygons
2026-08-08 22:28:40 +0200: Memory Usage (457092K) : metal4_drw has 492 polygons
2026-08-08 22:28:40 +0200: Memory Usage (457220K) : metal4_filler has 0 polygons
2026-08-08 22:28:40 +0200: Memory Usage (457220K) : metal4_slit has 0 polygons
2026-08-08 22:28:40 +0200: Memory Usage (457220K) : metal5_drw has 311 polygons
2026-08-08 22:28:40 +0200: Memory Usage (457220K) : metal5_filler has 0 polygons
2026-08-08 22:28:40 +0200: Memory Usage (457348K) : metal5_slit has 0 polygons
2026-08-08 22:28:40 +0200: Memory Usage (457348K) : topmetal1_drw has 118 polygons
2026-08-08 22:28:40 +0200: Memory Usage (457348K) : topmetal1_filler has 0 polygons
2026-08-08 22:28:41 +0200: Memory Usage (457476K) : topmetal1_slit has 0 polygons
2026-08-08 22:28:41 +0200: Memory Usage (457476K) : topmetal2_drw has 40 polygons
2026-08-08 22:28:41 +0200: Memory Usage (457476K) : topmetal2_filler has 0 polygons
2026-08-08 22:28:41 +0200: Memory Usage (457476K) : topmetal2_slit has 0 polygons
2026-08-08 22:28:41 +0200: Memory Usage (457476K) : lbe_drw has 0 polygons
2026-08-08 22:28:41 +0200: Memory Usage (457476K) : prboundary_drw has 0 polygons
2026-08-08 22:28:41 +0200: Memory Usage (457476K) : edgeseal_bound has 1 polygons
2026-08-08 22:28:41 +0200: Memory Usage (457476K) : Loaded TECH DRC rules values from /foss/pdks/ihp-sg13g2/libs.tech/klayout/python/sg13g2_pycell_lib/sg13g2_tech_mod.json
2026-08-08 22:28:41 +0200: Memory Usage (457476K) : Loaded default DRC rules values from /foss/pdks/ihp-sg13g2/libs.tech/klayout/tech/drc/rule_decks/sg13g2_tech_default.json
2026-08-08 22:28:41 +0200: Memory Usage (457476K) : The following rules values were missing in tech json and default values were used:
2026-08-08 22:28:41 +0200: Memory Usage (457476K) :   - NW_f1_digibnd
2026-08-08 22:28:41 +0200: Memory Usage (457476K) :   - Cnt_c_digibnd
2026-08-08 22:28:41 +0200: Memory Usage (457476K) :   - Cnt_c_sram
2026-08-08 22:28:41 +0200: Memory Usage (457476K) :   - Sdiod_b
2026-08-08 22:28:41 +0200: Memory Usage (457476K) :   - Sdiod_c
2026-08-08 22:28:41 +0200: Memory Usage (458484K) : Density sanity markers are disabled (set -rd density_sanity=true to enable).
2026-08-08 22:28:41 +0200: Memory Usage (458484K) : Using EdgeSeal.boundary (39/4) for chip area: 27848.17 um^2.
2026-08-08 22:28:41 +0200: Memory Usage (458484K) : Using bbox (0,0;157.78,176.5) for density window origin.
2026-08-08 22:28:41 +0200: Memory Usage (458612K) : Total area of the design is 27848.17 um^2.
2026-08-08 22:28:41 +0200: Memory Usage (458612K) : Starting density IHP-SG13G2 derivations.
2026-08-08 22:28:41 +0200: Memory Usage (458612K) : Starting IHP-SG13G2 DENSITY DRC rules.
2026-08-08 22:28:41 +0200: Memory Usage (458612K) : Computing activ area and density...
2026-08-08 22:28:42 +0200: Memory Usage (461136K) : Executing rule AFil.g
2026-08-08 22:28:42 +0200: Memory Usage (461136K) : Executing rule AFil.g1
2026-08-08 22:28:42 +0200: Memory Usage (461136K) : Executing rule AFil.g2
2026-08-08 22:28:43 +0200: Memory Usage (461888K) : Executing rule AFil.g3
2026-08-08 22:28:43 +0200: Memory Usage (462528K) : Computing poly area and density...
2026-08-08 22:28:43 +0200: Memory Usage (462528K) : Executing rule GFil.g
2026-08-08 22:28:43 +0200: Memory Usage (462528K) : Computing metal1 area and density...
2026-08-08 22:28:45 +0200: Memory Usage (465856K) : Executing rule M1.j
2026-08-08 22:28:45 +0200: Memory Usage (465856K) : Executing rule M1.k
2026-08-08 22:28:45 +0200: Memory Usage (465856K) : Computing metal2 area and density...
2026-08-08 22:28:45 +0200: Memory Usage (465984K) : Computing metal3 area and density...
2026-08-08 22:28:46 +0200: Memory Usage (465984K) : Computing metal4 area and density...
2026-08-08 22:28:46 +0200: Memory Usage (465984K) : Computing metal5 area and density...
2026-08-08 22:28:46 +0200: Memory Usage (465984K) : Executing rule M2.j
2026-08-08 22:28:46 +0200: Memory Usage (465984K) : Executing rule M2.k
2026-08-08 22:28:46 +0200: Memory Usage (465984K) : Executing rule M3.j
2026-08-08 22:28:46 +0200: Memory Usage (465984K) : Executing rule M3.k
2026-08-08 22:28:46 +0200: Memory Usage (465984K) : Executing rule M4.j
2026-08-08 22:28:46 +0200: Memory Usage (465984K) : Executing rule M4.k
2026-08-08 22:28:46 +0200: Memory Usage (465984K) : Executing rule M5.j
2026-08-08 22:28:46 +0200: Memory Usage (465984K) : Executing rule M5.k
2026-08-08 22:28:46 +0200: Memory Usage (465984K) : Executing rule M1Fil.h
2026-08-08 22:28:46 +0200: Memory Usage (466368K) : Executing rule M1Fil.k
2026-08-08 22:28:48 +0200: Memory Usage (466496K) : Executing rule M2Fil.h
2026-08-08 22:28:48 +0200: Memory Usage (466624K) : Executing rule M2Fil.k
2026-08-08 22:28:48 +0200: Memory Usage (466624K) : Executing rule M3Fil.h
2026-08-08 22:28:49 +0200: Memory Usage (466624K) : Executing rule M3Fil.k
2026-08-08 22:28:49 +0200: Memory Usage (466624K) : Executing rule M4Fil.h
2026-08-08 22:28:49 +0200: Memory Usage (466624K) : Executing rule M4Fil.k
2026-08-08 22:28:49 +0200: Memory Usage (466752K) : Executing rule M5Fil.h
2026-08-08 22:28:49 +0200: Memory Usage (466752K) : Executing rule M5Fil.k
2026-08-08 22:28:49 +0200: Memory Usage (466752K) : Computing TopMetal1 area and density...
2026-08-08 22:28:49 +0200: Memory Usage (466752K) : Executing rule TM1.c
2026-08-08 22:28:49 +0200: Memory Usage (466752K) : Executing rule TM1.d
2026-08-08 22:28:49 +0200: Memory Usage (466752K) : Computing TopMetal2 area and density...
2026-08-08 22:28:49 +0200: Memory Usage (466752K) : Executing rule TM2.c
2026-08-08 22:28:49 +0200: Memory Usage (466752K) : Executing rule TM2.d
2026-08-08 22:28:49 +0200: Memory Usage (466752K) : Computing LBE area and density...
2026-08-08 22:28:49 +0200: Memory Usage (466752K) : Executing rule LBE.i
2026-08-08 22:28:49 +0200: Memory Usage (466752K) : Executing rule Slt.i_M1
2026-08-08 22:29:02 +0200: Memory Usage (507168K) : Executing rule Slt.i_M2
2026-08-08 22:29:02 +0200: Memory Usage (507168K) : Executing rule Slt.i_M3
2026-08-08 22:29:02 +0200: Memory Usage (507168K) : Executing rule Slt.i_M4
2026-08-08 22:29:03 +0200: Memory Usage (507168K) : Executing rule Slt.i_M5
2026-08-08 22:29:03 +0200: Memory Usage (507168K) : Executing rule Slt.i_TM1
2026-08-08 22:29:03 +0200: Memory Usage (507168K) : Executing rule Slt.i_TM2
2026-08-08 22:29:03 +0200: Memory Usage (507168K) : ##################################################
2026-08-08 22:29:03 +0200: Memory Usage (507168K) :                  Density Report                 #
2026-08-08 22:29:03 +0200: Memory Usage (507168K) : ##################################################
2026-08-08 22:29:03 +0200: Memory Usage (507168K) : 
2026-08-08 22:29:03 +0200: Memory Usage (507168K) : Layer areas and percentages (units: um^2)
2026-08-08 22:29:03 +0200: Memory Usage (507168K) : --------------------------------------------------
2026-08-08 22:29:03 +0200: Memory Usage (507168K) : 
2026-08-08 22:29:03 +0200: Memory Usage (507168K) : Total Area     = 27848.17 um^2
2026-08-08 22:29:03 +0200: Memory Usage (507168K) : 
2026-08-08 22:29:03 +0200: Memory Usage (507168K) : Activ      Area      = 9475.25 µm²
2026-08-08 22:29:03 +0200: Memory Usage (507168K) : Activ      Density % = 34.02%  [Min = 35.00%,  Max = 55.00%]
2026-08-08 22:29:03 +0200: Memory Usage (507168K) : 
2026-08-08 22:29:03 +0200: Memory Usage (507168K) : GatPoly    Area      = 5373.28 µm²
2026-08-08 22:29:03 +0200: Memory Usage (507168K) : GatPoly    Density % = 19.29%  [Min = 15.00%]
2026-08-08 22:29:03 +0200: Memory Usage (507168K) : 
2026-08-08 22:29:03 +0200: Memory Usage (507168K) : Metal1     Area      = 9862.33 µm²
2026-08-08 22:29:03 +0200: Memory Usage (507168K) : Metal1     Density % = 35.41%  [Min = 35.00%,  Max = 60.00%]
2026-08-08 22:29:03 +0200: Memory Usage (507168K) : 
2026-08-08 22:29:03 +0200: Memory Usage (507168K) : Metal2     Area      = 3499.81 µm²
2026-08-08 22:29:03 +0200: Memory Usage (507168K) : Metal2     Density % = 12.57%  [Min = 35.00%,  Max = 60.00%]
2026-08-08 22:29:03 +0200: Memory Usage (507168K) : 
2026-08-08 22:29:03 +0200: Memory Usage (507168K) : Metal3     Area      = 3304.75 µm²
2026-08-08 22:29:03 +0200: Memory Usage (507168K) : Metal3     Density % = 11.87%  [Min = 35.00%,  Max = 60.00%]
2026-08-08 22:29:03 +0200: Memory Usage (507168K) : 
2026-08-08 22:29:03 +0200: Memory Usage (507168K) : Metal4     Area      = 1874.50 µm²
2026-08-08 22:29:03 +0200: Memory Usage (507168K) : Metal4     Density % =  6.73%  [Min = 35.00%,  Max = 60.00%]
2026-08-08 22:29:03 +0200: Memory Usage (507168K) : 
2026-08-08 22:29:03 +0200: Memory Usage (507168K) : Metal5     Area      = 1859.62 µm²
2026-08-08 22:29:03 +0200: Memory Usage (507168K) : Metal5     Density % =  6.68%  [Min = 35.00%,  Max = 60.00%]
2026-08-08 22:29:03 +0200: Memory Usage (507168K) : 
2026-08-08 22:29:03 +0200: Memory Usage (507168K) : TopMetal1  Area      = 2890.02 µm²
2026-08-08 22:29:03 +0200: Memory Usage (507168K) : TopMetal1  Density % = 10.38%  [Min = 25.00%,  Max = 70.00%]
2026-08-08 22:29:03 +0200: Memory Usage (507168K) : 
2026-08-08 22:29:03 +0200: Memory Usage (507168K) : TopMetal2  Area      = 2771.09 µm²
2026-08-08 22:29:03 +0200: Memory Usage (507168K) : TopMetal2  Density % =  9.95%  [Min = 25.00%,  Max = 70.00%]
2026-08-08 22:29:03 +0200: Memory Usage (507168K) : 
2026-08-08 22:29:03 +0200: Memory Usage (507168K) : LBE        Area      =  0.00 µm²
2026-08-08 22:29:03 +0200: Memory Usage (507168K) : LBE        Density % =  0.00%  [Max = 20.00%]
2026-08-08 22:29:03 +0200: Memory Usage (507168K) : 
2026-08-08 22:29:03 +0200: Memory Usage (507168K) : KLayout DRC run for density table completed in 23.46 seconds
