# Logfile created on 2026-08-08 22:30:59 +0200 by logger.rb/v1.5.3
2026-08-08 22:30:59 +0200: Memory Usage (454712K) : Starting running IHP-SG13G2 KLayout DRC runset on /foss/designs/spi-slave-ihp/spi_slave.gds
2026-08-08 22:30:59 +0200: Memory Usage (454712K) : Ruby Version for klayout: 3.2.3
2026-08-08 22:30:59 +0200: Memory Usage (456872K) : Loading database to memory is complete.
2026-08-08 22:30:59 +0200: Memory Usage (456872K) : IHP-SG13G2 KLayout DRC runset output at: /foss/designs/spi-slave-ihp/signoff/drc/spi_slave_spi_slave_metal1.lyrdb
2026-08-08 22:30:59 +0200: Memory Usage (456872K) : Evaluate switches.
2026-08-08 22:30:59 +0200: Memory Usage (456872K) : tables selected: metal1
2026-08-08 22:30:59 +0200: Memory Usage (456872K) : KLayout will use 8 thread(s) in tiling mode.
2026-08-08 22:30:59 +0200: Memory Usage (456872K) : deep mode is enabled.
2026-08-08 22:30:59 +0200: Memory Usage (456872K) : FEOL enabled: false
2026-08-08 22:30:59 +0200: Memory Usage (456872K) : BEOL enabled: false
2026-08-08 22:30:59 +0200: Memory Usage (456872K) : OFFGRID enabled: true
2026-08-08 22:30:59 +0200: Memory Usage (456872K) : ANGLE enabled: true
2026-08-08 22:30:59 +0200: Memory Usage (456872K) : PIN enabled: false
2026-08-08 22:30:59 +0200: Memory Usage (456872K) : FORBIDDEN enabled: false
2026-08-08 22:30:59 +0200: Memory Usage (456872K) : RECOMMENDED enabled: true
2026-08-08 22:30:59 +0200: Memory Usage (456872K) : PreCheck DRC enabled: false
2026-08-08 22:30:59 +0200: Memory Usage (456872K) : CONNECTIVITY_RULES enabled: false.
2026-08-08 22:30:59 +0200: Memory Usage (456872K) : Read in polygons from layers.
2026-08-08 22:30:59 +0200: Memory Usage (458244K) : activ_drw has 8060 polygons
2026-08-08 22:30:59 +0200: Memory Usage (458244K) : activ_pin has 0 polygons
2026-08-08 22:30:59 +0200: Memory Usage (458244K) : activ_mask has 0 polygons
2026-08-08 22:30:59 +0200: Memory Usage (458244K) : activ_filler has 0 polygons
2026-08-08 22:30:59 +0200: Memory Usage (458244K) : activ_nofill has 0 polygons
2026-08-08 22:30:59 +0200: Memory Usage (458500K) : activ_opc has 0 polygons
2026-08-08 22:30:59 +0200: Memory Usage (458500K) : activ_iopc has 0 polygons
2026-08-08 22:30:59 +0200: Memory Usage (458500K) : activ_noqrc has 0 polygons
2026-08-08 22:30:59 +0200: Memory Usage (458500K) : biwind_drw has 0 polygons
2026-08-08 22:30:59 +0200: Memory Usage (458500K) : biwind_opc has 0 polygons
2026-08-08 22:30:59 +0200: Memory Usage (458628K) : pemwind_drw has 0 polygons
2026-08-08 22:30:59 +0200: Memory Usage (458628K) : gatpoly_drw has 8381 polygons
2026-08-08 22:30:59 +0200: Memory Usage (458628K) : gatpoly_pin has 0 polygons
2026-08-08 22:30:59 +0200: Memory Usage (458628K) : gatpoly_filler has 0 polygons
2026-08-08 22:30:59 +0200: Memory Usage (458628K) : gatpoly_nofill has 0 polygons
2026-08-08 22:30:59 +0200: Memory Usage (458628K) : gatpoly_opc has 0 polygons
2026-08-08 22:30:59 +0200: Memory Usage (458628K) : gatpoly_iopc has 0 polygons
2026-08-08 22:30:59 +0200: Memory Usage (458628K) : gatpoly_noqrc has 0 polygons
2026-08-08 22:30:59 +0200: Memory Usage (458628K) : cont_drw has 54323 polygons
2026-08-08 22:30:59 +0200: Memory Usage (458628K) : cont_opc has 0 polygons
2026-08-08 22:30:59 +0200: Memory Usage (458628K) : nsd_drw has 0 polygons
2026-08-08 22:30:59 +0200: Memory Usage (458628K) : nsd_block has 0 polygons
2026-08-08 22:31:00 +0200: Memory Usage (458628K) : metal1_drw has 15572 polygons
2026-08-08 22:31:00 +0200: Memory Usage (458628K) : metal1_pin has 5570 polygons
2026-08-08 22:31:00 +0200: Memory Usage (458628K) : metal1_mask has 0 polygons
2026-08-08 22:31:00 +0200: Memory Usage (458628K) : metal1_filler has 0 polygons
2026-08-08 22:31:00 +0200: Memory Usage (458628K) : metal1_nofill has 0 polygons
2026-08-08 22:31:00 +0200: Memory Usage (458628K) : metal1_slit has 0 polygons
2026-08-08 22:31:00 +0200: Memory Usage (458812K) : metal1_text has 5488 polygons
2026-08-08 22:31:00 +0200: Memory Usage (458812K) : metal1_opc has 0 polygons
2026-08-08 22:31:00 +0200: Memory Usage (458812K) : metal1_noqrc has 0 polygons
2026-08-08 22:31:00 +0200: Memory Usage (458812K) : metal1_res has 0 polygons
2026-08-08 22:31:00 +0200: Memory Usage (458812K) : metal1_iprobe has 0 polygons
2026-08-08 22:31:00 +0200: Memory Usage (458812K) : metal1_diffprb has 0 polygons
2026-08-08 22:31:00 +0200: Memory Usage (458940K) : passiv_drw has 12 polygons
2026-08-08 22:31:00 +0200: Memory Usage (458940K) : passiv_pin has 0 polygons
2026-08-08 22:31:00 +0200: Memory Usage (458940K) : passiv_sbump has 0 polygons
2026-08-08 22:31:00 +0200: Memory Usage (459068K) : passiv_pillar has 0 polygons
2026-08-08 22:31:00 +0200: Memory Usage (459068K) : passiv_pdl has 0 polygons
2026-08-08 22:31:00 +0200: Memory Usage (459068K) : metal2_drw has 7662 polygons
2026-08-08 22:31:00 +0200: Memory Usage (459196K) : metal2_pin has 19 polygons
2026-08-08 22:31:00 +0200: Memory Usage (459196K) : metal2_mask has 0 polygons
2026-08-08 22:31:00 +0200: Memory Usage (459196K) : metal2_filler has 0 polygons
2026-08-08 22:31:00 +0200: Memory Usage (459196K) : metal2_nofill has 0 polygons
2026-08-08 22:31:00 +0200: Memory Usage (459196K) : metal2_slit has 0 polygons
2026-08-08 22:31:00 +0200: Memory Usage (459196K) : metal2_text has 19 polygons
2026-08-08 22:31:00 +0200: Memory Usage (459196K) : metal2_opc has 0 polygons
2026-08-08 22:31:00 +0200: Memory Usage (459196K) : metal2_noqrc has 0 polygons
2026-08-08 22:31:00 +0200: Memory Usage (459196K) : metal2_res has 0 polygons
2026-08-08 22:31:00 +0200: Memory Usage (459196K) : metal2_iprobe has 0 polygons
2026-08-08 22:31:00 +0200: Memory Usage (459196K) : metal2_diffprb has 0 polygons
2026-08-08 22:31:00 +0200: Memory Usage (459196K) : baspoly_drw has 0 polygons
2026-08-08 22:31:00 +0200: Memory Usage (459196K) : baspoly_pin has 0 polygons
2026-08-08 22:31:00 +0200: Memory Usage (459196K) : psd_drw has 3408 polygons
2026-08-08 22:31:00 +0200: Memory Usage (459196K) : nldb_drw has 0 polygons
2026-08-08 22:31:00 +0200: Memory Usage (459196K) : digibnd_drw has 0 polygons
2026-08-08 22:31:00 +0200: Memory Usage (459196K) : via1_drw has 2569 polygons
2026-08-08 22:31:00 +0200: Memory Usage (459196K) : backmetal1_drw has 0 polygons
2026-08-08 22:31:00 +0200: Memory Usage (459196K) : backmetal1_pin has 0 polygons
2026-08-08 22:31:00 +0200: Memory Usage (459196K) : backmetal1_mask has 0 polygons
2026-08-08 22:31:00 +0200: Memory Usage (459196K) : backmetal1_filler has 0 polygons
2026-08-08 22:31:00 +0200: Memory Usage (459196K) : backmetal1_nofill has 0 polygons
2026-08-08 22:31:00 +0200: Memory Usage (459196K) : backmetal1_slit has 0 polygons
2026-08-08 22:31:00 +0200: Memory Usage (459196K) : backmetal1_text has 0 polygons
2026-08-08 22:31:00 +0200: Memory Usage (459196K) : backmetal1_opc has 0 polygons
2026-08-08 22:31:00 +0200: Memory Usage (459196K) : backmetal1_noqrc has 0 polygons
2026-08-08 22:31:00 +0200: Memory Usage (459196K) : backmetal1_res has 0 polygons
2026-08-08 22:31:00 +0200: Memory Usage (459196K) : backmetal1_iprobe has 0 polygons
2026-08-08 22:31:00 +0200: Memory Usage (459196K) : backmetal1_diffprb has 0 polygons
2026-08-08 22:31:01 +0200: Memory Usage (459196K) : backpassiv_drw has 0 polygons
2026-08-08 22:31:01 +0200: Memory Usage (459196K) : res_drw has 0 polygons
2026-08-08 22:31:01 +0200: Memory Usage (459196K) : sram_drw has 0 polygons
2026-08-08 22:31:01 +0200: Memory Usage (459196K) : trans_drw has 0 polygons
2026-08-08 22:31:01 +0200: Memory Usage (459196K) : ind_drw has 0 polygons
2026-08-08 22:31:01 +0200: Memory Usage (459196K) : ind_pin has 0 polygons
2026-08-08 22:31:01 +0200: Memory Usage (459196K) : ind_text has 0 polygons
2026-08-08 22:31:01 +0200: Memory Usage (459196K) : salblock_drw has 0 polygons
2026-08-08 22:31:01 +0200: Memory Usage (459196K) : via2_drw has 2316 polygons
2026-08-08 22:31:01 +0200: Memory Usage (459196K) : metal3_drw has 3647 polygons
2026-08-08 22:31:01 +0200: Memory Usage (459196K) : metal3_pin has 11 polygons
2026-08-08 22:31:01 +0200: Memory Usage (459196K) : metal3_mask has 0 polygons
2026-08-08 22:31:01 +0200: Memory Usage (459196K) : metal3_filler has 0 polygons
2026-08-08 22:31:01 +0200: Memory Usage (459196K) : metal3_nofill has 0 polygons
2026-08-08 22:31:01 +0200: Memory Usage (459196K) : metal3_slit has 0 polygons
2026-08-08 22:31:01 +0200: Memory Usage (459196K) : metal3_text has 11 polygons
2026-08-08 22:31:01 +0200: Memory Usage (459196K) : metal3_opc has 0 polygons
2026-08-08 22:31:01 +0200: Memory Usage (459196K) : metal3_noqrc has 0 polygons
2026-08-08 22:31:01 +0200: Memory Usage (459196K) : metal3_res has 0 polygons
2026-08-08 22:31:01 +0200: Memory Usage (459196K) : metal3_iprobe has 0 polygons
2026-08-08 22:31:01 +0200: Memory Usage (459196K) : metal3_diffprb has 0 polygons
2026-08-08 22:31:01 +0200: Memory Usage (459196K) : nwell_drw has 1682 polygons
2026-08-08 22:31:01 +0200: Memory Usage (459196K) : nwell_pin has 0 polygons
2026-08-08 22:31:01 +0200: Memory Usage (459196K) : nbulay_drw has 0 polygons
2026-08-08 22:31:01 +0200: Memory Usage (459196K) : nbulay_pin has 0 polygons
2026-08-08 22:31:01 +0200: Memory Usage (459196K) : nbulay_block has 0 polygons
2026-08-08 22:31:01 +0200: Memory Usage (459196K) : emwind_drw has 0 polygons
2026-08-08 22:31:01 +0200: Memory Usage (459196K) : emwind_opc has 0 polygons
2026-08-08 22:31:01 +0200: Memory Usage (459196K) : deepco_drw has 0 polygons
2026-08-08 22:31:01 +0200: Memory Usage (459196K) : deepco_drw has 0 polygons
2026-08-08 22:31:01 +0200: Memory Usage (459196K) : mim_drw has 0 polygons
2026-08-08 22:31:01 +0200: Memory Usage (459324K) : edgeseal_drw has 24 polygons
2026-08-08 22:31:01 +0200: Memory Usage (459508K) : edgeseal_bound has 1 polygons
2026-08-08 22:31:01 +0200: Memory Usage (459508K) : substrate_drw has 0 polygons
2026-08-08 22:31:01 +0200: Memory Usage (459508K) : substrate_text has 0 polygons
2026-08-08 22:31:01 +0200: Memory Usage (459508K) : dfpad_drw has 0 polygons
2026-08-08 22:31:01 +0200: Memory Usage (459508K) : dfpad_pillar has 0 polygons
2026-08-08 22:31:01 +0200: Memory Usage (459508K) : dfpad_sbump has 0 polygons
2026-08-08 22:31:01 +0200: Memory Usage (459508K) : thickgateox_drw has 0 polygons
2026-08-08 22:31:01 +0200: Memory Usage (459508K) : pldb_drw has 0 polygons
2026-08-08 22:31:01 +0200: Memory Usage (459508K) : pwell_drw has 0 polygons
2026-08-08 22:31:01 +0200: Memory Usage (459508K) : pwell_pin has 0 polygons
2026-08-08 22:31:01 +0200: Memory Usage (459508K) : pwell_block has 0 polygons
2026-08-08 22:31:01 +0200: Memory Usage (459508K) : ic_drw has 0 polygons
2026-08-08 22:31:01 +0200: Memory Usage (459508K) : via3_drw has 597 polygons
2026-08-08 22:31:01 +0200: Memory Usage (459508K) : metal4_drw has 492 polygons
2026-08-08 22:31:01 +0200: Memory Usage (459508K) : metal4_pin has 0 polygons
2026-08-08 22:31:01 +0200: Memory Usage (459508K) : metal4_mask has 0 polygons
2026-08-08 22:31:02 +0200: Memory Usage (459508K) : metal4_filler has 0 polygons
2026-08-08 22:31:02 +0200: Memory Usage (459508K) : metal4_nofill has 0 polygons
2026-08-08 22:31:02 +0200: Memory Usage (459508K) : metal4_slit has 0 polygons
2026-08-08 22:31:02 +0200: Memory Usage (459508K) : metal4_text has 0 polygons
2026-08-08 22:31:02 +0200: Memory Usage (459508K) : metal4_opc has 0 polygons
2026-08-08 22:31:02 +0200: Memory Usage (459508K) : metal4_noqrc has 0 polygons
2026-08-08 22:31:02 +0200: Memory Usage (459508K) : metal4_res has 0 polygons
2026-08-08 22:31:02 +0200: Memory Usage (459508K) : metal4_iprobe has 0 polygons
2026-08-08 22:31:02 +0200: Memory Usage (459508K) : metal4_diffprb has 0 polygons
2026-08-08 22:31:02 +0200: Memory Usage (459508K) : heattrans_drw has 0 polygons
2026-08-08 22:31:02 +0200: Memory Usage (459508K) : heatres_drw has 0 polygons
2026-08-08 22:31:02 +0200: Memory Usage (459508K) : pempoly_drw has 0 polygons
2026-08-08 22:31:02 +0200: Memory Usage (459508K) : fbe_drw has 0 polygons
2026-08-08 22:31:02 +0200: Memory Usage (459508K) : empoly_drw has 0 polygons
2026-08-08 22:31:02 +0200: Memory Usage (459508K) : ldmos_drw has 0 polygons
2026-08-08 22:31:02 +0200: Memory Usage (459508K) : pbiwind_drw has 0 polygons
2026-08-08 22:31:02 +0200: Memory Usage (459508K) : digisub_drw has 0 polygons
2026-08-08 22:31:02 +0200: Memory Usage (459508K) : nodrc_drw has 0 polygons
2026-08-08 22:31:02 +0200: Memory Usage (459508K) : text_drw has 2 polygons
2026-08-08 22:31:02 +0200: Memory Usage (459508K) : via4_drw has 468 polygons
2026-08-08 22:31:02 +0200: Memory Usage (459508K) : metal5_drw has 311 polygons
2026-08-08 22:31:02 +0200: Memory Usage (459508K) : metal5_pin has 0 polygons
2026-08-08 22:31:02 +0200: Memory Usage (459508K) : metal5_mask has 0 polygons
2026-08-08 22:31:02 +0200: Memory Usage (459508K) : metal5_filler has 0 polygons
2026-08-08 22:31:02 +0200: Memory Usage (459508K) : metal5_nofill has 0 polygons
2026-08-08 22:31:02 +0200: Memory Usage (459508K) : metal5_slit has 0 polygons
2026-08-08 22:31:02 +0200: Memory Usage (459508K) : metal5_text has 0 polygons
2026-08-08 22:31:02 +0200: Memory Usage (459508K) : metal5_opc has 0 polygons
2026-08-08 22:31:02 +0200: Memory Usage (459508K) : metal5_noqrc has 0 polygons
2026-08-08 22:31:02 +0200: Memory Usage (459508K) : metal5_res has 0 polygons
2026-08-08 22:31:02 +0200: Memory Usage (459508K) : metal5_iprobe has 0 polygons
2026-08-08 22:31:02 +0200: Memory Usage (459508K) : metal5_diffprb has 0 polygons
2026-08-08 22:31:02 +0200: Memory Usage (459508K) : radhard_drw has 0 polygons
2026-08-08 22:31:02 +0200: Memory Usage (459508K) : memcap_drw has 0 polygons
2026-08-08 22:31:02 +0200: Memory Usage (459508K) : varicap_drw has 0 polygons
2026-08-08 22:31:02 +0200: Memory Usage (459508K) : flash_drw has 0 polygons
2026-08-08 22:31:02 +0200: Memory Usage (459508K) : intbondvia_drw has 0 polygons
2026-08-08 22:31:02 +0200: Memory Usage (459508K) : intbondmet_drw has 0 polygons
2026-08-08 22:31:02 +0200: Memory Usage (459508K) : devbondvia_drw has 0 polygons
2026-08-08 22:31:02 +0200: Memory Usage (459508K) : devbondmet_drw has 0 polygons
2026-08-08 22:31:02 +0200: Memory Usage (459508K) : devtrench_drw has 0 polygons
2026-08-08 22:31:02 +0200: Memory Usage (459508K) : redist_drw has 0 polygons
2026-08-08 22:31:02 +0200: Memory Usage (459508K) : graphbot_drw has 0 polygons
2026-08-08 22:31:02 +0200: Memory Usage (459508K) : graphtop_drw has 0 polygons
2026-08-08 22:31:02 +0200: Memory Usage (459636K) : antvia1_drw has 0 polygons
2026-08-08 22:31:02 +0200: Memory Usage (459636K) : antmetal2_drw has 0 polygons
2026-08-08 22:31:02 +0200: Memory Usage (459636K) : graphcont_drw has 0 polygons
2026-08-08 22:31:02 +0200: Memory Usage (459636K) : siwg_drw has 0 polygons
2026-08-08 22:31:02 +0200: Memory Usage (459636K) : siwg_filler has 0 polygons
2026-08-08 22:31:02 +0200: Memory Usage (459636K) : siwg_nofill has 0 polygons
2026-08-08 22:31:02 +0200: Memory Usage (459636K) : sigrating_drw has 0 polygons
2026-08-08 22:31:02 +0200: Memory Usage (459636K) : singrating_drw has 0 polygons
2026-08-08 22:31:02 +0200: Memory Usage (459636K) : graphpas_drw has 0 polygons
2026-08-08 22:31:02 +0200: Memory Usage (459636K) : emwind3_drw has 0 polygons
2026-08-08 22:31:02 +0200: Memory Usage (459636K) : emwihv3_drw has 0 polygons
2026-08-08 22:31:02 +0200: Memory Usage (459636K) : redbulay_drw has 0 polygons
2026-08-08 22:31:02 +0200: Memory Usage (459636K) : smos_drw has 0 polygons
2026-08-08 22:31:02 +0200: Memory Usage (459636K) : graphpad_drw has 0 polygons
2026-08-08 22:31:03 +0200: Memory Usage (459636K) : polimide_drw has 0 polygons
2026-08-08 22:31:03 +0200: Memory Usage (459636K) : polimide_pin has 0 polygons
2026-08-08 22:31:03 +0200: Memory Usage (459636K) : recog_drw has 0 polygons
2026-08-08 22:31:03 +0200: Memory Usage (459636K) : recog_pin has 0 polygons
2026-08-08 22:31:03 +0200: Memory Usage (459636K) : recog_esd has 0 polygons
2026-08-08 22:31:03 +0200: Memory Usage (459636K) : recog_diode has 0 polygons
2026-08-08 22:31:03 +0200: Memory Usage (459636K) : recog_tsv has 0 polygons
2026-08-08 22:31:03 +0200: Memory Usage (459636K) : recog_iprobe has 0 polygons
2026-08-08 22:31:03 +0200: Memory Usage (459636K) : recog_diffprb has 0 polygons
2026-08-08 22:31:03 +0200: Memory Usage (459636K) : recog_pillar has 0 polygons
2026-08-08 22:31:03 +0200: Memory Usage (459636K) : recog_sbump has 0 polygons
2026-08-08 22:31:03 +0200: Memory Usage (459636K) : recog_otp has 0 polygons
2026-08-08 22:31:03 +0200: Memory Usage (459636K) : recog_pdiode has 0 polygons
2026-08-08 22:31:03 +0200: Memory Usage (459636K) : recog_mom has 0 polygons
2026-08-08 22:31:03 +0200: Memory Usage (459636K) : recog_pcm has 0 polygons
2026-08-08 22:31:03 +0200: Memory Usage (459636K) : colopen_drw has 0 polygons
2026-08-08 22:31:03 +0200: Memory Usage (459636K) : graphmetal1_drw has 0 polygons
2026-08-08 22:31:03 +0200: Memory Usage (459636K) : graphmetal1_filler has 0 polygons
2026-08-08 22:31:03 +0200: Memory Usage (459636K) : graphmetal1_nofill has 0 polygons
2026-08-08 22:31:03 +0200: Memory Usage (459636K) : graphmetal1_slit has 0 polygons
2026-08-08 22:31:03 +0200: Memory Usage (459636K) : graphmetal1_opc has 0 polygons
2026-08-08 22:31:03 +0200: Memory Usage (459636K) : graphmet1l_drw has 0 polygons
2026-08-08 22:31:03 +0200: Memory Usage (459636K) : graphmet1l_filler has 0 polygons
2026-08-08 22:31:03 +0200: Memory Usage (459636K) : graphmet1l_nofill has 0 polygons
2026-08-08 22:31:03 +0200: Memory Usage (459636K) : graphmet1l_slit has 0 polygons
2026-08-08 22:31:03 +0200: Memory Usage (459636K) : graphmet1l_opc has 0 polygons
2026-08-08 22:31:03 +0200: Memory Usage (459636K) : extblock_drw has 0 polygons
2026-08-08 22:31:03 +0200: Memory Usage (459636K) : nldd_drw has 0 polygons
2026-08-08 22:31:03 +0200: Memory Usage (459636K) : pldd_drw has 0 polygons
2026-08-08 22:31:03 +0200: Memory Usage (459636K) : next_drw has 0 polygons
2026-08-08 22:31:03 +0200: Memory Usage (459636K) : pext_drw has 0 polygons
2026-08-08 22:31:03 +0200: Memory Usage (459636K) : nexthv_drw has 0 polygons
2026-08-08 22:31:03 +0200: Memory Usage (459636K) : pexthv_drw has 0 polygons
2026-08-08 22:31:03 +0200: Memory Usage (459636K) : graphgate_drw has 0 polygons
2026-08-08 22:31:03 +0200: Memory Usage (459636K) : sinwg_drw has 0 polygons
2026-08-08 22:31:03 +0200: Memory Usage (459636K) : sinwg_filler has 0 polygons
2026-08-08 22:31:03 +0200: Memory Usage (459636K) : sinwg_nofill has 0 polygons
2026-08-08 22:31:03 +0200: Memory Usage (459636K) : mempad_drw has 0 polygons
2026-08-08 22:31:03 +0200: Memory Usage (459636K) : topvia1_drw has 200 polygons
2026-08-08 22:31:03 +0200: Memory Usage (459636K) : topmetal1_drw has 118 polygons
2026-08-08 22:31:03 +0200: Memory Usage (459636K) : topmetal1_pin has 4 polygons
2026-08-08 22:31:03 +0200: Memory Usage (459636K) : topmetal1_mask has 0 polygons
2026-08-08 22:31:03 +0200: Memory Usage (459636K) : topmetal1_filler has 0 polygons
2026-08-08 22:31:03 +0200: Memory Usage (459636K) : topmetal1_nofill has 0 polygons
2026-08-08 22:31:03 +0200: Memory Usage (459636K) : topmetal1_slit has 0 polygons
2026-08-08 22:31:03 +0200: Memory Usage (459636K) : topmetal1_text has 2 polygons
2026-08-08 22:31:03 +0200: Memory Usage (459636K) : topmetal1_noqrc has 0 polygons
2026-08-08 22:31:03 +0200: Memory Usage (459636K) : topmetal1_res has 0 polygons
2026-08-08 22:31:03 +0200: Memory Usage (459636K) : topmetal1_iprobe has 0 polygons
2026-08-08 22:31:03 +0200: Memory Usage (459636K) : topmetal1_diffprb has 0 polygons
2026-08-08 22:31:03 +0200: Memory Usage (459636K) : inldpwl_drw has 0 polygons
2026-08-08 22:31:03 +0200: Memory Usage (459636K) : polyres_drw has 0 polygons
2026-08-08 22:31:03 +0200: Memory Usage (459636K) : polyres_pin has 0 polygons
2026-08-08 22:31:03 +0200: Memory Usage (459636K) : vmim_drw has 0 polygons
2026-08-08 22:31:04 +0200: Memory Usage (459636K) : nbulaycut_drw has 0 polygons
2026-08-08 22:31:04 +0200: Memory Usage (459636K) : antmetal1_drw has 0 polygons
2026-08-08 22:31:04 +0200: Memory Usage (459636K) : topvia2_drw has 36 polygons
2026-08-08 22:31:04 +0200: Memory Usage (459636K) : topmetal2_drw has 40 polygons
2026-08-08 22:31:04 +0200: Memory Usage (459636K) : topmetal2_pin has 4 polygons
2026-08-08 22:31:04 +0200: Memory Usage (459636K) : topmetal2_mask has 0 polygons
2026-08-08 22:31:04 +0200: Memory Usage (459636K) : topmetal2_filler has 0 polygons
2026-08-08 22:31:04 +0200: Memory Usage (459636K) : topmetal2_nofill has 0 polygons
2026-08-08 22:31:04 +0200: Memory Usage (459636K) : topmetal2_slit has 0 polygons
2026-08-08 22:31:04 +0200: Memory Usage (459636K) : topmetal2_text has 2 polygons
2026-08-08 22:31:04 +0200: Memory Usage (459636K) : topmetal2_noqrc has 0 polygons
2026-08-08 22:31:04 +0200: Memory Usage (459636K) : topmetal2_res has 0 polygons
2026-08-08 22:31:04 +0200: Memory Usage (459636K) : topmetal2_iprobe has 0 polygons
2026-08-08 22:31:04 +0200: Memory Usage (459636K) : topmetal2_diffprb has 0 polygons
2026-08-08 22:31:04 +0200: Memory Usage (459636K) : snsring_drw has 0 polygons
2026-08-08 22:31:04 +0200: Memory Usage (459636K) : sensor_drw has 0 polygons
2026-08-08 22:31:04 +0200: Memory Usage (459636K) : snsarms_drw has 0 polygons
2026-08-08 22:31:04 +0200: Memory Usage (459636K) : snscmosvia_drw has 0 polygons
2026-08-08 22:31:04 +0200: Memory Usage (459636K) : colwind_drw has 0 polygons
2026-08-08 22:31:04 +0200: Memory Usage (459636K) : flm_drw has 0 polygons
2026-08-08 22:31:04 +0200: Memory Usage (459636K) : hafniumox_drw has 0 polygons
2026-08-08 22:31:04 +0200: Memory Usage (459636K) : memvia_drw has 0 polygons
2026-08-08 22:31:04 +0200: Memory Usage (459636K) : thinfilmres_drw has 0 polygons
2026-08-08 22:31:04 +0200: Memory Usage (459636K) : rfmem_drw has 0 polygons
2026-08-08 22:31:04 +0200: Memory Usage (459636K) : norcx_drw has 0 polygons
2026-08-08 22:31:04 +0200: Memory Usage (459636K) : norcx_m2m3 has 0 polygons
2026-08-08 22:31:04 +0200: Memory Usage (459636K) : norcx_m2m4 has 0 polygons
2026-08-08 22:31:04 +0200: Memory Usage (459636K) : norcx_m2m5 has 0 polygons
2026-08-08 22:31:04 +0200: Memory Usage (459636K) : norcx_m2tm1 has 0 polygons
2026-08-08 22:31:04 +0200: Memory Usage (459636K) : norcx_m2tm2 has 0 polygons
2026-08-08 22:31:04 +0200: Memory Usage (459636K) : norcx_m3m4 has 0 polygons
2026-08-08 22:31:04 +0200: Memory Usage (459636K) : norcx_m3m5 has 0 polygons
2026-08-08 22:31:04 +0200: Memory Usage (459636K) : norcx_m3tm1 has 0 polygons
2026-08-08 22:31:04 +0200: Memory Usage (459636K) : norcx_m3tm2 has 0 polygons
2026-08-08 22:31:04 +0200: Memory Usage (459636K) : norcx_m4m5 has 0 polygons
2026-08-08 22:31:04 +0200: Memory Usage (459636K) : norcx_m4tm1 has 0 polygons
2026-08-08 22:31:04 +0200: Memory Usage (459636K) : norcx_m4tm2 has 0 polygons
2026-08-08 22:31:04 +0200: Memory Usage (459636K) : norcx_m5tm1 has 0 polygons
2026-08-08 22:31:04 +0200: Memory Usage (459636K) : norcx_m5tm2 has 0 polygons
2026-08-08 22:31:04 +0200: Memory Usage (459636K) : norcx_tm1tm2 has 0 polygons
2026-08-08 22:31:04 +0200: Memory Usage (459636K) : norcx_m1sub has 0 polygons
2026-08-08 22:31:04 +0200: Memory Usage (459636K) : norcx_m2sub has 0 polygons
2026-08-08 22:31:04 +0200: Memory Usage (459636K) : norcx_m3sub has 0 polygons
2026-08-08 22:31:04 +0200: Memory Usage (459636K) : norcx_m4sub has 0 polygons
2026-08-08 22:31:04 +0200: Memory Usage (459636K) : norcx_m5sub has 0 polygons
2026-08-08 22:31:04 +0200: Memory Usage (459636K) : norcx_tm1sub has 0 polygons
2026-08-08 22:31:04 +0200: Memory Usage (459636K) : norcx_tm2sub has 0 polygons
2026-08-08 22:31:04 +0200: Memory Usage (459636K) : snsbotvia_drw has 0 polygons
2026-08-08 22:31:04 +0200: Memory Usage (459636K) : snstopvia_drw has 0 polygons
2026-08-08 22:31:04 +0200: Memory Usage (459636K) : deepvia_drw has 0 polygons
2026-08-08 22:31:04 +0200: Memory Usage (459636K) : fgetch_drw has 0 polygons
2026-08-08 22:31:04 +0200: Memory Usage (459636K) : ctrgat_drw has 0 polygons
2026-08-08 22:31:04 +0200: Memory Usage (459636K) : fgimp_drw has 0 polygons
2026-08-08 22:31:04 +0200: Memory Usage (459636K) : emwihv_drw has 0 polygons
2026-08-08 22:31:04 +0200: Memory Usage (459636K) : lbe_drw has 0 polygons
2026-08-08 22:31:04 +0200: Memory Usage (459636K) : alcustop_drw has 0 polygons
2026-08-08 22:31:04 +0200: Memory Usage (459636K) : nometfiller_drw has 0 polygons
2026-08-08 22:31:04 +0200: Memory Usage (459636K) : prboundary_drw has 0 polygons
2026-08-08 22:31:05 +0200: Memory Usage (459636K) : exchange0_drw has 0 polygons
2026-08-08 22:31:05 +0200: Memory Usage (459636K) : exchange0_pin has 0 polygons
2026-08-08 22:31:05 +0200: Memory Usage (459636K) : exchange0_text has 0 polygons
2026-08-08 22:31:05 +0200: Memory Usage (459636K) : exchange1_drw has 0 polygons
2026-08-08 22:31:05 +0200: Memory Usage (459636K) : exchange1_pin has 0 polygons
2026-08-08 22:31:05 +0200: Memory Usage (459636K) : exchange1_text has 0 polygons
2026-08-08 22:31:05 +0200: Memory Usage (459636K) : exchange2_drw has 0 polygons
2026-08-08 22:31:05 +0200: Memory Usage (459636K) : exchange2_pin has 0 polygons
2026-08-08 22:31:05 +0200: Memory Usage (459636K) : exchange2_text has 0 polygons
2026-08-08 22:31:05 +0200: Memory Usage (459636K) : exchange3_drw has 0 polygons
2026-08-08 22:31:05 +0200: Memory Usage (459636K) : exchange3_pin has 0 polygons
2026-08-08 22:31:05 +0200: Memory Usage (459636K) : exchange3_text has 0 polygons
2026-08-08 22:31:05 +0200: Memory Usage (459636K) : exchange4_drw has 0 polygons
2026-08-08 22:31:05 +0200: Memory Usage (459636K) : exchange4_pin has 0 polygons
2026-08-08 22:31:05 +0200: Memory Usage (459636K) : exchange4_text has 0 polygons
2026-08-08 22:31:05 +0200: Memory Usage (459636K) : isonwell_drw has 0 polygons
2026-08-08 22:31:05 +0200: Memory Usage (459636K) : Total no. of polygons in the design is 121051
2026-08-08 22:31:05 +0200: Memory Usage (459764K) : Loaded TECH DRC rules values from /foss/pdks/ihp-sg13g2/libs.tech/klayout/python/sg13g2_pycell_lib/sg13g2_tech_mod.json
2026-08-08 22:31:05 +0200: Memory Usage (459764K) : Loaded default DRC rules values from /foss/pdks/ihp-sg13g2/libs.tech/klayout/tech/drc/rule_decks/sg13g2_tech_default.json
2026-08-08 22:31:05 +0200: Memory Usage (459764K) : The following rules values were missing in tech json and default values were used:
2026-08-08 22:31:05 +0200: Memory Usage (459764K) :   - NW_f1_digibnd
2026-08-08 22:31:05 +0200: Memory Usage (459764K) :   - Cnt_c_digibnd
2026-08-08 22:31:05 +0200: Memory Usage (459764K) :   - Cnt_c_sram
2026-08-08 22:31:05 +0200: Memory Usage (459764K) :   - Sdiod_b
2026-08-08 22:31:05 +0200: Memory Usage (459764K) :   - Sdiod_c
2026-08-08 22:31:05 +0200: Memory Usage (460848K) : Total area of the design is 27848.17 um^2.
2026-08-08 22:31:05 +0200: Memory Usage (460848K) : The design dimensions are 157.78 µm * 176.5 µm.
2026-08-08 22:31:05 +0200: Memory Usage (460848K) : Starting general IHP-SG13G2 derivations.
2026-08-08 22:31:05 +0200: Memory Usage (460848K) : Starting Pwell derivations
2026-08-08 22:31:06 +0200: Memory Usage (463896K) : Starting IHP-SG13G2 DRC rules.
2026-08-08 22:31:06 +0200: Memory Usage (463896K) : Starting 5.16. Metal1 table
2026-08-08 22:31:06 +0200: Memory Usage (463896K) : Executing rule M1.a
2026-08-08 22:31:07 +0200: Memory Usage (468940K) : Executing rule M1.b
2026-08-08 22:31:10 +0200: Memory Usage (476124K) : Executing rule M1.e
2026-08-08 22:31:11 +0200: Memory Usage (480504K) : Executing rule M1.f
2026-08-08 22:31:14 +0200: Memory Usage (494652K) : Executing rule M1.g
2026-08-08 22:31:14 +0200: Memory Usage (494780K) : Executing rule M1.i
2026-08-08 22:31:14 +0200: Memory Usage (498236K) : KLayout DRC run for tables 'metal1' completed in 15.42 seconds
