# Logfile created on 2026-08-08 22:31:24 +0200 by logger.rb/v1.5.3
2026-08-08 22:31:24 +0200: Memory Usage (454776K) : Starting running IHP-SG13G2 KLayout DRC runset on /foss/designs/spi-slave-ihp/spi_slave.gds
2026-08-08 22:31:24 +0200: Memory Usage (454776K) : Ruby Version for klayout: 3.2.3
2026-08-08 22:31:24 +0200: Memory Usage (456612K) : Loading database to memory is complete.
2026-08-08 22:31:24 +0200: Memory Usage (456612K) : IHP-SG13G2 KLayout DRC runset output at: /foss/designs/spi-slave-ihp/signoff/drc/spi_slave_spi_slave_passiv.lyrdb
2026-08-08 22:31:24 +0200: Memory Usage (456740K) : Evaluate switches.
2026-08-08 22:31:24 +0200: Memory Usage (456740K) : tables selected: passiv
2026-08-08 22:31:24 +0200: Memory Usage (456740K) : KLayout will use 8 thread(s) in tiling mode.
2026-08-08 22:31:24 +0200: Memory Usage (456740K) : deep mode is enabled.
2026-08-08 22:31:24 +0200: Memory Usage (456740K) : FEOL enabled: false
2026-08-08 22:31:24 +0200: Memory Usage (456740K) : BEOL enabled: false
2026-08-08 22:31:24 +0200: Memory Usage (456740K) : OFFGRID enabled: true
2026-08-08 22:31:24 +0200: Memory Usage (456740K) : ANGLE enabled: true
2026-08-08 22:31:24 +0200: Memory Usage (456740K) : PIN enabled: false
2026-08-08 22:31:24 +0200: Memory Usage (456740K) : FORBIDDEN enabled: false
2026-08-08 22:31:24 +0200: Memory Usage (456740K) : RECOMMENDED enabled: true
2026-08-08 22:31:24 +0200: Memory Usage (456740K) : PreCheck DRC enabled: false
2026-08-08 22:31:24 +0200: Memory Usage (456740K) : CONNECTIVITY_RULES enabled: false.
2026-08-08 22:31:24 +0200: Memory Usage (456740K) : Read in polygons from layers.
2026-08-08 22:31:25 +0200: Memory Usage (458380K) : activ_drw has 8060 polygons
2026-08-08 22:31:25 +0200: Memory Usage (458380K) : activ_pin has 0 polygons
2026-08-08 22:31:25 +0200: Memory Usage (458380K) : activ_mask has 0 polygons
2026-08-08 22:31:25 +0200: Memory Usage (458380K) : activ_filler has 0 polygons
2026-08-08 22:31:25 +0200: Memory Usage (458380K) : activ_nofill has 0 polygons
2026-08-08 22:31:25 +0200: Memory Usage (458508K) : activ_opc has 0 polygons
2026-08-08 22:31:25 +0200: Memory Usage (458508K) : activ_iopc has 0 polygons
2026-08-08 22:31:25 +0200: Memory Usage (458508K) : activ_noqrc has 0 polygons
2026-08-08 22:31:25 +0200: Memory Usage (458508K) : biwind_drw has 0 polygons
2026-08-08 22:31:25 +0200: Memory Usage (458508K) : biwind_opc has 0 polygons
2026-08-08 22:31:25 +0200: Memory Usage (458636K) : pemwind_drw has 0 polygons
2026-08-08 22:31:25 +0200: Memory Usage (458636K) : gatpoly_drw has 8381 polygons
2026-08-08 22:31:25 +0200: Memory Usage (458764K) : gatpoly_pin has 0 polygons
2026-08-08 22:31:25 +0200: Memory Usage (458892K) : gatpoly_filler has 0 polygons
2026-08-08 22:31:25 +0200: Memory Usage (458892K) : gatpoly_nofill has 0 polygons
2026-08-08 22:31:25 +0200: Memory Usage (459020K) : gatpoly_opc has 0 polygons
2026-08-08 22:31:25 +0200: Memory Usage (459020K) : gatpoly_iopc has 0 polygons
2026-08-08 22:31:25 +0200: Memory Usage (459148K) : gatpoly_noqrc has 0 polygons
2026-08-08 22:31:25 +0200: Memory Usage (459148K) : cont_drw has 54323 polygons
2026-08-08 22:31:25 +0200: Memory Usage (459276K) : cont_opc has 0 polygons
2026-08-08 22:31:25 +0200: Memory Usage (459404K) : nsd_drw has 0 polygons
2026-08-08 22:31:25 +0200: Memory Usage (459404K) : nsd_block has 0 polygons
2026-08-08 22:31:25 +0200: Memory Usage (459532K) : metal1_drw has 15572 polygons
2026-08-08 22:31:25 +0200: Memory Usage (459660K) : metal1_pin has 5570 polygons
2026-08-08 22:31:25 +0200: Memory Usage (459660K) : metal1_mask has 0 polygons
2026-08-08 22:31:25 +0200: Memory Usage (459788K) : metal1_filler has 0 polygons
2026-08-08 22:31:25 +0200: Memory Usage (459788K) : metal1_nofill has 0 polygons
2026-08-08 22:31:25 +0200: Memory Usage (459916K) : metal1_slit has 0 polygons
2026-08-08 22:31:25 +0200: Memory Usage (460220K) : metal1_text has 5488 polygons
2026-08-08 22:31:25 +0200: Memory Usage (460348K) : metal1_opc has 0 polygons
2026-08-08 22:31:25 +0200: Memory Usage (460348K) : metal1_noqrc has 0 polygons
2026-08-08 22:31:25 +0200: Memory Usage (460348K) : metal1_res has 0 polygons
2026-08-08 22:31:25 +0200: Memory Usage (460348K) : metal1_iprobe has 0 polygons
2026-08-08 22:31:25 +0200: Memory Usage (460348K) : metal1_diffprb has 0 polygons
2026-08-08 22:31:25 +0200: Memory Usage (460348K) : passiv_drw has 12 polygons
2026-08-08 22:31:25 +0200: Memory Usage (460348K) : passiv_pin has 0 polygons
2026-08-08 22:31:25 +0200: Memory Usage (460348K) : passiv_sbump has 0 polygons
2026-08-08 22:31:25 +0200: Memory Usage (460348K) : passiv_pillar has 0 polygons
2026-08-08 22:31:25 +0200: Memory Usage (460348K) : passiv_pdl has 0 polygons
2026-08-08 22:31:25 +0200: Memory Usage (460348K) : metal2_drw has 7662 polygons
2026-08-08 22:31:25 +0200: Memory Usage (460348K) : metal2_pin has 19 polygons
2026-08-08 22:31:25 +0200: Memory Usage (460348K) : metal2_mask has 0 polygons
2026-08-08 22:31:25 +0200: Memory Usage (460348K) : metal2_filler has 0 polygons
2026-08-08 22:31:25 +0200: Memory Usage (460348K) : metal2_nofill has 0 polygons
2026-08-08 22:31:25 +0200: Memory Usage (460348K) : metal2_slit has 0 polygons
2026-08-08 22:31:25 +0200: Memory Usage (460348K) : metal2_text has 19 polygons
2026-08-08 22:31:25 +0200: Memory Usage (460348K) : metal2_opc has 0 polygons
2026-08-08 22:31:25 +0200: Memory Usage (460348K) : metal2_noqrc has 0 polygons
2026-08-08 22:31:25 +0200: Memory Usage (460348K) : metal2_res has 0 polygons
2026-08-08 22:31:25 +0200: Memory Usage (460348K) : metal2_iprobe has 0 polygons
2026-08-08 22:31:25 +0200: Memory Usage (460348K) : metal2_diffprb has 0 polygons
2026-08-08 22:31:25 +0200: Memory Usage (460348K) : baspoly_drw has 0 polygons
2026-08-08 22:31:25 +0200: Memory Usage (460348K) : baspoly_pin has 0 polygons
2026-08-08 22:31:25 +0200: Memory Usage (460348K) : psd_drw has 3408 polygons
2026-08-08 22:31:25 +0200: Memory Usage (460348K) : nldb_drw has 0 polygons
2026-08-08 22:31:25 +0200: Memory Usage (460348K) : digibnd_drw has 0 polygons
2026-08-08 22:31:25 +0200: Memory Usage (460348K) : via1_drw has 2569 polygons
2026-08-08 22:31:25 +0200: Memory Usage (460348K) : backmetal1_drw has 0 polygons
2026-08-08 22:31:25 +0200: Memory Usage (460348K) : backmetal1_pin has 0 polygons
2026-08-08 22:31:25 +0200: Memory Usage (460348K) : backmetal1_mask has 0 polygons
2026-08-08 22:31:25 +0200: Memory Usage (460348K) : backmetal1_filler has 0 polygons
2026-08-08 22:31:25 +0200: Memory Usage (460348K) : backmetal1_nofill has 0 polygons
2026-08-08 22:31:25 +0200: Memory Usage (460348K) : backmetal1_slit has 0 polygons
2026-08-08 22:31:25 +0200: Memory Usage (460348K) : backmetal1_text has 0 polygons
2026-08-08 22:31:25 +0200: Memory Usage (460348K) : backmetal1_opc has 0 polygons
2026-08-08 22:31:25 +0200: Memory Usage (460348K) : backmetal1_noqrc has 0 polygons
2026-08-08 22:31:26 +0200: Memory Usage (460348K) : backmetal1_res has 0 polygons
2026-08-08 22:31:26 +0200: Memory Usage (460348K) : backmetal1_iprobe has 0 polygons
2026-08-08 22:31:26 +0200: Memory Usage (460348K) : backmetal1_diffprb has 0 polygons
2026-08-08 22:31:26 +0200: Memory Usage (460348K) : backpassiv_drw has 0 polygons
2026-08-08 22:31:26 +0200: Memory Usage (460348K) : res_drw has 0 polygons
2026-08-08 22:31:26 +0200: Memory Usage (460348K) : sram_drw has 0 polygons
2026-08-08 22:31:26 +0200: Memory Usage (460348K) : trans_drw has 0 polygons
2026-08-08 22:31:26 +0200: Memory Usage (460348K) : ind_drw has 0 polygons
2026-08-08 22:31:26 +0200: Memory Usage (460348K) : ind_pin has 0 polygons
2026-08-08 22:31:26 +0200: Memory Usage (460348K) : ind_text has 0 polygons
2026-08-08 22:31:26 +0200: Memory Usage (460348K) : salblock_drw has 0 polygons
2026-08-08 22:31:26 +0200: Memory Usage (460348K) : via2_drw has 2316 polygons
2026-08-08 22:31:26 +0200: Memory Usage (460348K) : metal3_drw has 3647 polygons
2026-08-08 22:31:26 +0200: Memory Usage (460348K) : metal3_pin has 11 polygons
2026-08-08 22:31:26 +0200: Memory Usage (460348K) : metal3_mask has 0 polygons
2026-08-08 22:31:26 +0200: Memory Usage (460348K) : metal3_filler has 0 polygons
2026-08-08 22:31:26 +0200: Memory Usage (460348K) : metal3_nofill has 0 polygons
2026-08-08 22:31:26 +0200: Memory Usage (460348K) : metal3_slit has 0 polygons
2026-08-08 22:31:26 +0200: Memory Usage (460348K) : metal3_text has 11 polygons
2026-08-08 22:31:26 +0200: Memory Usage (460348K) : metal3_opc has 0 polygons
2026-08-08 22:31:26 +0200: Memory Usage (460348K) : metal3_noqrc has 0 polygons
2026-08-08 22:31:26 +0200: Memory Usage (460348K) : metal3_res has 0 polygons
2026-08-08 22:31:26 +0200: Memory Usage (460348K) : metal3_iprobe has 0 polygons
2026-08-08 22:31:26 +0200: Memory Usage (460348K) : metal3_diffprb has 0 polygons
2026-08-08 22:31:26 +0200: Memory Usage (460348K) : nwell_drw has 1682 polygons
2026-08-08 22:31:26 +0200: Memory Usage (460348K) : nwell_pin has 0 polygons
2026-08-08 22:31:26 +0200: Memory Usage (460348K) : nbulay_drw has 0 polygons
2026-08-08 22:31:26 +0200: Memory Usage (460348K) : nbulay_pin has 0 polygons
2026-08-08 22:31:26 +0200: Memory Usage (460348K) : nbulay_block has 0 polygons
2026-08-08 22:31:26 +0200: Memory Usage (460348K) : emwind_drw has 0 polygons
2026-08-08 22:31:26 +0200: Memory Usage (460348K) : emwind_opc has 0 polygons
2026-08-08 22:31:26 +0200: Memory Usage (460348K) : deepco_drw has 0 polygons
2026-08-08 22:31:26 +0200: Memory Usage (460348K) : deepco_drw has 0 polygons
2026-08-08 22:31:26 +0200: Memory Usage (460348K) : mim_drw has 0 polygons
2026-08-08 22:31:26 +0200: Memory Usage (460348K) : edgeseal_drw has 24 polygons
2026-08-08 22:31:26 +0200: Memory Usage (460348K) : edgeseal_bound has 1 polygons
2026-08-08 22:31:26 +0200: Memory Usage (460348K) : substrate_drw has 0 polygons
2026-08-08 22:31:26 +0200: Memory Usage (460348K) : substrate_text has 0 polygons
2026-08-08 22:31:26 +0200: Memory Usage (460348K) : dfpad_drw has 0 polygons
2026-08-08 22:31:26 +0200: Memory Usage (460348K) : dfpad_pillar has 0 polygons
2026-08-08 22:31:26 +0200: Memory Usage (460348K) : dfpad_sbump has 0 polygons
2026-08-08 22:31:26 +0200: Memory Usage (460348K) : thickgateox_drw has 0 polygons
2026-08-08 22:31:26 +0200: Memory Usage (460348K) : pldb_drw has 0 polygons
2026-08-08 22:31:26 +0200: Memory Usage (460348K) : pwell_drw has 0 polygons
2026-08-08 22:31:26 +0200: Memory Usage (460348K) : pwell_pin has 0 polygons
2026-08-08 22:31:26 +0200: Memory Usage (460348K) : pwell_block has 0 polygons
2026-08-08 22:31:26 +0200: Memory Usage (460348K) : ic_drw has 0 polygons
2026-08-08 22:31:26 +0200: Memory Usage (460348K) : via3_drw has 597 polygons
2026-08-08 22:31:26 +0200: Memory Usage (460348K) : metal4_drw has 492 polygons
2026-08-08 22:31:26 +0200: Memory Usage (460348K) : metal4_pin has 0 polygons
2026-08-08 22:31:26 +0200: Memory Usage (460348K) : metal4_mask has 0 polygons
2026-08-08 22:31:26 +0200: Memory Usage (460348K) : metal4_filler has 0 polygons
2026-08-08 22:31:26 +0200: Memory Usage (460348K) : metal4_nofill has 0 polygons
2026-08-08 22:31:26 +0200: Memory Usage (460348K) : metal4_slit has 0 polygons
2026-08-08 22:31:26 +0200: Memory Usage (460348K) : metal4_text has 0 polygons
2026-08-08 22:31:26 +0200: Memory Usage (460348K) : metal4_opc has 0 polygons
2026-08-08 22:31:26 +0200: Memory Usage (460348K) : metal4_noqrc has 0 polygons
2026-08-08 22:31:27 +0200: Memory Usage (460348K) : metal4_res has 0 polygons
2026-08-08 22:31:27 +0200: Memory Usage (460348K) : metal4_iprobe has 0 polygons
2026-08-08 22:31:27 +0200: Memory Usage (460348K) : metal4_diffprb has 0 polygons
2026-08-08 22:31:27 +0200: Memory Usage (460348K) : heattrans_drw has 0 polygons
2026-08-08 22:31:27 +0200: Memory Usage (460348K) : heatres_drw has 0 polygons
2026-08-08 22:31:27 +0200: Memory Usage (460348K) : pempoly_drw has 0 polygons
2026-08-08 22:31:27 +0200: Memory Usage (460348K) : fbe_drw has 0 polygons
2026-08-08 22:31:27 +0200: Memory Usage (460348K) : empoly_drw has 0 polygons
2026-08-08 22:31:27 +0200: Memory Usage (460348K) : ldmos_drw has 0 polygons
2026-08-08 22:31:27 +0200: Memory Usage (460348K) : pbiwind_drw has 0 polygons
2026-08-08 22:31:27 +0200: Memory Usage (460348K) : digisub_drw has 0 polygons
2026-08-08 22:31:27 +0200: Memory Usage (460348K) : nodrc_drw has 0 polygons
2026-08-08 22:31:27 +0200: Memory Usage (460348K) : text_drw has 2 polygons
2026-08-08 22:31:27 +0200: Memory Usage (460348K) : via4_drw has 468 polygons
2026-08-08 22:31:27 +0200: Memory Usage (460348K) : metal5_drw has 311 polygons
2026-08-08 22:31:27 +0200: Memory Usage (460348K) : metal5_pin has 0 polygons
2026-08-08 22:31:27 +0200: Memory Usage (460348K) : metal5_mask has 0 polygons
2026-08-08 22:31:27 +0200: Memory Usage (460348K) : metal5_filler has 0 polygons
2026-08-08 22:31:27 +0200: Memory Usage (460348K) : metal5_nofill has 0 polygons
2026-08-08 22:31:27 +0200: Memory Usage (460348K) : metal5_slit has 0 polygons
2026-08-08 22:31:27 +0200: Memory Usage (460348K) : metal5_text has 0 polygons
2026-08-08 22:31:27 +0200: Memory Usage (460348K) : metal5_opc has 0 polygons
2026-08-08 22:31:27 +0200: Memory Usage (460348K) : metal5_noqrc has 0 polygons
2026-08-08 22:31:27 +0200: Memory Usage (460348K) : metal5_res has 0 polygons
2026-08-08 22:31:27 +0200: Memory Usage (460348K) : metal5_iprobe has 0 polygons
2026-08-08 22:31:27 +0200: Memory Usage (460348K) : metal5_diffprb has 0 polygons
2026-08-08 22:31:27 +0200: Memory Usage (460348K) : radhard_drw has 0 polygons
2026-08-08 22:31:27 +0200: Memory Usage (460348K) : memcap_drw has 0 polygons
2026-08-08 22:31:27 +0200: Memory Usage (460348K) : varicap_drw has 0 polygons
2026-08-08 22:31:27 +0200: Memory Usage (460348K) : flash_drw has 0 polygons
2026-08-08 22:31:27 +0200: Memory Usage (460348K) : intbondvia_drw has 0 polygons
2026-08-08 22:31:27 +0200: Memory Usage (460348K) : intbondmet_drw has 0 polygons
2026-08-08 22:31:27 +0200: Memory Usage (460348K) : devbondvia_drw has 0 polygons
2026-08-08 22:31:27 +0200: Memory Usage (460348K) : devbondmet_drw has 0 polygons
2026-08-08 22:31:27 +0200: Memory Usage (460348K) : devtrench_drw has 0 polygons
2026-08-08 22:31:27 +0200: Memory Usage (460348K) : redist_drw has 0 polygons
2026-08-08 22:31:27 +0200: Memory Usage (460348K) : graphbot_drw has 0 polygons
2026-08-08 22:31:27 +0200: Memory Usage (460348K) : graphtop_drw has 0 polygons
2026-08-08 22:31:27 +0200: Memory Usage (460348K) : antvia1_drw has 0 polygons
2026-08-08 22:31:27 +0200: Memory Usage (460348K) : antmetal2_drw has 0 polygons
2026-08-08 22:31:27 +0200: Memory Usage (460348K) : graphcont_drw has 0 polygons
2026-08-08 22:31:27 +0200: Memory Usage (460348K) : siwg_drw has 0 polygons
2026-08-08 22:31:27 +0200: Memory Usage (460348K) : siwg_filler has 0 polygons
2026-08-08 22:31:27 +0200: Memory Usage (460348K) : siwg_nofill has 0 polygons
2026-08-08 22:31:27 +0200: Memory Usage (460348K) : sigrating_drw has 0 polygons
2026-08-08 22:31:27 +0200: Memory Usage (460348K) : singrating_drw has 0 polygons
2026-08-08 22:31:27 +0200: Memory Usage (460476K) : graphpas_drw has 0 polygons
2026-08-08 22:31:27 +0200: Memory Usage (460476K) : emwind3_drw has 0 polygons
2026-08-08 22:31:27 +0200: Memory Usage (460476K) : emwihv3_drw has 0 polygons
2026-08-08 22:31:27 +0200: Memory Usage (460604K) : redbulay_drw has 0 polygons
2026-08-08 22:31:27 +0200: Memory Usage (460604K) : smos_drw has 0 polygons
2026-08-08 22:31:27 +0200: Memory Usage (460732K) : graphpad_drw has 0 polygons
2026-08-08 22:31:27 +0200: Memory Usage (460732K) : polimide_drw has 0 polygons
2026-08-08 22:31:27 +0200: Memory Usage (460732K) : polimide_pin has 0 polygons
2026-08-08 22:31:27 +0200: Memory Usage (460732K) : recog_drw has 0 polygons
2026-08-08 22:31:27 +0200: Memory Usage (460732K) : recog_pin has 0 polygons
2026-08-08 22:31:27 +0200: Memory Usage (460732K) : recog_esd has 0 polygons
2026-08-08 22:31:27 +0200: Memory Usage (460732K) : recog_diode has 0 polygons
2026-08-08 22:31:27 +0200: Memory Usage (460732K) : recog_tsv has 0 polygons
2026-08-08 22:31:27 +0200: Memory Usage (460732K) : recog_iprobe has 0 polygons
2026-08-08 22:31:27 +0200: Memory Usage (460732K) : recog_diffprb has 0 polygons
2026-08-08 22:31:27 +0200: Memory Usage (460732K) : recog_pillar has 0 polygons
2026-08-08 22:31:27 +0200: Memory Usage (460732K) : recog_sbump has 0 polygons
2026-08-08 22:31:27 +0200: Memory Usage (460732K) : recog_otp has 0 polygons
2026-08-08 22:31:27 +0200: Memory Usage (460732K) : recog_pdiode has 0 polygons
2026-08-08 22:31:27 +0200: Memory Usage (460732K) : recog_mom has 0 polygons
2026-08-08 22:31:27 +0200: Memory Usage (460732K) : recog_pcm has 0 polygons
2026-08-08 22:31:27 +0200: Memory Usage (460732K) : colopen_drw has 0 polygons
2026-08-08 22:31:27 +0200: Memory Usage (460732K) : graphmetal1_drw has 0 polygons
2026-08-08 22:31:27 +0200: Memory Usage (460732K) : graphmetal1_filler has 0 polygons
2026-08-08 22:31:27 +0200: Memory Usage (460732K) : graphmetal1_nofill has 0 polygons
2026-08-08 22:31:27 +0200: Memory Usage (460732K) : graphmetal1_slit has 0 polygons
2026-08-08 22:31:28 +0200: Memory Usage (460732K) : graphmetal1_opc has 0 polygons
2026-08-08 22:31:28 +0200: Memory Usage (460732K) : graphmet1l_drw has 0 polygons
2026-08-08 22:31:28 +0200: Memory Usage (460732K) : graphmet1l_filler has 0 polygons
2026-08-08 22:31:28 +0200: Memory Usage (460732K) : graphmet1l_nofill has 0 polygons
2026-08-08 22:31:28 +0200: Memory Usage (460732K) : graphmet1l_slit has 0 polygons
2026-08-08 22:31:28 +0200: Memory Usage (460732K) : graphmet1l_opc has 0 polygons
2026-08-08 22:31:28 +0200: Memory Usage (460732K) : extblock_drw has 0 polygons
2026-08-08 22:31:28 +0200: Memory Usage (460732K) : nldd_drw has 0 polygons
2026-08-08 22:31:28 +0200: Memory Usage (460732K) : pldd_drw has 0 polygons
2026-08-08 22:31:28 +0200: Memory Usage (460732K) : next_drw has 0 polygons
2026-08-08 22:31:28 +0200: Memory Usage (460732K) : pext_drw has 0 polygons
2026-08-08 22:31:28 +0200: Memory Usage (460732K) : nexthv_drw has 0 polygons
2026-08-08 22:31:28 +0200: Memory Usage (460732K) : pexthv_drw has 0 polygons
2026-08-08 22:31:28 +0200: Memory Usage (460732K) : graphgate_drw has 0 polygons
2026-08-08 22:31:28 +0200: Memory Usage (460732K) : sinwg_drw has 0 polygons
2026-08-08 22:31:28 +0200: Memory Usage (460732K) : sinwg_filler has 0 polygons
2026-08-08 22:31:28 +0200: Memory Usage (460732K) : sinwg_nofill has 0 polygons
2026-08-08 22:31:28 +0200: Memory Usage (460732K) : mempad_drw has 0 polygons
2026-08-08 22:31:28 +0200: Memory Usage (460732K) : topvia1_drw has 200 polygons
2026-08-08 22:31:28 +0200: Memory Usage (460732K) : topmetal1_drw has 118 polygons
2026-08-08 22:31:28 +0200: Memory Usage (460732K) : topmetal1_pin has 4 polygons
2026-08-08 22:31:28 +0200: Memory Usage (460732K) : topmetal1_mask has 0 polygons
2026-08-08 22:31:28 +0200: Memory Usage (460732K) : topmetal1_filler has 0 polygons
2026-08-08 22:31:28 +0200: Memory Usage (460732K) : topmetal1_nofill has 0 polygons
2026-08-08 22:31:28 +0200: Memory Usage (460732K) : topmetal1_slit has 0 polygons
2026-08-08 22:31:28 +0200: Memory Usage (460732K) : topmetal1_text has 2 polygons
2026-08-08 22:31:28 +0200: Memory Usage (460732K) : topmetal1_noqrc has 0 polygons
2026-08-08 22:31:28 +0200: Memory Usage (460732K) : topmetal1_res has 0 polygons
2026-08-08 22:31:28 +0200: Memory Usage (460732K) : topmetal1_iprobe has 0 polygons
2026-08-08 22:31:28 +0200: Memory Usage (460732K) : topmetal1_diffprb has 0 polygons
2026-08-08 22:31:28 +0200: Memory Usage (460732K) : inldpwl_drw has 0 polygons
2026-08-08 22:31:28 +0200: Memory Usage (460732K) : polyres_drw has 0 polygons
2026-08-08 22:31:28 +0200: Memory Usage (460732K) : polyres_pin has 0 polygons
2026-08-08 22:31:28 +0200: Memory Usage (460732K) : vmim_drw has 0 polygons
2026-08-08 22:31:28 +0200: Memory Usage (460732K) : nbulaycut_drw has 0 polygons
2026-08-08 22:31:28 +0200: Memory Usage (460732K) : antmetal1_drw has 0 polygons
2026-08-08 22:31:28 +0200: Memory Usage (460732K) : topvia2_drw has 36 polygons
2026-08-08 22:31:28 +0200: Memory Usage (460732K) : topmetal2_drw has 40 polygons
2026-08-08 22:31:28 +0200: Memory Usage (460732K) : topmetal2_pin has 4 polygons
2026-08-08 22:31:28 +0200: Memory Usage (460732K) : topmetal2_mask has 0 polygons
2026-08-08 22:31:28 +0200: Memory Usage (460732K) : topmetal2_filler has 0 polygons
2026-08-08 22:31:28 +0200: Memory Usage (460732K) : topmetal2_nofill has 0 polygons
2026-08-08 22:31:28 +0200: Memory Usage (460732K) : topmetal2_slit has 0 polygons
2026-08-08 22:31:28 +0200: Memory Usage (460732K) : topmetal2_text has 2 polygons
2026-08-08 22:31:28 +0200: Memory Usage (460732K) : topmetal2_noqrc has 0 polygons
2026-08-08 22:31:28 +0200: Memory Usage (460732K) : topmetal2_res has 0 polygons
2026-08-08 22:31:28 +0200: Memory Usage (460732K) : topmetal2_iprobe has 0 polygons
2026-08-08 22:31:28 +0200: Memory Usage (460732K) : topmetal2_diffprb has 0 polygons
2026-08-08 22:31:28 +0200: Memory Usage (460732K) : snsring_drw has 0 polygons
2026-08-08 22:31:28 +0200: Memory Usage (460732K) : sensor_drw has 0 polygons
2026-08-08 22:31:28 +0200: Memory Usage (460732K) : snsarms_drw has 0 polygons
2026-08-08 22:31:28 +0200: Memory Usage (460732K) : snscmosvia_drw has 0 polygons
2026-08-08 22:31:28 +0200: Memory Usage (460732K) : colwind_drw has 0 polygons
2026-08-08 22:31:28 +0200: Memory Usage (460732K) : flm_drw has 0 polygons
2026-08-08 22:31:28 +0200: Memory Usage (460732K) : hafniumox_drw has 0 polygons
2026-08-08 22:31:28 +0200: Memory Usage (460732K) : memvia_drw has 0 polygons
2026-08-08 22:31:29 +0200: Memory Usage (460732K) : thinfilmres_drw has 0 polygons
2026-08-08 22:31:29 +0200: Memory Usage (460732K) : rfmem_drw has 0 polygons
2026-08-08 22:31:29 +0200: Memory Usage (460732K) : norcx_drw has 0 polygons
2026-08-08 22:31:29 +0200: Memory Usage (460732K) : norcx_m2m3 has 0 polygons
2026-08-08 22:31:29 +0200: Memory Usage (460732K) : norcx_m2m4 has 0 polygons
2026-08-08 22:31:29 +0200: Memory Usage (460732K) : norcx_m2m5 has 0 polygons
2026-08-08 22:31:29 +0200: Memory Usage (460732K) : norcx_m2tm1 has 0 polygons
2026-08-08 22:31:29 +0200: Memory Usage (460732K) : norcx_m2tm2 has 0 polygons
2026-08-08 22:31:29 +0200: Memory Usage (460732K) : norcx_m3m4 has 0 polygons
2026-08-08 22:31:29 +0200: Memory Usage (460732K) : norcx_m3m5 has 0 polygons
2026-08-08 22:31:29 +0200: Memory Usage (460732K) : norcx_m3tm1 has 0 polygons
2026-08-08 22:31:29 +0200: Memory Usage (460732K) : norcx_m3tm2 has 0 polygons
2026-08-08 22:31:29 +0200: Memory Usage (460732K) : norcx_m4m5 has 0 polygons
2026-08-08 22:31:29 +0200: Memory Usage (460732K) : norcx_m4tm1 has 0 polygons
2026-08-08 22:31:29 +0200: Memory Usage (460732K) : norcx_m4tm2 has 0 polygons
2026-08-08 22:31:29 +0200: Memory Usage (460732K) : norcx_m5tm1 has 0 polygons
2026-08-08 22:31:29 +0200: Memory Usage (460732K) : norcx_m5tm2 has 0 polygons
2026-08-08 22:31:29 +0200: Memory Usage (460732K) : norcx_tm1tm2 has 0 polygons
2026-08-08 22:31:29 +0200: Memory Usage (460732K) : norcx_m1sub has 0 polygons
2026-08-08 22:31:29 +0200: Memory Usage (460732K) : norcx_m2sub has 0 polygons
2026-08-08 22:31:29 +0200: Memory Usage (460732K) : norcx_m3sub has 0 polygons
2026-08-08 22:31:29 +0200: Memory Usage (460732K) : norcx_m4sub has 0 polygons
2026-08-08 22:31:29 +0200: Memory Usage (460732K) : norcx_m5sub has 0 polygons
2026-08-08 22:31:29 +0200: Memory Usage (460732K) : norcx_tm1sub has 0 polygons
2026-08-08 22:31:29 +0200: Memory Usage (460732K) : norcx_tm2sub has 0 polygons
2026-08-08 22:31:29 +0200: Memory Usage (460732K) : snsbotvia_drw has 0 polygons
2026-08-08 22:31:29 +0200: Memory Usage (460732K) : snstopvia_drw has 0 polygons
2026-08-08 22:31:29 +0200: Memory Usage (460732K) : deepvia_drw has 0 polygons
2026-08-08 22:31:29 +0200: Memory Usage (460732K) : fgetch_drw has 0 polygons
2026-08-08 22:31:29 +0200: Memory Usage (460732K) : ctrgat_drw has 0 polygons
2026-08-08 22:31:29 +0200: Memory Usage (460732K) : fgimp_drw has 0 polygons
2026-08-08 22:31:29 +0200: Memory Usage (460732K) : emwihv_drw has 0 polygons
2026-08-08 22:31:29 +0200: Memory Usage (460732K) : lbe_drw has 0 polygons
2026-08-08 22:31:29 +0200: Memory Usage (460732K) : alcustop_drw has 0 polygons
2026-08-08 22:31:29 +0200: Memory Usage (460732K) : nometfiller_drw has 0 polygons
2026-08-08 22:31:29 +0200: Memory Usage (460732K) : prboundary_drw has 0 polygons
2026-08-08 22:31:29 +0200: Memory Usage (460732K) : exchange0_drw has 0 polygons
2026-08-08 22:31:29 +0200: Memory Usage (460732K) : exchange0_pin has 0 polygons
2026-08-08 22:31:29 +0200: Memory Usage (460732K) : exchange0_text has 0 polygons
2026-08-08 22:31:29 +0200: Memory Usage (460732K) : exchange1_drw has 0 polygons
2026-08-08 22:31:29 +0200: Memory Usage (460732K) : exchange1_pin has 0 polygons
2026-08-08 22:31:29 +0200: Memory Usage (460732K) : exchange1_text has 0 polygons
2026-08-08 22:31:29 +0200: Memory Usage (460732K) : exchange2_drw has 0 polygons
2026-08-08 22:31:29 +0200: Memory Usage (460732K) : exchange2_pin has 0 polygons
2026-08-08 22:31:29 +0200: Memory Usage (460732K) : exchange2_text has 0 polygons
2026-08-08 22:31:29 +0200: Memory Usage (460732K) : exchange3_drw has 0 polygons
2026-08-08 22:31:29 +0200: Memory Usage (460732K) : exchange3_pin has 0 polygons
2026-08-08 22:31:29 +0200: Memory Usage (460732K) : exchange3_text has 0 polygons
2026-08-08 22:31:29 +0200: Memory Usage (460732K) : exchange4_drw has 0 polygons
2026-08-08 22:31:29 +0200: Memory Usage (460732K) : exchange4_pin has 0 polygons
2026-08-08 22:31:29 +0200: Memory Usage (460732K) : exchange4_text has 0 polygons
2026-08-08 22:31:29 +0200: Memory Usage (460732K) : isonwell_drw has 0 polygons
2026-08-08 22:31:29 +0200: Memory Usage (460732K) : Total no. of polygons in the design is 121051
2026-08-08 22:31:29 +0200: Memory Usage (460732K) : Loaded TECH DRC rules values from /foss/pdks/ihp-sg13g2/libs.tech/klayout/python/sg13g2_pycell_lib/sg13g2_tech_mod.json
2026-08-08 22:31:29 +0200: Memory Usage (460732K) : Loaded default DRC rules values from /foss/pdks/ihp-sg13g2/libs.tech/klayout/tech/drc/rule_decks/sg13g2_tech_default.json
2026-08-08 22:31:29 +0200: Memory Usage (460732K) : The following rules values were missing in tech json and default values were used:
2026-08-08 22:31:29 +0200: Memory Usage (460732K) :   - NW_f1_digibnd
2026-08-08 22:31:29 +0200: Memory Usage (460732K) :   - Cnt_c_digibnd
2026-08-08 22:31:29 +0200: Memory Usage (460732K) :   - Cnt_c_sram
2026-08-08 22:31:29 +0200: Memory Usage (460732K) :   - Sdiod_b
2026-08-08 22:31:29 +0200: Memory Usage (460732K) :   - Sdiod_c
2026-08-08 22:31:30 +0200: Memory Usage (461568K) : Total area of the design is 27848.17 um^2.
2026-08-08 22:31:30 +0200: Memory Usage (461568K) : The design dimensions are 157.78 µm * 176.5 µm.
2026-08-08 22:31:30 +0200: Memory Usage (461568K) : Starting general IHP-SG13G2 derivations.
2026-08-08 22:31:30 +0200: Memory Usage (461568K) : Starting Pwell derivations
2026-08-08 22:31:30 +0200: Memory Usage (464880K) : Starting IHP-SG13G2 DRC rules.
2026-08-08 22:31:30 +0200: Memory Usage (464880K) : Starting 5.27. Passiv table
2026-08-08 22:31:30 +0200: Memory Usage (464880K) : Executing rule Pas.a
2026-08-08 22:31:30 +0200: Memory Usage (465236K) : Executing rule Pas.b
2026-08-08 22:31:30 +0200: Memory Usage (465568K) : Executing rule Pas.c
2026-08-08 22:31:30 +0200: Memory Usage (465696K) : KLayout DRC run for tables 'passiv' completed in 5.5 seconds
