# Logfile created on 2026-08-08 22:32:21 +0200 by logger.rb/v1.5.3
2026-08-08 22:32:21 +0200: Memory Usage (454964K) : Starting running IHP-SG13G2 KLayout DRC runset on /foss/designs/spi-slave-ihp/spi_slave.gds
2026-08-08 22:32:21 +0200: Memory Usage (454964K) : Ruby Version for klayout: 3.2.3
2026-08-08 22:32:21 +0200: Memory Usage (457052K) : Loading database to memory is complete.
2026-08-08 22:32:21 +0200: Memory Usage (457052K) : IHP-SG13G2 KLayout DRC runset output at: /foss/designs/spi-slave-ihp/signoff/drc/spi_slave_spi_slave_angle.lyrdb
2026-08-08 22:32:21 +0200: Memory Usage (457052K) : Evaluate switches.
2026-08-08 22:32:21 +0200: Memory Usage (457052K) : tables selected: angle
2026-08-08 22:32:21 +0200: Memory Usage (457052K) : KLayout will use 8 thread(s) in tiling mode.
2026-08-08 22:32:21 +0200: Memory Usage (457052K) : deep mode is enabled.
2026-08-08 22:32:21 +0200: Memory Usage (457052K) : FEOL enabled: false
2026-08-08 22:32:21 +0200: Memory Usage (457052K) : BEOL enabled: false
2026-08-08 22:32:21 +0200: Memory Usage (457052K) : OFFGRID enabled: true
2026-08-08 22:32:21 +0200: Memory Usage (457052K) : ANGLE enabled: true
2026-08-08 22:32:21 +0200: Memory Usage (457052K) : PIN enabled: false
2026-08-08 22:32:21 +0200: Memory Usage (457052K) : FORBIDDEN enabled: false
2026-08-08 22:32:21 +0200: Memory Usage (457052K) : RECOMMENDED enabled: true
2026-08-08 22:32:21 +0200: Memory Usage (457052K) : PreCheck DRC enabled: false
2026-08-08 22:32:21 +0200: Memory Usage (457052K) : CONNECTIVITY_RULES enabled: false.
2026-08-08 22:32:21 +0200: Memory Usage (457052K) : Read in polygons from layers.
2026-08-08 22:32:21 +0200: Memory Usage (458556K) : activ_drw has 8060 polygons
2026-08-08 22:32:21 +0200: Memory Usage (458556K) : activ_pin has 0 polygons
2026-08-08 22:32:21 +0200: Memory Usage (458556K) : activ_mask has 0 polygons
2026-08-08 22:32:21 +0200: Memory Usage (458556K) : activ_filler has 0 polygons
2026-08-08 22:32:21 +0200: Memory Usage (458556K) : activ_nofill has 0 polygons
2026-08-08 22:32:21 +0200: Memory Usage (458812K) : activ_opc has 0 polygons
2026-08-08 22:32:21 +0200: Memory Usage (458812K) : activ_iopc has 0 polygons
2026-08-08 22:32:21 +0200: Memory Usage (458812K) : activ_noqrc has 0 polygons
2026-08-08 22:32:21 +0200: Memory Usage (458812K) : biwind_drw has 0 polygons
2026-08-08 22:32:21 +0200: Memory Usage (458812K) : biwind_opc has 0 polygons
2026-08-08 22:32:21 +0200: Memory Usage (458940K) : pemwind_drw has 0 polygons
2026-08-08 22:32:22 +0200: Memory Usage (458940K) : gatpoly_drw has 8381 polygons
2026-08-08 22:32:22 +0200: Memory Usage (458940K) : gatpoly_pin has 0 polygons
2026-08-08 22:32:22 +0200: Memory Usage (459068K) : gatpoly_filler has 0 polygons
2026-08-08 22:32:22 +0200: Memory Usage (459196K) : gatpoly_nofill has 0 polygons
2026-08-08 22:32:22 +0200: Memory Usage (459196K) : gatpoly_opc has 0 polygons
2026-08-08 22:32:22 +0200: Memory Usage (459196K) : gatpoly_iopc has 0 polygons
2026-08-08 22:32:22 +0200: Memory Usage (459196K) : gatpoly_noqrc has 0 polygons
2026-08-08 22:32:22 +0200: Memory Usage (459196K) : cont_drw has 54323 polygons
2026-08-08 22:32:22 +0200: Memory Usage (459196K) : cont_opc has 0 polygons
2026-08-08 22:32:22 +0200: Memory Usage (459196K) : nsd_drw has 0 polygons
2026-08-08 22:32:22 +0200: Memory Usage (459196K) : nsd_block has 0 polygons
2026-08-08 22:32:22 +0200: Memory Usage (459384K) : metal1_drw has 15572 polygons
2026-08-08 22:32:22 +0200: Memory Usage (459384K) : metal1_pin has 5570 polygons
2026-08-08 22:32:22 +0200: Memory Usage (459384K) : metal1_mask has 0 polygons
2026-08-08 22:32:22 +0200: Memory Usage (459384K) : metal1_filler has 0 polygons
2026-08-08 22:32:22 +0200: Memory Usage (459384K) : metal1_nofill has 0 polygons
2026-08-08 22:32:22 +0200: Memory Usage (459384K) : metal1_slit has 0 polygons
2026-08-08 22:32:22 +0200: Memory Usage (459700K) : metal1_text has 5488 polygons
2026-08-08 22:32:22 +0200: Memory Usage (459700K) : metal1_opc has 0 polygons
2026-08-08 22:32:22 +0200: Memory Usage (459700K) : metal1_noqrc has 0 polygons
2026-08-08 22:32:22 +0200: Memory Usage (459700K) : metal1_res has 0 polygons
2026-08-08 22:32:22 +0200: Memory Usage (459700K) : metal1_iprobe has 0 polygons
2026-08-08 22:32:22 +0200: Memory Usage (459700K) : metal1_diffprb has 0 polygons
2026-08-08 22:32:22 +0200: Memory Usage (459700K) : passiv_drw has 12 polygons
2026-08-08 22:32:22 +0200: Memory Usage (459700K) : passiv_pin has 0 polygons
2026-08-08 22:32:22 +0200: Memory Usage (459700K) : passiv_sbump has 0 polygons
2026-08-08 22:32:22 +0200: Memory Usage (459700K) : passiv_pillar has 0 polygons
2026-08-08 22:32:22 +0200: Memory Usage (459700K) : passiv_pdl has 0 polygons
2026-08-08 22:32:23 +0200: Memory Usage (459700K) : metal2_drw has 7662 polygons
2026-08-08 22:32:23 +0200: Memory Usage (459700K) : metal2_pin has 19 polygons
2026-08-08 22:32:23 +0200: Memory Usage (459700K) : metal2_mask has 0 polygons
2026-08-08 22:32:23 +0200: Memory Usage (459700K) : metal2_filler has 0 polygons
2026-08-08 22:32:23 +0200: Memory Usage (459700K) : metal2_nofill has 0 polygons
2026-08-08 22:32:23 +0200: Memory Usage (459700K) : metal2_slit has 0 polygons
2026-08-08 22:32:23 +0200: Memory Usage (459700K) : metal2_text has 19 polygons
2026-08-08 22:32:23 +0200: Memory Usage (459700K) : metal2_opc has 0 polygons
2026-08-08 22:32:23 +0200: Memory Usage (459700K) : metal2_noqrc has 0 polygons
2026-08-08 22:32:23 +0200: Memory Usage (459700K) : metal2_res has 0 polygons
2026-08-08 22:32:23 +0200: Memory Usage (459700K) : metal2_iprobe has 0 polygons
2026-08-08 22:32:23 +0200: Memory Usage (459700K) : metal2_diffprb has 0 polygons
2026-08-08 22:32:23 +0200: Memory Usage (459700K) : baspoly_drw has 0 polygons
2026-08-08 22:32:23 +0200: Memory Usage (459700K) : baspoly_pin has 0 polygons
2026-08-08 22:32:23 +0200: Memory Usage (459700K) : psd_drw has 3408 polygons
2026-08-08 22:32:23 +0200: Memory Usage (459700K) : nldb_drw has 0 polygons
2026-08-08 22:32:23 +0200: Memory Usage (459700K) : digibnd_drw has 0 polygons
2026-08-08 22:32:23 +0200: Memory Usage (459700K) : via1_drw has 2569 polygons
2026-08-08 22:32:23 +0200: Memory Usage (459700K) : backmetal1_drw has 0 polygons
2026-08-08 22:32:23 +0200: Memory Usage (459700K) : backmetal1_pin has 0 polygons
2026-08-08 22:32:23 +0200: Memory Usage (459700K) : backmetal1_mask has 0 polygons
2026-08-08 22:32:23 +0200: Memory Usage (459700K) : backmetal1_filler has 0 polygons
2026-08-08 22:32:23 +0200: Memory Usage (459700K) : backmetal1_nofill has 0 polygons
2026-08-08 22:32:23 +0200: Memory Usage (459700K) : backmetal1_slit has 0 polygons
2026-08-08 22:32:23 +0200: Memory Usage (459700K) : backmetal1_text has 0 polygons
2026-08-08 22:32:23 +0200: Memory Usage (459700K) : backmetal1_opc has 0 polygons
2026-08-08 22:32:23 +0200: Memory Usage (459700K) : backmetal1_noqrc has 0 polygons
2026-08-08 22:32:23 +0200: Memory Usage (459700K) : backmetal1_res has 0 polygons
2026-08-08 22:32:23 +0200: Memory Usage (459700K) : backmetal1_iprobe has 0 polygons
2026-08-08 22:32:23 +0200: Memory Usage (459700K) : backmetal1_diffprb has 0 polygons
2026-08-08 22:32:23 +0200: Memory Usage (459700K) : backpassiv_drw has 0 polygons
2026-08-08 22:32:23 +0200: Memory Usage (459700K) : res_drw has 0 polygons
2026-08-08 22:32:23 +0200: Memory Usage (459700K) : sram_drw has 0 polygons
2026-08-08 22:32:23 +0200: Memory Usage (459700K) : trans_drw has 0 polygons
2026-08-08 22:32:23 +0200: Memory Usage (459700K) : ind_drw has 0 polygons
2026-08-08 22:32:23 +0200: Memory Usage (459700K) : ind_pin has 0 polygons
2026-08-08 22:32:23 +0200: Memory Usage (459700K) : ind_text has 0 polygons
2026-08-08 22:32:23 +0200: Memory Usage (459700K) : salblock_drw has 0 polygons
2026-08-08 22:32:23 +0200: Memory Usage (459700K) : via2_drw has 2316 polygons
2026-08-08 22:32:23 +0200: Memory Usage (459700K) : metal3_drw has 3647 polygons
2026-08-08 22:32:24 +0200: Memory Usage (459700K) : metal3_pin has 11 polygons
2026-08-08 22:32:24 +0200: Memory Usage (459700K) : metal3_mask has 0 polygons
2026-08-08 22:32:24 +0200: Memory Usage (459700K) : metal3_filler has 0 polygons
2026-08-08 22:32:24 +0200: Memory Usage (459700K) : metal3_nofill has 0 polygons
2026-08-08 22:32:24 +0200: Memory Usage (459700K) : metal3_slit has 0 polygons
2026-08-08 22:32:24 +0200: Memory Usage (459700K) : metal3_text has 11 polygons
2026-08-08 22:32:24 +0200: Memory Usage (459700K) : metal3_opc has 0 polygons
2026-08-08 22:32:24 +0200: Memory Usage (459700K) : metal3_noqrc has 0 polygons
2026-08-08 22:32:24 +0200: Memory Usage (459700K) : metal3_res has 0 polygons
2026-08-08 22:32:24 +0200: Memory Usage (459700K) : metal3_iprobe has 0 polygons
2026-08-08 22:32:24 +0200: Memory Usage (459700K) : metal3_diffprb has 0 polygons
2026-08-08 22:32:24 +0200: Memory Usage (459700K) : nwell_drw has 1682 polygons
2026-08-08 22:32:24 +0200: Memory Usage (459700K) : nwell_pin has 0 polygons
2026-08-08 22:32:24 +0200: Memory Usage (459700K) : nbulay_drw has 0 polygons
2026-08-08 22:32:24 +0200: Memory Usage (459700K) : nbulay_pin has 0 polygons
2026-08-08 22:32:24 +0200: Memory Usage (459700K) : nbulay_block has 0 polygons
2026-08-08 22:32:24 +0200: Memory Usage (459700K) : emwind_drw has 0 polygons
2026-08-08 22:32:24 +0200: Memory Usage (459700K) : emwind_opc has 0 polygons
2026-08-08 22:32:24 +0200: Memory Usage (459700K) : deepco_drw has 0 polygons
2026-08-08 22:32:24 +0200: Memory Usage (459700K) : deepco_drw has 0 polygons
2026-08-08 22:32:24 +0200: Memory Usage (459700K) : mim_drw has 0 polygons
2026-08-08 22:32:24 +0200: Memory Usage (459700K) : edgeseal_drw has 24 polygons
2026-08-08 22:32:24 +0200: Memory Usage (459700K) : edgeseal_bound has 1 polygons
2026-08-08 22:32:24 +0200: Memory Usage (459700K) : substrate_drw has 0 polygons
2026-08-08 22:32:24 +0200: Memory Usage (459700K) : substrate_text has 0 polygons
2026-08-08 22:32:24 +0200: Memory Usage (459700K) : dfpad_drw has 0 polygons
2026-08-08 22:32:24 +0200: Memory Usage (459700K) : dfpad_pillar has 0 polygons
2026-08-08 22:32:24 +0200: Memory Usage (459700K) : dfpad_sbump has 0 polygons
2026-08-08 22:32:24 +0200: Memory Usage (459700K) : thickgateox_drw has 0 polygons
2026-08-08 22:32:24 +0200: Memory Usage (459700K) : pldb_drw has 0 polygons
2026-08-08 22:32:25 +0200: Memory Usage (459700K) : pwell_drw has 0 polygons
2026-08-08 22:32:25 +0200: Memory Usage (459700K) : pwell_pin has 0 polygons
2026-08-08 22:32:25 +0200: Memory Usage (459700K) : pwell_block has 0 polygons
2026-08-08 22:32:25 +0200: Memory Usage (459700K) : ic_drw has 0 polygons
2026-08-08 22:32:25 +0200: Memory Usage (459700K) : via3_drw has 597 polygons
2026-08-08 22:32:25 +0200: Memory Usage (459700K) : metal4_drw has 492 polygons
2026-08-08 22:32:25 +0200: Memory Usage (459700K) : metal4_pin has 0 polygons
2026-08-08 22:32:25 +0200: Memory Usage (459700K) : metal4_mask has 0 polygons
2026-08-08 22:32:25 +0200: Memory Usage (459700K) : metal4_filler has 0 polygons
2026-08-08 22:32:25 +0200: Memory Usage (459700K) : metal4_nofill has 0 polygons
2026-08-08 22:32:25 +0200: Memory Usage (459700K) : metal4_slit has 0 polygons
2026-08-08 22:32:25 +0200: Memory Usage (459828K) : metal4_text has 0 polygons
2026-08-08 22:32:25 +0200: Memory Usage (459828K) : metal4_opc has 0 polygons
2026-08-08 22:32:25 +0200: Memory Usage (459828K) : metal4_noqrc has 0 polygons
2026-08-08 22:32:25 +0200: Memory Usage (459828K) : metal4_res has 0 polygons
2026-08-08 22:32:25 +0200: Memory Usage (459828K) : metal4_iprobe has 0 polygons
2026-08-08 22:32:25 +0200: Memory Usage (459828K) : metal4_diffprb has 0 polygons
2026-08-08 22:32:25 +0200: Memory Usage (459828K) : heattrans_drw has 0 polygons
2026-08-08 22:32:25 +0200: Memory Usage (459828K) : heatres_drw has 0 polygons
2026-08-08 22:32:25 +0200: Memory Usage (459828K) : pempoly_drw has 0 polygons
2026-08-08 22:32:25 +0200: Memory Usage (459828K) : fbe_drw has 0 polygons
2026-08-08 22:32:25 +0200: Memory Usage (459828K) : empoly_drw has 0 polygons
2026-08-08 22:32:25 +0200: Memory Usage (459828K) : ldmos_drw has 0 polygons
2026-08-08 22:32:25 +0200: Memory Usage (459828K) : pbiwind_drw has 0 polygons
2026-08-08 22:32:25 +0200: Memory Usage (459828K) : digisub_drw has 0 polygons
2026-08-08 22:32:25 +0200: Memory Usage (459828K) : nodrc_drw has 0 polygons
2026-08-08 22:32:25 +0200: Memory Usage (459828K) : text_drw has 2 polygons
2026-08-08 22:32:25 +0200: Memory Usage (459828K) : via4_drw has 468 polygons
2026-08-08 22:32:25 +0200: Memory Usage (459828K) : metal5_drw has 311 polygons
2026-08-08 22:32:25 +0200: Memory Usage (459828K) : metal5_pin has 0 polygons
2026-08-08 22:32:25 +0200: Memory Usage (459828K) : metal5_mask has 0 polygons
2026-08-08 22:32:25 +0200: Memory Usage (459828K) : metal5_filler has 0 polygons
2026-08-08 22:32:25 +0200: Memory Usage (459828K) : metal5_nofill has 0 polygons
2026-08-08 22:32:25 +0200: Memory Usage (459828K) : metal5_slit has 0 polygons
2026-08-08 22:32:25 +0200: Memory Usage (459828K) : metal5_text has 0 polygons
2026-08-08 22:32:25 +0200: Memory Usage (459828K) : metal5_opc has 0 polygons
2026-08-08 22:32:25 +0200: Memory Usage (459828K) : metal5_noqrc has 0 polygons
2026-08-08 22:32:25 +0200: Memory Usage (459828K) : metal5_res has 0 polygons
2026-08-08 22:32:25 +0200: Memory Usage (459828K) : metal5_iprobe has 0 polygons
2026-08-08 22:32:25 +0200: Memory Usage (459828K) : metal5_diffprb has 0 polygons
2026-08-08 22:32:26 +0200: Memory Usage (459828K) : radhard_drw has 0 polygons
2026-08-08 22:32:26 +0200: Memory Usage (459828K) : memcap_drw has 0 polygons
2026-08-08 22:32:26 +0200: Memory Usage (459828K) : varicap_drw has 0 polygons
2026-08-08 22:32:26 +0200: Memory Usage (459828K) : flash_drw has 0 polygons
2026-08-08 22:32:26 +0200: Memory Usage (459828K) : intbondvia_drw has 0 polygons
2026-08-08 22:32:26 +0200: Memory Usage (459828K) : intbondmet_drw has 0 polygons
2026-08-08 22:32:26 +0200: Memory Usage (459828K) : devbondvia_drw has 0 polygons
2026-08-08 22:32:26 +0200: Memory Usage (459828K) : devbondmet_drw has 0 polygons
2026-08-08 22:32:26 +0200: Memory Usage (459828K) : devtrench_drw has 0 polygons
2026-08-08 22:32:26 +0200: Memory Usage (459828K) : redist_drw has 0 polygons
2026-08-08 22:32:26 +0200: Memory Usage (459828K) : graphbot_drw has 0 polygons
2026-08-08 22:32:26 +0200: Memory Usage (459828K) : graphtop_drw has 0 polygons
2026-08-08 22:32:26 +0200: Memory Usage (459828K) : antvia1_drw has 0 polygons
2026-08-08 22:32:26 +0200: Memory Usage (459828K) : antmetal2_drw has 0 polygons
2026-08-08 22:32:26 +0200: Memory Usage (459828K) : graphcont_drw has 0 polygons
2026-08-08 22:32:26 +0200: Memory Usage (459828K) : siwg_drw has 0 polygons
2026-08-08 22:32:26 +0200: Memory Usage (459828K) : siwg_filler has 0 polygons
2026-08-08 22:32:26 +0200: Memory Usage (459828K) : siwg_nofill has 0 polygons
2026-08-08 22:32:26 +0200: Memory Usage (459828K) : sigrating_drw has 0 polygons
2026-08-08 22:32:26 +0200: Memory Usage (459828K) : singrating_drw has 0 polygons
2026-08-08 22:32:26 +0200: Memory Usage (459828K) : graphpas_drw has 0 polygons
2026-08-08 22:32:26 +0200: Memory Usage (459956K) : emwind3_drw has 0 polygons
2026-08-08 22:32:26 +0200: Memory Usage (459956K) : emwihv3_drw has 0 polygons
2026-08-08 22:32:26 +0200: Memory Usage (459956K) : redbulay_drw has 0 polygons
2026-08-08 22:32:26 +0200: Memory Usage (460084K) : smos_drw has 0 polygons
2026-08-08 22:32:26 +0200: Memory Usage (460084K) : graphpad_drw has 0 polygons
2026-08-08 22:32:26 +0200: Memory Usage (460084K) : polimide_drw has 0 polygons
2026-08-08 22:32:26 +0200: Memory Usage (460084K) : polimide_pin has 0 polygons
2026-08-08 22:32:26 +0200: Memory Usage (460084K) : recog_drw has 0 polygons
2026-08-08 22:32:26 +0200: Memory Usage (460084K) : recog_pin has 0 polygons
2026-08-08 22:32:26 +0200: Memory Usage (460084K) : recog_esd has 0 polygons
2026-08-08 22:32:26 +0200: Memory Usage (460084K) : recog_diode has 0 polygons
2026-08-08 22:32:26 +0200: Memory Usage (460084K) : recog_tsv has 0 polygons
2026-08-08 22:32:26 +0200: Memory Usage (460084K) : recog_iprobe has 0 polygons
2026-08-08 22:32:26 +0200: Memory Usage (460084K) : recog_diffprb has 0 polygons
2026-08-08 22:32:26 +0200: Memory Usage (460084K) : recog_pillar has 0 polygons
2026-08-08 22:32:26 +0200: Memory Usage (460084K) : recog_sbump has 0 polygons
2026-08-08 22:32:26 +0200: Memory Usage (460084K) : recog_otp has 0 polygons
2026-08-08 22:32:26 +0200: Memory Usage (460084K) : recog_pdiode has 0 polygons
2026-08-08 22:32:26 +0200: Memory Usage (460084K) : recog_mom has 0 polygons
2026-08-08 22:32:26 +0200: Memory Usage (460084K) : recog_pcm has 0 polygons
2026-08-08 22:32:26 +0200: Memory Usage (460084K) : colopen_drw has 0 polygons
2026-08-08 22:32:26 +0200: Memory Usage (460084K) : graphmetal1_drw has 0 polygons
2026-08-08 22:32:26 +0200: Memory Usage (460084K) : graphmetal1_filler has 0 polygons
2026-08-08 22:32:26 +0200: Memory Usage (460084K) : graphmetal1_nofill has 0 polygons
2026-08-08 22:32:26 +0200: Memory Usage (460084K) : graphmetal1_slit has 0 polygons
2026-08-08 22:32:26 +0200: Memory Usage (460084K) : graphmetal1_opc has 0 polygons
2026-08-08 22:32:27 +0200: Memory Usage (460084K) : graphmet1l_drw has 0 polygons
2026-08-08 22:32:27 +0200: Memory Usage (460084K) : graphmet1l_filler has 0 polygons
2026-08-08 22:32:27 +0200: Memory Usage (460084K) : graphmet1l_nofill has 0 polygons
2026-08-08 22:32:27 +0200: Memory Usage (460084K) : graphmet1l_slit has 0 polygons
2026-08-08 22:32:27 +0200: Memory Usage (460084K) : graphmet1l_opc has 0 polygons
2026-08-08 22:32:27 +0200: Memory Usage (460084K) : extblock_drw has 0 polygons
2026-08-08 22:32:27 +0200: Memory Usage (460084K) : nldd_drw has 0 polygons
2026-08-08 22:32:27 +0200: Memory Usage (460084K) : pldd_drw has 0 polygons
2026-08-08 22:32:27 +0200: Memory Usage (460084K) : next_drw has 0 polygons
2026-08-08 22:32:27 +0200: Memory Usage (460084K) : pext_drw has 0 polygons
2026-08-08 22:32:27 +0200: Memory Usage (460084K) : nexthv_drw has 0 polygons
2026-08-08 22:32:27 +0200: Memory Usage (460084K) : pexthv_drw has 0 polygons
2026-08-08 22:32:27 +0200: Memory Usage (460084K) : graphgate_drw has 0 polygons
2026-08-08 22:32:27 +0200: Memory Usage (460084K) : sinwg_drw has 0 polygons
2026-08-08 22:32:27 +0200: Memory Usage (460084K) : sinwg_filler has 0 polygons
2026-08-08 22:32:27 +0200: Memory Usage (460084K) : sinwg_nofill has 0 polygons
2026-08-08 22:32:27 +0200: Memory Usage (460084K) : mempad_drw has 0 polygons
2026-08-08 22:32:27 +0200: Memory Usage (460084K) : topvia1_drw has 200 polygons
2026-08-08 22:32:27 +0200: Memory Usage (460084K) : topmetal1_drw has 118 polygons
2026-08-08 22:32:27 +0200: Memory Usage (460084K) : topmetal1_pin has 4 polygons
2026-08-08 22:32:27 +0200: Memory Usage (460084K) : topmetal1_mask has 0 polygons
2026-08-08 22:32:27 +0200: Memory Usage (460084K) : topmetal1_filler has 0 polygons
2026-08-08 22:32:27 +0200: Memory Usage (460084K) : topmetal1_nofill has 0 polygons
2026-08-08 22:32:27 +0200: Memory Usage (460084K) : topmetal1_slit has 0 polygons
2026-08-08 22:32:27 +0200: Memory Usage (460084K) : topmetal1_text has 2 polygons
2026-08-08 22:32:27 +0200: Memory Usage (460084K) : topmetal1_noqrc has 0 polygons
2026-08-08 22:32:27 +0200: Memory Usage (460084K) : topmetal1_res has 0 polygons
2026-08-08 22:32:27 +0200: Memory Usage (460084K) : topmetal1_iprobe has 0 polygons
2026-08-08 22:32:27 +0200: Memory Usage (460084K) : topmetal1_diffprb has 0 polygons
2026-08-08 22:32:27 +0200: Memory Usage (460084K) : inldpwl_drw has 0 polygons
2026-08-08 22:32:27 +0200: Memory Usage (460084K) : polyres_drw has 0 polygons
2026-08-08 22:32:27 +0200: Memory Usage (460084K) : polyres_pin has 0 polygons
2026-08-08 22:32:27 +0200: Memory Usage (460084K) : vmim_drw has 0 polygons
2026-08-08 22:32:27 +0200: Memory Usage (460084K) : nbulaycut_drw has 0 polygons
2026-08-08 22:32:27 +0200: Memory Usage (460084K) : antmetal1_drw has 0 polygons
2026-08-08 22:32:27 +0200: Memory Usage (460084K) : topvia2_drw has 36 polygons
2026-08-08 22:32:27 +0200: Memory Usage (460084K) : topmetal2_drw has 40 polygons
2026-08-08 22:32:27 +0200: Memory Usage (460084K) : topmetal2_pin has 4 polygons
2026-08-08 22:32:28 +0200: Memory Usage (460084K) : topmetal2_mask has 0 polygons
2026-08-08 22:32:28 +0200: Memory Usage (460084K) : topmetal2_filler has 0 polygons
2026-08-08 22:32:28 +0200: Memory Usage (460084K) : topmetal2_nofill has 0 polygons
2026-08-08 22:32:28 +0200: Memory Usage (460084K) : topmetal2_slit has 0 polygons
2026-08-08 22:32:28 +0200: Memory Usage (460084K) : topmetal2_text has 2 polygons
2026-08-08 22:32:28 +0200: Memory Usage (460084K) : topmetal2_noqrc has 0 polygons
2026-08-08 22:32:28 +0200: Memory Usage (460084K) : topmetal2_res has 0 polygons
2026-08-08 22:32:28 +0200: Memory Usage (460084K) : topmetal2_iprobe has 0 polygons
2026-08-08 22:32:28 +0200: Memory Usage (460084K) : topmetal2_diffprb has 0 polygons
2026-08-08 22:32:28 +0200: Memory Usage (460084K) : snsring_drw has 0 polygons
2026-08-08 22:32:28 +0200: Memory Usage (460084K) : sensor_drw has 0 polygons
2026-08-08 22:32:28 +0200: Memory Usage (460084K) : snsarms_drw has 0 polygons
2026-08-08 22:32:28 +0200: Memory Usage (460084K) : snscmosvia_drw has 0 polygons
2026-08-08 22:32:28 +0200: Memory Usage (460084K) : colwind_drw has 0 polygons
2026-08-08 22:32:28 +0200: Memory Usage (460084K) : flm_drw has 0 polygons
2026-08-08 22:32:28 +0200: Memory Usage (460084K) : hafniumox_drw has 0 polygons
2026-08-08 22:32:28 +0200: Memory Usage (460084K) : memvia_drw has 0 polygons
2026-08-08 22:32:28 +0200: Memory Usage (460084K) : thinfilmres_drw has 0 polygons
2026-08-08 22:32:28 +0200: Memory Usage (460084K) : rfmem_drw has 0 polygons
2026-08-08 22:32:28 +0200: Memory Usage (460084K) : norcx_drw has 0 polygons
2026-08-08 22:32:28 +0200: Memory Usage (460084K) : norcx_m2m3 has 0 polygons
2026-08-08 22:32:28 +0200: Memory Usage (460084K) : norcx_m2m4 has 0 polygons
2026-08-08 22:32:28 +0200: Memory Usage (460084K) : norcx_m2m5 has 0 polygons
2026-08-08 22:32:28 +0200: Memory Usage (460084K) : norcx_m2tm1 has 0 polygons
2026-08-08 22:32:28 +0200: Memory Usage (460084K) : norcx_m2tm2 has 0 polygons
2026-08-08 22:32:28 +0200: Memory Usage (460084K) : norcx_m3m4 has 0 polygons
2026-08-08 22:32:28 +0200: Memory Usage (460084K) : norcx_m3m5 has 0 polygons
2026-08-08 22:32:28 +0200: Memory Usage (460084K) : norcx_m3tm1 has 0 polygons
2026-08-08 22:32:28 +0200: Memory Usage (460084K) : norcx_m3tm2 has 0 polygons
2026-08-08 22:32:28 +0200: Memory Usage (460084K) : norcx_m4m5 has 0 polygons
2026-08-08 22:32:28 +0200: Memory Usage (460084K) : norcx_m4tm1 has 0 polygons
2026-08-08 22:32:28 +0200: Memory Usage (460084K) : norcx_m4tm2 has 0 polygons
2026-08-08 22:32:28 +0200: Memory Usage (460084K) : norcx_m5tm1 has 0 polygons
2026-08-08 22:32:28 +0200: Memory Usage (460084K) : norcx_m5tm2 has 0 polygons
2026-08-08 22:32:28 +0200: Memory Usage (460084K) : norcx_tm1tm2 has 0 polygons
2026-08-08 22:32:28 +0200: Memory Usage (460084K) : norcx_m1sub has 0 polygons
2026-08-08 22:32:28 +0200: Memory Usage (460084K) : norcx_m2sub has 0 polygons
2026-08-08 22:32:28 +0200: Memory Usage (460084K) : norcx_m3sub has 0 polygons
2026-08-08 22:32:28 +0200: Memory Usage (460084K) : norcx_m4sub has 0 polygons
2026-08-08 22:32:28 +0200: Memory Usage (460084K) : norcx_m5sub has 0 polygons
2026-08-08 22:32:28 +0200: Memory Usage (460084K) : norcx_tm1sub has 0 polygons
2026-08-08 22:32:28 +0200: Memory Usage (460084K) : norcx_tm2sub has 0 polygons
2026-08-08 22:32:28 +0200: Memory Usage (460084K) : snsbotvia_drw has 0 polygons
2026-08-08 22:32:28 +0200: Memory Usage (460084K) : snstopvia_drw has 0 polygons
2026-08-08 22:32:28 +0200: Memory Usage (460084K) : deepvia_drw has 0 polygons
2026-08-08 22:32:28 +0200: Memory Usage (460084K) : fgetch_drw has 0 polygons
2026-08-08 22:32:28 +0200: Memory Usage (460084K) : ctrgat_drw has 0 polygons
2026-08-08 22:32:28 +0200: Memory Usage (460084K) : fgimp_drw has 0 polygons
2026-08-08 22:32:28 +0200: Memory Usage (460084K) : emwihv_drw has 0 polygons
2026-08-08 22:32:28 +0200: Memory Usage (460212K) : lbe_drw has 0 polygons
2026-08-08 22:32:28 +0200: Memory Usage (460212K) : alcustop_drw has 0 polygons
2026-08-08 22:32:28 +0200: Memory Usage (460212K) : nometfiller_drw has 0 polygons
2026-08-08 22:32:28 +0200: Memory Usage (460340K) : prboundary_drw has 0 polygons
2026-08-08 22:32:29 +0200: Memory Usage (460340K) : exchange0_drw has 0 polygons
2026-08-08 22:32:29 +0200: Memory Usage (460340K) : exchange0_pin has 0 polygons
2026-08-08 22:32:29 +0200: Memory Usage (460340K) : exchange0_text has 0 polygons
2026-08-08 22:32:29 +0200: Memory Usage (460340K) : exchange1_drw has 0 polygons
2026-08-08 22:32:29 +0200: Memory Usage (460340K) : exchange1_pin has 0 polygons
2026-08-08 22:32:29 +0200: Memory Usage (460340K) : exchange1_text has 0 polygons
2026-08-08 22:32:29 +0200: Memory Usage (460340K) : exchange2_drw has 0 polygons
2026-08-08 22:32:29 +0200: Memory Usage (460340K) : exchange2_pin has 0 polygons
2026-08-08 22:32:29 +0200: Memory Usage (460340K) : exchange2_text has 0 polygons
2026-08-08 22:32:29 +0200: Memory Usage (460340K) : exchange3_drw has 0 polygons
2026-08-08 22:32:29 +0200: Memory Usage (460340K) : exchange3_pin has 0 polygons
2026-08-08 22:32:29 +0200: Memory Usage (460340K) : exchange3_text has 0 polygons
2026-08-08 22:32:29 +0200: Memory Usage (460340K) : exchange4_drw has 0 polygons
2026-08-08 22:32:29 +0200: Memory Usage (460340K) : exchange4_pin has 0 polygons
2026-08-08 22:32:29 +0200: Memory Usage (460340K) : exchange4_text has 0 polygons
2026-08-08 22:32:29 +0200: Memory Usage (460340K) : isonwell_drw has 0 polygons
2026-08-08 22:32:29 +0200: Memory Usage (460340K) : Total no. of polygons in the design is 121051
2026-08-08 22:32:29 +0200: Memory Usage (460340K) : Loaded TECH DRC rules values from /foss/pdks/ihp-sg13g2/libs.tech/klayout/python/sg13g2_pycell_lib/sg13g2_tech_mod.json
2026-08-08 22:32:29 +0200: Memory Usage (460340K) : Loaded default DRC rules values from /foss/pdks/ihp-sg13g2/libs.tech/klayout/tech/drc/rule_decks/sg13g2_tech_default.json
2026-08-08 22:32:29 +0200: Memory Usage (460340K) : The following rules values were missing in tech json and default values were used:
2026-08-08 22:32:29 +0200: Memory Usage (460340K) :   - NW_f1_digibnd
2026-08-08 22:32:29 +0200: Memory Usage (460340K) :   - Cnt_c_digibnd
2026-08-08 22:32:29 +0200: Memory Usage (460340K) :   - Cnt_c_sram
2026-08-08 22:32:29 +0200: Memory Usage (460340K) :   - Sdiod_b
2026-08-08 22:32:29 +0200: Memory Usage (460340K) :   - Sdiod_c
2026-08-08 22:32:29 +0200: Memory Usage (461156K) : Total area of the design is 27848.17 um^2.
2026-08-08 22:32:29 +0200: Memory Usage (461156K) : The design dimensions are 157.78 µm * 176.5 µm.
2026-08-08 22:32:29 +0200: Memory Usage (461156K) : Starting general IHP-SG13G2 derivations.
2026-08-08 22:32:29 +0200: Memory Usage (461156K) : Starting Pwell derivations
2026-08-08 22:32:29 +0200: Memory Usage (464560K) : Starting IHP-SG13G2 DRC rules.
2026-08-08 22:32:29 +0200: Memory Usage (464560K) : Starting 3.2. angle table
2026-08-08 22:32:29 +0200: Memory Usage (464560K) : Executing rule activ_drw_Acute
2026-08-08 22:32:30 +0200: Memory Usage (466636K) : Executing rule activ_pin_Acute
2026-08-08 22:32:30 +0200: Memory Usage (466636K) : Executing rule activ_mask_Acute
2026-08-08 22:32:30 +0200: Memory Usage (466636K) : Executing rule activ_filler_Acute
2026-08-08 22:32:30 +0200: Memory Usage (466636K) : Executing rule activ_nofill_Acute
2026-08-08 22:32:30 +0200: Memory Usage (466636K) : Executing rule activ_opc_Acute
2026-08-08 22:32:30 +0200: Memory Usage (466636K) : Executing rule activ_iopc_Acute
2026-08-08 22:32:30 +0200: Memory Usage (466636K) : Executing rule activ_noqrc_Acute
2026-08-08 22:32:30 +0200: Memory Usage (466636K) : Executing rule biwind_drw_Acute
2026-08-08 22:32:31 +0200: Memory Usage (466636K) : Executing rule biwind_opc_Acute
2026-08-08 22:32:31 +0200: Memory Usage (466636K) : Executing rule pemwind_drw_Acute
2026-08-08 22:32:31 +0200: Memory Usage (466636K) : Executing rule gatpoly_drw_Acute
2026-08-08 22:32:31 +0200: Memory Usage (466636K) : Executing rule gatpoly_pin_Acute
2026-08-08 22:32:31 +0200: Memory Usage (466636K) : Executing rule gatpoly_filler_Acute
2026-08-08 22:32:31 +0200: Memory Usage (466636K) : Executing rule gatpoly_nofill_Acute
2026-08-08 22:32:31 +0200: Memory Usage (466636K) : Executing rule gatpoly_opc_Acute
2026-08-08 22:32:31 +0200: Memory Usage (466636K) : Executing rule gatpoly_iopc_Acute
2026-08-08 22:32:32 +0200: Memory Usage (466636K) : Executing rule gatpoly_noqrc_Acute
2026-08-08 22:32:32 +0200: Memory Usage (466636K) : Executing rule cont_drw_Acute
2026-08-08 22:32:35 +0200: Memory Usage (487500K) : Executing rule cont_opc_Acute
2026-08-08 22:32:35 +0200: Memory Usage (487500K) : Executing rule nsd_drw_Acute
2026-08-08 22:32:35 +0200: Memory Usage (487500K) : Executing rule nsd_block_Acute
2026-08-08 22:32:35 +0200: Memory Usage (487500K) : Executing rule metal1_drw_Acute
2026-08-08 22:32:36 +0200: Memory Usage (490444K) : Executing rule metal1_pin_Acute
2026-08-08 22:32:37 +0200: Memory Usage (490444K) : Executing rule metal1_mask_Acute
2026-08-08 22:32:37 +0200: Memory Usage (490444K) : Executing rule metal1_filler_Acute
2026-08-08 22:32:37 +0200: Memory Usage (490444K) : Executing rule metal1_nofill_Acute
2026-08-08 22:32:37 +0200: Memory Usage (490444K) : Executing rule metal1_slit_Acute
2026-08-08 22:32:37 +0200: Memory Usage (490444K) : Executing rule metal1_opc_Acute
2026-08-08 22:32:38 +0200: Memory Usage (490444K) : Executing rule metal1_noqrc_Acute
2026-08-08 22:32:38 +0200: Memory Usage (490444K) : Executing rule metal1_res_Acute
2026-08-08 22:32:38 +0200: Memory Usage (490444K) : Executing rule metal1_iprobe_Acute
2026-08-08 22:32:38 +0200: Memory Usage (490444K) : Executing rule metal1_diffprb_Acute
2026-08-08 22:32:38 +0200: Memory Usage (490444K) : Executing rule passiv_drw_Acute
2026-08-08 22:32:38 +0200: Memory Usage (490444K) : Executing rule passiv_pin_Acute
2026-08-08 22:32:38 +0200: Memory Usage (490444K) : Executing rule passiv_pillar_Acute
2026-08-08 22:32:38 +0200: Memory Usage (490444K) : Executing rule passiv_sbump_Acute
2026-08-08 22:32:38 +0200: Memory Usage (490444K) : Executing rule passiv_pdl_Acute
2026-08-08 22:32:38 +0200: Memory Usage (490444K) : Executing rule metal2_drw_Acute
2026-08-08 22:32:39 +0200: Memory Usage (490444K) : Executing rule metal2_pin_Acute
2026-08-08 22:32:39 +0200: Memory Usage (490444K) : Executing rule metal2_mask_Acute
2026-08-08 22:32:39 +0200: Memory Usage (490444K) : Executing rule metal2_filler_Acute
2026-08-08 22:32:40 +0200: Memory Usage (490444K) : Executing rule metal2_nofill_Acute
2026-08-08 22:32:40 +0200: Memory Usage (490444K) : Executing rule metal2_slit_Acute
2026-08-08 22:32:40 +0200: Memory Usage (490444K) : Executing rule metal2_opc_Acute
2026-08-08 22:32:40 +0200: Memory Usage (490444K) : Executing rule metal2_noqrc_Acute
2026-08-08 22:32:40 +0200: Memory Usage (490444K) : Executing rule metal2_res_Acute
2026-08-08 22:32:40 +0200: Memory Usage (490444K) : Executing rule metal2_iprobe_Acute
2026-08-08 22:32:40 +0200: Memory Usage (490444K) : Executing rule metal2_diffprb_Acute
2026-08-08 22:32:40 +0200: Memory Usage (490444K) : Executing rule baspoly_drw_Acute
2026-08-08 22:32:40 +0200: Memory Usage (490444K) : Executing rule baspoly_pin_Acute
2026-08-08 22:32:40 +0200: Memory Usage (490444K) : Executing rule psd_drw_Acute
2026-08-08 22:32:41 +0200: Memory Usage (490444K) : Executing rule nldb_drw_Acute
2026-08-08 22:32:41 +0200: Memory Usage (490444K) : Executing rule via1_drw_Acute
2026-08-08 22:32:41 +0200: Memory Usage (490444K) : Executing rule backmetal1_drw_Acute
2026-08-08 22:32:41 +0200: Memory Usage (490444K) : Executing rule backmetal1_pin_Acute
2026-08-08 22:32:41 +0200: Memory Usage (490444K) : Executing rule backmetal1_mask_Acute
2026-08-08 22:32:41 +0200: Memory Usage (490444K) : Executing rule backmetal1_filler_Acute
2026-08-08 22:32:41 +0200: Memory Usage (490444K) : Executing rule backmetal1_nofill_Acute
2026-08-08 22:32:42 +0200: Memory Usage (490444K) : Executing rule backmetal1_slit_Acute
2026-08-08 22:32:42 +0200: Memory Usage (490444K) : Executing rule backmetal1_opc_Acute
2026-08-08 22:32:42 +0200: Memory Usage (490444K) : Executing rule backmetal1_noqrc_Acute
2026-08-08 22:32:42 +0200: Memory Usage (490444K) : Executing rule backmetal1_res_Acute
2026-08-08 22:32:42 +0200: Memory Usage (490444K) : Executing rule backmetal1_iprobe_Acute
2026-08-08 22:32:42 +0200: Memory Usage (490444K) : Executing rule backmetal1_diffprb_Acute
2026-08-08 22:32:42 +0200: Memory Usage (490444K) : Executing rule backpassiv_drw_Acute
2026-08-08 22:32:42 +0200: Memory Usage (490444K) : Executing rule salblock_drw_Acute
2026-08-08 22:32:43 +0200: Memory Usage (490444K) : Executing rule via2_drw_Acute
2026-08-08 22:32:43 +0200: Memory Usage (490444K) : Executing rule metal3_drw_Acute
2026-08-08 22:32:44 +0200: Memory Usage (490444K) : Executing rule metal3_pin_Acute
2026-08-08 22:32:44 +0200: Memory Usage (490444K) : Executing rule metal3_mask_Acute
2026-08-08 22:32:44 +0200: Memory Usage (490444K) : Executing rule metal3_filler_Acute
2026-08-08 22:32:44 +0200: Memory Usage (490444K) : Executing rule metal3_nofill_Acute
2026-08-08 22:32:44 +0200: Memory Usage (490444K) : Executing rule metal3_slit_Acute
2026-08-08 22:32:44 +0200: Memory Usage (490444K) : Executing rule metal3_opc_Acute
2026-08-08 22:32:44 +0200: Memory Usage (490444K) : Executing rule metal3_noqrc_Acute
2026-08-08 22:32:44 +0200: Memory Usage (490444K) : Executing rule metal3_res_Acute
2026-08-08 22:32:44 +0200: Memory Usage (490444K) : Executing rule metal3_iprobe_Acute
2026-08-08 22:32:44 +0200: Memory Usage (490444K) : Executing rule metal3_diffprb_Acute
2026-08-08 22:32:44 +0200: Memory Usage (490444K) : Executing rule nwell_drw_Acute
2026-08-08 22:32:45 +0200: Memory Usage (490444K) : Executing rule nwell_pin_Acute
2026-08-08 22:32:45 +0200: Memory Usage (490444K) : Executing rule nbulay_drw_Acute
2026-08-08 22:32:45 +0200: Memory Usage (490444K) : Executing rule nbulay_pin_Acute
2026-08-08 22:32:45 +0200: Memory Usage (490444K) : Executing rule nbulay_block_Acute
2026-08-08 22:32:45 +0200: Memory Usage (490444K) : Executing rule pwell_drw_Acute
2026-08-08 22:32:45 +0200: Memory Usage (490444K) : Executing rule pwell_pin_Acute
2026-08-08 22:32:45 +0200: Memory Usage (490444K) : Executing rule pwell_block_Acute
2026-08-08 22:32:45 +0200: Memory Usage (490444K) : Executing rule emwind_drw_Acute
2026-08-08 22:32:45 +0200: Memory Usage (490444K) : Executing rule emwind_opc_Acute
2026-08-08 22:32:45 +0200: Memory Usage (490444K) : Executing rule deepco_drw_Acute
2026-08-08 22:32:45 +0200: Memory Usage (490444K) : Executing rule mim_drw_Acute
2026-08-08 22:32:45 +0200: Memory Usage (490444K) : Executing rule substrate_drw_Acute
2026-08-08 22:32:45 +0200: Memory Usage (490444K) : Executing rule ic_drw_Acute
2026-08-08 22:32:46 +0200: Memory Usage (490444K) : Executing rule via3_drw_Acute
2026-08-08 22:32:46 +0200: Memory Usage (490444K) : Executing rule pldb_drw_Acute
2026-08-08 22:32:46 +0200: Memory Usage (490444K) : Executing rule metal4_drw_Acute
2026-08-08 22:32:46 +0200: Memory Usage (490444K) : Executing rule metal4_pin_Acute
2026-08-08 22:32:46 +0200: Memory Usage (490444K) : Executing rule metal4_mask_Acute
2026-08-08 22:32:46 +0200: Memory Usage (490444K) : Executing rule metal4_filler_Acute
2026-08-08 22:32:46 +0200: Memory Usage (490444K) : Executing rule metal4_nofill_Acute
2026-08-08 22:32:46 +0200: Memory Usage (490444K) : Executing rule metal4_slit_Acute
2026-08-08 22:32:46 +0200: Memory Usage (490444K) : Executing rule metal4_opc_Acute
2026-08-08 22:32:46 +0200: Memory Usage (490444K) : Executing rule metal4_noqrc_Acute
2026-08-08 22:32:47 +0200: Memory Usage (490444K) : Executing rule metal4_res_Acute
2026-08-08 22:32:47 +0200: Memory Usage (490444K) : Executing rule metal4_iprobe_Acute
2026-08-08 22:32:47 +0200: Memory Usage (490444K) : Executing rule metal4_diffprb_Acute
2026-08-08 22:32:47 +0200: Memory Usage (490444K) : Executing rule via4_drw_Acute
2026-08-08 22:32:47 +0200: Memory Usage (490444K) : Executing rule metal5_drw_Acute
2026-08-08 22:32:47 +0200: Memory Usage (490444K) : Executing rule metal5_pin_Acute
2026-08-08 22:32:47 +0200: Memory Usage (490444K) : Executing rule metal5_mask_Acute
2026-08-08 22:32:47 +0200: Memory Usage (490444K) : Executing rule metal5_filler_Acute
2026-08-08 22:32:47 +0200: Memory Usage (490444K) : Executing rule metal5_nofill_Acute
2026-08-08 22:32:47 +0200: Memory Usage (490444K) : Executing rule metal5_slit_Acute
2026-08-08 22:32:47 +0200: Memory Usage (490444K) : Executing rule metal5_opc_Acute
2026-08-08 22:32:48 +0200: Memory Usage (490444K) : Executing rule metal5_noqrc_Acute
2026-08-08 22:32:48 +0200: Memory Usage (490444K) : Executing rule metal5_res_Acute
2026-08-08 22:32:48 +0200: Memory Usage (490444K) : Executing rule metal5_iprobe_Acute
2026-08-08 22:32:48 +0200: Memory Usage (490444K) : Executing rule metal5_diffprb_Acute
2026-08-08 22:32:48 +0200: Memory Usage (490444K) : Executing rule prboundary_drw_Acute
2026-08-08 22:32:48 +0200: Memory Usage (490444K) : Executing rule exchange0_drw_Acute
2026-08-08 22:32:48 +0200: Memory Usage (490444K) : Executing rule exchange0_pin_Acute
2026-08-08 22:32:48 +0200: Memory Usage (490444K) : Executing rule exchange1_drw_Acute
2026-08-08 22:32:48 +0200: Memory Usage (490444K) : Executing rule exchange1_pin_Acute
2026-08-08 22:32:48 +0200: Memory Usage (490444K) : Executing rule exchange2_drw_Acute
2026-08-08 22:32:48 +0200: Memory Usage (490444K) : Executing rule exchange2_pin_Acute
2026-08-08 22:32:48 +0200: Memory Usage (490444K) : Executing rule exchange3_drw_Acute
2026-08-08 22:32:49 +0200: Memory Usage (490444K) : Executing rule exchange3_pin_Acute
2026-08-08 22:32:49 +0200: Memory Usage (490444K) : Executing rule exchange4_drw_Acute
2026-08-08 22:32:49 +0200: Memory Usage (490444K) : Executing rule exchange4_pin_Acute
2026-08-08 22:32:49 +0200: Memory Usage (490444K) : Executing rule isonwell_drw_Acute
2026-08-08 22:32:49 +0200: Memory Usage (490444K) : Executing rule thickgateox_drw_Acute
2026-08-08 22:32:49 +0200: Memory Usage (490444K) : Executing rule pempoly_drw_Acute
2026-08-08 22:32:49 +0200: Memory Usage (490444K) : Executing rule fbe_drw_Acute
2026-08-08 22:32:49 +0200: Memory Usage (490444K) : Executing rule empoly_drw_Acute
2026-08-08 22:32:49 +0200: Memory Usage (490444K) : Executing rule ldmos_drw_Acute
2026-08-08 22:32:49 +0200: Memory Usage (490444K) : Executing rule pbiwind_drw_Acute
2026-08-08 22:32:50 +0200: Memory Usage (490444K) : Executing rule colopen_drw_Acute
2026-08-08 22:32:50 +0200: Memory Usage (490444K) : Executing rule extblock_drw_Acute
2026-08-08 22:32:50 +0200: Memory Usage (490444K) : Executing rule nldd_drw_Acute
2026-08-08 22:32:50 +0200: Memory Usage (490444K) : Executing rule pldd_drw_Acute
2026-08-08 22:32:50 +0200: Memory Usage (490444K) : Executing rule next_drw_Acute
2026-08-08 22:32:50 +0200: Memory Usage (490444K) : Executing rule pext_drw_Acute
2026-08-08 22:32:50 +0200: Memory Usage (490444K) : Executing rule nexthv_drw_Acute
2026-08-08 22:32:50 +0200: Memory Usage (490444K) : Executing rule pexthv_drw_Acute
2026-08-08 22:32:50 +0200: Memory Usage (490444K) : Executing rule graphgate_drw_Acute
2026-08-08 22:32:50 +0200: Memory Usage (490444K) : Executing rule mempad_drw_Acute
2026-08-08 22:32:50 +0200: Memory Usage (490444K) : Executing rule topvia1_drw_Acute
2026-08-08 22:32:50 +0200: Memory Usage (490444K) : Executing rule topmetal1_drw_Acute
2026-08-08 22:32:51 +0200: Memory Usage (490444K) : Executing rule topmetal1_pin_Acute
2026-08-08 22:32:51 +0200: Memory Usage (490444K) : Executing rule topmetal1_mask_Acute
2026-08-08 22:32:51 +0200: Memory Usage (490444K) : Executing rule topmetal1_filler_Acute
2026-08-08 22:32:51 +0200: Memory Usage (490444K) : Executing rule topmetal1_nofill_Acute
2026-08-08 22:32:51 +0200: Memory Usage (490444K) : Executing rule topmetal1_slit_Acute
2026-08-08 22:32:51 +0200: Memory Usage (490444K) : Executing rule topmetal1_noqrc_Acute
2026-08-08 22:32:51 +0200: Memory Usage (490444K) : Executing rule topmetal1_res_Acute
2026-08-08 22:32:51 +0200: Memory Usage (490444K) : Executing rule topmetal1_iprobe_Acute
2026-08-08 22:32:52 +0200: Memory Usage (490444K) : Executing rule topmetal1_diffprb_Acute
2026-08-08 22:32:52 +0200: Memory Usage (490444K) : Executing rule inldpwl_drw_Acute
2026-08-08 22:32:52 +0200: Memory Usage (490444K) : Executing rule polyres_drw_Acute
2026-08-08 22:32:52 +0200: Memory Usage (490444K) : Executing rule polyres_pin_Acute
2026-08-08 22:32:52 +0200: Memory Usage (490444K) : Executing rule vmim_drw_Acute
2026-08-08 22:32:52 +0200: Memory Usage (490444K) : Executing rule nbulaycut_drw_Acute
2026-08-08 22:32:52 +0200: Memory Usage (490444K) : Executing rule antmetal1_drw_Acute
2026-08-08 22:32:52 +0200: Memory Usage (490444K) : Executing rule topvia2_drw_Acute
2026-08-08 22:32:52 +0200: Memory Usage (490444K) : Executing rule topmetal2_drw_Acute
2026-08-08 22:32:53 +0200: Memory Usage (490444K) : Executing rule topmetal2_pin_Acute
2026-08-08 22:32:53 +0200: Memory Usage (490444K) : Executing rule topmetal2_mask_Acute
2026-08-08 22:32:53 +0200: Memory Usage (490444K) : Executing rule topmetal2_filler_Acute
2026-08-08 22:32:53 +0200: Memory Usage (490444K) : Executing rule topmetal2_nofill_Acute
2026-08-08 22:32:53 +0200: Memory Usage (490444K) : Executing rule topmetal2_slit_Acute
2026-08-08 22:32:53 +0200: Memory Usage (490444K) : Executing rule topmetal2_noqrc_Acute
2026-08-08 22:32:53 +0200: Memory Usage (490444K) : Executing rule topmetal2_res_Acute
2026-08-08 22:32:53 +0200: Memory Usage (490444K) : Executing rule topmetal2_iprobe_Acute
2026-08-08 22:32:53 +0200: Memory Usage (490444K) : Executing rule topmetal2_diffprb_Acute
2026-08-08 22:32:53 +0200: Memory Usage (490444K) : Executing rule snsring_drw_Acute
2026-08-08 22:32:53 +0200: Memory Usage (490444K) : Executing rule sensor_drw_Acute
2026-08-08 22:32:54 +0200: Memory Usage (490444K) : Executing rule snsarms_drw_Acute
2026-08-08 22:32:54 +0200: Memory Usage (490444K) : Executing rule snscmosvia_drw_Acute
2026-08-08 22:32:54 +0200: Memory Usage (490444K) : Executing rule colwind_drw_Acute
2026-08-08 22:32:54 +0200: Memory Usage (490444K) : Executing rule flm_drw_Acute
2026-08-08 22:32:54 +0200: Memory Usage (490444K) : Executing rule hafniumox_drw_Acute
2026-08-08 22:32:54 +0200: Memory Usage (490444K) : Executing rule memvia_drw_Acute
2026-08-08 22:32:54 +0200: Memory Usage (490444K) : Executing rule thinfilmres_drw_Acute
2026-08-08 22:32:54 +0200: Memory Usage (490444K) : Executing rule rfmem_drw_Acute
2026-08-08 22:32:54 +0200: Memory Usage (490444K) : Executing rule snsbotvia_drw_Acute
2026-08-08 22:32:54 +0200: Memory Usage (490444K) : Executing rule snstopvia_drw_Acute
2026-08-08 22:32:54 +0200: Memory Usage (490444K) : Executing rule deepvia_drw_Acute
2026-08-08 22:32:54 +0200: Memory Usage (490444K) : Executing rule fgetch_drw_Acute
2026-08-08 22:32:55 +0200: Memory Usage (490444K) : Executing rule ctrgat_drw_Acute
2026-08-08 22:32:55 +0200: Memory Usage (490444K) : Executing rule fgimp_drw_Acute
2026-08-08 22:32:55 +0200: Memory Usage (490444K) : Executing rule emwihv_drw_Acute
2026-08-08 22:32:55 +0200: Memory Usage (490444K) : Executing rule lbe_drw_Acute
2026-08-08 22:32:55 +0200: Memory Usage (490444K) : Executing rule alcustop_drw_Acute
2026-08-08 22:32:55 +0200: Memory Usage (490444K) : Executing rule cont_drw_Angle90
2026-08-08 22:33:02 +0200: Memory Usage (543828K) : Executing rule via1_drw_Angle90
2026-08-08 22:33:03 +0200: Memory Usage (544340K) : Executing rule via2_drw_Angle90
2026-08-08 22:33:03 +0200: Memory Usage (545108K) : Executing rule via3_drw_Angle90
2026-08-08 22:33:03 +0200: Memory Usage (545108K) : Executing rule via4_drw_Angle90
2026-08-08 22:33:04 +0200: Memory Usage (545236K) : Executing rule vmim_drw_Angle90
2026-08-08 22:33:04 +0200: Memory Usage (545236K) : Executing rule topvia1_drw_Angle90
2026-08-08 22:33:04 +0200: Memory Usage (545364K) : Executing rule topvia2_drw_Angle90
2026-08-08 22:33:04 +0200: Memory Usage (545364K) : Executing rule gatpoly_drw_Angle45
2026-08-08 22:33:05 +0200: Memory Usage (545492K) : Executing rule activ_drw_Angle45
2026-08-08 22:33:06 +0200: Memory Usage (549588K) : Executing rule metal1_drw_Angle45
2026-08-08 22:33:09 +0200: Memory Usage (558420K) : Executing rule metal2_drw_Angle45
2026-08-08 22:33:11 +0200: Memory Usage (563668K) : Executing rule metal3_drw_Angle45
2026-08-08 22:33:12 +0200: Memory Usage (565076K) : Executing rule metal4_drw_Angle45
2026-08-08 22:33:12 +0200: Memory Usage (565076K) : Executing rule metal5_drw_Angle45
2026-08-08 22:33:12 +0200: Memory Usage (565204K) : Executing rule topmetal1_drw_Angle45
2026-08-08 22:33:13 +0200: Memory Usage (565204K) : Executing rule topmetal2_drw_Angle45
2026-08-08 22:33:13 +0200: Memory Usage (565204K) : KLayout DRC run for tables 'angle' completed in 51.73 seconds
