16-Aug-2026 13:46:38 | INFO    | KLayout version detected: 0.30.9 (required >= 0.30.5)
16-Aug-2026 13:46:38 | INFO    | Using DRC JSON file: /foss/pdks/ihp-sg13g2/libs.tech/klayout/python/sg13g2_pycell_lib/sg13g2_tech_mod.json
16-Aug-2026 13:46:38 | INFO    | Running IHP-SG13G2 main checks on design /foss/designs/spi-slave-ihp/allmodes/signoff_hv/spi_slave_hv.gds, topcell: spi_slave
2026-08-16 13:46:40 +0200: Memory Usage (454948K) : Starting running IHP-SG13G2 KLayout DRC runset on /foss/designs/spi-slave-ihp/allmodes/signoff_hv/spi_slave_hv.gds
2026-08-16 13:46:40 +0200: Memory Usage (454948K) : Ruby Version for klayout: 3.2.3
2026-08-16 13:46:40 +0200: Memory Usage (456396K) : Loading database to memory is complete.
2026-08-16 13:46:40 +0200: Memory Usage (456396K) : IHP-SG13G2 KLayout DRC runset output at: /foss/designs/spi-slave-ihp/allmodes/signoff_hv/drc/spi_slave_hv_spi_slave_main.lyrdb
2026-08-16 13:46:40 +0200: Memory Usage (456396K) : Evaluate switches.
2026-08-16 13:46:40 +0200: Memory Usage (456396K) : tables selected: main
2026-08-16 13:46:40 +0200: Memory Usage (456396K) : KLayout will use 8 thread(s) in tiling mode.
2026-08-16 13:46:40 +0200: Memory Usage (456396K) : deep mode is enabled.
2026-08-16 13:46:40 +0200: Memory Usage (456396K) : FEOL enabled: true
2026-08-16 13:46:40 +0200: Memory Usage (456396K) : BEOL enabled: true
2026-08-16 13:46:40 +0200: Memory Usage (456396K) : OFFGRID enabled: true
2026-08-16 13:46:40 +0200: Memory Usage (456396K) : ANGLE enabled: true
2026-08-16 13:46:40 +0200: Memory Usage (456396K) : PIN enabled: true
2026-08-16 13:46:40 +0200: Memory Usage (456396K) : FORBIDDEN enabled: true
2026-08-16 13:46:40 +0200: Memory Usage (456396K) : RECOMMENDED enabled: true
2026-08-16 13:46:40 +0200: Memory Usage (456396K) : PreCheck DRC enabled: false
2026-08-16 13:46:40 +0200: Memory Usage (456396K) : CONNECTIVITY_RULES enabled: true.
2026-08-16 13:46:40 +0200: Memory Usage (456396K) : Read in polygons from layers.
2026-08-16 13:46:40 +0200: Memory Usage (458092K) : activ_drw has 14081 polygons
2026-08-16 13:46:40 +0200: Memory Usage (458092K) : activ_pin has 0 polygons
2026-08-16 13:46:40 +0200: Memory Usage (458092K) : activ_mask has 0 polygons
2026-08-16 13:46:40 +0200: Memory Usage (458092K) : activ_filler has 0 polygons
2026-08-16 13:46:40 +0200: Memory Usage (458348K) : activ_nofill has 0 polygons
2026-08-16 13:46:40 +0200: Memory Usage (458348K) : activ_opc has 0 polygons
2026-08-16 13:46:40 +0200: Memory Usage (458348K) : activ_iopc has 0 polygons
2026-08-16 13:46:40 +0200: Memory Usage (458348K) : activ_noqrc has 0 polygons
2026-08-16 13:46:40 +0200: Memory Usage (458348K) : biwind_drw has 0 polygons
2026-08-16 13:46:40 +0200: Memory Usage (458348K) : biwind_opc has 0 polygons
2026-08-16 13:46:41 +0200: Memory Usage (458348K) : pemwind_drw has 0 polygons
2026-08-16 13:46:41 +0200: Memory Usage (458476K) : gatpoly_drw has 9859 polygons
2026-08-16 13:46:41 +0200: Memory Usage (458476K) : gatpoly_pin has 0 polygons
2026-08-16 13:46:41 +0200: Memory Usage (458476K) : gatpoly_filler has 0 polygons
2026-08-16 13:46:41 +0200: Memory Usage (458476K) : gatpoly_nofill has 0 polygons
2026-08-16 13:46:41 +0200: Memory Usage (458604K) : gatpoly_opc has 0 polygons
2026-08-16 13:46:41 +0200: Memory Usage (458604K) : gatpoly_iopc has 0 polygons
2026-08-16 13:46:41 +0200: Memory Usage (458604K) : gatpoly_noqrc has 0 polygons
2026-08-16 13:46:41 +0200: Memory Usage (458792K) : cont_drw has 88869 polygons
2026-08-16 13:46:41 +0200: Memory Usage (458792K) : cont_opc has 0 polygons
2026-08-16 13:46:41 +0200: Memory Usage (458792K) : nsd_drw has 0 polygons
2026-08-16 13:46:41 +0200: Memory Usage (458920K) : nsd_block has 0 polygons
2026-08-16 13:46:41 +0200: Memory Usage (458920K) : metal1_drw has 25306 polygons
2026-08-16 13:46:41 +0200: Memory Usage (459048K) : metal1_pin has 10117 polygons
2026-08-16 13:46:41 +0200: Memory Usage (459048K) : metal1_mask has 0 polygons
2026-08-16 13:46:41 +0200: Memory Usage (459048K) : metal1_filler has 0 polygons
2026-08-16 13:46:41 +0200: Memory Usage (459176K) : metal1_nofill has 0 polygons
2026-08-16 13:46:41 +0200: Memory Usage (459176K) : metal1_slit has 0 polygons
2026-08-16 13:46:41 +0200: Memory Usage (459616K) : metal1_text has 10085 polygons
2026-08-16 13:46:41 +0200: Memory Usage (459616K) : metal1_opc has 0 polygons
2026-08-16 13:46:41 +0200: Memory Usage (459744K) : metal1_noqrc has 0 polygons
2026-08-16 13:46:41 +0200: Memory Usage (459744K) : metal1_res has 0 polygons
2026-08-16 13:46:41 +0200: Memory Usage (459872K) : metal1_iprobe has 0 polygons
2026-08-16 13:46:41 +0200: Memory Usage (459872K) : metal1_diffprb has 0 polygons
2026-08-16 13:46:41 +0200: Memory Usage (459872K) : passiv_drw has 0 polygons
2026-08-16 13:46:41 +0200: Memory Usage (460000K) : passiv_pin has 0 polygons
2026-08-16 13:46:41 +0200: Memory Usage (460000K) : passiv_sbump has 0 polygons
2026-08-16 13:46:41 +0200: Memory Usage (460128K) : passiv_pillar has 0 polygons
2026-08-16 13:46:41 +0200: Memory Usage (460128K) : passiv_pdl has 0 polygons
2026-08-16 13:46:41 +0200: Memory Usage (460384K) : metal2_drw has 9419 polygons
2026-08-16 13:46:41 +0200: Memory Usage (460384K) : metal2_pin has 146 polygons
2026-08-16 13:46:41 +0200: Memory Usage (460512K) : metal2_mask has 0 polygons
2026-08-16 13:46:41 +0200: Memory Usage (460512K) : metal2_filler has 0 polygons
2026-08-16 13:46:41 +0200: Memory Usage (460640K) : metal2_nofill has 0 polygons
2026-08-16 13:46:41 +0200: Memory Usage (460640K) : metal2_slit has 0 polygons
2026-08-16 13:46:41 +0200: Memory Usage (460768K) : metal2_text has 146 polygons
2026-08-16 13:46:41 +0200: Memory Usage (460768K) : metal2_opc has 0 polygons
2026-08-16 13:46:41 +0200: Memory Usage (460768K) : metal2_noqrc has 0 polygons
2026-08-16 13:46:41 +0200: Memory Usage (460896K) : metal2_res has 0 polygons
2026-08-16 13:46:41 +0200: Memory Usage (460896K) : metal2_iprobe has 0 polygons
2026-08-16 13:46:41 +0200: Memory Usage (461024K) : metal2_diffprb has 0 polygons
2026-08-16 13:46:41 +0200: Memory Usage (461024K) : baspoly_drw has 0 polygons
2026-08-16 13:46:41 +0200: Memory Usage (461024K) : baspoly_pin has 0 polygons
2026-08-16 13:46:41 +0200: Memory Usage (461152K) : psd_drw has 7725 polygons
2026-08-16 13:46:41 +0200: Memory Usage (461152K) : nldb_drw has 0 polygons
2026-08-16 13:46:41 +0200: Memory Usage (461280K) : digibnd_drw has 3840 polygons
2026-08-16 13:46:41 +0200: Memory Usage (461408K) : via1_drw has 4265 polygons
2026-08-16 13:46:41 +0200: Memory Usage (461408K) : backmetal1_drw has 0 polygons
2026-08-16 13:46:41 +0200: Memory Usage (461408K) : backmetal1_pin has 0 polygons
2026-08-16 13:46:41 +0200: Memory Usage (461536K) : backmetal1_mask has 0 polygons
2026-08-16 13:46:41 +0200: Memory Usage (461536K) : backmetal1_filler has 0 polygons
2026-08-16 13:46:41 +0200: Memory Usage (461664K) : backmetal1_nofill has 0 polygons
2026-08-16 13:46:41 +0200: Memory Usage (461664K) : backmetal1_slit has 0 polygons
2026-08-16 13:46:41 +0200: Memory Usage (461664K) : backmetal1_text has 0 polygons
2026-08-16 13:46:41 +0200: Memory Usage (461792K) : backmetal1_opc has 0 polygons
2026-08-16 13:46:41 +0200: Memory Usage (461792K) : backmetal1_noqrc has 0 polygons
2026-08-16 13:46:41 +0200: Memory Usage (461920K) : backmetal1_res has 0 polygons
2026-08-16 13:46:41 +0200: Memory Usage (462048K) : backmetal1_iprobe has 0 polygons
2026-08-16 13:46:41 +0200: Memory Usage (462176K) : backmetal1_diffprb has 0 polygons
2026-08-16 13:46:41 +0200: Memory Usage (462176K) : backpassiv_drw has 0 polygons
2026-08-16 13:46:41 +0200: Memory Usage (462176K) : res_drw has 0 polygons
2026-08-16 13:46:41 +0200: Memory Usage (462304K) : sram_drw has 0 polygons
2026-08-16 13:46:41 +0200: Memory Usage (462304K) : trans_drw has 0 polygons
2026-08-16 13:46:41 +0200: Memory Usage (462432K) : ind_drw has 0 polygons
2026-08-16 13:46:41 +0200: Memory Usage (462432K) : ind_pin has 0 polygons
2026-08-16 13:46:41 +0200: Memory Usage (462560K) : ind_text has 0 polygons
2026-08-16 13:46:41 +0200: Memory Usage (462560K) : salblock_drw has 0 polygons
2026-08-16 13:46:41 +0200: Memory Usage (462688K) : via2_drw has 3285 polygons
2026-08-16 13:46:41 +0200: Memory Usage (462688K) : metal3_drw has 4404 polygons
2026-08-16 13:46:41 +0200: Memory Usage (462816K) : metal3_pin has 27 polygons
2026-08-16 13:46:41 +0200: Memory Usage (462816K) : metal3_mask has 0 polygons
2026-08-16 13:46:41 +0200: Memory Usage (462944K) : metal3_filler has 0 polygons
2026-08-16 13:46:41 +0200: Memory Usage (462944K) : metal3_nofill has 0 polygons
2026-08-16 13:46:41 +0200: Memory Usage (462944K) : metal3_slit has 0 polygons
2026-08-16 13:46:41 +0200: Memory Usage (463072K) : metal3_text has 27 polygons
2026-08-16 13:46:41 +0200: Memory Usage (463200K) : metal3_opc has 0 polygons
2026-08-16 13:46:41 +0200: Memory Usage (463200K) : metal3_noqrc has 0 polygons
2026-08-16 13:46:41 +0200: Memory Usage (463328K) : metal3_res has 0 polygons
2026-08-16 13:46:41 +0200: Memory Usage (463328K) : metal3_iprobe has 0 polygons
2026-08-16 13:46:41 +0200: Memory Usage (463456K) : metal3_diffprb has 0 polygons
2026-08-16 13:46:41 +0200: Memory Usage (463456K) : nwell_drw has 3840 polygons
2026-08-16 13:46:41 +0200: Memory Usage (463456K) : nwell_pin has 0 polygons
2026-08-16 13:46:41 +0200: Memory Usage (463456K) : nbulay_drw has 0 polygons
2026-08-16 13:46:41 +0200: Memory Usage (463456K) : nbulay_pin has 0 polygons
2026-08-16 13:46:41 +0200: Memory Usage (463584K) : nbulay_block has 0 polygons
2026-08-16 13:46:41 +0200: Memory Usage (463584K) : emwind_drw has 0 polygons
2026-08-16 13:46:41 +0200: Memory Usage (463584K) : emwind_opc has 0 polygons
2026-08-16 13:46:41 +0200: Memory Usage (463712K) : deepco_drw has 0 polygons
2026-08-16 13:46:41 +0200: Memory Usage (463712K) : deepco_drw has 0 polygons
2026-08-16 13:46:41 +0200: Memory Usage (463712K) : mim_drw has 0 polygons
2026-08-16 13:46:41 +0200: Memory Usage (463840K) : edgeseal_drw has 0 polygons
2026-08-16 13:46:41 +0200: Memory Usage (463840K) : edgeseal_bound has 0 polygons
2026-08-16 13:46:41 +0200: Memory Usage (463840K) : substrate_drw has 0 polygons
2026-08-16 13:46:41 +0200: Memory Usage (463840K) : substrate_text has 0 polygons
2026-08-16 13:46:41 +0200: Memory Usage (463968K) : dfpad_drw has 0 polygons
2026-08-16 13:46:41 +0200: Memory Usage (463968K) : dfpad_pillar has 0 polygons
2026-08-16 13:46:41 +0200: Memory Usage (463968K) : dfpad_sbump has 0 polygons
2026-08-16 13:46:41 +0200: Memory Usage (464096K) : thickgateox_drw has 3840 polygons
2026-08-16 13:46:41 +0200: Memory Usage (464096K) : pldb_drw has 0 polygons
2026-08-16 13:46:41 +0200: Memory Usage (464224K) : pwell_drw has 0 polygons
2026-08-16 13:46:41 +0200: Memory Usage (464224K) : pwell_pin has 0 polygons
2026-08-16 13:46:41 +0200: Memory Usage (464352K) : pwell_block has 0 polygons
2026-08-16 13:46:41 +0200: Memory Usage (464352K) : ic_drw has 0 polygons
2026-08-16 13:46:41 +0200: Memory Usage (464480K) : via3_drw has 1395 polygons
2026-08-16 13:46:41 +0200: Memory Usage (464480K) : metal4_drw has 786 polygons
2026-08-16 13:46:41 +0200: Memory Usage (464480K) : metal4_pin has 0 polygons
2026-08-16 13:46:41 +0200: Memory Usage (464608K) : metal4_mask has 0 polygons
2026-08-16 13:46:41 +0200: Memory Usage (464608K) : metal4_filler has 0 polygons
2026-08-16 13:46:41 +0200: Memory Usage (464736K) : metal4_nofill has 0 polygons
2026-08-16 13:46:41 +0200: Memory Usage (464736K) : metal4_slit has 0 polygons
2026-08-16 13:46:41 +0200: Memory Usage (464864K) : metal4_text has 0 polygons
2026-08-16 13:46:41 +0200: Memory Usage (464864K) : metal4_opc has 0 polygons
2026-08-16 13:46:41 +0200: Memory Usage (464864K) : metal4_noqrc has 0 polygons
2026-08-16 13:46:41 +0200: Memory Usage (464992K) : metal4_res has 0 polygons
2026-08-16 13:46:41 +0200: Memory Usage (464992K) : metal4_iprobe has 0 polygons
2026-08-16 13:46:41 +0200: Memory Usage (465120K) : metal4_diffprb has 0 polygons
2026-08-16 13:46:41 +0200: Memory Usage (465120K) : heattrans_drw has 0 polygons
2026-08-16 13:46:41 +0200: Memory Usage (465248K) : heatres_drw has 0 polygons
2026-08-16 13:46:41 +0200: Memory Usage (465248K) : pempoly_drw has 0 polygons
2026-08-16 13:46:41 +0200: Memory Usage (465248K) : fbe_drw has 0 polygons
2026-08-16 13:46:41 +0200: Memory Usage (465376K) : empoly_drw has 0 polygons
2026-08-16 13:46:41 +0200: Memory Usage (465376K) : ldmos_drw has 0 polygons
2026-08-16 13:46:41 +0200: Memory Usage (465504K) : pbiwind_drw has 0 polygons
2026-08-16 13:46:41 +0200: Memory Usage (465504K) : digisub_drw has 0 polygons
2026-08-16 13:46:41 +0200: Memory Usage (465504K) : nodrc_drw has 0 polygons
2026-08-16 13:46:41 +0200: Memory Usage (465632K) : text_drw has 0 polygons
2026-08-16 13:46:41 +0200: Memory Usage (465632K) : via4_drw has 1202 polygons
2026-08-16 13:46:41 +0200: Memory Usage (465632K) : metal5_drw has 723 polygons
2026-08-16 13:46:41 +0200: Memory Usage (465760K) : metal5_pin has 0 polygons
2026-08-16 13:46:41 +0200: Memory Usage (465760K) : metal5_mask has 0 polygons
2026-08-16 13:46:41 +0200: Memory Usage (465760K) : metal5_filler has 0 polygons
2026-08-16 13:46:41 +0200: Memory Usage (465888K) : metal5_nofill has 0 polygons
2026-08-16 13:46:41 +0200: Memory Usage (465888K) : metal5_slit has 0 polygons
2026-08-16 13:46:41 +0200: Memory Usage (465888K) : metal5_text has 0 polygons
2026-08-16 13:46:41 +0200: Memory Usage (466016K) : metal5_opc has 0 polygons
2026-08-16 13:46:41 +0200: Memory Usage (466016K) : metal5_noqrc has 0 polygons
2026-08-16 13:46:41 +0200: Memory Usage (466144K) : metal5_res has 0 polygons
2026-08-16 13:46:41 +0200: Memory Usage (466144K) : metal5_iprobe has 0 polygons
2026-08-16 13:46:41 +0200: Memory Usage (466144K) : metal5_diffprb has 0 polygons
2026-08-16 13:46:41 +0200: Memory Usage (466272K) : radhard_drw has 0 polygons
2026-08-16 13:46:41 +0200: Memory Usage (466272K) : memcap_drw has 0 polygons
2026-08-16 13:46:41 +0200: Memory Usage (466400K) : varicap_drw has 0 polygons
2026-08-16 13:46:41 +0200: Memory Usage (466400K) : flash_drw has 0 polygons
2026-08-16 13:46:41 +0200: Memory Usage (466528K) : intbondvia_drw has 0 polygons
2026-08-16 13:46:41 +0200: Memory Usage (466528K) : intbondmet_drw has 0 polygons
2026-08-16 13:46:41 +0200: Memory Usage (466528K) : devbondvia_drw has 0 polygons
2026-08-16 13:46:41 +0200: Memory Usage (466656K) : devbondmet_drw has 0 polygons
2026-08-16 13:46:41 +0200: Memory Usage (466656K) : devtrench_drw has 0 polygons
2026-08-16 13:46:41 +0200: Memory Usage (466784K) : redist_drw has 0 polygons
2026-08-16 13:46:41 +0200: Memory Usage (466784K) : graphbot_drw has 0 polygons
2026-08-16 13:46:41 +0200: Memory Usage (466784K) : graphtop_drw has 0 polygons
2026-08-16 13:46:41 +0200: Memory Usage (466912K) : antvia1_drw has 0 polygons
2026-08-16 13:46:41 +0200: Memory Usage (466912K) : antmetal2_drw has 0 polygons
2026-08-16 13:46:41 +0200: Memory Usage (467040K) : graphcont_drw has 0 polygons
2026-08-16 13:46:41 +0200: Memory Usage (467040K) : siwg_drw has 0 polygons
2026-08-16 13:46:41 +0200: Memory Usage (467168K) : siwg_filler has 0 polygons
2026-08-16 13:46:41 +0200: Memory Usage (467168K) : siwg_nofill has 0 polygons
2026-08-16 13:46:41 +0200: Memory Usage (467296K) : sigrating_drw has 0 polygons
2026-08-16 13:46:41 +0200: Memory Usage (467296K) : singrating_drw has 0 polygons
2026-08-16 13:46:41 +0200: Memory Usage (467296K) : graphpas_drw has 0 polygons
2026-08-16 13:46:41 +0200: Memory Usage (467424K) : emwind3_drw has 0 polygons
2026-08-16 13:46:41 +0200: Memory Usage (467424K) : emwihv3_drw has 0 polygons
2026-08-16 13:46:41 +0200: Memory Usage (467424K) : redbulay_drw has 0 polygons
2026-08-16 13:46:41 +0200: Memory Usage (467552K) : smos_drw has 0 polygons
2026-08-16 13:46:41 +0200: Memory Usage (467552K) : graphpad_drw has 0 polygons
2026-08-16 13:46:41 +0200: Memory Usage (467552K) : polimide_drw has 0 polygons
2026-08-16 13:46:41 +0200: Memory Usage (467552K) : polimide_pin has 0 polygons
2026-08-16 13:46:41 +0200: Memory Usage (467680K) : recog_drw has 0 polygons
2026-08-16 13:46:41 +0200: Memory Usage (467680K) : recog_pin has 0 polygons
2026-08-16 13:46:41 +0200: Memory Usage (467680K) : recog_esd has 0 polygons
2026-08-16 13:46:41 +0200: Memory Usage (467808K) : recog_diode has 0 polygons
2026-08-16 13:46:41 +0200: Memory Usage (467808K) : recog_tsv has 0 polygons
2026-08-16 13:46:41 +0200: Memory Usage (467936K) : recog_iprobe has 0 polygons
2026-08-16 13:46:41 +0200: Memory Usage (467936K) : recog_diffprb has 0 polygons
2026-08-16 13:46:41 +0200: Memory Usage (468064K) : recog_pillar has 0 polygons
2026-08-16 13:46:41 +0200: Memory Usage (468064K) : recog_sbump has 0 polygons
2026-08-16 13:46:41 +0200: Memory Usage (468064K) : recog_otp has 0 polygons
2026-08-16 13:46:41 +0200: Memory Usage (468192K) : recog_pdiode has 0 polygons
2026-08-16 13:46:41 +0200: Memory Usage (468192K) : recog_mom has 0 polygons
2026-08-16 13:46:41 +0200: Memory Usage (468320K) : recog_pcm has 0 polygons
2026-08-16 13:46:41 +0200: Memory Usage (468320K) : colopen_drw has 0 polygons
2026-08-16 13:46:41 +0200: Memory Usage (468448K) : graphmetal1_drw has 0 polygons
2026-08-16 13:46:41 +0200: Memory Usage (468448K) : graphmetal1_filler has 0 polygons
2026-08-16 13:46:41 +0200: Memory Usage (468448K) : graphmetal1_nofill has 0 polygons
2026-08-16 13:46:41 +0200: Memory Usage (468576K) : graphmetal1_slit has 0 polygons
2026-08-16 13:46:41 +0200: Memory Usage (468576K) : graphmetal1_opc has 0 polygons
2026-08-16 13:46:41 +0200: Memory Usage (468704K) : graphmet1l_drw has 0 polygons
2026-08-16 13:46:41 +0200: Memory Usage (468704K) : graphmet1l_filler has 0 polygons
2026-08-16 13:46:41 +0200: Memory Usage (468704K) : graphmet1l_nofill has 0 polygons
2026-08-16 13:46:41 +0200: Memory Usage (468832K) : graphmet1l_slit has 0 polygons
2026-08-16 13:46:41 +0200: Memory Usage (468832K) : graphmet1l_opc has 0 polygons
2026-08-16 13:46:41 +0200: Memory Usage (468960K) : extblock_drw has 0 polygons
2026-08-16 13:46:41 +0200: Memory Usage (468960K) : nldd_drw has 0 polygons
2026-08-16 13:46:41 +0200: Memory Usage (469088K) : pldd_drw has 0 polygons
2026-08-16 13:46:41 +0200: Memory Usage (469088K) : next_drw has 0 polygons
2026-08-16 13:46:41 +0200: Memory Usage (469088K) : pext_drw has 0 polygons
2026-08-16 13:46:41 +0200: Memory Usage (469216K) : nexthv_drw has 0 polygons
2026-08-16 13:46:41 +0200: Memory Usage (469216K) : pexthv_drw has 0 polygons
2026-08-16 13:46:41 +0200: Memory Usage (469344K) : graphgate_drw has 0 polygons
2026-08-16 13:46:41 +0200: Memory Usage (469344K) : sinwg_drw has 0 polygons
2026-08-16 13:46:41 +0200: Memory Usage (469472K) : sinwg_filler has 0 polygons
2026-08-16 13:46:41 +0200: Memory Usage (469472K) : sinwg_nofill has 0 polygons
2026-08-16 13:46:41 +0200: Memory Usage (469472K) : mempad_drw has 0 polygons
2026-08-16 13:46:41 +0200: Memory Usage (469600K) : topvia1_drw has 480 polygons
2026-08-16 13:46:41 +0200: Memory Usage (469600K) : topmetal1_drw has 310 polygons
2026-08-16 13:46:41 +0200: Memory Usage (469600K) : topmetal1_pin has 10 polygons
2026-08-16 13:46:41 +0200: Memory Usage (469600K) : topmetal1_mask has 0 polygons
2026-08-16 13:46:41 +0200: Memory Usage (469600K) : topmetal1_filler has 0 polygons
2026-08-16 13:46:41 +0200: Memory Usage (469600K) : topmetal1_nofill has 0 polygons
2026-08-16 13:46:41 +0200: Memory Usage (469600K) : topmetal1_slit has 0 polygons
2026-08-16 13:46:41 +0200: Memory Usage (469600K) : topmetal1_text has 2 polygons
2026-08-16 13:46:41 +0200: Memory Usage (469600K) : topmetal1_noqrc has 0 polygons
2026-08-16 13:46:41 +0200: Memory Usage (469600K) : topmetal1_res has 0 polygons
2026-08-16 13:46:41 +0200: Memory Usage (469600K) : topmetal1_iprobe has 0 polygons
2026-08-16 13:46:41 +0200: Memory Usage (469600K) : topmetal1_diffprb has 0 polygons
2026-08-16 13:46:41 +0200: Memory Usage (469600K) : inldpwl_drw has 0 polygons
2026-08-16 13:46:41 +0200: Memory Usage (469600K) : polyres_drw has 0 polygons
2026-08-16 13:46:41 +0200: Memory Usage (469600K) : polyres_pin has 0 polygons
2026-08-16 13:46:41 +0200: Memory Usage (469600K) : vmim_drw has 0 polygons
2026-08-16 13:46:41 +0200: Memory Usage (469600K) : nbulaycut_drw has 0 polygons
2026-08-16 13:46:41 +0200: Memory Usage (469600K) : antmetal1_drw has 0 polygons
2026-08-16 13:46:41 +0200: Memory Usage (469600K) : topvia2_drw has 50 polygons
2026-08-16 13:46:41 +0200: Memory Usage (469600K) : topmetal2_drw has 70 polygons
2026-08-16 13:46:41 +0200: Memory Usage (469600K) : topmetal2_pin has 10 polygons
2026-08-16 13:46:41 +0200: Memory Usage (469600K) : topmetal2_mask has 0 polygons
2026-08-16 13:46:41 +0200: Memory Usage (469600K) : topmetal2_filler has 0 polygons
2026-08-16 13:46:41 +0200: Memory Usage (469600K) : topmetal2_nofill has 0 polygons
2026-08-16 13:46:41 +0200: Memory Usage (469600K) : topmetal2_slit has 0 polygons
2026-08-16 13:46:41 +0200: Memory Usage (469600K) : topmetal2_text has 2 polygons
2026-08-16 13:46:41 +0200: Memory Usage (469600K) : topmetal2_noqrc has 0 polygons
2026-08-16 13:46:41 +0200: Memory Usage (469600K) : topmetal2_res has 0 polygons
2026-08-16 13:46:41 +0200: Memory Usage (469600K) : topmetal2_iprobe has 0 polygons
2026-08-16 13:46:41 +0200: Memory Usage (469600K) : topmetal2_diffprb has 0 polygons
2026-08-16 13:46:41 +0200: Memory Usage (469600K) : snsring_drw has 0 polygons
2026-08-16 13:46:41 +0200: Memory Usage (469600K) : sensor_drw has 0 polygons
2026-08-16 13:46:41 +0200: Memory Usage (469600K) : snsarms_drw has 0 polygons
2026-08-16 13:46:41 +0200: Memory Usage (469600K) : snscmosvia_drw has 0 polygons
2026-08-16 13:46:41 +0200: Memory Usage (469600K) : colwind_drw has 0 polygons
2026-08-16 13:46:41 +0200: Memory Usage (469600K) : flm_drw has 0 polygons
2026-08-16 13:46:41 +0200: Memory Usage (469600K) : hafniumox_drw has 0 polygons
2026-08-16 13:46:41 +0200: Memory Usage (469600K) : memvia_drw has 0 polygons
2026-08-16 13:46:41 +0200: Memory Usage (469600K) : thinfilmres_drw has 0 polygons
2026-08-16 13:46:41 +0200: Memory Usage (469600K) : rfmem_drw has 0 polygons
2026-08-16 13:46:41 +0200: Memory Usage (469600K) : norcx_drw has 0 polygons
2026-08-16 13:46:41 +0200: Memory Usage (469600K) : norcx_m2m3 has 0 polygons
2026-08-16 13:46:41 +0200: Memory Usage (469600K) : norcx_m2m4 has 0 polygons
2026-08-16 13:46:41 +0200: Memory Usage (469600K) : norcx_m2m5 has 0 polygons
2026-08-16 13:46:41 +0200: Memory Usage (469600K) : norcx_m2tm1 has 0 polygons
2026-08-16 13:46:41 +0200: Memory Usage (469600K) : norcx_m2tm2 has 0 polygons
2026-08-16 13:46:41 +0200: Memory Usage (469600K) : norcx_m3m4 has 0 polygons
2026-08-16 13:46:41 +0200: Memory Usage (469600K) : norcx_m3m5 has 0 polygons
2026-08-16 13:46:41 +0200: Memory Usage (469600K) : norcx_m3tm1 has 0 polygons
2026-08-16 13:46:41 +0200: Memory Usage (469600K) : norcx_m3tm2 has 0 polygons
2026-08-16 13:46:41 +0200: Memory Usage (469600K) : norcx_m4m5 has 0 polygons
2026-08-16 13:46:41 +0200: Memory Usage (469600K) : norcx_m4tm1 has 0 polygons
2026-08-16 13:46:41 +0200: Memory Usage (469600K) : norcx_m4tm2 has 0 polygons
2026-08-16 13:46:41 +0200: Memory Usage (469600K) : norcx_m5tm1 has 0 polygons
2026-08-16 13:46:41 +0200: Memory Usage (469600K) : norcx_m5tm2 has 0 polygons
2026-08-16 13:46:41 +0200: Memory Usage (469600K) : norcx_tm1tm2 has 0 polygons
2026-08-16 13:46:41 +0200: Memory Usage (469600K) : norcx_m1sub has 0 polygons
2026-08-16 13:46:41 +0200: Memory Usage (469600K) : norcx_m2sub has 0 polygons
2026-08-16 13:46:41 +0200: Memory Usage (469600K) : norcx_m3sub has 0 polygons
2026-08-16 13:46:41 +0200: Memory Usage (469600K) : norcx_m4sub has 0 polygons
2026-08-16 13:46:41 +0200: Memory Usage (469600K) : norcx_m5sub has 0 polygons
2026-08-16 13:46:41 +0200: Memory Usage (469600K) : norcx_tm1sub has 0 polygons
2026-08-16 13:46:41 +0200: Memory Usage (469600K) : norcx_tm2sub has 0 polygons
2026-08-16 13:46:41 +0200: Memory Usage (469600K) : snsbotvia_drw has 0 polygons
2026-08-16 13:46:41 +0200: Memory Usage (469600K) : snstopvia_drw has 0 polygons
2026-08-16 13:46:41 +0200: Memory Usage (469600K) : deepvia_drw has 0 polygons
2026-08-16 13:46:41 +0200: Memory Usage (469600K) : fgetch_drw has 0 polygons
2026-08-16 13:46:41 +0200: Memory Usage (469600K) : ctrgat_drw has 0 polygons
2026-08-16 13:46:41 +0200: Memory Usage (469600K) : fgimp_drw has 0 polygons
2026-08-16 13:46:41 +0200: Memory Usage (469600K) : emwihv_drw has 0 polygons
2026-08-16 13:46:41 +0200: Memory Usage (469600K) : lbe_drw has 0 polygons
2026-08-16 13:46:41 +0200: Memory Usage (469600K) : alcustop_drw has 0 polygons
2026-08-16 13:46:41 +0200: Memory Usage (469600K) : nometfiller_drw has 0 polygons
2026-08-16 13:46:41 +0200: Memory Usage (469600K) : prboundary_drw has 0 polygons
2026-08-16 13:46:41 +0200: Memory Usage (469600K) : exchange0_drw has 0 polygons
2026-08-16 13:46:41 +0200: Memory Usage (469600K) : exchange0_pin has 0 polygons
2026-08-16 13:46:41 +0200: Memory Usage (469600K) : exchange0_text has 0 polygons
2026-08-16 13:46:41 +0200: Memory Usage (469600K) : exchange1_drw has 0 polygons
2026-08-16 13:46:41 +0200: Memory Usage (469600K) : exchange1_pin has 0 polygons
2026-08-16 13:46:41 +0200: Memory Usage (469600K) : exchange1_text has 0 polygons
2026-08-16 13:46:41 +0200: Memory Usage (469600K) : exchange2_drw has 0 polygons
2026-08-16 13:46:41 +0200: Memory Usage (469600K) : exchange2_pin has 0 polygons
2026-08-16 13:46:41 +0200: Memory Usage (469600K) : exchange2_text has 0 polygons
2026-08-16 13:46:41 +0200: Memory Usage (469600K) : exchange3_drw has 0 polygons
2026-08-16 13:46:41 +0200: Memory Usage (469600K) : exchange3_pin has 0 polygons
2026-08-16 13:46:41 +0200: Memory Usage (469600K) : exchange3_text has 0 polygons
2026-08-16 13:46:41 +0200: Memory Usage (469600K) : exchange4_drw has 0 polygons
2026-08-16 13:46:41 +0200: Memory Usage (469600K) : exchange4_pin has 0 polygons
2026-08-16 13:46:41 +0200: Memory Usage (469600K) : exchange4_text has 0 polygons
2026-08-16 13:46:41 +0200: Memory Usage (469600K) : isonwell_drw has 0 polygons
2026-08-16 13:46:41 +0200: Memory Usage (469600K) : Total no. of polygons in the design is 204321
2026-08-16 13:46:41 +0200: Memory Usage (469600K) : Loaded TECH DRC rules values from /foss/pdks/ihp-sg13g2/libs.tech/klayout/python/sg13g2_pycell_lib/sg13g2_tech_mod.json
2026-08-16 13:46:41 +0200: Memory Usage (469600K) : Loaded default DRC rules values from /foss/pdks/ihp-sg13g2/libs.tech/klayout/tech/drc/rule_decks/sg13g2_tech_default.json
2026-08-16 13:46:41 +0200: Memory Usage (469600K) : The following rules values were missing in tech json and default values were used:
2026-08-16 13:46:41 +0200: Memory Usage (469600K) :   - NW_f1_digibnd
2026-08-16 13:46:41 +0200: Memory Usage (469600K) :   - Cnt_c_digibnd
2026-08-16 13:46:41 +0200: Memory Usage (469600K) :   - Cnt_c_sram
2026-08-16 13:46:41 +0200: Memory Usage (469600K) :   - Sdiod_b
2026-08-16 13:46:41 +0200: Memory Usage (469600K) :   - Sdiod_c
2026-08-16 13:46:41 +0200: Memory Usage (470420K) : Total area of the design is 141465.9361 um^2.
2026-08-16 13:46:41 +0200: Memory Usage (470420K) : The design dimensions are 354.01 µm * 399.61 µm.
2026-08-16 13:46:41 +0200: Memory Usage (470420K) : Starting general IHP-SG13G2 derivations.
2026-08-16 13:46:41 +0200: Memory Usage (470420K) : Starting Pwell derivations
2026-08-16 13:46:41 +0200: Memory Usage (474576K) : Starting n-Activ derivations
2026-08-16 13:46:41 +0200: Memory Usage (478032K) : Starting p-Activ derivations
2026-08-16 13:46:41 +0200: Memory Usage (480976K) : Starting ptap derivations
2026-08-16 13:46:41 +0200: Memory Usage (483664K) : Starting ntap derivations
2026-08-16 13:46:42 +0200: Memory Usage (483792K) : Starting pact FET derivations
2026-08-16 13:46:42 +0200: Memory Usage (483792K) : Starting nact FET derivations
2026-08-16 13:46:42 +0200: Memory Usage (486736K) : Starting Gate derivations
2026-08-16 13:46:42 +0200: Memory Usage (486736K) : Starting cont/contbar general derivations
2026-08-16 13:46:42 +0200: Memory Usage (502148K) : Starting pad general derivations
2026-08-16 13:46:42 +0200: Memory Usage (502148K) : Starting schottky_nbl general derivations
2026-08-16 13:46:42 +0200: Memory Usage (502332K) : Starting SVaricap general derivations
2026-08-16 13:46:42 +0200: Memory Usage (502460K) : Starting HBT general derivations
2026-08-16 13:46:42 +0200: Memory Usage (502460K) : Starting IHP-SG13G2 DRC connectivity related derivations.
2026-08-16 13:46:42 +0200: Memory Usage (502460K) : Starting IHP-SG13G2 DRC connectivity setup
2026-08-16 13:46:43 +0200: Memory Usage (502716K) : Starting IHP-SG13G2 DRC rules.
2026-08-16 13:46:43 +0200: Memory Usage (502716K) : Running all FEOL rules
2026-08-16 13:46:43 +0200: Memory Usage (502716K) : Running all BEOL rules
2026-08-16 13:46:43 +0200: Memory Usage (502716K) : Running all PIN rules
2026-08-16 13:46:43 +0200: Memory Usage (502716K) : Running all FORBIDDEN rules
2026-08-16 13:46:43 +0200: Memory Usage (502716K) : Starting 5.1 NWell table
2026-08-16 13:46:43 +0200: Memory Usage (502716K) : Executing rule NW.b
2026-08-16 13:46:43 +0200: Memory Usage (504312K) : Executing rule NW.b1
2026-08-16 13:46:43 +0200: Memory Usage (504568K) : Executing rule NW.f1
2026-08-16 13:46:43 +0200: Memory Usage (504880K) : Executing rule NW.f1.digibnd
2026-08-16 13:46:43 +0200: Memory Usage (506800K) : Starting 5.2 PWell:block
2026-08-16 13:46:43 +0200: Memory Usage (506800K) : Executing rule PWB.e
2026-08-16 13:46:43 +0200: Memory Usage (506800K) : Executing rule PWB.e1
2026-08-16 13:46:43 +0200: Memory Usage (506672K) : Executing rule PWB.f
2026-08-16 13:46:44 +0200: Memory Usage (509616K) : Executing rule PWB.f1
2026-08-16 13:46:44 +0200: Memory Usage (512432K) : Starting 5.3 nBuLay table
2026-08-16 13:46:44 +0200: Memory Usage (512432K) : Executing rule NBL.b
2026-08-16 13:46:44 +0200: Memory Usage (512432K) : Executing rule NBL.c
2026-08-16 13:46:44 +0200: Memory Usage (512560K) : Executing rule NBL.d
2026-08-16 13:46:44 +0200: Memory Usage (512816K) : Executing rule NBL.e
2026-08-16 13:46:44 +0200: Memory Usage (513000K) : Executing rule NBL.f
2026-08-16 13:46:44 +0200: Memory Usage (513000K) : Starting 5.5. Activ table
2026-08-16 13:46:44 +0200: Memory Usage (513000K) : Executing rule Act.a
2026-08-16 13:46:44 +0200: Memory Usage (513000K) : Executing rule Act.b
2026-08-16 13:46:44 +0200: Memory Usage (514664K) : Starting 5.6 Activ:filler table
2026-08-16 13:46:44 +0200: Memory Usage (514664K) : Executing rule AFil.c1
2026-08-16 13:46:44 +0200: Memory Usage (514664K) : Executing rule AFil.c
2026-08-16 13:46:44 +0200: Memory Usage (514664K) : Executing rule AFil.d
2026-08-16 13:46:44 +0200: Memory Usage (514664K) : Executing rule AFil.e
2026-08-16 13:46:44 +0200: Memory Usage (514664K) : Executing rule AFil.j
2026-08-16 13:46:44 +0200: Memory Usage (514664K) : Starting 5.7. ThickGateOx table
2026-08-16 13:46:44 +0200: Memory Usage (514664K) : Executing rule TGO.f
2026-08-16 13:46:44 +0200: Memory Usage (514664K) : Starting 5.8. GatPoly table
2026-08-16 13:46:44 +0200: Memory Usage (514664K) : Executing rule Gat.a
2026-08-16 13:46:44 +0200: Memory Usage (514664K) : Executing rule Gat.b
2026-08-16 13:46:44 +0200: Memory Usage (514792K) : Executing rule Gat.d
2026-08-16 13:46:44 +0200: Memory Usage (514792K) : Executing rule Gat.a1
2026-08-16 13:46:44 +0200: Memory Usage (514920K) : Executing rule Gat.a2
2026-08-16 13:46:44 +0200: Memory Usage (514920K) : Executing rule Gat.g
2026-08-16 13:46:44 +0200: Memory Usage (514920K) : Starting 5.9 GatPoly:filler
2026-08-16 13:46:45 +0200: Memory Usage (514920K) : Executing rule GFil.d
2026-08-16 13:46:45 +0200: Memory Usage (514920K) : Executing rule GFil.e
2026-08-16 13:46:45 +0200: Memory Usage (514920K) : Executing rule GFil.i
2026-08-16 13:46:45 +0200: Memory Usage (514920K) : Starting 5.10 pSD table
2026-08-16 13:46:45 +0200: Memory Usage (514920K) : Executing rule pSD.c1
2026-08-16 13:46:45 +0200: Memory Usage (519528K) : Starting 5.14. Cont table
2026-08-16 13:46:45 +0200: Memory Usage (519528K) : Executing rule Cnt.a
2026-08-16 13:46:45 +0200: Memory Usage (533224K) : Executing rule Cnt.b
2026-08-16 13:46:46 +0200: Memory Usage (533480K) : Executing rule Cnt.c
2026-08-16 13:46:46 +0200: Memory Usage (535784K) : Executing rule Cnt.c.digibnd
2026-08-16 13:46:47 +0200: Memory Usage (543080K) : Executing rule Cnt.c.SRAM
2026-08-16 13:46:47 +0200: Memory Usage (543080K) : Executing rule Cnt.d
2026-08-16 13:46:47 +0200: Memory Usage (543208K) : Executing rule Cnt.e
2026-08-16 13:46:47 +0200: Memory Usage (543208K) : Executing rule Cnt.g1
2026-08-16 13:46:47 +0200: Memory Usage (543464K) : Executing rule Cnt.g2
2026-08-16 13:46:48 +0200: Memory Usage (544360K) : Starting 5.15. ContBar table
2026-08-16 13:46:48 +0200: Memory Usage (544360K) : Executing rule CntB.a
2026-08-16 13:46:49 +0200: Memory Usage (545000K) : Executing rule CntB.a1
2026-08-16 13:46:49 +0200: Memory Usage (545000K) : Executing rule CntB.b1
2026-08-16 13:46:49 +0200: Memory Usage (545000K) : Executing rule CntB.h1
2026-08-16 13:46:49 +0200: Memory Usage (545000K) : Starting 6.1.3 NPN Substrate-Tie table
2026-08-16 13:46:49 +0200: Memory Usage (545000K) : Executing rule npn13G2.bR 
2026-08-16 13:46:49 +0200: Memory Usage (545000K) : Executing rule npn13G2L.cR 
2026-08-16 13:46:49 +0200: Memory Usage (545000K) : Executing rule npn13G2V.cR 
2026-08-16 13:46:49 +0200: Memory Usage (545000K) : Starting 6.7 Schottky diode table
2026-08-16 13:46:49 +0200: Memory Usage (545000K) : Executing rule Sdiod.b
2026-08-16 13:46:49 +0200: Memory Usage (545000K) : Executing rule Sdiod.c
2026-08-16 13:46:49 +0200: Memory Usage (545000K) : Executing rule Sdiod.d
2026-08-16 13:46:49 +0200: Memory Usage (545000K) : Executing rule Sdiod.e
2026-08-16 13:46:49 +0200: Memory Usage (545000K) : Starting 7.2 Latch-up table
2026-08-16 13:46:49 +0200: Memory Usage (545000K) : Executing rule LU.b
2026-08-16 13:46:49 +0200: Memory Usage (545384K) : Starting 5.16. Metal1 table
2026-08-16 13:46:49 +0200: Memory Usage (545384K) : Executing rule M1.a
2026-08-16 13:46:49 +0200: Memory Usage (545384K) : Executing rule M1.b
2026-08-16 13:46:50 +0200: Memory Usage (549224K) : Executing rule M1.e
2026-08-16 13:46:50 +0200: Memory Usage (550504K) : Executing rule M1.f
2026-08-16 13:46:51 +0200: Memory Usage (550504K) : Executing rule M1.g
2026-08-16 13:46:51 +0200: Memory Usage (552424K) : Executing rule M1.i
2026-08-16 13:46:51 +0200: Memory Usage (553320K) : Starting 5.17 Metaln table
2026-08-16 13:46:51 +0200: Memory Usage (553320K) : Executing rule M2.a
2026-08-16 13:46:51 +0200: Memory Usage (553320K) : Executing rule M2.b
2026-08-16 13:46:51 +0200: Memory Usage (553320K) : Executing rule M2.e
2026-08-16 13:46:51 +0200: Memory Usage (553320K) : Executing rule M2.f
2026-08-16 13:46:51 +0200: Memory Usage (553320K) : Executing rule M2.g
2026-08-16 13:46:51 +0200: Memory Usage (553448K) : Executing rule M2.i
2026-08-16 13:46:51 +0200: Memory Usage (553960K) : Executing rule M3.a
2026-08-16 13:46:51 +0200: Memory Usage (553960K) : Executing rule M3.b
2026-08-16 13:46:51 +0200: Memory Usage (553960K) : Executing rule M3.e
2026-08-16 13:46:51 +0200: Memory Usage (554088K) : Executing rule M3.f
2026-08-16 13:46:51 +0200: Memory Usage (554088K) : Executing rule M3.g
2026-08-16 13:46:51 +0200: Memory Usage (554088K) : Executing rule M3.i
2026-08-16 13:46:51 +0200: Memory Usage (554088K) : Executing rule M4.a
2026-08-16 13:46:51 +0200: Memory Usage (554088K) : Executing rule M4.b
2026-08-16 13:46:51 +0200: Memory Usage (554088K) : Executing rule M4.e
2026-08-16 13:46:51 +0200: Memory Usage (554088K) : Executing rule M4.f
2026-08-16 13:46:51 +0200: Memory Usage (554088K) : Executing rule M4.g
2026-08-16 13:46:51 +0200: Memory Usage (554216K) : Executing rule M4.i
2026-08-16 13:46:51 +0200: Memory Usage (554216K) : Executing rule M5.a
2026-08-16 13:46:51 +0200: Memory Usage (554216K) : Executing rule M5.b
2026-08-16 13:46:52 +0200: Memory Usage (554216K) : Executing rule M5.e
2026-08-16 13:46:52 +0200: Memory Usage (554216K) : Executing rule M5.f
2026-08-16 13:46:52 +0200: Memory Usage (554216K) : Executing rule M5.g
2026-08-16 13:46:52 +0200: Memory Usage (554344K) : Executing rule M5.i
2026-08-16 13:46:52 +0200: Memory Usage (554344K) : Starting 5.18 Metaln:filler table
2026-08-16 13:46:52 +0200: Memory Usage (554344K) : Executing rule M1Fil.c
2026-08-16 13:46:52 +0200: Memory Usage (554344K) : Executing rule M1Fil.a2
2026-08-16 13:46:52 +0200: Memory Usage (554344K) : Executing rule M2Fil.c
2026-08-16 13:46:52 +0200: Memory Usage (554344K) : Executing rule M2Fil.a2
2026-08-16 13:46:52 +0200: Memory Usage (554344K) : Executing rule M3Fil.c
2026-08-16 13:46:52 +0200: Memory Usage (554344K) : Executing rule M3Fil.a2
2026-08-16 13:46:52 +0200: Memory Usage (554344K) : Executing rule M4Fil.c
2026-08-16 13:46:52 +0200: Memory Usage (554344K) : Executing rule M4Fil.a2
2026-08-16 13:46:52 +0200: Memory Usage (554344K) : Executing rule M5Fil.c
2026-08-16 13:46:52 +0200: Memory Usage (554344K) : Executing rule M5Fil.a2
2026-08-16 13:46:52 +0200: Memory Usage (554344K) : Starting 5.19. Via1 table
2026-08-16 13:46:52 +0200: Memory Usage (554344K) : Starting 5.19. Via1 table derivations
2026-08-16 13:46:52 +0200: Memory Usage (554344K) : Executing rule V1.a
2026-08-16 13:46:52 +0200: Memory Usage (554344K) : Executing rule V1.b
2026-08-16 13:46:52 +0200: Memory Usage (554984K) : Executing rule V1.c
2026-08-16 13:46:52 +0200: Memory Usage (555112K) : Starting 5.20. Vian table
2026-08-16 13:46:52 +0200: Memory Usage (555112K) : Executing rule V2.a
2026-08-16 13:46:52 +0200: Memory Usage (555112K) : Executing rule V2.b
2026-08-16 13:46:52 +0200: Memory Usage (554984K) : Executing rule V2.c
2026-08-16 13:46:52 +0200: Memory Usage (554984K) : Executing rule V3.a
2026-08-16 13:46:52 +0200: Memory Usage (554984K) : Executing rule V3.b
2026-08-16 13:46:52 +0200: Memory Usage (554984K) : Executing rule V3.c
2026-08-16 13:46:52 +0200: Memory Usage (554984K) : Executing rule V4.a
2026-08-16 13:46:52 +0200: Memory Usage (554984K) : Executing rule V4.b
2026-08-16 13:46:52 +0200: Memory Usage (554984K) : Executing rule V4.c
2026-08-16 13:46:52 +0200: Memory Usage (554984K) : Starting 5.21. TopVia1 table
2026-08-16 13:46:52 +0200: Memory Usage (554984K) : Executing rule TV1.a
2026-08-16 13:46:52 +0200: Memory Usage (554984K) : Executing rule TV1.b
2026-08-16 13:46:52 +0200: Memory Usage (554984K) : Executing rule TV1.c
2026-08-16 13:46:52 +0200: Memory Usage (554852K) : Executing rule TV1.d
2026-08-16 13:46:52 +0200: Memory Usage (554852K) : Starting 5.22. TopMetal1 table
2026-08-16 13:46:52 +0200: Memory Usage (554852K) : Executing rule TM1.a
2026-08-16 13:46:52 +0200: Memory Usage (554852K) : Executing rule TM1.b
2026-08-16 13:46:52 +0200: Memory Usage (554852K) : Starting 5.23 TopMetal1:filler table
2026-08-16 13:46:52 +0200: Memory Usage (554852K) : Executing rule TM1Fil.c
2026-08-16 13:46:52 +0200: Memory Usage (554852K) : Executing rule TM1Fil.a1
2026-08-16 13:46:52 +0200: Memory Usage (554852K) : Starting 5.24. TopVia2 table
2026-08-16 13:46:52 +0200: Memory Usage (554852K) : Executing rule TV2.a
2026-08-16 13:46:52 +0200: Memory Usage (554852K) : Executing rule TV2.b
2026-08-16 13:46:52 +0200: Memory Usage (554980K) : Executing rule TV2.c
2026-08-16 13:46:52 +0200: Memory Usage (554848K) : Executing rule TV2.d
2026-08-16 13:46:52 +0200: Memory Usage (554976K) : Starting 5.25. TopMetal2 table
2026-08-16 13:46:52 +0200: Memory Usage (554976K) : Executing rule TM2.a
2026-08-16 13:46:52 +0200: Memory Usage (554976K) : Executing rule TM2.b
2026-08-16 13:46:52 +0200: Memory Usage (554976K) : Executing rule TM2.bR
2026-08-16 13:46:52 +0200: Memory Usage (554976K) : Starting 5.26 TopMetal2:filler table
2026-08-16 13:46:52 +0200: Memory Usage (554976K) : Executing rule TM2Fil.c
2026-08-16 13:46:52 +0200: Memory Usage (554976K) : Executing rule TM2Fil.a1
2026-08-16 13:46:52 +0200: Memory Usage (554976K) : Starting 5.27. Passiv table
2026-08-16 13:46:52 +0200: Memory Usage (554976K) : Executing rule Pas.a
2026-08-16 13:46:52 +0200: Memory Usage (554976K) : Executing rule Pas.b
2026-08-16 13:46:52 +0200: Memory Usage (554976K) : Executing rule Pas.c
2026-08-16 13:46:52 +0200: Memory Usage (554976K) : Starting 6.9.2 Copper Pillar table
2026-08-16 13:46:52 +0200: Memory Usage (554976K) : Executing rule Padc.a
2026-08-16 13:46:52 +0200: Memory Usage (554976K) : Executing rule Padc.b
2026-08-16 13:46:52 +0200: Memory Usage (554976K) : Executing rule Padc.c
2026-08-16 13:46:52 +0200: Memory Usage (554976K) : Executing rule Padb.f
2026-08-16 13:46:52 +0200: Memory Usage (554976K) : Starting 6.9 Pad table
2026-08-16 13:46:52 +0200: Memory Usage (554976K) : Executing rule Pad.m
2026-08-16 13:46:52 +0200: Memory Usage (554976K) : Executing rule Pad.fR_M1
2026-08-16 13:46:52 +0200: Memory Usage (554976K) : Executing rule Pad.fR_M2
2026-08-16 13:46:52 +0200: Memory Usage (554976K) : Executing rule Pad.fR_M3
2026-08-16 13:46:52 +0200: Memory Usage (554976K) : Executing rule Pad.fR_M4
2026-08-16 13:46:52 +0200: Memory Usage (554976K) : Executing rule Pad.fR_M5
2026-08-16 13:46:52 +0200: Memory Usage (554976K) : Executing rule Pad.fR_TM1
2026-08-16 13:46:52 +0200: Memory Usage (554976K) : Executing rule Pad.fR_TM2
2026-08-16 13:46:52 +0200: Memory Usage (554976K) : Executing rule Pad.i
2026-08-16 13:46:52 +0200: Memory Usage (554976K) : Starting 6.9.1 Solder Bump
2026-08-16 13:46:52 +0200: Memory Usage (554976K) : Executing rule Padb.a
2026-08-16 13:46:52 +0200: Memory Usage (554976K) : Executing rule Padb.b
2026-08-16 13:46:52 +0200: Memory Usage (554976K) : Executing rule Padb.c
2026-08-16 13:46:52 +0200: Memory Usage (554976K) : Executing rule Padb.f
2026-08-16 13:46:52 +0200: Memory Usage (554976K) : Executing rule Padb.d
2026-08-16 13:46:52 +0200: Memory Usage (554976K) : Starting 6.10 Sealring table
2026-08-16 13:46:52 +0200: Memory Usage (554976K) : Executing rule Seal.l
2026-08-16 13:46:52 +0200: Memory Usage (554976K) : Executing rule Seal.n
2026-08-16 13:46:52 +0200: Memory Usage (554976K) : Executing rule seal.b_metal1
2026-08-16 13:46:52 +0200: Memory Usage (554976K) : Executing rule seal.b_metal2
2026-08-16 13:46:52 +0200: Memory Usage (554976K) : Executing rule seal.b_metal3
2026-08-16 13:46:52 +0200: Memory Usage (554976K) : Executing rule seal.b_metal4
2026-08-16 13:46:52 +0200: Memory Usage (554976K) : Executing rule seal.b_metal5
2026-08-16 13:46:53 +0200: Memory Usage (554976K) : Executing rule seal.b_topmetal1
2026-08-16 13:46:53 +0200: Memory Usage (554976K) : Executing rule seal.b_topmetal2
2026-08-16 13:46:53 +0200: Memory Usage (554976K) : Executing rule seal.b_activ
2026-08-16 13:46:53 +0200: Memory Usage (554976K) : Executing rule seal.b_psd
2026-08-16 13:46:53 +0200: Memory Usage (554976K) : Executing rule Seal.k
2026-08-16 13:46:53 +0200: Memory Usage (554976K) : Executing rule Seal.m
2026-08-16 13:46:53 +0200: Memory Usage (554976K) : Starting 6.11 MIM table
2026-08-16 13:46:53 +0200: Memory Usage (554976K) : Executing rule MIM.c
2026-08-16 13:46:53 +0200: Memory Usage (554976K) : Executing rule MIM.d
2026-08-16 13:46:53 +0200: Memory Usage (554976K) : Executing rule MIM.gR
2026-08-16 13:46:53 +0200: Memory Usage (554976K) : Starting 7.3 Metal Slits table
2026-08-16 13:46:53 +0200: Memory Usage (554976K) : Executing rule Slt.e1_M1
2026-08-16 13:46:53 +0200: Memory Usage (554976K) : Executing rule Slt.e1_M2
2026-08-16 13:46:53 +0200: Memory Usage (554976K) : Executing rule Slt.e1_M3
2026-08-16 13:46:53 +0200: Memory Usage (554976K) : Executing rule Slt.e1_M4
2026-08-16 13:46:53 +0200: Memory Usage (554976K) : Executing rule Slt.e1_M5
2026-08-16 13:46:53 +0200: Memory Usage (554976K) : Executing rule Slt.e1_TM1
2026-08-16 13:46:53 +0200: Memory Usage (554976K) : Executing rule Slt.e1_TM2
2026-08-16 13:46:53 +0200: Memory Usage (554976K) : Starting 9.1. LBE table
2026-08-16 13:46:53 +0200: Memory Usage (554976K) : Executing rule LBE.a
2026-08-16 13:46:53 +0200: Memory Usage (554976K) : Executing rule LBE.b
2026-08-16 13:46:53 +0200: Memory Usage (554976K) : Executing rule LBE.b1
2026-08-16 13:46:53 +0200: Memory Usage (554976K) : Executing rule LBE.c
2026-08-16 13:46:53 +0200: Memory Usage (554976K) : Executing rule LBE.d
2026-08-16 13:46:53 +0200: Memory Usage (554976K) : Executing rule LBE.h
2026-08-16 13:46:53 +0200: Memory Usage (554976K) : Starting 7.4. PIN table
2026-08-16 13:46:53 +0200: Memory Usage (554976K) : Executing rule Pin.a
2026-08-16 13:46:53 +0200: Memory Usage (554976K) : Executing rule Pin.b
2026-08-16 13:46:53 +0200: Memory Usage (554976K) : Executing rule Pin.e
2026-08-16 13:46:53 +0200: Memory Usage (554976K) : Executing rule Pin.f_M2
2026-08-16 13:46:53 +0200: Memory Usage (554976K) : Executing rule Pin.f_M3
2026-08-16 13:46:53 +0200: Memory Usage (554976K) : Executing rule Pin.f_M4
2026-08-16 13:46:53 +0200: Memory Usage (554976K) : Executing rule Pin.f_M5
2026-08-16 13:46:53 +0200: Memory Usage (554976K) : Executing rule Pin.g
2026-08-16 13:46:53 +0200: Memory Usage (554976K) : Executing rule Pin.h
2026-08-16 13:46:53 +0200: Memory Usage (554976K) : Starting 3.1. offgrid table
2026-08-16 13:46:53 +0200: Memory Usage (554976K) : Executing rule activ_drw_Offgrid
2026-08-16 13:46:53 +0200: Memory Usage (554976K) : Executing rule activ_mask_Offgrid
2026-08-16 13:46:53 +0200: Memory Usage (554976K) : Executing rule activ_filler_Offgrid
2026-08-16 13:46:53 +0200: Memory Usage (554976K) : Executing rule activ_opc_Offgrid
2026-08-16 13:46:53 +0200: Memory Usage (554976K) : Executing rule activ_iopc_Offgrid
2026-08-16 13:46:53 +0200: Memory Usage (554976K) : Executing rule biwind_drw_Offgrid
2026-08-16 13:46:53 +0200: Memory Usage (554976K) : Executing rule biwind_opc_Offgrid
2026-08-16 13:46:53 +0200: Memory Usage (554976K) : Executing rule pemwind_drw_Offgrid
2026-08-16 13:46:53 +0200: Memory Usage (554976K) : Executing rule gatpoly_drw_Offgrid
2026-08-16 13:46:53 +0200: Memory Usage (554976K) : Executing rule gatpoly_filler_Offgrid
2026-08-16 13:46:53 +0200: Memory Usage (554976K) : Executing rule gatpoly_opc_Offgrid
2026-08-16 13:46:53 +0200: Memory Usage (554976K) : Executing rule gatpoly_iopc_Offgrid
2026-08-16 13:46:53 +0200: Memory Usage (554976K) : Executing rule gatpoly_noqrc_Offgrid
2026-08-16 13:46:53 +0200: Memory Usage (554976K) : Executing rule cont_drw_Offgrid
2026-08-16 13:46:54 +0200: Memory Usage (563680K) : Executing rule cont_opc_Offgrid
2026-08-16 13:46:54 +0200: Memory Usage (563680K) : Executing rule nsd_drw_Offgrid
2026-08-16 13:46:54 +0200: Memory Usage (563680K) : Executing rule nsd_block_Offgrid
2026-08-16 13:46:54 +0200: Memory Usage (563680K) : Executing rule metal1_drw_Offgrid
2026-08-16 13:46:54 +0200: Memory Usage (563680K) : Executing rule metal1_mask_Offgrid
2026-08-16 13:46:54 +0200: Memory Usage (563680K) : Executing rule metal1_filler_Offgrid
2026-08-16 13:46:55 +0200: Memory Usage (563680K) : Executing rule metal1_slit_Offgrid
2026-08-16 13:46:55 +0200: Memory Usage (563680K) : Executing rule metal1_opc_Offgrid
2026-08-16 13:46:55 +0200: Memory Usage (563680K) : Executing rule metal1_noqrc_Offgrid
2026-08-16 13:46:55 +0200: Memory Usage (563680K) : Executing rule metal1_res_Offgrid
2026-08-16 13:46:55 +0200: Memory Usage (563680K) : Executing rule metal1_iprobe_Offgrid
2026-08-16 13:46:55 +0200: Memory Usage (563680K) : Executing rule metal1_diffprb_Offgrid
2026-08-16 13:46:55 +0200: Memory Usage (563680K) : Executing rule passiv_drw_Offgrid
2026-08-16 13:46:55 +0200: Memory Usage (563680K) : Executing rule passiv_pillar_Offgrid
2026-08-16 13:46:55 +0200: Memory Usage (563680K) : Executing rule passiv_sbump_Offgrid
2026-08-16 13:46:55 +0200: Memory Usage (563680K) : Executing rule passiv_pdl_Offgrid
2026-08-16 13:46:55 +0200: Memory Usage (563680K) : Executing rule metal2_drw_Offgrid
2026-08-16 13:46:55 +0200: Memory Usage (563680K) : Executing rule metal2_mask_Offgrid
2026-08-16 13:46:55 +0200: Memory Usage (563680K) : Executing rule metal2_filler_Offgrid
2026-08-16 13:46:55 +0200: Memory Usage (563680K) : Executing rule metal2_slit_Offgrid
2026-08-16 13:46:55 +0200: Memory Usage (563680K) : Executing rule metal2_opc_Offgrid
2026-08-16 13:46:55 +0200: Memory Usage (563680K) : Executing rule metal2_noqrc_Offgrid
2026-08-16 13:46:55 +0200: Memory Usage (563680K) : Executing rule metal2_res_Offgrid
2026-08-16 13:46:55 +0200: Memory Usage (563680K) : Executing rule metal2_iprobe_Offgrid
2026-08-16 13:46:55 +0200: Memory Usage (563680K) : Executing rule metal2_diffprb_Offgrid
2026-08-16 13:46:55 +0200: Memory Usage (563680K) : Executing rule baspoly_drw_Offgrid
2026-08-16 13:46:55 +0200: Memory Usage (563680K) : Executing rule psd_drw_Offgrid
2026-08-16 13:46:55 +0200: Memory Usage (563680K) : Executing rule nldb_drw_Offgrid
2026-08-16 13:46:55 +0200: Memory Usage (563680K) : Executing rule via1_drw_Offgrid
2026-08-16 13:46:55 +0200: Memory Usage (563680K) : Executing rule backmetal1_drw_Offgrid
2026-08-16 13:46:55 +0200: Memory Usage (563680K) : Executing rule backmetal1_mask_Offgrid
2026-08-16 13:46:55 +0200: Memory Usage (563680K) : Executing rule backmetal1_filler_Offgrid
2026-08-16 13:46:55 +0200: Memory Usage (563680K) : Executing rule backmetal1_slit_Offgrid
2026-08-16 13:46:55 +0200: Memory Usage (563680K) : Executing rule backmetal1_opc_Offgrid
2026-08-16 13:46:55 +0200: Memory Usage (563680K) : Executing rule backmetal1_noqrc_Offgrid
2026-08-16 13:46:55 +0200: Memory Usage (563680K) : Executing rule backmetal1_res_Offgrid
2026-08-16 13:46:55 +0200: Memory Usage (563680K) : Executing rule backmetal1_iprobe_Offgrid
2026-08-16 13:46:55 +0200: Memory Usage (563680K) : Executing rule backmetal1_diffprb_Offgrid
2026-08-16 13:46:55 +0200: Memory Usage (563680K) : Executing rule backpassiv_drw_Offgrid
2026-08-16 13:46:55 +0200: Memory Usage (563680K) : Executing rule salblock_drw_Offgrid
2026-08-16 13:46:55 +0200: Memory Usage (563680K) : Executing rule via2_drw_Offgrid
2026-08-16 13:46:55 +0200: Memory Usage (563680K) : Executing rule metal3_drw_Offgrid
2026-08-16 13:46:55 +0200: Memory Usage (563680K) : Executing rule metal3_mask_Offgrid
2026-08-16 13:46:55 +0200: Memory Usage (563680K) : Executing rule metal3_filler_Offgrid
2026-08-16 13:46:55 +0200: Memory Usage (563680K) : Executing rule metal3_slit_Offgrid
2026-08-16 13:46:55 +0200: Memory Usage (563680K) : Executing rule metal3_opc_Offgrid
2026-08-16 13:46:55 +0200: Memory Usage (563680K) : Executing rule metal3_noqrc_Offgrid
2026-08-16 13:46:55 +0200: Memory Usage (563680K) : Executing rule metal3_res_Offgrid
2026-08-16 13:46:55 +0200: Memory Usage (563680K) : Executing rule metal3_iprobe_Offgrid
2026-08-16 13:46:55 +0200: Memory Usage (563680K) : Executing rule metal3_diffprb_Offgrid
2026-08-16 13:46:55 +0200: Memory Usage (563680K) : Executing rule nwell_drw_Offgrid
2026-08-16 13:46:55 +0200: Memory Usage (563680K) : Executing rule nbulay_drw_Offgrid
2026-08-16 13:46:55 +0200: Memory Usage (563680K) : Executing rule nbulay_block_Offgrid
2026-08-16 13:46:56 +0200: Memory Usage (563680K) : Executing rule pwell_drw_Offgrid
2026-08-16 13:46:56 +0200: Memory Usage (563680K) : Executing rule pwell_block_Offgrid
2026-08-16 13:46:56 +0200: Memory Usage (563680K) : Executing rule emwind_drw_Offgrid
2026-08-16 13:46:56 +0200: Memory Usage (563680K) : Executing rule emwind_opc_Offgrid
2026-08-16 13:46:56 +0200: Memory Usage (563680K) : Executing rule deepco_drw_Offgrid
2026-08-16 13:46:56 +0200: Memory Usage (563680K) : Executing rule mim_drw_Offgrid
2026-08-16 13:46:56 +0200: Memory Usage (563680K) : Executing rule substrate_drw_Offgrid
2026-08-16 13:46:56 +0200: Memory Usage (563680K) : Executing rule ic_drw_Offgrid
2026-08-16 13:46:56 +0200: Memory Usage (563680K) : Executing rule via3_drw_Offgrid
2026-08-16 13:46:56 +0200: Memory Usage (563680K) : Executing rule pldb_drw_Offgrid
2026-08-16 13:46:56 +0200: Memory Usage (563680K) : Executing rule metal4_drw_Offgrid
2026-08-16 13:46:56 +0200: Memory Usage (563680K) : Executing rule metal4_mask_Offgrid
2026-08-16 13:46:56 +0200: Memory Usage (563680K) : Executing rule metal4_filler_Offgrid
2026-08-16 13:46:56 +0200: Memory Usage (563680K) : Executing rule metal4_slit_Offgrid
2026-08-16 13:46:56 +0200: Memory Usage (563680K) : Executing rule metal4_opc_Offgrid
2026-08-16 13:46:56 +0200: Memory Usage (563680K) : Executing rule metal4_noqrc_Offgrid
2026-08-16 13:46:56 +0200: Memory Usage (563680K) : Executing rule metal4_res_Offgrid
2026-08-16 13:46:56 +0200: Memory Usage (563680K) : Executing rule metal4_iprobe_Offgrid
2026-08-16 13:46:56 +0200: Memory Usage (563680K) : Executing rule metal4_diffprb_Offgrid
2026-08-16 13:46:56 +0200: Memory Usage (563680K) : Executing rule via4_drw_Offgrid
2026-08-16 13:46:56 +0200: Memory Usage (563680K) : Executing rule metal5_drw_Offgrid
2026-08-16 13:46:56 +0200: Memory Usage (563680K) : Executing rule metal5_mask_Offgrid
2026-08-16 13:46:56 +0200: Memory Usage (563680K) : Executing rule metal5_filler_Offgrid
2026-08-16 13:46:56 +0200: Memory Usage (563680K) : Executing rule metal5_slit_Offgrid
2026-08-16 13:46:56 +0200: Memory Usage (563680K) : Executing rule metal5_opc_Offgrid
2026-08-16 13:46:56 +0200: Memory Usage (563680K) : Executing rule metal5_noqrc_Offgrid
2026-08-16 13:46:56 +0200: Memory Usage (563680K) : Executing rule metal5_res_Offgrid
2026-08-16 13:46:56 +0200: Memory Usage (563680K) : Executing rule metal5_iprobe_Offgrid
2026-08-16 13:46:56 +0200: Memory Usage (563680K) : Executing rule metal5_diffprb_Offgrid
2026-08-16 13:46:56 +0200: Memory Usage (563680K) : Executing rule prboundary_drw_Offgrid
2026-08-16 13:46:56 +0200: Memory Usage (563680K) : Executing rule exchange0_drw_Offgrid
2026-08-16 13:46:56 +0200: Memory Usage (563680K) : Executing rule exchange1_drw_Offgrid
2026-08-16 13:46:56 +0200: Memory Usage (563680K) : Executing rule exchange2_drw_Offgrid
2026-08-16 13:46:56 +0200: Memory Usage (563680K) : Executing rule exchange3_drw_Offgrid
2026-08-16 13:46:56 +0200: Memory Usage (563680K) : Executing rule exchange4_drw_Offgrid
2026-08-16 13:46:56 +0200: Memory Usage (563680K) : Executing rule isonwell_drw_Offgrid
2026-08-16 13:46:56 +0200: Memory Usage (563680K) : Executing rule thickgateox_drw_Offgrid
2026-08-16 13:46:56 +0200: Memory Usage (563680K) : Executing rule pempoly_drw_Offgrid
2026-08-16 13:46:56 +0200: Memory Usage (563680K) : Executing rule fbe_drw_Offgrid
2026-08-16 13:46:56 +0200: Memory Usage (563680K) : Executing rule empoly_drw_Offgrid
2026-08-16 13:46:56 +0200: Memory Usage (563680K) : Executing rule ldmos_drw_Offgrid
2026-08-16 13:46:56 +0200: Memory Usage (563680K) : Executing rule pbiwind_drw_Offgrid
2026-08-16 13:46:56 +0200: Memory Usage (563680K) : Executing rule colopen_drw_Offgrid
2026-08-16 13:46:56 +0200: Memory Usage (563680K) : Executing rule extblock_drw_Offgrid
2026-08-16 13:46:56 +0200: Memory Usage (563680K) : Executing rule nldd_drw_Offgrid
2026-08-16 13:46:56 +0200: Memory Usage (563680K) : Executing rule pldd_drw_Offgrid
2026-08-16 13:46:56 +0200: Memory Usage (563680K) : Executing rule next_drw_Offgrid
2026-08-16 13:46:56 +0200: Memory Usage (563680K) : Executing rule pext_drw_Offgrid
2026-08-16 13:46:56 +0200: Memory Usage (563680K) : Executing rule nexthv_drw_Offgrid
2026-08-16 13:46:56 +0200: Memory Usage (563680K) : Executing rule pexthv_drw_Offgrid
2026-08-16 13:46:56 +0200: Memory Usage (563680K) : Executing rule graphgate_drw_Offgrid
2026-08-16 13:46:56 +0200: Memory Usage (563680K) : Executing rule mempad_drw_Offgrid
2026-08-16 13:46:56 +0200: Memory Usage (563680K) : Executing rule topvia1_drw_Offgrid
2026-08-16 13:46:56 +0200: Memory Usage (563680K) : Executing rule topmetal1_drw_Offgrid
2026-08-16 13:46:56 +0200: Memory Usage (563680K) : Executing rule topmetal1_mask_Offgrid
2026-08-16 13:46:56 +0200: Memory Usage (563680K) : Executing rule topmetal1_filler_Offgrid
2026-08-16 13:46:56 +0200: Memory Usage (563680K) : Executing rule topmetal1_slit_Offgrid
2026-08-16 13:46:56 +0200: Memory Usage (563680K) : Executing rule topmetal1_noqrc_Offgrid
2026-08-16 13:46:56 +0200: Memory Usage (563680K) : Executing rule topmetal1_res_Offgrid
2026-08-16 13:46:56 +0200: Memory Usage (563680K) : Executing rule topmetal1_iprobe_Offgrid
2026-08-16 13:46:56 +0200: Memory Usage (563680K) : Executing rule topmetal1_diffprb_Offgrid
2026-08-16 13:46:56 +0200: Memory Usage (563680K) : Executing rule inldpwl_drw_Offgrid
2026-08-16 13:46:57 +0200: Memory Usage (563680K) : Executing rule polyres_drw_Offgrid
2026-08-16 13:46:57 +0200: Memory Usage (563680K) : Executing rule vmim_drw_Offgrid
2026-08-16 13:46:57 +0200: Memory Usage (563680K) : Executing rule nbulaycut_drw_Offgrid
2026-08-16 13:46:57 +0200: Memory Usage (563680K) : Executing rule antmetal1_drw_Offgrid
2026-08-16 13:46:57 +0200: Memory Usage (563680K) : Executing rule topvia2_drw_Offgrid
2026-08-16 13:46:57 +0200: Memory Usage (563680K) : Executing rule topmetal2_drw_Offgrid
2026-08-16 13:46:57 +0200: Memory Usage (563680K) : Executing rule topmetal2_mask_Offgrid
2026-08-16 13:46:57 +0200: Memory Usage (563680K) : Executing rule topmetal2_filler_Offgrid
2026-08-16 13:46:57 +0200: Memory Usage (563680K) : Executing rule topmetal2_slit_Offgrid
2026-08-16 13:46:57 +0200: Memory Usage (563680K) : Executing rule topmetal2_noqrc_Offgrid
2026-08-16 13:46:57 +0200: Memory Usage (563680K) : Executing rule topmetal2_res_Offgrid
2026-08-16 13:46:57 +0200: Memory Usage (563680K) : Executing rule topmetal2_iprobe_Offgrid
2026-08-16 13:46:57 +0200: Memory Usage (563680K) : Executing rule topmetal2_diffprb_Offgrid
2026-08-16 13:46:57 +0200: Memory Usage (563680K) : Executing rule snsring_drw_Offgrid
2026-08-16 13:46:57 +0200: Memory Usage (563680K) : Executing rule sensor_drw_Offgrid
2026-08-16 13:46:57 +0200: Memory Usage (563680K) : Executing rule snsarms_drw_Offgrid
2026-08-16 13:46:57 +0200: Memory Usage (563680K) : Executing rule snscmosvia_drw_Offgrid
2026-08-16 13:46:57 +0200: Memory Usage (563680K) : Executing rule colwind_drw_Offgrid
2026-08-16 13:46:57 +0200: Memory Usage (563680K) : Executing rule flm_drw_Offgrid
2026-08-16 13:46:57 +0200: Memory Usage (563680K) : Executing rule hafniumox_drw_Offgrid
2026-08-16 13:46:57 +0200: Memory Usage (563680K) : Executing rule memvia_drw_Offgrid
2026-08-16 13:46:57 +0200: Memory Usage (563680K) : Executing rule thinfilmres_drw_Offgrid
2026-08-16 13:46:57 +0200: Memory Usage (563680K) : Executing rule rfmem_drw_Offgrid
2026-08-16 13:46:57 +0200: Memory Usage (563680K) : Executing rule snsbotvia_drw_Offgrid
2026-08-16 13:46:57 +0200: Memory Usage (563680K) : Executing rule snstopvia_drw_Offgrid
2026-08-16 13:46:57 +0200: Memory Usage (563680K) : Executing rule deepvia_drw_Offgrid
2026-08-16 13:46:57 +0200: Memory Usage (563680K) : Executing rule fgetch_drw_Offgrid
2026-08-16 13:46:57 +0200: Memory Usage (563680K) : Executing rule ctrgat_drw_Offgrid
2026-08-16 13:46:57 +0200: Memory Usage (563680K) : Executing rule fgimp_drw_Offgrid
2026-08-16 13:46:57 +0200: Memory Usage (563680K) : Executing rule emwihv_drw_Offgrid
2026-08-16 13:46:57 +0200: Memory Usage (563680K) : Executing rule lbe_drw_Offgrid
2026-08-16 13:46:57 +0200: Memory Usage (563680K) : Executing rule alcustop_drw_Offgrid
2026-08-16 13:46:57 +0200: Memory Usage (563680K) : Starting 3.2. angle table
2026-08-16 13:46:57 +0200: Memory Usage (563680K) : Executing rule activ_drw_Acute
2026-08-16 13:46:57 +0200: Memory Usage (563680K) : Executing rule activ_pin_Acute
2026-08-16 13:46:57 +0200: Memory Usage (563680K) : Executing rule activ_mask_Acute
2026-08-16 13:46:57 +0200: Memory Usage (563680K) : Executing rule activ_filler_Acute
2026-08-16 13:46:57 +0200: Memory Usage (563680K) : Executing rule activ_nofill_Acute
2026-08-16 13:46:57 +0200: Memory Usage (563680K) : Executing rule activ_opc_Acute
2026-08-16 13:46:57 +0200: Memory Usage (563680K) : Executing rule activ_iopc_Acute
2026-08-16 13:46:57 +0200: Memory Usage (563680K) : Executing rule activ_noqrc_Acute
2026-08-16 13:46:57 +0200: Memory Usage (563680K) : Executing rule biwind_drw_Acute
2026-08-16 13:46:57 +0200: Memory Usage (563680K) : Executing rule biwind_opc_Acute
2026-08-16 13:46:57 +0200: Memory Usage (563680K) : Executing rule pemwind_drw_Acute
2026-08-16 13:46:57 +0200: Memory Usage (563680K) : Executing rule gatpoly_drw_Acute
2026-08-16 13:46:57 +0200: Memory Usage (563680K) : Executing rule gatpoly_pin_Acute
2026-08-16 13:46:57 +0200: Memory Usage (563680K) : Executing rule gatpoly_filler_Acute
2026-08-16 13:46:57 +0200: Memory Usage (563680K) : Executing rule gatpoly_nofill_Acute
2026-08-16 13:46:57 +0200: Memory Usage (563680K) : Executing rule gatpoly_opc_Acute
2026-08-16 13:46:57 +0200: Memory Usage (563680K) : Executing rule gatpoly_iopc_Acute
2026-08-16 13:46:57 +0200: Memory Usage (563680K) : Executing rule gatpoly_noqrc_Acute
2026-08-16 13:46:57 +0200: Memory Usage (563680K) : Executing rule cont_drw_Acute
2026-08-16 13:46:58 +0200: Memory Usage (592608K) : Executing rule cont_opc_Acute
2026-08-16 13:46:58 +0200: Memory Usage (592608K) : Executing rule nsd_drw_Acute
2026-08-16 13:46:58 +0200: Memory Usage (592608K) : Executing rule nsd_block_Acute
2026-08-16 13:46:58 +0200: Memory Usage (592608K) : Executing rule metal1_drw_Acute
2026-08-16 13:46:58 +0200: Memory Usage (592608K) : Executing rule metal1_pin_Acute
2026-08-16 13:46:59 +0200: Memory Usage (592608K) : Executing rule metal1_mask_Acute
2026-08-16 13:46:59 +0200: Memory Usage (592608K) : Executing rule metal1_filler_Acute
2026-08-16 13:46:59 +0200: Memory Usage (592736K) : Executing rule metal1_nofill_Acute
2026-08-16 13:46:59 +0200: Memory Usage (592736K) : Executing rule metal1_slit_Acute
2026-08-16 13:46:59 +0200: Memory Usage (592736K) : Executing rule metal1_opc_Acute
2026-08-16 13:46:59 +0200: Memory Usage (592736K) : Executing rule metal1_noqrc_Acute
2026-08-16 13:46:59 +0200: Memory Usage (592736K) : Executing rule metal1_res_Acute
2026-08-16 13:46:59 +0200: Memory Usage (592736K) : Executing rule metal1_iprobe_Acute
2026-08-16 13:46:59 +0200: Memory Usage (592736K) : Executing rule metal1_diffprb_Acute
2026-08-16 13:46:59 +0200: Memory Usage (592736K) : Executing rule passiv_drw_Acute
2026-08-16 13:46:59 +0200: Memory Usage (592736K) : Executing rule passiv_pin_Acute
2026-08-16 13:46:59 +0200: Memory Usage (592736K) : Executing rule passiv_pillar_Acute
2026-08-16 13:46:59 +0200: Memory Usage (592736K) : Executing rule passiv_sbump_Acute
2026-08-16 13:46:59 +0200: Memory Usage (592736K) : Executing rule passiv_pdl_Acute
2026-08-16 13:46:59 +0200: Memory Usage (592736K) : Executing rule metal2_drw_Acute
2026-08-16 13:46:59 +0200: Memory Usage (592736K) : Executing rule metal2_pin_Acute
2026-08-16 13:46:59 +0200: Memory Usage (592736K) : Executing rule metal2_mask_Acute
2026-08-16 13:46:59 +0200: Memory Usage (592736K) : Executing rule metal2_filler_Acute
2026-08-16 13:46:59 +0200: Memory Usage (592736K) : Executing rule metal2_nofill_Acute
2026-08-16 13:46:59 +0200: Memory Usage (592736K) : Executing rule metal2_slit_Acute
2026-08-16 13:46:59 +0200: Memory Usage (592736K) : Executing rule metal2_opc_Acute
2026-08-16 13:46:59 +0200: Memory Usage (592736K) : Executing rule metal2_noqrc_Acute
2026-08-16 13:46:59 +0200: Memory Usage (592736K) : Executing rule metal2_res_Acute
2026-08-16 13:46:59 +0200: Memory Usage (592736K) : Executing rule metal2_iprobe_Acute
2026-08-16 13:46:59 +0200: Memory Usage (592736K) : Executing rule metal2_diffprb_Acute
2026-08-16 13:46:59 +0200: Memory Usage (592736K) : Executing rule baspoly_drw_Acute
2026-08-16 13:46:59 +0200: Memory Usage (592736K) : Executing rule baspoly_pin_Acute
2026-08-16 13:46:59 +0200: Memory Usage (592736K) : Executing rule psd_drw_Acute
2026-08-16 13:46:59 +0200: Memory Usage (592560K) : Executing rule nldb_drw_Acute
2026-08-16 13:46:59 +0200: Memory Usage (592560K) : Executing rule via1_drw_Acute
2026-08-16 13:46:59 +0200: Memory Usage (592560K) : Executing rule backmetal1_drw_Acute
2026-08-16 13:46:59 +0200: Memory Usage (592560K) : Executing rule backmetal1_pin_Acute
2026-08-16 13:46:59 +0200: Memory Usage (592560K) : Executing rule backmetal1_mask_Acute
2026-08-16 13:46:59 +0200: Memory Usage (592560K) : Executing rule backmetal1_filler_Acute
2026-08-16 13:46:59 +0200: Memory Usage (592560K) : Executing rule backmetal1_nofill_Acute
2026-08-16 13:46:59 +0200: Memory Usage (592560K) : Executing rule backmetal1_slit_Acute
2026-08-16 13:46:59 +0200: Memory Usage (592560K) : Executing rule backmetal1_opc_Acute
2026-08-16 13:46:59 +0200: Memory Usage (592560K) : Executing rule backmetal1_noqrc_Acute
2026-08-16 13:46:59 +0200: Memory Usage (592560K) : Executing rule backmetal1_res_Acute
2026-08-16 13:46:59 +0200: Memory Usage (592560K) : Executing rule backmetal1_iprobe_Acute
2026-08-16 13:46:59 +0200: Memory Usage (592560K) : Executing rule backmetal1_diffprb_Acute
2026-08-16 13:46:59 +0200: Memory Usage (592560K) : Executing rule backpassiv_drw_Acute
2026-08-16 13:46:59 +0200: Memory Usage (592560K) : Executing rule salblock_drw_Acute
2026-08-16 13:46:59 +0200: Memory Usage (592560K) : Executing rule via2_drw_Acute
2026-08-16 13:46:59 +0200: Memory Usage (592560K) : Executing rule metal3_drw_Acute
2026-08-16 13:47:00 +0200: Memory Usage (592560K) : Executing rule metal3_pin_Acute
2026-08-16 13:47:00 +0200: Memory Usage (592560K) : Executing rule metal3_mask_Acute
2026-08-16 13:47:00 +0200: Memory Usage (592560K) : Executing rule metal3_filler_Acute
2026-08-16 13:47:00 +0200: Memory Usage (592560K) : Executing rule metal3_nofill_Acute
2026-08-16 13:47:00 +0200: Memory Usage (592560K) : Executing rule metal3_slit_Acute
2026-08-16 13:47:00 +0200: Memory Usage (592560K) : Executing rule metal3_opc_Acute
2026-08-16 13:47:00 +0200: Memory Usage (592560K) : Executing rule metal3_noqrc_Acute
2026-08-16 13:47:00 +0200: Memory Usage (592560K) : Executing rule metal3_res_Acute
2026-08-16 13:47:00 +0200: Memory Usage (592560K) : Executing rule metal3_iprobe_Acute
2026-08-16 13:47:00 +0200: Memory Usage (592560K) : Executing rule metal3_diffprb_Acute
2026-08-16 13:47:00 +0200: Memory Usage (592560K) : Executing rule nwell_drw_Acute
2026-08-16 13:47:00 +0200: Memory Usage (592560K) : Executing rule nwell_pin_Acute
2026-08-16 13:47:00 +0200: Memory Usage (592560K) : Executing rule nbulay_drw_Acute
2026-08-16 13:47:00 +0200: Memory Usage (592560K) : Executing rule nbulay_pin_Acute
2026-08-16 13:47:00 +0200: Memory Usage (592560K) : Executing rule nbulay_block_Acute
2026-08-16 13:47:00 +0200: Memory Usage (592560K) : Executing rule pwell_drw_Acute
2026-08-16 13:47:00 +0200: Memory Usage (592560K) : Executing rule pwell_pin_Acute
2026-08-16 13:47:00 +0200: Memory Usage (592560K) : Executing rule pwell_block_Acute
2026-08-16 13:47:00 +0200: Memory Usage (592560K) : Executing rule emwind_drw_Acute
2026-08-16 13:47:00 +0200: Memory Usage (592560K) : Executing rule emwind_opc_Acute
2026-08-16 13:47:00 +0200: Memory Usage (592560K) : Executing rule deepco_drw_Acute
2026-08-16 13:47:00 +0200: Memory Usage (592560K) : Executing rule mim_drw_Acute
2026-08-16 13:47:00 +0200: Memory Usage (592560K) : Executing rule substrate_drw_Acute
2026-08-16 13:47:00 +0200: Memory Usage (592560K) : Executing rule ic_drw_Acute
2026-08-16 13:47:00 +0200: Memory Usage (592560K) : Executing rule via3_drw_Acute
2026-08-16 13:47:00 +0200: Memory Usage (592560K) : Executing rule pldb_drw_Acute
2026-08-16 13:47:00 +0200: Memory Usage (592560K) : Executing rule metal4_drw_Acute
2026-08-16 13:47:00 +0200: Memory Usage (592560K) : Executing rule metal4_pin_Acute
2026-08-16 13:47:00 +0200: Memory Usage (592560K) : Executing rule metal4_mask_Acute
2026-08-16 13:47:00 +0200: Memory Usage (592560K) : Executing rule metal4_filler_Acute
2026-08-16 13:47:00 +0200: Memory Usage (592560K) : Executing rule metal4_nofill_Acute
2026-08-16 13:47:00 +0200: Memory Usage (592560K) : Executing rule metal4_slit_Acute
2026-08-16 13:47:00 +0200: Memory Usage (592560K) : Executing rule metal4_opc_Acute
2026-08-16 13:47:00 +0200: Memory Usage (592560K) : Executing rule metal4_noqrc_Acute
2026-08-16 13:47:00 +0200: Memory Usage (592560K) : Executing rule metal4_res_Acute
2026-08-16 13:47:00 +0200: Memory Usage (592560K) : Executing rule metal4_iprobe_Acute
2026-08-16 13:47:00 +0200: Memory Usage (592432K) : Executing rule metal4_diffprb_Acute
2026-08-16 13:47:00 +0200: Memory Usage (592432K) : Executing rule via4_drw_Acute
2026-08-16 13:47:00 +0200: Memory Usage (592432K) : Executing rule metal5_drw_Acute
2026-08-16 13:47:00 +0200: Memory Usage (592432K) : Executing rule metal5_pin_Acute
2026-08-16 13:47:00 +0200: Memory Usage (592432K) : Executing rule metal5_mask_Acute
2026-08-16 13:47:00 +0200: Memory Usage (592432K) : Executing rule metal5_filler_Acute
2026-08-16 13:47:00 +0200: Memory Usage (592432K) : Executing rule metal5_nofill_Acute
2026-08-16 13:47:00 +0200: Memory Usage (592432K) : Executing rule metal5_slit_Acute
2026-08-16 13:47:00 +0200: Memory Usage (592432K) : Executing rule metal5_opc_Acute
2026-08-16 13:47:00 +0200: Memory Usage (592432K) : Executing rule metal5_noqrc_Acute
2026-08-16 13:47:00 +0200: Memory Usage (592432K) : Executing rule metal5_res_Acute
2026-08-16 13:47:00 +0200: Memory Usage (592432K) : Executing rule metal5_iprobe_Acute
2026-08-16 13:47:00 +0200: Memory Usage (592432K) : Executing rule metal5_diffprb_Acute
2026-08-16 13:47:00 +0200: Memory Usage (592432K) : Executing rule prboundary_drw_Acute
2026-08-16 13:47:00 +0200: Memory Usage (592432K) : Executing rule exchange0_drw_Acute
2026-08-16 13:47:00 +0200: Memory Usage (592432K) : Executing rule exchange0_pin_Acute
2026-08-16 13:47:01 +0200: Memory Usage (592432K) : Executing rule exchange1_drw_Acute
2026-08-16 13:47:01 +0200: Memory Usage (592432K) : Executing rule exchange1_pin_Acute
2026-08-16 13:47:01 +0200: Memory Usage (592432K) : Executing rule exchange2_drw_Acute
2026-08-16 13:47:01 +0200: Memory Usage (592432K) : Executing rule exchange2_pin_Acute
2026-08-16 13:47:01 +0200: Memory Usage (592432K) : Executing rule exchange3_drw_Acute
2026-08-16 13:47:01 +0200: Memory Usage (592432K) : Executing rule exchange3_pin_Acute
2026-08-16 13:47:01 +0200: Memory Usage (592432K) : Executing rule exchange4_drw_Acute
2026-08-16 13:47:01 +0200: Memory Usage (592432K) : Executing rule exchange4_pin_Acute
2026-08-16 13:47:01 +0200: Memory Usage (592432K) : Executing rule isonwell_drw_Acute
2026-08-16 13:47:01 +0200: Memory Usage (592432K) : Executing rule thickgateox_drw_Acute
2026-08-16 13:47:01 +0200: Memory Usage (592432K) : Executing rule pempoly_drw_Acute
2026-08-16 13:47:01 +0200: Memory Usage (592432K) : Executing rule fbe_drw_Acute
2026-08-16 13:47:01 +0200: Memory Usage (592432K) : Executing rule empoly_drw_Acute
2026-08-16 13:47:01 +0200: Memory Usage (592432K) : Executing rule ldmos_drw_Acute
2026-08-16 13:47:01 +0200: Memory Usage (592432K) : Executing rule pbiwind_drw_Acute
2026-08-16 13:47:01 +0200: Memory Usage (592432K) : Executing rule colopen_drw_Acute
2026-08-16 13:47:01 +0200: Memory Usage (592432K) : Executing rule extblock_drw_Acute
2026-08-16 13:47:01 +0200: Memory Usage (592432K) : Executing rule nldd_drw_Acute
2026-08-16 13:47:01 +0200: Memory Usage (592432K) : Executing rule pldd_drw_Acute
2026-08-16 13:47:01 +0200: Memory Usage (592432K) : Executing rule next_drw_Acute
2026-08-16 13:47:01 +0200: Memory Usage (592432K) : Executing rule pext_drw_Acute
2026-08-16 13:47:01 +0200: Memory Usage (592432K) : Executing rule nexthv_drw_Acute
2026-08-16 13:47:01 +0200: Memory Usage (592432K) : Executing rule pexthv_drw_Acute
2026-08-16 13:47:01 +0200: Memory Usage (592432K) : Executing rule graphgate_drw_Acute
2026-08-16 13:47:01 +0200: Memory Usage (592432K) : Executing rule mempad_drw_Acute
2026-08-16 13:47:01 +0200: Memory Usage (592432K) : Executing rule topvia1_drw_Acute
2026-08-16 13:47:01 +0200: Memory Usage (592432K) : Executing rule topmetal1_drw_Acute
2026-08-16 13:47:01 +0200: Memory Usage (592432K) : Executing rule topmetal1_pin_Acute
2026-08-16 13:47:01 +0200: Memory Usage (592432K) : Executing rule topmetal1_mask_Acute
2026-08-16 13:47:01 +0200: Memory Usage (592432K) : Executing rule topmetal1_filler_Acute
2026-08-16 13:47:01 +0200: Memory Usage (592432K) : Executing rule topmetal1_nofill_Acute
2026-08-16 13:47:01 +0200: Memory Usage (592432K) : Executing rule topmetal1_slit_Acute
2026-08-16 13:47:01 +0200: Memory Usage (592432K) : Executing rule topmetal1_noqrc_Acute
2026-08-16 13:47:01 +0200: Memory Usage (592432K) : Executing rule topmetal1_res_Acute
2026-08-16 13:47:01 +0200: Memory Usage (592432K) : Executing rule topmetal1_iprobe_Acute
2026-08-16 13:47:01 +0200: Memory Usage (592432K) : Executing rule topmetal1_diffprb_Acute
2026-08-16 13:47:01 +0200: Memory Usage (592432K) : Executing rule inldpwl_drw_Acute
2026-08-16 13:47:01 +0200: Memory Usage (592432K) : Executing rule polyres_drw_Acute
2026-08-16 13:47:01 +0200: Memory Usage (592432K) : Executing rule polyres_pin_Acute
2026-08-16 13:47:01 +0200: Memory Usage (592432K) : Executing rule vmim_drw_Acute
2026-08-16 13:47:01 +0200: Memory Usage (592432K) : Executing rule nbulaycut_drw_Acute
2026-08-16 13:47:01 +0200: Memory Usage (592432K) : Executing rule antmetal1_drw_Acute
2026-08-16 13:47:01 +0200: Memory Usage (592432K) : Executing rule topvia2_drw_Acute
2026-08-16 13:47:01 +0200: Memory Usage (592432K) : Executing rule topmetal2_drw_Acute
2026-08-16 13:47:01 +0200: Memory Usage (592432K) : Executing rule topmetal2_pin_Acute
2026-08-16 13:47:01 +0200: Memory Usage (592432K) : Executing rule topmetal2_mask_Acute
2026-08-16 13:47:01 +0200: Memory Usage (592432K) : Executing rule topmetal2_filler_Acute
2026-08-16 13:47:01 +0200: Memory Usage (592432K) : Executing rule topmetal2_nofill_Acute
2026-08-16 13:47:01 +0200: Memory Usage (592432K) : Executing rule topmetal2_slit_Acute
2026-08-16 13:47:01 +0200: Memory Usage (592432K) : Executing rule topmetal2_noqrc_Acute
2026-08-16 13:47:01 +0200: Memory Usage (592432K) : Executing rule topmetal2_res_Acute
2026-08-16 13:47:01 +0200: Memory Usage (592432K) : Executing rule topmetal2_iprobe_Acute
2026-08-16 13:47:01 +0200: Memory Usage (592432K) : Executing rule topmetal2_diffprb_Acute
2026-08-16 13:47:02 +0200: Memory Usage (592432K) : Executing rule snsring_drw_Acute
2026-08-16 13:47:02 +0200: Memory Usage (592432K) : Executing rule sensor_drw_Acute
2026-08-16 13:47:02 +0200: Memory Usage (592432K) : Executing rule snsarms_drw_Acute
2026-08-16 13:47:02 +0200: Memory Usage (592432K) : Executing rule snscmosvia_drw_Acute
2026-08-16 13:47:02 +0200: Memory Usage (592432K) : Executing rule colwind_drw_Acute
2026-08-16 13:47:02 +0200: Memory Usage (592432K) : Executing rule flm_drw_Acute
2026-08-16 13:47:02 +0200: Memory Usage (592432K) : Executing rule hafniumox_drw_Acute
2026-08-16 13:47:02 +0200: Memory Usage (592432K) : Executing rule memvia_drw_Acute
2026-08-16 13:47:02 +0200: Memory Usage (592432K) : Executing rule thinfilmres_drw_Acute
2026-08-16 13:47:02 +0200: Memory Usage (592432K) : Executing rule rfmem_drw_Acute
2026-08-16 13:47:02 +0200: Memory Usage (592432K) : Executing rule snsbotvia_drw_Acute
2026-08-16 13:47:02 +0200: Memory Usage (592432K) : Executing rule snstopvia_drw_Acute
2026-08-16 13:47:02 +0200: Memory Usage (592432K) : Executing rule deepvia_drw_Acute
2026-08-16 13:47:02 +0200: Memory Usage (592432K) : Executing rule fgetch_drw_Acute
2026-08-16 13:47:02 +0200: Memory Usage (592432K) : Executing rule ctrgat_drw_Acute
2026-08-16 13:47:02 +0200: Memory Usage (592432K) : Executing rule fgimp_drw_Acute
2026-08-16 13:47:02 +0200: Memory Usage (592432K) : Executing rule emwihv_drw_Acute
2026-08-16 13:47:02 +0200: Memory Usage (592432K) : Executing rule lbe_drw_Acute
2026-08-16 13:47:02 +0200: Memory Usage (592432K) : Executing rule alcustop_drw_Acute
2026-08-16 13:47:02 +0200: Memory Usage (592432K) : Executing rule cont_drw_Angle90
2026-08-16 13:47:04 +0200: Memory Usage (647508K) : Executing rule via1_drw_Angle90
2026-08-16 13:47:04 +0200: Memory Usage (647508K) : Executing rule via2_drw_Angle90
2026-08-16 13:47:04 +0200: Memory Usage (647508K) : Executing rule via3_drw_Angle90
2026-08-16 13:47:04 +0200: Memory Usage (647508K) : Executing rule via4_drw_Angle90
2026-08-16 13:47:04 +0200: Memory Usage (647508K) : Executing rule vmim_drw_Angle90
2026-08-16 13:47:04 +0200: Memory Usage (647508K) : Executing rule topvia1_drw_Angle90
2026-08-16 13:47:04 +0200: Memory Usage (647508K) : Executing rule topvia2_drw_Angle90
2026-08-16 13:47:04 +0200: Memory Usage (647508K) : Executing rule gatpoly_drw_Angle45
2026-08-16 13:47:04 +0200: Memory Usage (647508K) : Executing rule activ_drw_Angle45
2026-08-16 13:47:05 +0200: Memory Usage (648788K) : Executing rule metal1_drw_Angle45
2026-08-16 13:47:06 +0200: Memory Usage (656340K) : Executing rule metal2_drw_Angle45
2026-08-16 13:47:06 +0200: Memory Usage (657876K) : Executing rule metal3_drw_Angle45
2026-08-16 13:47:06 +0200: Memory Usage (658004K) : Executing rule metal4_drw_Angle45
2026-08-16 13:47:06 +0200: Memory Usage (658004K) : Executing rule metal5_drw_Angle45
2026-08-16 13:47:06 +0200: Memory Usage (657872K) : Executing rule topmetal1_drw_Angle45
2026-08-16 13:47:07 +0200: Memory Usage (658000K) : Executing rule topmetal2_drw_Angle45
2026-08-16 13:47:07 +0200: Memory Usage (658000K) : Starting 3.2. FORBIDDEN table
2026-08-16 13:47:07 +0200: Memory Usage (658000K) : Executing rule forbidden.biwind
2026-08-16 13:47:07 +0200: Memory Usage (658000K) : Executing rule forbidden.pemwind
2026-08-16 13:47:07 +0200: Memory Usage (658000K) : Executing rule forbidden.baspoly
2026-08-16 13:47:07 +0200: Memory Usage (658000K) : Executing rule forbidden.deepco
2026-08-16 13:47:07 +0200: Memory Usage (658000K) : Executing rule forbidden.pempoly
2026-08-16 13:47:07 +0200: Memory Usage (658000K) : Executing rule forbidden.empoly
2026-08-16 13:47:07 +0200: Memory Usage (658000K) : Executing rule forbidden.ldmos
2026-08-16 13:47:07 +0200: Memory Usage (658000K) : Executing rule forbidden.pbiwind
2026-08-16 13:47:07 +0200: Memory Usage (658000K) : Executing rule forbidden.nodrc
2026-08-16 13:47:07 +0200: Memory Usage (658000K) : Executing rule forbidden.flash
2026-08-16 13:47:07 +0200: Memory Usage (658000K) : Executing rule forbidden.colwind
2026-08-16 13:47:07 +0200: Memory Usage (658000K) : KLayout DRC run for tables 'main' completed in 26.2 seconds
16-Aug-2026 13:47:07 | INFO    | Running IHP-SG13G2 density checks on design /foss/designs/spi-slave-ihp/allmodes/signoff_hv/spi_slave_hv.gds, topcell: spi_slave
2026-08-16 13:47:09 +0200: Memory Usage (452248K) : Starting running IHP-SG13G2 Klayout DRC Density runset on /foss/designs/spi-slave-ihp/allmodes/signoff_hv/spi_slave_hv.gds
2026-08-16 13:47:09 +0200: Memory Usage (452248K) : Ruby Version for klayout: 3.2.3
2026-08-16 13:47:09 +0200: Memory Usage (454668K) : Loading database to memory is complete.
2026-08-16 13:47:09 +0200: Memory Usage (454668K) : IHP-SG13G2 Klayout DRC Density runset output at: /foss/designs/spi-slave-ihp/allmodes/signoff_hv/drc/spi_slave_hv_spi_slave_density.lyrdb
2026-08-16 13:47:09 +0200: Memory Usage (454668K) : Evaluate switches.
2026-08-16 13:47:09 +0200: Memory Usage (454668K) : Configured KLayout worker thread(s): 8.
2026-08-16 13:47:09 +0200: Memory Usage (454668K) : Deep mode enabled: reading layers and preparing general derivations.
2026-08-16 13:47:09 +0200: Memory Usage (454668K) : PreCheck DRC enabled: false
2026-08-16 13:47:09 +0200: Memory Usage (454668K) : Density sanity checks enabled: false
2026-08-16 13:47:09 +0200: Memory Usage (454668K) : Read in polygons from layers.
2026-08-16 13:47:09 +0200: Memory Usage (456600K) : activ_drw has 14081 polygons
2026-08-16 13:47:09 +0200: Memory Usage (456600K) : activ_mask has 0 polygons
2026-08-16 13:47:09 +0200: Memory Usage (456600K) : activ_filler has 0 polygons
2026-08-16 13:47:09 +0200: Memory Usage (456728K) : gatpoly_drw has 9859 polygons
2026-08-16 13:47:09 +0200: Memory Usage (456728K) : gatpoly_filler has 0 polygons
2026-08-16 13:47:09 +0200: Memory Usage (456728K) : metal1_drw has 25306 polygons
2026-08-16 13:47:09 +0200: Memory Usage (456728K) : metal1_filler has 0 polygons
2026-08-16 13:47:09 +0200: Memory Usage (456856K) : metal1_slit has 0 polygons
2026-08-16 13:47:09 +0200: Memory Usage (456984K) : metal2_drw has 9419 polygons
2026-08-16 13:47:09 +0200: Memory Usage (456984K) : metal2_filler has 0 polygons
2026-08-16 13:47:09 +0200: Memory Usage (456984K) : metal2_slit has 0 polygons
2026-08-16 13:47:09 +0200: Memory Usage (457240K) : metal3_drw has 4404 polygons
2026-08-16 13:47:09 +0200: Memory Usage (457240K) : metal3_filler has 0 polygons
2026-08-16 13:47:09 +0200: Memory Usage (457240K) : metal3_slit has 0 polygons
2026-08-16 13:47:09 +0200: Memory Usage (457368K) : metal4_drw has 786 polygons
2026-08-16 13:47:09 +0200: Memory Usage (457368K) : metal4_filler has 0 polygons
2026-08-16 13:47:09 +0200: Memory Usage (457368K) : metal4_slit has 0 polygons
2026-08-16 13:47:09 +0200: Memory Usage (457496K) : metal5_drw has 723 polygons
2026-08-16 13:47:09 +0200: Memory Usage (457496K) : metal5_filler has 0 polygons
2026-08-16 13:47:09 +0200: Memory Usage (457496K) : metal5_slit has 0 polygons
2026-08-16 13:47:09 +0200: Memory Usage (457624K) : topmetal1_drw has 310 polygons
2026-08-16 13:47:09 +0200: Memory Usage (457624K) : topmetal1_filler has 0 polygons
2026-08-16 13:47:09 +0200: Memory Usage (457624K) : topmetal1_slit has 0 polygons
2026-08-16 13:47:09 +0200: Memory Usage (457752K) : topmetal2_drw has 70 polygons
2026-08-16 13:47:09 +0200: Memory Usage (457752K) : topmetal2_filler has 0 polygons
2026-08-16 13:47:09 +0200: Memory Usage (457752K) : topmetal2_slit has 0 polygons
2026-08-16 13:47:09 +0200: Memory Usage (457752K) : lbe_drw has 0 polygons
2026-08-16 13:47:09 +0200: Memory Usage (457880K) : prboundary_drw has 0 polygons
2026-08-16 13:47:09 +0200: Memory Usage (457880K) : edgeseal_bound has 0 polygons
2026-08-16 13:47:09 +0200: Memory Usage (457880K) : Loaded TECH DRC rules values from /foss/pdks/ihp-sg13g2/libs.tech/klayout/python/sg13g2_pycell_lib/sg13g2_tech_mod.json
2026-08-16 13:47:09 +0200: Memory Usage (457880K) : Loaded default DRC rules values from /foss/pdks/ihp-sg13g2/libs.tech/klayout/tech/drc/rule_decks/sg13g2_tech_default.json
2026-08-16 13:47:09 +0200: Memory Usage (457880K) : The following rules values were missing in tech json and default values were used:
2026-08-16 13:47:09 +0200: Memory Usage (457880K) :   - NW_f1_digibnd
2026-08-16 13:47:09 +0200: Memory Usage (457880K) :   - Cnt_c_digibnd
2026-08-16 13:47:09 +0200: Memory Usage (457880K) :   - Cnt_c_sram
2026-08-16 13:47:09 +0200: Memory Usage (457880K) :   - Sdiod_b
2026-08-16 13:47:09 +0200: Memory Usage (457880K) :   - Sdiod_c
2026-08-16 13:47:09 +0200: Memory Usage (459864K) : Density sanity markers are disabled (set -rd density_sanity=true to enable).
2026-08-16 13:47:09 +0200: Memory Usage (459992K) : No prBoundary found. Using layout extent for chip area: 141465.9361 um^2.
2026-08-16 13:47:09 +0200: Memory Usage (459992K) : Using bbox (0,0;354.01,399.61) for density window origin.
2026-08-16 13:47:09 +0200: Memory Usage (459992K) : Total area of the design is 141465.9361 um^2.
2026-08-16 13:47:09 +0200: Memory Usage (459992K) : Starting density IHP-SG13G2 derivations.
2026-08-16 13:47:09 +0200: Memory Usage (460248K) : Starting IHP-SG13G2 DENSITY DRC rules.
2026-08-16 13:47:09 +0200: Memory Usage (460248K) : Computing activ area and density...
2026-08-16 13:47:09 +0200: Memory Usage (465088K) : Executing rule AFil.g
2026-08-16 13:47:09 +0200: Memory Usage (465088K) : Executing rule AFil.g1
2026-08-16 13:47:09 +0200: Memory Usage (465088K) : Executing rule AFil.g2
2026-08-16 13:47:10 +0200: Memory Usage (465784K) : Executing rule AFil.g3
2026-08-16 13:47:10 +0200: Memory Usage (466552K) : Computing poly area and density...
2026-08-16 13:47:10 +0200: Memory Usage (466552K) : Executing rule GFil.g
2026-08-16 13:47:10 +0200: Memory Usage (466552K) : Computing metal1 area and density...
2026-08-16 13:47:10 +0200: Memory Usage (469624K) : Executing rule M1.j
2026-08-16 13:47:10 +0200: Memory Usage (469624K) : Executing rule M1.k
2026-08-16 13:47:10 +0200: Memory Usage (469624K) : Computing metal2 area and density...
2026-08-16 13:47:10 +0200: Memory Usage (470008K) : Computing metal3 area and density...
2026-08-16 13:47:10 +0200: Memory Usage (470008K) : Computing metal4 area and density...
2026-08-16 13:47:10 +0200: Memory Usage (470008K) : Computing metal5 area and density...
2026-08-16 13:47:10 +0200: Memory Usage (470008K) : Executing rule M2.j
2026-08-16 13:47:10 +0200: Memory Usage (470008K) : Executing rule M2.k
2026-08-16 13:47:10 +0200: Memory Usage (470008K) : Executing rule M3.j
2026-08-16 13:47:10 +0200: Memory Usage (470008K) : Executing rule M3.k
2026-08-16 13:47:10 +0200: Memory Usage (470008K) : Executing rule M4.j
2026-08-16 13:47:10 +0200: Memory Usage (470008K) : Executing rule M4.k
2026-08-16 13:47:10 +0200: Memory Usage (470008K) : Executing rule M5.j
2026-08-16 13:47:10 +0200: Memory Usage (470008K) : Executing rule M5.k
2026-08-16 13:47:10 +0200: Memory Usage (470008K) : Executing rule M1Fil.h
2026-08-16 13:47:10 +0200: Memory Usage (470008K) : Executing rule M1Fil.k
2026-08-16 13:47:10 +0200: Memory Usage (470008K) : Executing rule M2Fil.h
2026-08-16 13:47:10 +0200: Memory Usage (470008K) : Executing rule M2Fil.k
2026-08-16 13:47:10 +0200: Memory Usage (470008K) : Executing rule M3Fil.h
2026-08-16 13:47:10 +0200: Memory Usage (470008K) : Executing rule M3Fil.k
2026-08-16 13:47:11 +0200: Memory Usage (470008K) : Executing rule M4Fil.h
2026-08-16 13:47:11 +0200: Memory Usage (470008K) : Executing rule M4Fil.k
2026-08-16 13:47:11 +0200: Memory Usage (470008K) : Executing rule M5Fil.h
2026-08-16 13:47:11 +0200: Memory Usage (470136K) : Executing rule M5Fil.k
2026-08-16 13:47:11 +0200: Memory Usage (470136K) : Computing TopMetal1 area and density...
2026-08-16 13:47:11 +0200: Memory Usage (470136K) : Executing rule TM1.c
2026-08-16 13:47:11 +0200: Memory Usage (470136K) : Executing rule TM1.d
2026-08-16 13:47:11 +0200: Memory Usage (470136K) : Computing TopMetal2 area and density...
2026-08-16 13:47:11 +0200: Memory Usage (470136K) : Executing rule TM2.c
2026-08-16 13:47:11 +0200: Memory Usage (470136K) : Executing rule TM2.d
2026-08-16 13:47:11 +0200: Memory Usage (470136K) : Computing LBE area and density...
2026-08-16 13:47:11 +0200: Memory Usage (470136K) : Executing rule LBE.i
2026-08-16 13:47:11 +0200: Memory Usage (470136K) : Executing rule Slt.i_M1
2026-08-16 13:47:11 +0200: Memory Usage (470452K) : Executing rule Slt.i_M2
2026-08-16 13:47:11 +0200: Memory Usage (470452K) : Executing rule Slt.i_M3
2026-08-16 13:47:11 +0200: Memory Usage (470452K) : Executing rule Slt.i_M4
2026-08-16 13:47:11 +0200: Memory Usage (470452K) : Executing rule Slt.i_M5
2026-08-16 13:47:11 +0200: Memory Usage (470452K) : Executing rule Slt.i_TM1
2026-08-16 13:47:11 +0200: Memory Usage (470452K) : Executing rule Slt.i_TM2
2026-08-16 13:47:11 +0200: Memory Usage (470452K) : ##################################################
2026-08-16 13:47:11 +0200: Memory Usage (470452K) :                  Density Report                 #
2026-08-16 13:47:11 +0200: Memory Usage (470452K) : ##################################################
2026-08-16 13:47:11 +0200: Memory Usage (470452K) : 
2026-08-16 13:47:11 +0200: Memory Usage (470452K) : Layer areas and percentages (units: um^2)
2026-08-16 13:47:11 +0200: Memory Usage (470452K) : --------------------------------------------------
2026-08-16 13:47:11 +0200: Memory Usage (470452K) : 
2026-08-16 13:47:11 +0200: Memory Usage (470452K) : Total Area     = 141465.94 um^2
2026-08-16 13:47:11 +0200: Memory Usage (470452K) : 
2026-08-16 13:47:11 +0200: Memory Usage (470452K) : Activ      Area      = 26381.07 µm²
2026-08-16 13:47:11 +0200: Memory Usage (470452K) : Activ      Density % = 18.65%  [Min = 35.00%,  Max = 55.00%]
2026-08-16 13:47:11 +0200: Memory Usage (470452K) : 
2026-08-16 13:47:11 +0200: Memory Usage (470452K) : GatPoly    Area      = 42131.67 µm²
2026-08-16 13:47:11 +0200: Memory Usage (470452K) : GatPoly    Density % = 29.78%  [Min = 15.00%]
2026-08-16 13:47:11 +0200: Memory Usage (470452K) : 
2026-08-16 13:47:11 +0200: Memory Usage (470452K) : Metal1     Area      = 20756.06 µm²
2026-08-16 13:47:11 +0200: Memory Usage (470452K) : Metal1     Density % = 14.67%  [Min = 35.00%,  Max = 60.00%]
2026-08-16 13:47:11 +0200: Memory Usage (470452K) : 
2026-08-16 13:47:11 +0200: Memory Usage (470452K) : Metal2     Area      = 4049.46 µm²
2026-08-16 13:47:11 +0200: Memory Usage (470452K) : Metal2     Density % =  2.86%  [Min = 35.00%,  Max = 60.00%]
2026-08-16 13:47:11 +0200: Memory Usage (470452K) : 
2026-08-16 13:47:11 +0200: Memory Usage (470452K) : Metal3     Area      = 3795.25 µm²
2026-08-16 13:47:11 +0200: Memory Usage (470452K) : Metal3     Density % =  2.68%  [Min = 35.00%,  Max = 60.00%]
2026-08-16 13:47:11 +0200: Memory Usage (470452K) : 
2026-08-16 13:47:11 +0200: Memory Usage (470452K) : Metal4     Area      = 599.71 µm²
2026-08-16 13:47:11 +0200: Memory Usage (470452K) : Metal4     Density % =  0.42%  [Min = 35.00%,  Max = 60.00%]
2026-08-16 13:47:11 +0200: Memory Usage (470452K) : 
2026-08-16 13:47:11 +0200: Memory Usage (470452K) : Metal5     Area      = 294.35 µm²
2026-08-16 13:47:11 +0200: Memory Usage (470452K) : Metal5     Density % =  0.21%  [Min = 35.00%,  Max = 60.00%]
2026-08-16 13:47:11 +0200: Memory Usage (470452K) : 
2026-08-16 13:47:11 +0200: Memory Usage (470452K) : TopMetal1  Area      = 7401.46 µm²
2026-08-16 13:47:11 +0200: Memory Usage (470452K) : TopMetal1  Density % =  5.23%  [Min = 25.00%,  Max = 70.00%]
2026-08-16 13:47:11 +0200: Memory Usage (470452K) : 
2026-08-16 13:47:11 +0200: Memory Usage (470452K) : TopMetal2  Area      = 7529.28 µm²
2026-08-16 13:47:11 +0200: Memory Usage (470452K) : TopMetal2  Density % =  5.32%  [Min = 25.00%,  Max = 70.00%]
2026-08-16 13:47:11 +0200: Memory Usage (470452K) : 
2026-08-16 13:47:11 +0200: Memory Usage (470452K) : LBE        Area      =  0.00 µm²
2026-08-16 13:47:11 +0200: Memory Usage (470452K) : LBE        Density % =  0.00%  [Max = 20.00%]
2026-08-16 13:47:11 +0200: Memory Usage (470452K) : 
2026-08-16 13:47:11 +0200: Memory Usage (470452K) : KLayout DRC run for density table completed in 1.86 seconds
16-Aug-2026 13:47:11 | INFO    | Completed running Density checks.
16-Aug-2026 13:47:11 | INFO    | Running IHP-SG13G2 sg13g2_maximal checks on design /foss/designs/spi-slave-ihp/allmodes/signoff_hv/spi_slave_hv.gds, topcell: spi_slave
2026-08-16 13:47:14 +0200: Memory Usage (453924K) : Starting running IHP-SG13G2 Klayout DRC maximum runset on /foss/designs/spi-slave-ihp/allmodes/signoff_hv/spi_slave_hv.gds
2026-08-16 13:47:14 +0200: Memory Usage (453924K) : Ruby Version for klayout: 3.2.3
2026-08-16 13:47:14 +0200: Memory Usage (455468K) : Loading database to memory is complete.
2026-08-16 13:47:14 +0200: Memory Usage (455468K) : IHP-SG13G2 Klayout DRC maximum runset output at: /foss/designs/spi-slave-ihp/allmodes/signoff_hv/drc/spi_slave_hv_spi_slave_sg13g2_maximal.lyrdb
2026-08-16 13:47:14 +0200: Memory Usage (455468K) : Evaluate switches.
2026-08-16 13:47:14 +0200: Memory Usage (455468K) : Klayout will use 8 thread(s)
2026-08-16 13:47:14 +0200: Memory Usage (455468K) : deep mode is enabled for sg13g2_maximal runset.
Rule NW.a: 0 error(s)
Rule NW.c: 0 error(s)
Rule NW.c1: 0 error(s)
Rule NW.d: 0 error(s)
Rule NW.d1: 0 error(s)
Rule NW.e: 0 error(s)
Rule NW.e1: 0 error(s)
Rule NW.f: 0 error(s)
Rule PWB.a: 0 error(s)
Rule PWB.b: 0 error(s)
Rule PWB.c: 0 error(s)
Rule NBL.a: 0 error(s)
Rule NBLB.a: 0 error(s)
Rule NBLB.b: 0 error(s)
Rule NBLB.c: 0 error(s)
Rule NBLB.d: 0 error(s)
Rule Act.c: 0 error(s)
Rule Act.d: 0 error(s)
Rule Act.e: 0 error(s)
Rule AFil.a: 0 error(s)
Rule AFil.a1: 0 error(s)
Rule AFil.b: 0 error(s)
Rule AFil.i: 0 error(s)
Rule TGO.a: 0 error(s)
Rule TGO.b: 0 error(s)
Rule TGO.c: 0 error(s)
Rule TGO.d: 0 error(s)
Rule TGO.e: 0 error(s)
Rule Gat.a3: 0 error(s)
Rule Gat.a4: 0 error(s)
Rule Gat.b1: 0 error(s)
Rule Gat.c: 0 error(s)
Rule Gat.c: 0 error(s)
Rule Gat.e: 0 error(s)
Rule Gat.f: 0 error(s)
Rule GFil.a: 0 error(s)
Rule GFil.b: 0 error(s)
Rule GFil.c: 0 error(s)
Rule GFil.f: 0 error(s)
Rule GFil.j: 0 error(s)
Rule pSD.a: 0 error(s)
Rule pSD.b: 0 error(s)
Rule pSD.c: 0 error(s)
Rule pSD.d: 0 error(s)
Rule pSD.d1: 0 error(s)
Rule pSD.e: 0 error(s)
Rule pSD.f: 0 error(s)
Rule pSD.g: 0 error(s)
Rule pSD.g: 0 error(s)
Rule pSD.i: 0 error(s)
Rule pSD.i1: 0 error(s)
Rule pSD.j: 0 error(s)
Rule pSD.j1: 0 error(s)
Rule pSD.k: 0 error(s)
Rule pSD.l: 0 error(s)
Rule pSD.m: 0 error(s)
Rule pSD.n: 0 error(s)
Rule nSDB.a: 0 error(s)
Rule nSDB.b: 0 error(s)
Rule nSDB.c: 0 error(s)
Rule nSDB.e: 0 error(s)
Rule EXTB.a: 0 error(s)
Rule EXTB.b: 0 error(s)
Rule EXTB.c: 0 error(s)
Rule Sal.a: 0 error(s)
Rule Sal.b: 0 error(s)
Rule Sal.c: 0 error(s)
Rule Sal.c: 0 error(s)
Rule Sal.d: 0 error(s)
Rule Sal.d: 0 error(s)
Rule Sal.e: 0 error(s)
Rule Cnt.b1: 0 error(s)
Rule Cnt.f: 0 error(s)
Rule Cnt.g: 0 error(s)
Rule Cnt.h: 0 error(s)
Rule Cnt.j: 0 error(s)
Rule CntB.a: 0 error(s)
Rule CntB.a: 0 error(s)
Rule CntB.a1: 0 error(s)
Rule CntB.b: 0 error(s)
Rule CntB.b2: 0 error(s)
Rule CntB.c: 0 error(s)
Rule CntB.d: 0 error(s)
Rule CntB.e: 0 error(s)
Rule CntB.f: 0 error(s)
Rule CntB.g: 0 error(s)
Rule CntB.g1: 0 error(s)
Rule CntB.g2: 0 error(s)
Rule CntB.h: 0 error(s)
Rule CntB.j: 0 error(s)
Rule M1.c: 0 error(s)
Rule M1.c1: 0 error(s)
Rule M1.d: 0 error(s)
Rule M2.c: 0 error(s)
Rule M2.c1: 0 error(s)
Rule M2.d: 0 error(s)
Rule M3.c: 0 error(s)
Rule M3.c1: 0 error(s)
Rule M3.d: 0 error(s)
Rule M4.c: 0 error(s)
Rule M4.c1: 0 error(s)
Rule M4.d: 0 error(s)
Rule M5.c: 0 error(s)
Rule M5.c1: 0 error(s)
Rule M5.d: 0 error(s)
Rule M1Fil.a1: 0 error(s)
Rule M1Fil.b: 0 error(s)
Rule M1Fil.d: 0 error(s)
Rule M2Fil.a1: 0 error(s)
Rule M2Fil.b: 0 error(s)
Rule M2Fil.d: 0 error(s)
Rule M3Fil.a1: 0 error(s)
Rule M3Fil.b: 0 error(s)
Rule M3Fil.d: 0 error(s)
Rule M4Fil.a1: 0 error(s)
Rule M4Fil.b: 0 error(s)
Rule M4Fil.d: 0 error(s)
Rule M5Fil.a1: 0 error(s)
Rule M5Fil.b: 0 error(s)
Rule M5Fil.d: 0 error(s)
Rule V1.b1: 0 error(s)
Rule V1.c1: 0 error(s)
Rule V2.b1: 0 error(s)
Rule V2.c1: 0 error(s)
Rule V3.b1: 0 error(s)
Rule V3.c1: 0 error(s)
Rule V4.b1: 0 error(s)
Rule V4.c1: 0 error(s)
Rule TM1Fil.a: 0 error(s)
Rule TM1Fil.b: 0 error(s)
Rule TM1Fil.d: 0 error(s)
Rule TM2Fil.a: 0 error(s)
Rule TM2Fil.b: 0 error(s)
Rule TM2Fil.d: 0 error(s)
Rule npnG2.b: 0 error(s)
Rule npnG2.c: 0 error(s)
Rule npnG2.d.N_Activ: 0 error(s)
Rule npnG2.d.NWell: 0 error(s)
Rule npnG2.d.PWell_block: 0 error(s)
Rule npnG2.d.nBuLay: 0 error(s)
Rule npnG2.d.nSD_block: 0 error(s)
Rule npnG2.d1: 0 error(s)
Rule npnG2.d2: 0 error(s)
Rule npnG2.e: 0 error(s)
Rule npn13G2.a: 0 error(s)
Rule npn13G2L.a: 0 error(s)
Rule npn13G2L.b: 0 error(s)
Rule npn13G2V.a: 0 error(s)
Rule npn13G2V.b: 0 error(s)
Rule Rsil.a: 0 error(s)
Rule Rsil.b: 0 error(s)
Rule Rsil.c: 0 error(s)
Rule Rsil.d: 0 error(s)
Rule Rsil.e: 0 error(s)
Rule Rsil.f: 0 error(s)
Rule Rppd.a: 0 error(s)
Rule Rppd.b: 0 error(s)
Rule Rppd.c: 0 error(s)
Rule Rppd.c: 0 error(s)
Rule Rppd.d: 0 error(s)
Rule Rppd.e: 0 error(s)
Rule Rhi.a: 0 error(s)
Rule Rhi.b: 0 error(s)
Rule Rhi.c: 0 error(s)
Rule Rhi.d: 0 error(s)
Rule Rhi.d: 0 error(s)
Rule Rhi.e: 0 error(s)
Rule Rhi.f: 0 error(s)
Rule nmosi.b: 0 error(s)
Rule nmosi.c: 0 error(s)
Rule nmosi.d: 0 error(s)
Rule nmosi.f: 0 error(s)
Rule nmosi.g: 0 error(s)
Rule Sdiod.a: 0 error(s)
Rule Pad.aR: 0 error(s)
Rule Pad.a1: 0 error(s)
Rule Pad.bR: 0 error(s)
Rule Pad.d: 0 error(s)
Rule Pad.dR: 0 error(s)
Rule Pad.d1R: 0 error(s)
Rule Pad.gR: 0 error(s)
Rule Pad.jR: 0 error(s)
Rule Pad.jR: 0 error(s)
Rule Pad.kR: 0 error(s)
Rule Padc.d: 0 error(s)
Rule Seal.a_Activ: 0 error(s)
Rule Seal.a_pSD: 0 error(s)
Rule Seal.a_Metal1: 0 error(s)
Rule Seal.a_Metal2: 0 error(s)
Rule Seal.a_Metal3: 0 error(s)
Rule Seal.a_Metal4: 0 error(s)
Rule Seal.a_Metal5: 0 error(s)
Rule Seal.a_TopMetal1: 0 error(s)
Rule Seal.a_TopMetal2: 0 error(s)
Rule Seal.c: 0 error(s)
Rule Seal.c: 0 error(s)
Rule Seal.c1.Via1: 0 error(s)
Rule Seal.c1.Via1: 0 error(s)
Rule Seal.c1.Via2: 0 error(s)
Rule Seal.c1.Via2: 0 error(s)
Rule Seal.c1.Via3: 0 error(s)
Rule Seal.c1.Via3: 0 error(s)
Rule Seal.c1.Via4: 0 error(s)
Rule Seal.c1.Via4: 0 error(s)
Rule Seal.c2: 0 error(s)
Rule Seal.c2: 0 error(s)
Rule Seal.c3: 0 error(s)
Rule Seal.c3: 0 error(s)
Rule Seal.d.Cont: 0 error(s)
Rule Seal.d.Via1: 0 error(s)
Rule Seal.d.Via2: 0 error(s)
Rule Seal.d.Via3: 0 error(s)
Rule Seal.d.Via4: 0 error(s)
Rule Seal.d.TopVia1: 0 error(s)
Rule Seal.d.TopVia2: 0 error(s)
Rule Seal.e: 0 error(s)
Rule Seal.f.Activ: 0 error(s)
Rule Seal.f.pSD: 0 error(s)
Rule Seal.f.Metal1: 0 error(s)
Rule Seal.f.Metal2: 0 error(s)
Rule Seal.f.Metal3: 0 error(s)
Rule Seal.f.Metal4: 0 error(s)
Rule Seal.f.Metal5: 0 error(s)
Rule Seal.f.TopMetal1: 0 error(s)
Rule Seal.f.TopMetal2: 0 error(s)
Rule MIM.a: 0 error(s)
Rule MIM.b: 0 error(s)
Rule MIM.e: 0 error(s)
Rule MIM.f: 0 error(s)
Rule MIM.g: 0 error(s)
Rule MIM.h: 0 error(s)
Rule LU.a: 0 error(s)
Rule LU.c: 0 error(s)
Rule LU.c1: 0 error(s)
Rule LU.d: 0 error(s)
Rule LU.d1: 0 error(s)
Rule Slt.a.M1: 0 error(s)
Rule Slt.b.M1: 0 error(s)
Rule Slt.c.M1: 0 error(s)
Rule Slt.e.M1: 0 error(s)
Rule Slt.f.M1: 0 error(s)
Rule Slt.h1: 0 error(s)
Rule Slt.h1: 0 error(s)
Rule Slt.a.M2: 0 error(s)
Rule Slt.b.M2: 0 error(s)
Rule Slt.c.M2: 0 error(s)
Rule Slt.e.M2: 0 error(s)
Rule Slt.f.M2: 0 error(s)
Rule Slt.h2.M2: 0 error(s)
Rule Slt.h2.M2: 0 error(s)
Rule Slt.a.M3: 0 error(s)
Rule Slt.b.M3: 0 error(s)
Rule Slt.c.M3: 0 error(s)
Rule Slt.e.M3: 0 error(s)
Rule Slt.f.M3: 0 error(s)
Rule Slt.h2.M3: 0 error(s)
Rule Slt.h2.M3: 0 error(s)
Rule Slt.a.M4: 0 error(s)
Rule Slt.b.M4: 0 error(s)
Rule Slt.c.M4: 0 error(s)
Rule Slt.e.M4: 0 error(s)
Rule Slt.f.M4: 0 error(s)
Rule Slt.h2.M4: 0 error(s)
Rule Slt.h2.M4: 0 error(s)
Rule Slt.a.M5: 0 error(s)
Rule Slt.b.M5: 0 error(s)
Rule Slt.c.M5: 0 error(s)
Rule Slt.e.M5: 0 error(s)
Rule Slt.f.M5: 0 error(s)
Rule Slt.g.M5: 0 error(s)
Rule Slt.h2.M5: 0 error(s)
Rule Slt.h2.M5: 0 error(s)
Rule Slt.a.TM1: 0 error(s)
Rule Slt.b.TM1: 0 error(s)
Rule Slt.c.TM1: 0 error(s)
Rule Slt.e.TM1: 0 error(s)
Rule Slt.f.TM1: 0 error(s)
Rule Slt.g.TM1: 0 error(s)
Rule Slt.h3: 0 error(s)
Rule Slt.a.TM2: 0 error(s)
Rule Slt.b.TM2: 0 error(s)
Rule Slt.c.TM2: 0 error(s)
Rule Slt.e.TM2: 0 error(s)
Rule Slt.f.TM2: 0 error(s)
Rule Slt.h4: 0 error(s)
Rule NW.c1.dig: 0 error(s)
Rule NW.d1.dig: 0 error(s)
Rule NW.e1.dig: 0 error(s)
Rule LBE.b2: 0 error(s)
Rule LBE.e.dfPad: 0 error(s)
Rule LBE.e.Passiv: 0 error(s)
Rule LBE.f: 0 error(s)
Number of DRC errors for maximum rule set: 0
2026-08-16 13:48:22 +0200: Memory Usage (670280K) : KLayout DRC run for maximum ruleSet completed in 68.75 seconds
16-Aug-2026 13:48:23 | INFO    | Completed running Sg13g2_maximal checks.
16-Aug-2026 13:48:23 | ERROR   | ==================================================================================
16-Aug-2026 13:48:23 | ERROR   | ❌ --- KLayout DRC Check Failed: Violations were detected in the layout. --- ❌
16-Aug-2026 13:48:23 | ERROR   | ==================================================================================
16-Aug-2026 13:48:23 | ERROR   | Violated rules are : {'M3.j', 'AFil.g', 'M2.j', 'M4.j', 'M5.j', 'TM1.c', 'M1.j', 'TM2.c'}

16-Aug-2026 13:48:23 | INFO    | Total DRC Run time: 104.67 seconds (including execution, analysis, and reporting)
