# Logfile created on 2026-08-16 13:47:09 +0200 by logger.rb/v1.5.3
2026-08-16 13:47:09 +0200: Memory Usage (452248K) : Starting running IHP-SG13G2 Klayout DRC Density runset on /foss/designs/spi-slave-ihp/allmodes/signoff_hv/spi_slave_hv.gds
2026-08-16 13:47:09 +0200: Memory Usage (452248K) : Ruby Version for klayout: 3.2.3
2026-08-16 13:47:09 +0200: Memory Usage (454668K) : Loading database to memory is complete.
2026-08-16 13:47:09 +0200: Memory Usage (454668K) : IHP-SG13G2 Klayout DRC Density runset output at: /foss/designs/spi-slave-ihp/allmodes/signoff_hv/drc/spi_slave_hv_spi_slave_density.lyrdb
2026-08-16 13:47:09 +0200: Memory Usage (454668K) : Evaluate switches.
2026-08-16 13:47:09 +0200: Memory Usage (454668K) : Configured KLayout worker thread(s): 8.
2026-08-16 13:47:09 +0200: Memory Usage (454668K) : Deep mode enabled: reading layers and preparing general derivations.
2026-08-16 13:47:09 +0200: Memory Usage (454668K) : PreCheck DRC enabled: false
2026-08-16 13:47:09 +0200: Memory Usage (454668K) : Density sanity checks enabled: false
2026-08-16 13:47:09 +0200: Memory Usage (454668K) : Read in polygons from layers.
2026-08-16 13:47:09 +0200: Memory Usage (456600K) : activ_drw has 14081 polygons
2026-08-16 13:47:09 +0200: Memory Usage (456600K) : activ_mask has 0 polygons
2026-08-16 13:47:09 +0200: Memory Usage (456600K) : activ_filler has 0 polygons
2026-08-16 13:47:09 +0200: Memory Usage (456728K) : gatpoly_drw has 9859 polygons
2026-08-16 13:47:09 +0200: Memory Usage (456728K) : gatpoly_filler has 0 polygons
2026-08-16 13:47:09 +0200: Memory Usage (456728K) : metal1_drw has 25306 polygons
2026-08-16 13:47:09 +0200: Memory Usage (456728K) : metal1_filler has 0 polygons
2026-08-16 13:47:09 +0200: Memory Usage (456856K) : metal1_slit has 0 polygons
2026-08-16 13:47:09 +0200: Memory Usage (456984K) : metal2_drw has 9419 polygons
2026-08-16 13:47:09 +0200: Memory Usage (456984K) : metal2_filler has 0 polygons
2026-08-16 13:47:09 +0200: Memory Usage (456984K) : metal2_slit has 0 polygons
2026-08-16 13:47:09 +0200: Memory Usage (457240K) : metal3_drw has 4404 polygons
2026-08-16 13:47:09 +0200: Memory Usage (457240K) : metal3_filler has 0 polygons
2026-08-16 13:47:09 +0200: Memory Usage (457240K) : metal3_slit has 0 polygons
2026-08-16 13:47:09 +0200: Memory Usage (457368K) : metal4_drw has 786 polygons
2026-08-16 13:47:09 +0200: Memory Usage (457368K) : metal4_filler has 0 polygons
2026-08-16 13:47:09 +0200: Memory Usage (457368K) : metal4_slit has 0 polygons
2026-08-16 13:47:09 +0200: Memory Usage (457496K) : metal5_drw has 723 polygons
2026-08-16 13:47:09 +0200: Memory Usage (457496K) : metal5_filler has 0 polygons
2026-08-16 13:47:09 +0200: Memory Usage (457496K) : metal5_slit has 0 polygons
2026-08-16 13:47:09 +0200: Memory Usage (457624K) : topmetal1_drw has 310 polygons
2026-08-16 13:47:09 +0200: Memory Usage (457624K) : topmetal1_filler has 0 polygons
2026-08-16 13:47:09 +0200: Memory Usage (457624K) : topmetal1_slit has 0 polygons
2026-08-16 13:47:09 +0200: Memory Usage (457752K) : topmetal2_drw has 70 polygons
2026-08-16 13:47:09 +0200: Memory Usage (457752K) : topmetal2_filler has 0 polygons
2026-08-16 13:47:09 +0200: Memory Usage (457752K) : topmetal2_slit has 0 polygons
2026-08-16 13:47:09 +0200: Memory Usage (457752K) : lbe_drw has 0 polygons
2026-08-16 13:47:09 +0200: Memory Usage (457880K) : prboundary_drw has 0 polygons
2026-08-16 13:47:09 +0200: Memory Usage (457880K) : edgeseal_bound has 0 polygons
2026-08-16 13:47:09 +0200: Memory Usage (457880K) : Loaded TECH DRC rules values from /foss/pdks/ihp-sg13g2/libs.tech/klayout/python/sg13g2_pycell_lib/sg13g2_tech_mod.json
2026-08-16 13:47:09 +0200: Memory Usage (457880K) : Loaded default DRC rules values from /foss/pdks/ihp-sg13g2/libs.tech/klayout/tech/drc/rule_decks/sg13g2_tech_default.json
2026-08-16 13:47:09 +0200: Memory Usage (457880K) : The following rules values were missing in tech json and default values were used:
2026-08-16 13:47:09 +0200: Memory Usage (457880K) :   - NW_f1_digibnd
2026-08-16 13:47:09 +0200: Memory Usage (457880K) :   - Cnt_c_digibnd
2026-08-16 13:47:09 +0200: Memory Usage (457880K) :   - Cnt_c_sram
2026-08-16 13:47:09 +0200: Memory Usage (457880K) :   - Sdiod_b
2026-08-16 13:47:09 +0200: Memory Usage (457880K) :   - Sdiod_c
2026-08-16 13:47:09 +0200: Memory Usage (459864K) : Density sanity markers are disabled (set -rd density_sanity=true to enable).
2026-08-16 13:47:09 +0200: Memory Usage (459992K) : No prBoundary found. Using layout extent for chip area: 141465.9361 um^2.
2026-08-16 13:47:09 +0200: Memory Usage (459992K) : Using bbox (0,0;354.01,399.61) for density window origin.
2026-08-16 13:47:09 +0200: Memory Usage (459992K) : Total area of the design is 141465.9361 um^2.
2026-08-16 13:47:09 +0200: Memory Usage (459992K) : Starting density IHP-SG13G2 derivations.
2026-08-16 13:47:09 +0200: Memory Usage (460248K) : Starting IHP-SG13G2 DENSITY DRC rules.
2026-08-16 13:47:09 +0200: Memory Usage (460248K) : Computing activ area and density...
2026-08-16 13:47:09 +0200: Memory Usage (465088K) : Executing rule AFil.g
2026-08-16 13:47:09 +0200: Memory Usage (465088K) : Executing rule AFil.g1
2026-08-16 13:47:09 +0200: Memory Usage (465088K) : Executing rule AFil.g2
2026-08-16 13:47:10 +0200: Memory Usage (465784K) : Executing rule AFil.g3
2026-08-16 13:47:10 +0200: Memory Usage (466552K) : Computing poly area and density...
2026-08-16 13:47:10 +0200: Memory Usage (466552K) : Executing rule GFil.g
2026-08-16 13:47:10 +0200: Memory Usage (466552K) : Computing metal1 area and density...
2026-08-16 13:47:10 +0200: Memory Usage (469624K) : Executing rule M1.j
2026-08-16 13:47:10 +0200: Memory Usage (469624K) : Executing rule M1.k
2026-08-16 13:47:10 +0200: Memory Usage (469624K) : Computing metal2 area and density...
2026-08-16 13:47:10 +0200: Memory Usage (470008K) : Computing metal3 area and density...
2026-08-16 13:47:10 +0200: Memory Usage (470008K) : Computing metal4 area and density...
2026-08-16 13:47:10 +0200: Memory Usage (470008K) : Computing metal5 area and density...
2026-08-16 13:47:10 +0200: Memory Usage (470008K) : Executing rule M2.j
2026-08-16 13:47:10 +0200: Memory Usage (470008K) : Executing rule M2.k
2026-08-16 13:47:10 +0200: Memory Usage (470008K) : Executing rule M3.j
2026-08-16 13:47:10 +0200: Memory Usage (470008K) : Executing rule M3.k
2026-08-16 13:47:10 +0200: Memory Usage (470008K) : Executing rule M4.j
2026-08-16 13:47:10 +0200: Memory Usage (470008K) : Executing rule M4.k
2026-08-16 13:47:10 +0200: Memory Usage (470008K) : Executing rule M5.j
2026-08-16 13:47:10 +0200: Memory Usage (470008K) : Executing rule M5.k
2026-08-16 13:47:10 +0200: Memory Usage (470008K) : Executing rule M1Fil.h
2026-08-16 13:47:10 +0200: Memory Usage (470008K) : Executing rule M1Fil.k
2026-08-16 13:47:10 +0200: Memory Usage (470008K) : Executing rule M2Fil.h
2026-08-16 13:47:10 +0200: Memory Usage (470008K) : Executing rule M2Fil.k
2026-08-16 13:47:10 +0200: Memory Usage (470008K) : Executing rule M3Fil.h
2026-08-16 13:47:10 +0200: Memory Usage (470008K) : Executing rule M3Fil.k
2026-08-16 13:47:11 +0200: Memory Usage (470008K) : Executing rule M4Fil.h
2026-08-16 13:47:11 +0200: Memory Usage (470008K) : Executing rule M4Fil.k
2026-08-16 13:47:11 +0200: Memory Usage (470008K) : Executing rule M5Fil.h
2026-08-16 13:47:11 +0200: Memory Usage (470136K) : Executing rule M5Fil.k
2026-08-16 13:47:11 +0200: Memory Usage (470136K) : Computing TopMetal1 area and density...
2026-08-16 13:47:11 +0200: Memory Usage (470136K) : Executing rule TM1.c
2026-08-16 13:47:11 +0200: Memory Usage (470136K) : Executing rule TM1.d
2026-08-16 13:47:11 +0200: Memory Usage (470136K) : Computing TopMetal2 area and density...
2026-08-16 13:47:11 +0200: Memory Usage (470136K) : Executing rule TM2.c
2026-08-16 13:47:11 +0200: Memory Usage (470136K) : Executing rule TM2.d
2026-08-16 13:47:11 +0200: Memory Usage (470136K) : Computing LBE area and density...
2026-08-16 13:47:11 +0200: Memory Usage (470136K) : Executing rule LBE.i
2026-08-16 13:47:11 +0200: Memory Usage (470136K) : Executing rule Slt.i_M1
2026-08-16 13:47:11 +0200: Memory Usage (470452K) : Executing rule Slt.i_M2
2026-08-16 13:47:11 +0200: Memory Usage (470452K) : Executing rule Slt.i_M3
2026-08-16 13:47:11 +0200: Memory Usage (470452K) : Executing rule Slt.i_M4
2026-08-16 13:47:11 +0200: Memory Usage (470452K) : Executing rule Slt.i_M5
2026-08-16 13:47:11 +0200: Memory Usage (470452K) : Executing rule Slt.i_TM1
2026-08-16 13:47:11 +0200: Memory Usage (470452K) : Executing rule Slt.i_TM2
2026-08-16 13:47:11 +0200: Memory Usage (470452K) : ##################################################
2026-08-16 13:47:11 +0200: Memory Usage (470452K) :                  Density Report                 #
2026-08-16 13:47:11 +0200: Memory Usage (470452K) : ##################################################
2026-08-16 13:47:11 +0200: Memory Usage (470452K) : 
2026-08-16 13:47:11 +0200: Memory Usage (470452K) : Layer areas and percentages (units: um^2)
2026-08-16 13:47:11 +0200: Memory Usage (470452K) : --------------------------------------------------
2026-08-16 13:47:11 +0200: Memory Usage (470452K) : 
2026-08-16 13:47:11 +0200: Memory Usage (470452K) : Total Area     = 141465.94 um^2
2026-08-16 13:47:11 +0200: Memory Usage (470452K) : 
2026-08-16 13:47:11 +0200: Memory Usage (470452K) : Activ      Area      = 26381.07 µm²
2026-08-16 13:47:11 +0200: Memory Usage (470452K) : Activ      Density % = 18.65%  [Min = 35.00%,  Max = 55.00%]
2026-08-16 13:47:11 +0200: Memory Usage (470452K) : 
2026-08-16 13:47:11 +0200: Memory Usage (470452K) : GatPoly    Area      = 42131.67 µm²
2026-08-16 13:47:11 +0200: Memory Usage (470452K) : GatPoly    Density % = 29.78%  [Min = 15.00%]
2026-08-16 13:47:11 +0200: Memory Usage (470452K) : 
2026-08-16 13:47:11 +0200: Memory Usage (470452K) : Metal1     Area      = 20756.06 µm²
2026-08-16 13:47:11 +0200: Memory Usage (470452K) : Metal1     Density % = 14.67%  [Min = 35.00%,  Max = 60.00%]
2026-08-16 13:47:11 +0200: Memory Usage (470452K) : 
2026-08-16 13:47:11 +0200: Memory Usage (470452K) : Metal2     Area      = 4049.46 µm²
2026-08-16 13:47:11 +0200: Memory Usage (470452K) : Metal2     Density % =  2.86%  [Min = 35.00%,  Max = 60.00%]
2026-08-16 13:47:11 +0200: Memory Usage (470452K) : 
2026-08-16 13:47:11 +0200: Memory Usage (470452K) : Metal3     Area      = 3795.25 µm²
2026-08-16 13:47:11 +0200: Memory Usage (470452K) : Metal3     Density % =  2.68%  [Min = 35.00%,  Max = 60.00%]
2026-08-16 13:47:11 +0200: Memory Usage (470452K) : 
2026-08-16 13:47:11 +0200: Memory Usage (470452K) : Metal4     Area      = 599.71 µm²
2026-08-16 13:47:11 +0200: Memory Usage (470452K) : Metal4     Density % =  0.42%  [Min = 35.00%,  Max = 60.00%]
2026-08-16 13:47:11 +0200: Memory Usage (470452K) : 
2026-08-16 13:47:11 +0200: Memory Usage (470452K) : Metal5     Area      = 294.35 µm²
2026-08-16 13:47:11 +0200: Memory Usage (470452K) : Metal5     Density % =  0.21%  [Min = 35.00%,  Max = 60.00%]
2026-08-16 13:47:11 +0200: Memory Usage (470452K) : 
2026-08-16 13:47:11 +0200: Memory Usage (470452K) : TopMetal1  Area      = 7401.46 µm²
2026-08-16 13:47:11 +0200: Memory Usage (470452K) : TopMetal1  Density % =  5.23%  [Min = 25.00%,  Max = 70.00%]
2026-08-16 13:47:11 +0200: Memory Usage (470452K) : 
2026-08-16 13:47:11 +0200: Memory Usage (470452K) : TopMetal2  Area      = 7529.28 µm²
2026-08-16 13:47:11 +0200: Memory Usage (470452K) : TopMetal2  Density % =  5.32%  [Min = 25.00%,  Max = 70.00%]
2026-08-16 13:47:11 +0200: Memory Usage (470452K) : 
2026-08-16 13:47:11 +0200: Memory Usage (470452K) : LBE        Area      =  0.00 µm²
2026-08-16 13:47:11 +0200: Memory Usage (470452K) : LBE        Density % =  0.00%  [Max = 20.00%]
2026-08-16 13:47:11 +0200: Memory Usage (470452K) : 
2026-08-16 13:47:11 +0200: Memory Usage (470452K) : KLayout DRC run for density table completed in 1.86 seconds
