# Logfile created on 2026-08-08 22:51:38 +0200 by logger.rb/v1.5.3
2026-08-08 22:51:38 +0200: Memory Usage (455200K) : Starting running IHP-SG13G2 KLayout DRC runset on /foss/designs/spi-slave-ihp/flow/runs/RUN_2026-08-08_22-27-58/final/klayout_gds/spi_slave.klayout.gds
2026-08-08 22:51:38 +0200: Memory Usage (455200K) : Ruby Version for klayout: 3.2.3
2026-08-08 22:51:38 +0200: Memory Usage (456536K) : Loading database to memory is complete.
2026-08-08 22:51:38 +0200: Memory Usage (456536K) : IHP-SG13G2 KLayout DRC runset output at: /foss/designs/spi-slave-ihp/signoff/drc_noring/spi_slave.klayout_spi_slave_angle.lyrdb
2026-08-08 22:51:38 +0200: Memory Usage (456536K) : Evaluate switches.
2026-08-08 22:51:38 +0200: Memory Usage (456536K) : tables selected: angle
2026-08-08 22:51:38 +0200: Memory Usage (456536K) : KLayout will use 8 thread(s) in tiling mode.
2026-08-08 22:51:38 +0200: Memory Usage (456536K) : deep mode is enabled.
2026-08-08 22:51:38 +0200: Memory Usage (456536K) : FEOL enabled: false
2026-08-08 22:51:38 +0200: Memory Usage (456536K) : BEOL enabled: false
2026-08-08 22:51:38 +0200: Memory Usage (456536K) : OFFGRID enabled: true
2026-08-08 22:51:38 +0200: Memory Usage (456536K) : ANGLE enabled: true
2026-08-08 22:51:38 +0200: Memory Usage (456536K) : PIN enabled: false
2026-08-08 22:51:38 +0200: Memory Usage (456536K) : FORBIDDEN enabled: false
2026-08-08 22:51:38 +0200: Memory Usage (456536K) : RECOMMENDED enabled: true
2026-08-08 22:51:38 +0200: Memory Usage (456536K) : PreCheck DRC enabled: false
2026-08-08 22:51:38 +0200: Memory Usage (456536K) : CONNECTIVITY_RULES enabled: false.
2026-08-08 22:51:38 +0200: Memory Usage (456536K) : Read in polygons from layers.
2026-08-08 22:51:38 +0200: Memory Usage (457956K) : activ_drw has 7986 polygons
2026-08-08 22:51:38 +0200: Memory Usage (457956K) : activ_pin has 0 polygons
2026-08-08 22:51:38 +0200: Memory Usage (457956K) : activ_mask has 0 polygons
2026-08-08 22:51:38 +0200: Memory Usage (457956K) : activ_filler has 0 polygons
2026-08-08 22:51:38 +0200: Memory Usage (457956K) : activ_nofill has 0 polygons
2026-08-08 22:51:38 +0200: Memory Usage (458084K) : activ_opc has 0 polygons
2026-08-08 22:51:38 +0200: Memory Usage (458084K) : activ_iopc has 0 polygons
2026-08-08 22:51:38 +0200: Memory Usage (458084K) : activ_noqrc has 0 polygons
2026-08-08 22:51:38 +0200: Memory Usage (458212K) : biwind_drw has 0 polygons
2026-08-08 22:51:38 +0200: Memory Usage (458212K) : biwind_opc has 0 polygons
2026-08-08 22:51:38 +0200: Memory Usage (458340K) : pemwind_drw has 0 polygons
2026-08-08 22:51:38 +0200: Memory Usage (458340K) : gatpoly_drw has 8374 polygons
2026-08-08 22:51:38 +0200: Memory Usage (458340K) : gatpoly_pin has 0 polygons
2026-08-08 22:51:38 +0200: Memory Usage (458468K) : gatpoly_filler has 0 polygons
2026-08-08 22:51:38 +0200: Memory Usage (458468K) : gatpoly_nofill has 0 polygons
2026-08-08 22:51:38 +0200: Memory Usage (458468K) : gatpoly_opc has 0 polygons
2026-08-08 22:51:38 +0200: Memory Usage (458468K) : gatpoly_iopc has 0 polygons
2026-08-08 22:51:38 +0200: Memory Usage (458468K) : gatpoly_noqrc has 0 polygons
2026-08-08 22:51:38 +0200: Memory Usage (458596K) : cont_drw has 54393 polygons
2026-08-08 22:51:38 +0200: Memory Usage (458596K) : cont_opc has 0 polygons
2026-08-08 22:51:38 +0200: Memory Usage (458596K) : nsd_drw has 0 polygons
2026-08-08 22:51:38 +0200: Memory Usage (458596K) : nsd_block has 0 polygons
2026-08-08 22:51:38 +0200: Memory Usage (458596K) : metal1_drw has 15531 polygons
2026-08-08 22:51:38 +0200: Memory Usage (458596K) : metal1_pin has 5535 polygons
2026-08-08 22:51:38 +0200: Memory Usage (458596K) : metal1_mask has 0 polygons
2026-08-08 22:51:38 +0200: Memory Usage (458596K) : metal1_filler has 0 polygons
2026-08-08 22:51:39 +0200: Memory Usage (458596K) : metal1_nofill has 0 polygons
2026-08-08 22:51:39 +0200: Memory Usage (458596K) : metal1_slit has 0 polygons
2026-08-08 22:51:39 +0200: Memory Usage (458784K) : metal1_text has 5454 polygons
2026-08-08 22:51:39 +0200: Memory Usage (458784K) : metal1_opc has 0 polygons
2026-08-08 22:51:39 +0200: Memory Usage (458784K) : metal1_noqrc has 0 polygons
2026-08-08 22:51:39 +0200: Memory Usage (458784K) : metal1_res has 0 polygons
2026-08-08 22:51:39 +0200: Memory Usage (458784K) : metal1_iprobe has 0 polygons
2026-08-08 22:51:39 +0200: Memory Usage (458784K) : metal1_diffprb has 0 polygons
2026-08-08 22:51:39 +0200: Memory Usage (458784K) : passiv_drw has 0 polygons
2026-08-08 22:51:39 +0200: Memory Usage (458784K) : passiv_pin has 0 polygons
2026-08-08 22:51:39 +0200: Memory Usage (458784K) : passiv_sbump has 0 polygons
2026-08-08 22:51:39 +0200: Memory Usage (458784K) : passiv_pillar has 0 polygons
2026-08-08 22:51:39 +0200: Memory Usage (458784K) : passiv_pdl has 0 polygons
2026-08-08 22:51:39 +0200: Memory Usage (458784K) : metal2_drw has 7663 polygons
2026-08-08 22:51:39 +0200: Memory Usage (458784K) : metal2_pin has 19 polygons
2026-08-08 22:51:39 +0200: Memory Usage (458784K) : metal2_mask has 0 polygons
2026-08-08 22:51:39 +0200: Memory Usage (458784K) : metal2_filler has 0 polygons
2026-08-08 22:51:39 +0200: Memory Usage (458784K) : metal2_nofill has 0 polygons
2026-08-08 22:51:39 +0200: Memory Usage (458784K) : metal2_slit has 0 polygons
2026-08-08 22:51:39 +0200: Memory Usage (458784K) : metal2_text has 19 polygons
2026-08-08 22:51:39 +0200: Memory Usage (458784K) : metal2_opc has 0 polygons
2026-08-08 22:51:39 +0200: Memory Usage (458784K) : metal2_noqrc has 0 polygons
2026-08-08 22:51:39 +0200: Memory Usage (458784K) : metal2_res has 0 polygons
2026-08-08 22:51:39 +0200: Memory Usage (458784K) : metal2_iprobe has 0 polygons
2026-08-08 22:51:39 +0200: Memory Usage (458784K) : metal2_diffprb has 0 polygons
2026-08-08 22:51:39 +0200: Memory Usage (458784K) : baspoly_drw has 0 polygons
2026-08-08 22:51:39 +0200: Memory Usage (458784K) : baspoly_pin has 0 polygons
2026-08-08 22:51:39 +0200: Memory Usage (458784K) : psd_drw has 3352 polygons
2026-08-08 22:51:39 +0200: Memory Usage (458784K) : nldb_drw has 0 polygons
2026-08-08 22:51:39 +0200: Memory Usage (458784K) : digibnd_drw has 0 polygons
2026-08-08 22:51:39 +0200: Memory Usage (458784K) : via1_drw has 2532 polygons
2026-08-08 22:51:39 +0200: Memory Usage (458784K) : backmetal1_drw has 0 polygons
2026-08-08 22:51:39 +0200: Memory Usage (458784K) : backmetal1_pin has 0 polygons
2026-08-08 22:51:39 +0200: Memory Usage (458784K) : backmetal1_mask has 0 polygons
2026-08-08 22:51:39 +0200: Memory Usage (458912K) : backmetal1_filler has 0 polygons
2026-08-08 22:51:39 +0200: Memory Usage (458912K) : backmetal1_nofill has 0 polygons
2026-08-08 22:51:39 +0200: Memory Usage (458912K) : backmetal1_slit has 0 polygons
2026-08-08 22:51:39 +0200: Memory Usage (458912K) : backmetal1_text has 0 polygons
2026-08-08 22:51:39 +0200: Memory Usage (459040K) : backmetal1_opc has 0 polygons
2026-08-08 22:51:39 +0200: Memory Usage (459040K) : backmetal1_noqrc has 0 polygons
2026-08-08 22:51:39 +0200: Memory Usage (459040K) : backmetal1_res has 0 polygons
2026-08-08 22:51:39 +0200: Memory Usage (459168K) : backmetal1_iprobe has 0 polygons
2026-08-08 22:51:39 +0200: Memory Usage (459168K) : backmetal1_diffprb has 0 polygons
2026-08-08 22:51:39 +0200: Memory Usage (459168K) : backpassiv_drw has 0 polygons
2026-08-08 22:51:39 +0200: Memory Usage (459168K) : res_drw has 0 polygons
2026-08-08 22:51:39 +0200: Memory Usage (459168K) : sram_drw has 0 polygons
2026-08-08 22:51:39 +0200: Memory Usage (459168K) : trans_drw has 0 polygons
2026-08-08 22:51:39 +0200: Memory Usage (459168K) : ind_drw has 0 polygons
2026-08-08 22:51:39 +0200: Memory Usage (459168K) : ind_pin has 0 polygons
2026-08-08 22:51:39 +0200: Memory Usage (459168K) : ind_text has 0 polygons
2026-08-08 22:51:39 +0200: Memory Usage (459168K) : salblock_drw has 0 polygons
2026-08-08 22:51:40 +0200: Memory Usage (459168K) : via2_drw has 2276 polygons
2026-08-08 22:51:40 +0200: Memory Usage (459168K) : metal3_drw has 3581 polygons
2026-08-08 22:51:40 +0200: Memory Usage (459168K) : metal3_pin has 11 polygons
2026-08-08 22:51:40 +0200: Memory Usage (459168K) : metal3_mask has 0 polygons
2026-08-08 22:51:40 +0200: Memory Usage (459168K) : metal3_filler has 0 polygons
2026-08-08 22:51:40 +0200: Memory Usage (459168K) : metal3_nofill has 0 polygons
2026-08-08 22:51:40 +0200: Memory Usage (459168K) : metal3_slit has 0 polygons
2026-08-08 22:51:40 +0200: Memory Usage (459168K) : metal3_text has 11 polygons
2026-08-08 22:51:40 +0200: Memory Usage (459168K) : metal3_opc has 0 polygons
2026-08-08 22:51:40 +0200: Memory Usage (459168K) : metal3_noqrc has 0 polygons
2026-08-08 22:51:40 +0200: Memory Usage (459168K) : metal3_res has 0 polygons
2026-08-08 22:51:40 +0200: Memory Usage (459168K) : metal3_iprobe has 0 polygons
2026-08-08 22:51:40 +0200: Memory Usage (459168K) : metal3_diffprb has 0 polygons
2026-08-08 22:51:40 +0200: Memory Usage (459168K) : nwell_drw has 1666 polygons
2026-08-08 22:51:40 +0200: Memory Usage (459168K) : nwell_pin has 0 polygons
2026-08-08 22:51:40 +0200: Memory Usage (459168K) : nbulay_drw has 0 polygons
2026-08-08 22:51:40 +0200: Memory Usage (459168K) : nbulay_pin has 0 polygons
2026-08-08 22:51:40 +0200: Memory Usage (459168K) : nbulay_block has 0 polygons
2026-08-08 22:51:40 +0200: Memory Usage (459168K) : emwind_drw has 0 polygons
2026-08-08 22:51:40 +0200: Memory Usage (459168K) : emwind_opc has 0 polygons
2026-08-08 22:51:40 +0200: Memory Usage (459168K) : deepco_drw has 0 polygons
2026-08-08 22:51:40 +0200: Memory Usage (459168K) : deepco_drw has 0 polygons
2026-08-08 22:51:40 +0200: Memory Usage (459168K) : mim_drw has 0 polygons
2026-08-08 22:51:40 +0200: Memory Usage (459168K) : edgeseal_drw has 0 polygons
2026-08-08 22:51:40 +0200: Memory Usage (459168K) : edgeseal_bound has 0 polygons
2026-08-08 22:51:40 +0200: Memory Usage (459168K) : substrate_drw has 0 polygons
2026-08-08 22:51:40 +0200: Memory Usage (459168K) : substrate_text has 0 polygons
2026-08-08 22:51:40 +0200: Memory Usage (459168K) : dfpad_drw has 0 polygons
2026-08-08 22:51:40 +0200: Memory Usage (459168K) : dfpad_pillar has 0 polygons
2026-08-08 22:51:40 +0200: Memory Usage (459168K) : dfpad_sbump has 0 polygons
2026-08-08 22:51:40 +0200: Memory Usage (459168K) : thickgateox_drw has 0 polygons
2026-08-08 22:51:40 +0200: Memory Usage (459168K) : pldb_drw has 0 polygons
2026-08-08 22:51:40 +0200: Memory Usage (459168K) : pwell_drw has 0 polygons
2026-08-08 22:51:40 +0200: Memory Usage (459168K) : pwell_pin has 0 polygons
2026-08-08 22:51:40 +0200: Memory Usage (459168K) : pwell_block has 0 polygons
2026-08-08 22:51:40 +0200: Memory Usage (459168K) : ic_drw has 0 polygons
2026-08-08 22:51:40 +0200: Memory Usage (459168K) : via3_drw has 512 polygons
2026-08-08 22:51:40 +0200: Memory Usage (459168K) : metal4_drw has 385 polygons
2026-08-08 22:51:40 +0200: Memory Usage (459168K) : metal4_pin has 0 polygons
2026-08-08 22:51:40 +0200: Memory Usage (459168K) : metal4_mask has 0 polygons
2026-08-08 22:51:40 +0200: Memory Usage (459168K) : metal4_filler has 0 polygons
2026-08-08 22:51:40 +0200: Memory Usage (459168K) : metal4_nofill has 0 polygons
2026-08-08 22:51:40 +0200: Memory Usage (459168K) : metal4_slit has 0 polygons
2026-08-08 22:51:40 +0200: Memory Usage (459168K) : metal4_text has 0 polygons
2026-08-08 22:51:40 +0200: Memory Usage (459168K) : metal4_opc has 0 polygons
2026-08-08 22:51:40 +0200: Memory Usage (459168K) : metal4_noqrc has 0 polygons
2026-08-08 22:51:40 +0200: Memory Usage (459168K) : metal4_res has 0 polygons
2026-08-08 22:51:40 +0200: Memory Usage (459168K) : metal4_iprobe has 0 polygons
2026-08-08 22:51:40 +0200: Memory Usage (459168K) : metal4_diffprb has 0 polygons
2026-08-08 22:51:41 +0200: Memory Usage (459168K) : heattrans_drw has 0 polygons
2026-08-08 22:51:41 +0200: Memory Usage (459168K) : heatres_drw has 0 polygons
2026-08-08 22:51:41 +0200: Memory Usage (459168K) : pempoly_drw has 0 polygons
2026-08-08 22:51:41 +0200: Memory Usage (459168K) : fbe_drw has 0 polygons
2026-08-08 22:51:41 +0200: Memory Usage (459168K) : empoly_drw has 0 polygons
2026-08-08 22:51:41 +0200: Memory Usage (459168K) : ldmos_drw has 0 polygons
2026-08-08 22:51:41 +0200: Memory Usage (459168K) : pbiwind_drw has 0 polygons
2026-08-08 22:51:41 +0200: Memory Usage (459168K) : digisub_drw has 0 polygons
2026-08-08 22:51:41 +0200: Memory Usage (459168K) : nodrc_drw has 0 polygons
2026-08-08 22:51:41 +0200: Memory Usage (459168K) : text_drw has 0 polygons
2026-08-08 22:51:41 +0200: Memory Usage (459168K) : via4_drw has 410 polygons
2026-08-08 22:51:41 +0200: Memory Usage (459168K) : metal5_drw has 268 polygons
2026-08-08 22:51:41 +0200: Memory Usage (459168K) : metal5_pin has 0 polygons
2026-08-08 22:51:41 +0200: Memory Usage (459168K) : metal5_mask has 0 polygons
2026-08-08 22:51:41 +0200: Memory Usage (459168K) : metal5_filler has 0 polygons
2026-08-08 22:51:41 +0200: Memory Usage (459168K) : metal5_nofill has 0 polygons
2026-08-08 22:51:41 +0200: Memory Usage (459168K) : metal5_slit has 0 polygons
2026-08-08 22:51:41 +0200: Memory Usage (459168K) : metal5_text has 0 polygons
2026-08-08 22:51:41 +0200: Memory Usage (459168K) : metal5_opc has 0 polygons
2026-08-08 22:51:41 +0200: Memory Usage (459168K) : metal5_noqrc has 0 polygons
2026-08-08 22:51:41 +0200: Memory Usage (459168K) : metal5_res has 0 polygons
2026-08-08 22:51:41 +0200: Memory Usage (459168K) : metal5_iprobe has 0 polygons
2026-08-08 22:51:41 +0200: Memory Usage (459168K) : metal5_diffprb has 0 polygons
2026-08-08 22:51:41 +0200: Memory Usage (459168K) : radhard_drw has 0 polygons
2026-08-08 22:51:41 +0200: Memory Usage (459168K) : memcap_drw has 0 polygons
2026-08-08 22:51:41 +0200: Memory Usage (459168K) : varicap_drw has 0 polygons
2026-08-08 22:51:41 +0200: Memory Usage (459168K) : flash_drw has 0 polygons
2026-08-08 22:51:41 +0200: Memory Usage (459168K) : intbondvia_drw has 0 polygons
2026-08-08 22:51:41 +0200: Memory Usage (459168K) : intbondmet_drw has 0 polygons
2026-08-08 22:51:41 +0200: Memory Usage (459168K) : devbondvia_drw has 0 polygons
2026-08-08 22:51:41 +0200: Memory Usage (459168K) : devbondmet_drw has 0 polygons
2026-08-08 22:51:41 +0200: Memory Usage (459168K) : devtrench_drw has 0 polygons
2026-08-08 22:51:41 +0200: Memory Usage (459168K) : redist_drw has 0 polygons
2026-08-08 22:51:41 +0200: Memory Usage (459168K) : graphbot_drw has 0 polygons
2026-08-08 22:51:41 +0200: Memory Usage (459168K) : graphtop_drw has 0 polygons
2026-08-08 22:51:41 +0200: Memory Usage (459168K) : antvia1_drw has 0 polygons
2026-08-08 22:51:41 +0200: Memory Usage (459168K) : antmetal2_drw has 0 polygons
2026-08-08 22:51:41 +0200: Memory Usage (459168K) : graphcont_drw has 0 polygons
2026-08-08 22:51:41 +0200: Memory Usage (459168K) : siwg_drw has 0 polygons
2026-08-08 22:51:41 +0200: Memory Usage (459168K) : siwg_filler has 0 polygons
2026-08-08 22:51:41 +0200: Memory Usage (459168K) : siwg_nofill has 0 polygons
2026-08-08 22:51:41 +0200: Memory Usage (459168K) : sigrating_drw has 0 polygons
2026-08-08 22:51:41 +0200: Memory Usage (459168K) : singrating_drw has 0 polygons
2026-08-08 22:51:41 +0200: Memory Usage (459168K) : graphpas_drw has 0 polygons
2026-08-08 22:51:41 +0200: Memory Usage (459168K) : emwind3_drw has 0 polygons
2026-08-08 22:51:41 +0200: Memory Usage (459168K) : emwihv3_drw has 0 polygons
2026-08-08 22:51:41 +0200: Memory Usage (459168K) : redbulay_drw has 0 polygons
2026-08-08 22:51:42 +0200: Memory Usage (459168K) : smos_drw has 0 polygons
2026-08-08 22:51:42 +0200: Memory Usage (459168K) : graphpad_drw has 0 polygons
2026-08-08 22:51:42 +0200: Memory Usage (459168K) : polimide_drw has 0 polygons
2026-08-08 22:51:42 +0200: Memory Usage (459168K) : polimide_pin has 0 polygons
2026-08-08 22:51:42 +0200: Memory Usage (459168K) : recog_drw has 0 polygons
2026-08-08 22:51:42 +0200: Memory Usage (459168K) : recog_pin has 0 polygons
2026-08-08 22:51:42 +0200: Memory Usage (459168K) : recog_esd has 0 polygons
2026-08-08 22:51:42 +0200: Memory Usage (459168K) : recog_diode has 0 polygons
2026-08-08 22:51:42 +0200: Memory Usage (459168K) : recog_tsv has 0 polygons
2026-08-08 22:51:42 +0200: Memory Usage (459168K) : recog_iprobe has 0 polygons
2026-08-08 22:51:42 +0200: Memory Usage (459168K) : recog_diffprb has 0 polygons
2026-08-08 22:51:42 +0200: Memory Usage (459168K) : recog_pillar has 0 polygons
2026-08-08 22:51:42 +0200: Memory Usage (459168K) : recog_sbump has 0 polygons
2026-08-08 22:51:42 +0200: Memory Usage (459168K) : recog_otp has 0 polygons
2026-08-08 22:51:42 +0200: Memory Usage (459168K) : recog_pdiode has 0 polygons
2026-08-08 22:51:42 +0200: Memory Usage (459168K) : recog_mom has 0 polygons
2026-08-08 22:51:42 +0200: Memory Usage (459168K) : recog_pcm has 0 polygons
2026-08-08 22:51:42 +0200: Memory Usage (459168K) : colopen_drw has 0 polygons
2026-08-08 22:51:42 +0200: Memory Usage (459168K) : graphmetal1_drw has 0 polygons
2026-08-08 22:51:42 +0200: Memory Usage (459168K) : graphmetal1_filler has 0 polygons
2026-08-08 22:51:42 +0200: Memory Usage (459168K) : graphmetal1_nofill has 0 polygons
2026-08-08 22:51:42 +0200: Memory Usage (459168K) : graphmetal1_slit has 0 polygons
2026-08-08 22:51:42 +0200: Memory Usage (459168K) : graphmetal1_opc has 0 polygons
2026-08-08 22:51:42 +0200: Memory Usage (459168K) : graphmet1l_drw has 0 polygons
2026-08-08 22:51:42 +0200: Memory Usage (459168K) : graphmet1l_filler has 0 polygons
2026-08-08 22:51:42 +0200: Memory Usage (459168K) : graphmet1l_nofill has 0 polygons
2026-08-08 22:51:42 +0200: Memory Usage (459168K) : graphmet1l_slit has 0 polygons
2026-08-08 22:51:42 +0200: Memory Usage (459168K) : graphmet1l_opc has 0 polygons
2026-08-08 22:51:42 +0200: Memory Usage (459168K) : extblock_drw has 0 polygons
2026-08-08 22:51:42 +0200: Memory Usage (459168K) : nldd_drw has 0 polygons
2026-08-08 22:51:42 +0200: Memory Usage (459168K) : pldd_drw has 0 polygons
2026-08-08 22:51:42 +0200: Memory Usage (459168K) : next_drw has 0 polygons
2026-08-08 22:51:42 +0200: Memory Usage (459168K) : pext_drw has 0 polygons
2026-08-08 22:51:42 +0200: Memory Usage (459168K) : nexthv_drw has 0 polygons
2026-08-08 22:51:42 +0200: Memory Usage (459168K) : pexthv_drw has 0 polygons
2026-08-08 22:51:42 +0200: Memory Usage (459168K) : graphgate_drw has 0 polygons
2026-08-08 22:51:42 +0200: Memory Usage (459168K) : sinwg_drw has 0 polygons
2026-08-08 22:51:42 +0200: Memory Usage (459168K) : sinwg_filler has 0 polygons
2026-08-08 22:51:42 +0200: Memory Usage (459168K) : sinwg_nofill has 0 polygons
2026-08-08 22:51:42 +0200: Memory Usage (459168K) : mempad_drw has 0 polygons
2026-08-08 22:51:42 +0200: Memory Usage (459168K) : topvia1_drw has 156 polygons
2026-08-08 22:51:42 +0200: Memory Usage (459168K) : topmetal1_drw has 94 polygons
2026-08-08 22:51:42 +0200: Memory Usage (459168K) : topmetal1_pin has 4 polygons
2026-08-08 22:51:42 +0200: Memory Usage (459168K) : topmetal1_mask has 0 polygons
2026-08-08 22:51:42 +0200: Memory Usage (459168K) : topmetal1_filler has 0 polygons
2026-08-08 22:51:42 +0200: Memory Usage (459168K) : topmetal1_nofill has 0 polygons
2026-08-08 22:51:42 +0200: Memory Usage (459168K) : topmetal1_slit has 0 polygons
2026-08-08 22:51:43 +0200: Memory Usage (459168K) : topmetal1_text has 2 polygons
2026-08-08 22:51:43 +0200: Memory Usage (459168K) : topmetal1_noqrc has 0 polygons
2026-08-08 22:51:43 +0200: Memory Usage (459168K) : topmetal1_res has 0 polygons
2026-08-08 22:51:43 +0200: Memory Usage (459168K) : topmetal1_iprobe has 0 polygons
2026-08-08 22:51:43 +0200: Memory Usage (459168K) : topmetal1_diffprb has 0 polygons
2026-08-08 22:51:43 +0200: Memory Usage (459168K) : inldpwl_drw has 0 polygons
2026-08-08 22:51:43 +0200: Memory Usage (459168K) : polyres_drw has 0 polygons
2026-08-08 22:51:43 +0200: Memory Usage (459168K) : polyres_pin has 0 polygons
2026-08-08 22:51:43 +0200: Memory Usage (459168K) : vmim_drw has 0 polygons
2026-08-08 22:51:43 +0200: Memory Usage (459168K) : nbulaycut_drw has 0 polygons
2026-08-08 22:51:43 +0200: Memory Usage (459168K) : antmetal1_drw has 0 polygons
2026-08-08 22:51:43 +0200: Memory Usage (459168K) : topvia2_drw has 8 polygons
2026-08-08 22:51:43 +0200: Memory Usage (459168K) : topmetal2_drw has 16 polygons
2026-08-08 22:51:43 +0200: Memory Usage (459168K) : topmetal2_pin has 4 polygons
2026-08-08 22:51:43 +0200: Memory Usage (459168K) : topmetal2_mask has 0 polygons
2026-08-08 22:51:43 +0200: Memory Usage (459168K) : topmetal2_filler has 0 polygons
2026-08-08 22:51:43 +0200: Memory Usage (459168K) : topmetal2_nofill has 0 polygons
2026-08-08 22:51:43 +0200: Memory Usage (459168K) : topmetal2_slit has 0 polygons
2026-08-08 22:51:43 +0200: Memory Usage (459168K) : topmetal2_text has 2 polygons
2026-08-08 22:51:43 +0200: Memory Usage (459168K) : topmetal2_noqrc has 0 polygons
2026-08-08 22:51:43 +0200: Memory Usage (459168K) : topmetal2_res has 0 polygons
2026-08-08 22:51:43 +0200: Memory Usage (459168K) : topmetal2_iprobe has 0 polygons
2026-08-08 22:51:43 +0200: Memory Usage (459168K) : topmetal2_diffprb has 0 polygons
2026-08-08 22:51:43 +0200: Memory Usage (459168K) : snsring_drw has 0 polygons
2026-08-08 22:51:43 +0200: Memory Usage (459168K) : sensor_drw has 0 polygons
2026-08-08 22:51:43 +0200: Memory Usage (459168K) : snsarms_drw has 0 polygons
2026-08-08 22:51:43 +0200: Memory Usage (459168K) : snscmosvia_drw has 0 polygons
2026-08-08 22:51:43 +0200: Memory Usage (459168K) : colwind_drw has 0 polygons
2026-08-08 22:51:43 +0200: Memory Usage (459168K) : flm_drw has 0 polygons
2026-08-08 22:51:43 +0200: Memory Usage (459168K) : hafniumox_drw has 0 polygons
2026-08-08 22:51:43 +0200: Memory Usage (459168K) : memvia_drw has 0 polygons
2026-08-08 22:51:43 +0200: Memory Usage (459168K) : thinfilmres_drw has 0 polygons
2026-08-08 22:51:43 +0200: Memory Usage (459168K) : rfmem_drw has 0 polygons
2026-08-08 22:51:43 +0200: Memory Usage (459168K) : norcx_drw has 0 polygons
2026-08-08 22:51:43 +0200: Memory Usage (459168K) : norcx_m2m3 has 0 polygons
2026-08-08 22:51:43 +0200: Memory Usage (459168K) : norcx_m2m4 has 0 polygons
2026-08-08 22:51:43 +0200: Memory Usage (459168K) : norcx_m2m5 has 0 polygons
2026-08-08 22:51:43 +0200: Memory Usage (459168K) : norcx_m2tm1 has 0 polygons
2026-08-08 22:51:43 +0200: Memory Usage (459168K) : norcx_m2tm2 has 0 polygons
2026-08-08 22:51:43 +0200: Memory Usage (459168K) : norcx_m3m4 has 0 polygons
2026-08-08 22:51:43 +0200: Memory Usage (459168K) : norcx_m3m5 has 0 polygons
2026-08-08 22:51:43 +0200: Memory Usage (459168K) : norcx_m3tm1 has 0 polygons
2026-08-08 22:51:43 +0200: Memory Usage (459168K) : norcx_m3tm2 has 0 polygons
2026-08-08 22:51:43 +0200: Memory Usage (459168K) : norcx_m4m5 has 0 polygons
2026-08-08 22:51:43 +0200: Memory Usage (459168K) : norcx_m4tm1 has 0 polygons
2026-08-08 22:51:43 +0200: Memory Usage (459168K) : norcx_m4tm2 has 0 polygons
2026-08-08 22:51:43 +0200: Memory Usage (459168K) : norcx_m5tm1 has 0 polygons
2026-08-08 22:51:43 +0200: Memory Usage (459168K) : norcx_m5tm2 has 0 polygons
2026-08-08 22:51:43 +0200: Memory Usage (459168K) : norcx_tm1tm2 has 0 polygons
2026-08-08 22:51:43 +0200: Memory Usage (459168K) : norcx_m1sub has 0 polygons
2026-08-08 22:51:43 +0200: Memory Usage (459168K) : norcx_m2sub has 0 polygons
2026-08-08 22:51:43 +0200: Memory Usage (459168K) : norcx_m3sub has 0 polygons
2026-08-08 22:51:43 +0200: Memory Usage (459168K) : norcx_m4sub has 0 polygons
2026-08-08 22:51:43 +0200: Memory Usage (459168K) : norcx_m5sub has 0 polygons
2026-08-08 22:51:43 +0200: Memory Usage (459168K) : norcx_tm1sub has 0 polygons
2026-08-08 22:51:43 +0200: Memory Usage (459168K) : norcx_tm2sub has 0 polygons
2026-08-08 22:51:43 +0200: Memory Usage (459168K) : snsbotvia_drw has 0 polygons
2026-08-08 22:51:43 +0200: Memory Usage (459168K) : snstopvia_drw has 0 polygons
2026-08-08 22:51:43 +0200: Memory Usage (459168K) : deepvia_drw has 0 polygons
2026-08-08 22:51:43 +0200: Memory Usage (459168K) : fgetch_drw has 0 polygons
2026-08-08 22:51:43 +0200: Memory Usage (459168K) : ctrgat_drw has 0 polygons
2026-08-08 22:51:43 +0200: Memory Usage (459168K) : fgimp_drw has 0 polygons
2026-08-08 22:51:43 +0200: Memory Usage (459168K) : emwihv_drw has 0 polygons
2026-08-08 22:51:44 +0200: Memory Usage (459168K) : lbe_drw has 0 polygons
2026-08-08 22:51:44 +0200: Memory Usage (459168K) : alcustop_drw has 0 polygons
2026-08-08 22:51:44 +0200: Memory Usage (459168K) : nometfiller_drw has 0 polygons
2026-08-08 22:51:44 +0200: Memory Usage (459168K) : prboundary_drw has 0 polygons
2026-08-08 22:51:44 +0200: Memory Usage (459168K) : exchange0_drw has 0 polygons
2026-08-08 22:51:44 +0200: Memory Usage (459168K) : exchange0_pin has 0 polygons
2026-08-08 22:51:44 +0200: Memory Usage (459168K) : exchange0_text has 0 polygons
2026-08-08 22:51:44 +0200: Memory Usage (459168K) : exchange1_drw has 0 polygons
2026-08-08 22:51:44 +0200: Memory Usage (459168K) : exchange1_pin has 0 polygons
2026-08-08 22:51:44 +0200: Memory Usage (459168K) : exchange1_text has 0 polygons
2026-08-08 22:51:44 +0200: Memory Usage (459168K) : exchange2_drw has 0 polygons
2026-08-08 22:51:44 +0200: Memory Usage (459168K) : exchange2_pin has 0 polygons
2026-08-08 22:51:44 +0200: Memory Usage (459168K) : exchange2_text has 0 polygons
2026-08-08 22:51:44 +0200: Memory Usage (459168K) : exchange3_drw has 0 polygons
2026-08-08 22:51:44 +0200: Memory Usage (459168K) : exchange3_pin has 0 polygons
2026-08-08 22:51:44 +0200: Memory Usage (459168K) : exchange3_text has 0 polygons
2026-08-08 22:51:44 +0200: Memory Usage (459168K) : exchange4_drw has 0 polygons
2026-08-08 22:51:44 +0200: Memory Usage (459168K) : exchange4_pin has 0 polygons
2026-08-08 22:51:44 +0200: Memory Usage (459168K) : exchange4_text has 0 polygons
2026-08-08 22:51:44 +0200: Memory Usage (459168K) : isonwell_drw has 0 polygons
2026-08-08 22:51:44 +0200: Memory Usage (459168K) : Total no. of polygons in the design is 120264
2026-08-08 22:51:44 +0200: Memory Usage (459168K) : Loaded TECH DRC rules values from /foss/pdks/ihp-sg13g2/libs.tech/klayout/python/sg13g2_pycell_lib/sg13g2_tech_mod.json
2026-08-08 22:51:44 +0200: Memory Usage (459168K) : Loaded default DRC rules values from /foss/pdks/ihp-sg13g2/libs.tech/klayout/tech/drc/rule_decks/sg13g2_tech_default.json
2026-08-08 22:51:44 +0200: Memory Usage (459168K) : The following rules values were missing in tech json and default values were used:
2026-08-08 22:51:44 +0200: Memory Usage (459168K) :   - NW_f1_digibnd
2026-08-08 22:51:44 +0200: Memory Usage (459168K) :   - Cnt_c_digibnd
2026-08-08 22:51:44 +0200: Memory Usage (459168K) :   - Cnt_c_sram
2026-08-08 22:51:44 +0200: Memory Usage (459168K) :   - Sdiod_b
2026-08-08 22:51:44 +0200: Memory Usage (459168K) :   - Sdiod_c
2026-08-08 22:51:44 +0200: Memory Usage (460120K) : Total area of the design is 27848.17 um^2.
2026-08-08 22:51:44 +0200: Memory Usage (460120K) : The design dimensions are 157.78 µm * 176.5 µm.
2026-08-08 22:51:44 +0200: Memory Usage (460120K) : Starting general IHP-SG13G2 derivations.
2026-08-08 22:51:44 +0200: Memory Usage (460120K) : Starting Pwell derivations
2026-08-08 22:51:44 +0200: Memory Usage (463132K) : Starting IHP-SG13G2 DRC rules.
2026-08-08 22:51:44 +0200: Memory Usage (463132K) : Starting 3.2. angle table
2026-08-08 22:51:44 +0200: Memory Usage (463132K) : Executing rule activ_drw_Acute
2026-08-08 22:51:45 +0200: Memory Usage (463420K) : Executing rule activ_pin_Acute
2026-08-08 22:51:45 +0200: Memory Usage (463420K) : Executing rule activ_mask_Acute
2026-08-08 22:51:45 +0200: Memory Usage (463420K) : Executing rule activ_filler_Acute
2026-08-08 22:51:45 +0200: Memory Usage (463420K) : Executing rule activ_nofill_Acute
2026-08-08 22:51:45 +0200: Memory Usage (463420K) : Executing rule activ_opc_Acute
2026-08-08 22:51:45 +0200: Memory Usage (463420K) : Executing rule activ_iopc_Acute
2026-08-08 22:51:45 +0200: Memory Usage (463420K) : Executing rule activ_noqrc_Acute
2026-08-08 22:51:46 +0200: Memory Usage (463420K) : Executing rule biwind_drw_Acute
2026-08-08 22:51:46 +0200: Memory Usage (463420K) : Executing rule biwind_opc_Acute
2026-08-08 22:51:46 +0200: Memory Usage (463420K) : Executing rule pemwind_drw_Acute
2026-08-08 22:51:46 +0200: Memory Usage (463420K) : Executing rule gatpoly_drw_Acute
2026-08-08 22:51:46 +0200: Memory Usage (463420K) : Executing rule gatpoly_pin_Acute
2026-08-08 22:51:46 +0200: Memory Usage (463420K) : Executing rule gatpoly_filler_Acute
2026-08-08 22:51:46 +0200: Memory Usage (463420K) : Executing rule gatpoly_nofill_Acute
2026-08-08 22:51:46 +0200: Memory Usage (463420K) : Executing rule gatpoly_opc_Acute
2026-08-08 22:51:47 +0200: Memory Usage (463420K) : Executing rule gatpoly_iopc_Acute
2026-08-08 22:51:47 +0200: Memory Usage (463420K) : Executing rule gatpoly_noqrc_Acute
2026-08-08 22:51:47 +0200: Memory Usage (463420K) : Executing rule cont_drw_Acute
2026-08-08 22:51:49 +0200: Memory Usage (495932K) : Executing rule cont_opc_Acute
2026-08-08 22:51:49 +0200: Memory Usage (495932K) : Executing rule nsd_drw_Acute
2026-08-08 22:51:49 +0200: Memory Usage (495932K) : Executing rule nsd_block_Acute
2026-08-08 22:51:49 +0200: Memory Usage (495932K) : Executing rule metal1_drw_Acute
2026-08-08 22:51:50 +0200: Memory Usage (495932K) : Executing rule metal1_pin_Acute
2026-08-08 22:51:50 +0200: Memory Usage (495932K) : Executing rule metal1_mask_Acute
2026-08-08 22:51:51 +0200: Memory Usage (495932K) : Executing rule metal1_filler_Acute
2026-08-08 22:51:51 +0200: Memory Usage (495932K) : Executing rule metal1_nofill_Acute
2026-08-08 22:51:51 +0200: Memory Usage (495932K) : Executing rule metal1_slit_Acute
2026-08-08 22:51:51 +0200: Memory Usage (495932K) : Executing rule metal1_opc_Acute
2026-08-08 22:51:51 +0200: Memory Usage (495932K) : Executing rule metal1_noqrc_Acute
2026-08-08 22:51:51 +0200: Memory Usage (495932K) : Executing rule metal1_res_Acute
2026-08-08 22:51:51 +0200: Memory Usage (495932K) : Executing rule metal1_iprobe_Acute
2026-08-08 22:51:51 +0200: Memory Usage (495932K) : Executing rule metal1_diffprb_Acute
2026-08-08 22:51:51 +0200: Memory Usage (495932K) : Executing rule passiv_drw_Acute
2026-08-08 22:51:51 +0200: Memory Usage (495932K) : Executing rule passiv_pin_Acute
2026-08-08 22:51:52 +0200: Memory Usage (495932K) : Executing rule passiv_pillar_Acute
2026-08-08 22:51:52 +0200: Memory Usage (495932K) : Executing rule passiv_sbump_Acute
2026-08-08 22:51:52 +0200: Memory Usage (495932K) : Executing rule passiv_pdl_Acute
2026-08-08 22:51:52 +0200: Memory Usage (495932K) : Executing rule metal2_drw_Acute
2026-08-08 22:51:53 +0200: Memory Usage (495932K) : Executing rule metal2_pin_Acute
2026-08-08 22:51:53 +0200: Memory Usage (495932K) : Executing rule metal2_mask_Acute
2026-08-08 22:51:53 +0200: Memory Usage (495932K) : Executing rule metal2_filler_Acute
2026-08-08 22:51:53 +0200: Memory Usage (495932K) : Executing rule metal2_nofill_Acute
2026-08-08 22:51:53 +0200: Memory Usage (495932K) : Executing rule metal2_slit_Acute
2026-08-08 22:51:53 +0200: Memory Usage (495932K) : Executing rule metal2_opc_Acute
2026-08-08 22:51:53 +0200: Memory Usage (495932K) : Executing rule metal2_noqrc_Acute
2026-08-08 22:51:53 +0200: Memory Usage (495932K) : Executing rule metal2_res_Acute
2026-08-08 22:51:54 +0200: Memory Usage (495932K) : Executing rule metal2_iprobe_Acute
2026-08-08 22:51:54 +0200: Memory Usage (495932K) : Executing rule metal2_diffprb_Acute
2026-08-08 22:51:54 +0200: Memory Usage (495932K) : Executing rule baspoly_drw_Acute
2026-08-08 22:51:54 +0200: Memory Usage (495932K) : Executing rule baspoly_pin_Acute
2026-08-08 22:51:54 +0200: Memory Usage (495932K) : Executing rule psd_drw_Acute
2026-08-08 22:51:54 +0200: Memory Usage (495932K) : Executing rule nldb_drw_Acute
2026-08-08 22:51:54 +0200: Memory Usage (495932K) : Executing rule via1_drw_Acute
2026-08-08 22:51:55 +0200: Memory Usage (495932K) : Executing rule backmetal1_drw_Acute
2026-08-08 22:51:55 +0200: Memory Usage (495932K) : Executing rule backmetal1_pin_Acute
2026-08-08 22:51:55 +0200: Memory Usage (495932K) : Executing rule backmetal1_mask_Acute
2026-08-08 22:51:55 +0200: Memory Usage (495932K) : Executing rule backmetal1_filler_Acute
2026-08-08 22:51:55 +0200: Memory Usage (495932K) : Executing rule backmetal1_nofill_Acute
2026-08-08 22:51:55 +0200: Memory Usage (495932K) : Executing rule backmetal1_slit_Acute
2026-08-08 22:51:55 +0200: Memory Usage (495932K) : Executing rule backmetal1_opc_Acute
2026-08-08 22:51:55 +0200: Memory Usage (495932K) : Executing rule backmetal1_noqrc_Acute
2026-08-08 22:51:55 +0200: Memory Usage (495932K) : Executing rule backmetal1_res_Acute
2026-08-08 22:51:56 +0200: Memory Usage (495932K) : Executing rule backmetal1_iprobe_Acute
2026-08-08 22:51:56 +0200: Memory Usage (495932K) : Executing rule backmetal1_diffprb_Acute
2026-08-08 22:51:56 +0200: Memory Usage (495932K) : Executing rule backpassiv_drw_Acute
2026-08-08 22:51:56 +0200: Memory Usage (495932K) : Executing rule salblock_drw_Acute
2026-08-08 22:51:56 +0200: Memory Usage (495932K) : Executing rule via2_drw_Acute
2026-08-08 22:51:56 +0200: Memory Usage (495932K) : Executing rule metal3_drw_Acute
2026-08-08 22:51:57 +0200: Memory Usage (495932K) : Executing rule metal3_pin_Acute
2026-08-08 22:51:57 +0200: Memory Usage (495932K) : Executing rule metal3_mask_Acute
2026-08-08 22:51:57 +0200: Memory Usage (495932K) : Executing rule metal3_filler_Acute
2026-08-08 22:51:57 +0200: Memory Usage (495932K) : Executing rule metal3_nofill_Acute
2026-08-08 22:51:57 +0200: Memory Usage (495932K) : Executing rule metal3_slit_Acute
2026-08-08 22:51:57 +0200: Memory Usage (495932K) : Executing rule metal3_opc_Acute
2026-08-08 22:51:57 +0200: Memory Usage (495932K) : Executing rule metal3_noqrc_Acute
2026-08-08 22:51:57 +0200: Memory Usage (495932K) : Executing rule metal3_res_Acute
2026-08-08 22:51:58 +0200: Memory Usage (495932K) : Executing rule metal3_iprobe_Acute
2026-08-08 22:51:58 +0200: Memory Usage (495932K) : Executing rule metal3_diffprb_Acute
2026-08-08 22:51:58 +0200: Memory Usage (495932K) : Executing rule nwell_drw_Acute
2026-08-08 22:51:58 +0200: Memory Usage (495932K) : Executing rule nwell_pin_Acute
2026-08-08 22:51:58 +0200: Memory Usage (495932K) : Executing rule nbulay_drw_Acute
2026-08-08 22:51:58 +0200: Memory Usage (495932K) : Executing rule nbulay_pin_Acute
2026-08-08 22:51:59 +0200: Memory Usage (495932K) : Executing rule nbulay_block_Acute
2026-08-08 22:51:59 +0200: Memory Usage (495932K) : Executing rule pwell_drw_Acute
2026-08-08 22:51:59 +0200: Memory Usage (495932K) : Executing rule pwell_pin_Acute
2026-08-08 22:51:59 +0200: Memory Usage (495932K) : Executing rule pwell_block_Acute
2026-08-08 22:51:59 +0200: Memory Usage (495932K) : Executing rule emwind_drw_Acute
2026-08-08 22:51:59 +0200: Memory Usage (495932K) : Executing rule emwind_opc_Acute
2026-08-08 22:51:59 +0200: Memory Usage (495932K) : Executing rule deepco_drw_Acute
2026-08-08 22:51:59 +0200: Memory Usage (495932K) : Executing rule mim_drw_Acute
2026-08-08 22:51:59 +0200: Memory Usage (495932K) : Executing rule substrate_drw_Acute
2026-08-08 22:52:00 +0200: Memory Usage (495932K) : Executing rule ic_drw_Acute
2026-08-08 22:52:00 +0200: Memory Usage (495932K) : Executing rule via3_drw_Acute
2026-08-08 22:52:00 +0200: Memory Usage (495932K) : Executing rule pldb_drw_Acute
2026-08-08 22:52:00 +0200: Memory Usage (495932K) : Executing rule metal4_drw_Acute
2026-08-08 22:52:00 +0200: Memory Usage (495932K) : Executing rule metal4_pin_Acute
2026-08-08 22:52:00 +0200: Memory Usage (495932K) : Executing rule metal4_mask_Acute
2026-08-08 22:52:00 +0200: Memory Usage (495932K) : Executing rule metal4_filler_Acute
2026-08-08 22:52:00 +0200: Memory Usage (495932K) : Executing rule metal4_nofill_Acute
2026-08-08 22:52:00 +0200: Memory Usage (495932K) : Executing rule metal4_slit_Acute
2026-08-08 22:52:01 +0200: Memory Usage (495932K) : Executing rule metal4_opc_Acute
2026-08-08 22:52:01 +0200: Memory Usage (495932K) : Executing rule metal4_noqrc_Acute
2026-08-08 22:52:01 +0200: Memory Usage (495932K) : Executing rule metal4_res_Acute
2026-08-08 22:52:01 +0200: Memory Usage (495932K) : Executing rule metal4_iprobe_Acute
2026-08-08 22:52:01 +0200: Memory Usage (495932K) : Executing rule metal4_diffprb_Acute
2026-08-08 22:52:01 +0200: Memory Usage (495932K) : Executing rule via4_drw_Acute
2026-08-08 22:52:01 +0200: Memory Usage (495932K) : Executing rule metal5_drw_Acute
2026-08-08 22:52:01 +0200: Memory Usage (495932K) : Executing rule metal5_pin_Acute
2026-08-08 22:52:01 +0200: Memory Usage (495932K) : Executing rule metal5_mask_Acute
2026-08-08 22:52:01 +0200: Memory Usage (495932K) : Executing rule metal5_filler_Acute
2026-08-08 22:52:01 +0200: Memory Usage (495932K) : Executing rule metal5_nofill_Acute
2026-08-08 22:52:01 +0200: Memory Usage (495932K) : Executing rule metal5_slit_Acute
2026-08-08 22:52:02 +0200: Memory Usage (495932K) : Executing rule metal5_opc_Acute
2026-08-08 22:52:02 +0200: Memory Usage (495932K) : Executing rule metal5_noqrc_Acute
2026-08-08 22:52:02 +0200: Memory Usage (495932K) : Executing rule metal5_res_Acute
2026-08-08 22:52:02 +0200: Memory Usage (495932K) : Executing rule metal5_iprobe_Acute
2026-08-08 22:52:02 +0200: Memory Usage (495932K) : Executing rule metal5_diffprb_Acute
2026-08-08 22:52:02 +0200: Memory Usage (495932K) : Executing rule prboundary_drw_Acute
2026-08-08 22:52:02 +0200: Memory Usage (495932K) : Executing rule exchange0_drw_Acute
2026-08-08 22:52:02 +0200: Memory Usage (495932K) : Executing rule exchange0_pin_Acute
2026-08-08 22:52:02 +0200: Memory Usage (495932K) : Executing rule exchange1_drw_Acute
2026-08-08 22:52:02 +0200: Memory Usage (495932K) : Executing rule exchange1_pin_Acute
2026-08-08 22:52:02 +0200: Memory Usage (495932K) : Executing rule exchange2_drw_Acute
2026-08-08 22:52:02 +0200: Memory Usage (495932K) : Executing rule exchange2_pin_Acute
2026-08-08 22:52:02 +0200: Memory Usage (495932K) : Executing rule exchange3_drw_Acute
2026-08-08 22:52:02 +0200: Memory Usage (495932K) : Executing rule exchange3_pin_Acute
2026-08-08 22:52:02 +0200: Memory Usage (495932K) : Executing rule exchange4_drw_Acute
2026-08-08 22:52:02 +0200: Memory Usage (495932K) : Executing rule exchange4_pin_Acute
2026-08-08 22:52:03 +0200: Memory Usage (495932K) : Executing rule isonwell_drw_Acute
2026-08-08 22:52:03 +0200: Memory Usage (495932K) : Executing rule thickgateox_drw_Acute
2026-08-08 22:52:03 +0200: Memory Usage (495932K) : Executing rule pempoly_drw_Acute
2026-08-08 22:52:03 +0200: Memory Usage (495932K) : Executing rule fbe_drw_Acute
2026-08-08 22:52:03 +0200: Memory Usage (495932K) : Executing rule empoly_drw_Acute
2026-08-08 22:52:03 +0200: Memory Usage (495932K) : Executing rule ldmos_drw_Acute
2026-08-08 22:52:03 +0200: Memory Usage (495932K) : Executing rule pbiwind_drw_Acute
2026-08-08 22:52:03 +0200: Memory Usage (495932K) : Executing rule colopen_drw_Acute
2026-08-08 22:52:03 +0200: Memory Usage (495932K) : Executing rule extblock_drw_Acute
2026-08-08 22:52:03 +0200: Memory Usage (495932K) : Executing rule nldd_drw_Acute
2026-08-08 22:52:03 +0200: Memory Usage (495932K) : Executing rule pldd_drw_Acute
2026-08-08 22:52:03 +0200: Memory Usage (495932K) : Executing rule next_drw_Acute
2026-08-08 22:52:04 +0200: Memory Usage (495932K) : Executing rule pext_drw_Acute
2026-08-08 22:52:04 +0200: Memory Usage (495932K) : Executing rule nexthv_drw_Acute
2026-08-08 22:52:04 +0200: Memory Usage (495932K) : Executing rule pexthv_drw_Acute
2026-08-08 22:52:04 +0200: Memory Usage (495932K) : Executing rule graphgate_drw_Acute
2026-08-08 22:52:04 +0200: Memory Usage (495932K) : Executing rule mempad_drw_Acute
2026-08-08 22:52:04 +0200: Memory Usage (495932K) : Executing rule topvia1_drw_Acute
2026-08-08 22:52:04 +0200: Memory Usage (495932K) : Executing rule topmetal1_drw_Acute
2026-08-08 22:52:04 +0200: Memory Usage (495932K) : Executing rule topmetal1_pin_Acute
2026-08-08 22:52:04 +0200: Memory Usage (495932K) : Executing rule topmetal1_mask_Acute
2026-08-08 22:52:04 +0200: Memory Usage (495932K) : Executing rule topmetal1_filler_Acute
2026-08-08 22:52:05 +0200: Memory Usage (495932K) : Executing rule topmetal1_nofill_Acute
2026-08-08 22:52:05 +0200: Memory Usage (495932K) : Executing rule topmetal1_slit_Acute
2026-08-08 22:52:05 +0200: Memory Usage (495932K) : Executing rule topmetal1_noqrc_Acute
2026-08-08 22:52:05 +0200: Memory Usage (495932K) : Executing rule topmetal1_res_Acute
2026-08-08 22:52:05 +0200: Memory Usage (495932K) : Executing rule topmetal1_iprobe_Acute
2026-08-08 22:52:05 +0200: Memory Usage (495932K) : Executing rule topmetal1_diffprb_Acute
2026-08-08 22:52:05 +0200: Memory Usage (495932K) : Executing rule inldpwl_drw_Acute
2026-08-08 22:52:05 +0200: Memory Usage (495932K) : Executing rule polyres_drw_Acute
2026-08-08 22:52:05 +0200: Memory Usage (495932K) : Executing rule polyres_pin_Acute
2026-08-08 22:52:05 +0200: Memory Usage (495932K) : Executing rule vmim_drw_Acute
2026-08-08 22:52:05 +0200: Memory Usage (495932K) : Executing rule nbulaycut_drw_Acute
2026-08-08 22:52:05 +0200: Memory Usage (495932K) : Executing rule antmetal1_drw_Acute
2026-08-08 22:52:06 +0200: Memory Usage (495932K) : Executing rule topvia2_drw_Acute
2026-08-08 22:52:06 +0200: Memory Usage (495932K) : Executing rule topmetal2_drw_Acute
2026-08-08 22:52:06 +0200: Memory Usage (495932K) : Executing rule topmetal2_pin_Acute
2026-08-08 22:52:06 +0200: Memory Usage (495932K) : Executing rule topmetal2_mask_Acute
2026-08-08 22:52:06 +0200: Memory Usage (495932K) : Executing rule topmetal2_filler_Acute
2026-08-08 22:52:06 +0200: Memory Usage (495932K) : Executing rule topmetal2_nofill_Acute
2026-08-08 22:52:06 +0200: Memory Usage (495932K) : Executing rule topmetal2_slit_Acute
2026-08-08 22:52:06 +0200: Memory Usage (495932K) : Executing rule topmetal2_noqrc_Acute
2026-08-08 22:52:06 +0200: Memory Usage (495932K) : Executing rule topmetal2_res_Acute
2026-08-08 22:52:06 +0200: Memory Usage (495932K) : Executing rule topmetal2_iprobe_Acute
2026-08-08 22:52:06 +0200: Memory Usage (495932K) : Executing rule topmetal2_diffprb_Acute
2026-08-08 22:52:07 +0200: Memory Usage (495932K) : Executing rule snsring_drw_Acute
2026-08-08 22:52:07 +0200: Memory Usage (495932K) : Executing rule sensor_drw_Acute
2026-08-08 22:52:07 +0200: Memory Usage (495932K) : Executing rule snsarms_drw_Acute
2026-08-08 22:52:07 +0200: Memory Usage (495932K) : Executing rule snscmosvia_drw_Acute
2026-08-08 22:52:07 +0200: Memory Usage (495932K) : Executing rule colwind_drw_Acute
2026-08-08 22:52:07 +0200: Memory Usage (495932K) : Executing rule flm_drw_Acute
2026-08-08 22:52:07 +0200: Memory Usage (495932K) : Executing rule hafniumox_drw_Acute
2026-08-08 22:52:07 +0200: Memory Usage (495932K) : Executing rule memvia_drw_Acute
2026-08-08 22:52:07 +0200: Memory Usage (495932K) : Executing rule thinfilmres_drw_Acute
2026-08-08 22:52:07 +0200: Memory Usage (495932K) : Executing rule rfmem_drw_Acute
2026-08-08 22:52:07 +0200: Memory Usage (495932K) : Executing rule snsbotvia_drw_Acute
2026-08-08 22:52:08 +0200: Memory Usage (495932K) : Executing rule snstopvia_drw_Acute
2026-08-08 22:52:08 +0200: Memory Usage (495932K) : Executing rule deepvia_drw_Acute
2026-08-08 22:52:08 +0200: Memory Usage (495932K) : Executing rule fgetch_drw_Acute
2026-08-08 22:52:08 +0200: Memory Usage (495932K) : Executing rule ctrgat_drw_Acute
2026-08-08 22:52:08 +0200: Memory Usage (495932K) : Executing rule fgimp_drw_Acute
2026-08-08 22:52:08 +0200: Memory Usage (495932K) : Executing rule emwihv_drw_Acute
2026-08-08 22:52:08 +0200: Memory Usage (495932K) : Executing rule lbe_drw_Acute
2026-08-08 22:52:08 +0200: Memory Usage (495932K) : Executing rule alcustop_drw_Acute
2026-08-08 22:52:08 +0200: Memory Usage (495932K) : Executing rule cont_drw_Angle90
2026-08-08 22:52:11 +0200: Memory Usage (508032K) : Executing rule via1_drw_Angle90
2026-08-08 22:52:12 +0200: Memory Usage (508032K) : Executing rule via2_drw_Angle90
2026-08-08 22:52:12 +0200: Memory Usage (508544K) : Executing rule via3_drw_Angle90
2026-08-08 22:52:12 +0200: Memory Usage (508544K) : Executing rule via4_drw_Angle90
2026-08-08 22:52:12 +0200: Memory Usage (508672K) : Executing rule vmim_drw_Angle90
2026-08-08 22:52:12 +0200: Memory Usage (508672K) : Executing rule topvia1_drw_Angle90
2026-08-08 22:52:13 +0200: Memory Usage (508672K) : Executing rule topvia2_drw_Angle90
2026-08-08 22:52:13 +0200: Memory Usage (508672K) : Executing rule gatpoly_drw_Angle45
2026-08-08 22:52:13 +0200: Memory Usage (509312K) : Executing rule activ_drw_Angle45
2026-08-08 22:52:14 +0200: Memory Usage (511488K) : Executing rule metal1_drw_Angle45
2026-08-08 22:52:17 +0200: Memory Usage (516992K) : Executing rule metal2_drw_Angle45
2026-08-08 22:52:18 +0200: Memory Usage (524288K) : Executing rule metal3_drw_Angle45
2026-08-08 22:52:19 +0200: Memory Usage (526208K) : Executing rule metal4_drw_Angle45
2026-08-08 22:52:19 +0200: Memory Usage (526208K) : Executing rule metal5_drw_Angle45
2026-08-08 22:52:19 +0200: Memory Usage (526336K) : Executing rule topmetal1_drw_Angle45
2026-08-08 22:52:19 +0200: Memory Usage (526336K) : Executing rule topmetal2_drw_Angle45
2026-08-08 22:52:19 +0200: Memory Usage (526336K) : KLayout DRC run for tables 'angle' completed in 41.8 seconds
