# Logfile created on 2026-08-08 22:49:18 +0200 by logger.rb/v1.5.3
2026-08-08 22:49:18 +0200: Memory Usage (454516K) : Starting running IHP-SG13G2 KLayout DRC runset on /foss/designs/spi-slave-ihp/flow/runs/RUN_2026-08-08_22-27-58/final/klayout_gds/spi_slave.klayout.gds
2026-08-08 22:49:18 +0200: Memory Usage (454516K) : Ruby Version for klayout: 3.2.3
2026-08-08 22:49:18 +0200: Memory Usage (455840K) : Loading database to memory is complete.
2026-08-08 22:49:18 +0200: Memory Usage (455840K) : IHP-SG13G2 KLayout DRC runset output at: /foss/designs/spi-slave-ihp/signoff/drc_noring/spi_slave.klayout_spi_slave_psd.lyrdb
2026-08-08 22:49:18 +0200: Memory Usage (455840K) : Evaluate switches.
2026-08-08 22:49:18 +0200: Memory Usage (455840K) : tables selected: psd
2026-08-08 22:49:18 +0200: Memory Usage (455840K) : KLayout will use 8 thread(s) in tiling mode.
2026-08-08 22:49:18 +0200: Memory Usage (455840K) : deep mode is enabled.
2026-08-08 22:49:18 +0200: Memory Usage (455840K) : FEOL enabled: false
2026-08-08 22:49:18 +0200: Memory Usage (455840K) : BEOL enabled: false
2026-08-08 22:49:18 +0200: Memory Usage (455840K) : OFFGRID enabled: true
2026-08-08 22:49:18 +0200: Memory Usage (455840K) : ANGLE enabled: true
2026-08-08 22:49:18 +0200: Memory Usage (455840K) : PIN enabled: false
2026-08-08 22:49:18 +0200: Memory Usage (455840K) : FORBIDDEN enabled: false
2026-08-08 22:49:18 +0200: Memory Usage (455840K) : RECOMMENDED enabled: true
2026-08-08 22:49:18 +0200: Memory Usage (455840K) : PreCheck DRC enabled: false
2026-08-08 22:49:18 +0200: Memory Usage (455840K) : CONNECTIVITY_RULES enabled: false.
2026-08-08 22:49:18 +0200: Memory Usage (455840K) : Read in polygons from layers.
2026-08-08 22:49:18 +0200: Memory Usage (457224K) : activ_drw has 7986 polygons
2026-08-08 22:49:18 +0200: Memory Usage (457224K) : activ_pin has 0 polygons
2026-08-08 22:49:18 +0200: Memory Usage (457224K) : activ_mask has 0 polygons
2026-08-08 22:49:18 +0200: Memory Usage (457224K) : activ_filler has 0 polygons
2026-08-08 22:49:18 +0200: Memory Usage (457224K) : activ_nofill has 0 polygons
2026-08-08 22:49:19 +0200: Memory Usage (457352K) : activ_opc has 0 polygons
2026-08-08 22:49:19 +0200: Memory Usage (457352K) : activ_iopc has 0 polygons
2026-08-08 22:49:19 +0200: Memory Usage (457352K) : activ_noqrc has 0 polygons
2026-08-08 22:49:19 +0200: Memory Usage (457352K) : biwind_drw has 0 polygons
2026-08-08 22:49:19 +0200: Memory Usage (457352K) : biwind_opc has 0 polygons
2026-08-08 22:49:19 +0200: Memory Usage (457352K) : pemwind_drw has 0 polygons
2026-08-08 22:49:19 +0200: Memory Usage (457352K) : gatpoly_drw has 8374 polygons
2026-08-08 22:49:19 +0200: Memory Usage (457352K) : gatpoly_pin has 0 polygons
2026-08-08 22:49:19 +0200: Memory Usage (457352K) : gatpoly_filler has 0 polygons
2026-08-08 22:49:19 +0200: Memory Usage (457352K) : gatpoly_nofill has 0 polygons
2026-08-08 22:49:19 +0200: Memory Usage (457352K) : gatpoly_opc has 0 polygons
2026-08-08 22:49:19 +0200: Memory Usage (457352K) : gatpoly_iopc has 0 polygons
2026-08-08 22:49:19 +0200: Memory Usage (457352K) : gatpoly_noqrc has 0 polygons
2026-08-08 22:49:19 +0200: Memory Usage (457352K) : cont_drw has 54393 polygons
2026-08-08 22:49:19 +0200: Memory Usage (457352K) : cont_opc has 0 polygons
2026-08-08 22:49:19 +0200: Memory Usage (457352K) : nsd_drw has 0 polygons
2026-08-08 22:49:19 +0200: Memory Usage (457352K) : nsd_block has 0 polygons
2026-08-08 22:49:19 +0200: Memory Usage (457352K) : metal1_drw has 15531 polygons
2026-08-08 22:49:19 +0200: Memory Usage (457352K) : metal1_pin has 5535 polygons
2026-08-08 22:49:19 +0200: Memory Usage (457352K) : metal1_mask has 0 polygons
2026-08-08 22:49:19 +0200: Memory Usage (457352K) : metal1_filler has 0 polygons
2026-08-08 22:49:19 +0200: Memory Usage (457352K) : metal1_nofill has 0 polygons
2026-08-08 22:49:19 +0200: Memory Usage (457480K) : metal1_slit has 0 polygons
2026-08-08 22:49:19 +0200: Memory Usage (457668K) : metal1_text has 5454 polygons
2026-08-08 22:49:19 +0200: Memory Usage (457668K) : metal1_opc has 0 polygons
2026-08-08 22:49:19 +0200: Memory Usage (457668K) : metal1_noqrc has 0 polygons
2026-08-08 22:49:19 +0200: Memory Usage (457668K) : metal1_res has 0 polygons
2026-08-08 22:49:19 +0200: Memory Usage (457668K) : metal1_iprobe has 0 polygons
2026-08-08 22:49:19 +0200: Memory Usage (457668K) : metal1_diffprb has 0 polygons
2026-08-08 22:49:19 +0200: Memory Usage (457668K) : passiv_drw has 0 polygons
2026-08-08 22:49:19 +0200: Memory Usage (457668K) : passiv_pin has 0 polygons
2026-08-08 22:49:19 +0200: Memory Usage (457668K) : passiv_sbump has 0 polygons
2026-08-08 22:49:19 +0200: Memory Usage (457668K) : passiv_pillar has 0 polygons
2026-08-08 22:49:19 +0200: Memory Usage (457668K) : passiv_pdl has 0 polygons
2026-08-08 22:49:19 +0200: Memory Usage (457668K) : metal2_drw has 7663 polygons
2026-08-08 22:49:19 +0200: Memory Usage (457668K) : metal2_pin has 19 polygons
2026-08-08 22:49:19 +0200: Memory Usage (457668K) : metal2_mask has 0 polygons
2026-08-08 22:49:19 +0200: Memory Usage (457668K) : metal2_filler has 0 polygons
2026-08-08 22:49:19 +0200: Memory Usage (457668K) : metal2_nofill has 0 polygons
2026-08-08 22:49:19 +0200: Memory Usage (457668K) : metal2_slit has 0 polygons
2026-08-08 22:49:19 +0200: Memory Usage (457668K) : metal2_text has 19 polygons
2026-08-08 22:49:20 +0200: Memory Usage (457668K) : metal2_opc has 0 polygons
2026-08-08 22:49:20 +0200: Memory Usage (457668K) : metal2_noqrc has 0 polygons
2026-08-08 22:49:20 +0200: Memory Usage (457796K) : metal2_res has 0 polygons
2026-08-08 22:49:20 +0200: Memory Usage (457796K) : metal2_iprobe has 0 polygons
2026-08-08 22:49:20 +0200: Memory Usage (457796K) : metal2_diffprb has 0 polygons
2026-08-08 22:49:20 +0200: Memory Usage (457796K) : baspoly_drw has 0 polygons
2026-08-08 22:49:20 +0200: Memory Usage (457924K) : baspoly_pin has 0 polygons
2026-08-08 22:49:20 +0200: Memory Usage (457924K) : psd_drw has 3352 polygons
2026-08-08 22:49:20 +0200: Memory Usage (457924K) : nldb_drw has 0 polygons
2026-08-08 22:49:20 +0200: Memory Usage (458052K) : digibnd_drw has 0 polygons
2026-08-08 22:49:20 +0200: Memory Usage (458052K) : via1_drw has 2532 polygons
2026-08-08 22:49:20 +0200: Memory Usage (458052K) : backmetal1_drw has 0 polygons
2026-08-08 22:49:20 +0200: Memory Usage (458052K) : backmetal1_pin has 0 polygons
2026-08-08 22:49:20 +0200: Memory Usage (458180K) : backmetal1_mask has 0 polygons
2026-08-08 22:49:20 +0200: Memory Usage (458180K) : backmetal1_filler has 0 polygons
2026-08-08 22:49:20 +0200: Memory Usage (458180K) : backmetal1_nofill has 0 polygons
2026-08-08 22:49:20 +0200: Memory Usage (458180K) : backmetal1_slit has 0 polygons
2026-08-08 22:49:20 +0200: Memory Usage (458180K) : backmetal1_text has 0 polygons
2026-08-08 22:49:20 +0200: Memory Usage (458180K) : backmetal1_opc has 0 polygons
2026-08-08 22:49:20 +0200: Memory Usage (458180K) : backmetal1_noqrc has 0 polygons
2026-08-08 22:49:20 +0200: Memory Usage (458180K) : backmetal1_res has 0 polygons
2026-08-08 22:49:20 +0200: Memory Usage (458180K) : backmetal1_iprobe has 0 polygons
2026-08-08 22:49:20 +0200: Memory Usage (458180K) : backmetal1_diffprb has 0 polygons
2026-08-08 22:49:20 +0200: Memory Usage (458180K) : backpassiv_drw has 0 polygons
2026-08-08 22:49:20 +0200: Memory Usage (458180K) : res_drw has 0 polygons
2026-08-08 22:49:20 +0200: Memory Usage (458180K) : sram_drw has 0 polygons
2026-08-08 22:49:20 +0200: Memory Usage (458180K) : trans_drw has 0 polygons
2026-08-08 22:49:20 +0200: Memory Usage (458180K) : ind_drw has 0 polygons
2026-08-08 22:49:20 +0200: Memory Usage (458180K) : ind_pin has 0 polygons
2026-08-08 22:49:20 +0200: Memory Usage (458180K) : ind_text has 0 polygons
2026-08-08 22:49:20 +0200: Memory Usage (458180K) : salblock_drw has 0 polygons
2026-08-08 22:49:20 +0200: Memory Usage (458180K) : via2_drw has 2276 polygons
2026-08-08 22:49:20 +0200: Memory Usage (458180K) : metal3_drw has 3581 polygons
2026-08-08 22:49:20 +0200: Memory Usage (458180K) : metal3_pin has 11 polygons
2026-08-08 22:49:20 +0200: Memory Usage (458180K) : metal3_mask has 0 polygons
2026-08-08 22:49:20 +0200: Memory Usage (458180K) : metal3_filler has 0 polygons
2026-08-08 22:49:20 +0200: Memory Usage (458180K) : metal3_nofill has 0 polygons
2026-08-08 22:49:20 +0200: Memory Usage (458180K) : metal3_slit has 0 polygons
2026-08-08 22:49:20 +0200: Memory Usage (458180K) : metal3_text has 11 polygons
2026-08-08 22:49:20 +0200: Memory Usage (458180K) : metal3_opc has 0 polygons
2026-08-08 22:49:20 +0200: Memory Usage (458180K) : metal3_noqrc has 0 polygons
2026-08-08 22:49:20 +0200: Memory Usage (458180K) : metal3_res has 0 polygons
2026-08-08 22:49:20 +0200: Memory Usage (458180K) : metal3_iprobe has 0 polygons
2026-08-08 22:49:20 +0200: Memory Usage (458180K) : metal3_diffprb has 0 polygons
2026-08-08 22:49:20 +0200: Memory Usage (458180K) : nwell_drw has 1666 polygons
2026-08-08 22:49:21 +0200: Memory Usage (458180K) : nwell_pin has 0 polygons
2026-08-08 22:49:21 +0200: Memory Usage (458180K) : nbulay_drw has 0 polygons
2026-08-08 22:49:21 +0200: Memory Usage (458180K) : nbulay_pin has 0 polygons
2026-08-08 22:49:21 +0200: Memory Usage (458180K) : nbulay_block has 0 polygons
2026-08-08 22:49:21 +0200: Memory Usage (458180K) : emwind_drw has 0 polygons
2026-08-08 22:49:21 +0200: Memory Usage (458180K) : emwind_opc has 0 polygons
2026-08-08 22:49:21 +0200: Memory Usage (458180K) : deepco_drw has 0 polygons
2026-08-08 22:49:21 +0200: Memory Usage (458180K) : deepco_drw has 0 polygons
2026-08-08 22:49:21 +0200: Memory Usage (458180K) : mim_drw has 0 polygons
2026-08-08 22:49:21 +0200: Memory Usage (458180K) : edgeseal_drw has 0 polygons
2026-08-08 22:49:21 +0200: Memory Usage (458180K) : edgeseal_bound has 0 polygons
2026-08-08 22:49:21 +0200: Memory Usage (458180K) : substrate_drw has 0 polygons
2026-08-08 22:49:21 +0200: Memory Usage (458180K) : substrate_text has 0 polygons
2026-08-08 22:49:21 +0200: Memory Usage (458180K) : dfpad_drw has 0 polygons
2026-08-08 22:49:21 +0200: Memory Usage (458180K) : dfpad_pillar has 0 polygons
2026-08-08 22:49:21 +0200: Memory Usage (458180K) : dfpad_sbump has 0 polygons
2026-08-08 22:49:21 +0200: Memory Usage (458180K) : thickgateox_drw has 0 polygons
2026-08-08 22:49:21 +0200: Memory Usage (458180K) : pldb_drw has 0 polygons
2026-08-08 22:49:21 +0200: Memory Usage (458180K) : pwell_drw has 0 polygons
2026-08-08 22:49:21 +0200: Memory Usage (458180K) : pwell_pin has 0 polygons
2026-08-08 22:49:21 +0200: Memory Usage (458180K) : pwell_block has 0 polygons
2026-08-08 22:49:21 +0200: Memory Usage (458180K) : ic_drw has 0 polygons
2026-08-08 22:49:21 +0200: Memory Usage (458180K) : via3_drw has 512 polygons
2026-08-08 22:49:21 +0200: Memory Usage (458180K) : metal4_drw has 385 polygons
2026-08-08 22:49:21 +0200: Memory Usage (458180K) : metal4_pin has 0 polygons
2026-08-08 22:49:21 +0200: Memory Usage (458180K) : metal4_mask has 0 polygons
2026-08-08 22:49:21 +0200: Memory Usage (458180K) : metal4_filler has 0 polygons
2026-08-08 22:49:21 +0200: Memory Usage (458180K) : metal4_nofill has 0 polygons
2026-08-08 22:49:21 +0200: Memory Usage (458180K) : metal4_slit has 0 polygons
2026-08-08 22:49:21 +0200: Memory Usage (458180K) : metal4_text has 0 polygons
2026-08-08 22:49:21 +0200: Memory Usage (458180K) : metal4_opc has 0 polygons
2026-08-08 22:49:21 +0200: Memory Usage (458180K) : metal4_noqrc has 0 polygons
2026-08-08 22:49:21 +0200: Memory Usage (458180K) : metal4_res has 0 polygons
2026-08-08 22:49:21 +0200: Memory Usage (458180K) : metal4_iprobe has 0 polygons
2026-08-08 22:49:21 +0200: Memory Usage (458180K) : metal4_diffprb has 0 polygons
2026-08-08 22:49:21 +0200: Memory Usage (458180K) : heattrans_drw has 0 polygons
2026-08-08 22:49:21 +0200: Memory Usage (458180K) : heatres_drw has 0 polygons
2026-08-08 22:49:22 +0200: Memory Usage (458180K) : pempoly_drw has 0 polygons
2026-08-08 22:49:22 +0200: Memory Usage (458180K) : fbe_drw has 0 polygons
2026-08-08 22:49:22 +0200: Memory Usage (458180K) : empoly_drw has 0 polygons
2026-08-08 22:49:22 +0200: Memory Usage (458180K) : ldmos_drw has 0 polygons
2026-08-08 22:49:22 +0200: Memory Usage (458180K) : pbiwind_drw has 0 polygons
2026-08-08 22:49:22 +0200: Memory Usage (458180K) : digisub_drw has 0 polygons
2026-08-08 22:49:22 +0200: Memory Usage (458180K) : nodrc_drw has 0 polygons
2026-08-08 22:49:22 +0200: Memory Usage (458180K) : text_drw has 0 polygons
2026-08-08 22:49:22 +0200: Memory Usage (458180K) : via4_drw has 410 polygons
2026-08-08 22:49:22 +0200: Memory Usage (458180K) : metal5_drw has 268 polygons
2026-08-08 22:49:22 +0200: Memory Usage (458180K) : metal5_pin has 0 polygons
2026-08-08 22:49:22 +0200: Memory Usage (458180K) : metal5_mask has 0 polygons
2026-08-08 22:49:22 +0200: Memory Usage (458180K) : metal5_filler has 0 polygons
2026-08-08 22:49:22 +0200: Memory Usage (458180K) : metal5_nofill has 0 polygons
2026-08-08 22:49:22 +0200: Memory Usage (458180K) : metal5_slit has 0 polygons
2026-08-08 22:49:22 +0200: Memory Usage (458180K) : metal5_text has 0 polygons
2026-08-08 22:49:22 +0200: Memory Usage (458180K) : metal5_opc has 0 polygons
2026-08-08 22:49:22 +0200: Memory Usage (458180K) : metal5_noqrc has 0 polygons
2026-08-08 22:49:22 +0200: Memory Usage (458180K) : metal5_res has 0 polygons
2026-08-08 22:49:22 +0200: Memory Usage (458180K) : metal5_iprobe has 0 polygons
2026-08-08 22:49:22 +0200: Memory Usage (458180K) : metal5_diffprb has 0 polygons
2026-08-08 22:49:22 +0200: Memory Usage (458180K) : radhard_drw has 0 polygons
2026-08-08 22:49:22 +0200: Memory Usage (458180K) : memcap_drw has 0 polygons
2026-08-08 22:49:22 +0200: Memory Usage (458180K) : varicap_drw has 0 polygons
2026-08-08 22:49:22 +0200: Memory Usage (458180K) : flash_drw has 0 polygons
2026-08-08 22:49:22 +0200: Memory Usage (458180K) : intbondvia_drw has 0 polygons
2026-08-08 22:49:22 +0200: Memory Usage (458180K) : intbondmet_drw has 0 polygons
2026-08-08 22:49:22 +0200: Memory Usage (458180K) : devbondvia_drw has 0 polygons
2026-08-08 22:49:22 +0200: Memory Usage (458180K) : devbondmet_drw has 0 polygons
2026-08-08 22:49:22 +0200: Memory Usage (458180K) : devtrench_drw has 0 polygons
2026-08-08 22:49:22 +0200: Memory Usage (458180K) : redist_drw has 0 polygons
2026-08-08 22:49:22 +0200: Memory Usage (458180K) : graphbot_drw has 0 polygons
2026-08-08 22:49:22 +0200: Memory Usage (458180K) : graphtop_drw has 0 polygons
2026-08-08 22:49:22 +0200: Memory Usage (458180K) : antvia1_drw has 0 polygons
2026-08-08 22:49:22 +0200: Memory Usage (458180K) : antmetal2_drw has 0 polygons
2026-08-08 22:49:22 +0200: Memory Usage (458180K) : graphcont_drw has 0 polygons
2026-08-08 22:49:22 +0200: Memory Usage (458180K) : siwg_drw has 0 polygons
2026-08-08 22:49:22 +0200: Memory Usage (458308K) : siwg_filler has 0 polygons
2026-08-08 22:49:22 +0200: Memory Usage (458308K) : siwg_nofill has 0 polygons
2026-08-08 22:49:22 +0200: Memory Usage (458308K) : sigrating_drw has 0 polygons
2026-08-08 22:49:22 +0200: Memory Usage (458308K) : singrating_drw has 0 polygons
2026-08-08 22:49:22 +0200: Memory Usage (458308K) : graphpas_drw has 0 polygons
2026-08-08 22:49:22 +0200: Memory Usage (458308K) : emwind3_drw has 0 polygons
2026-08-08 22:49:22 +0200: Memory Usage (458308K) : emwihv3_drw has 0 polygons
2026-08-08 22:49:22 +0200: Memory Usage (458308K) : redbulay_drw has 0 polygons
2026-08-08 22:49:22 +0200: Memory Usage (458308K) : smos_drw has 0 polygons
2026-08-08 22:49:22 +0200: Memory Usage (458308K) : graphpad_drw has 0 polygons
2026-08-08 22:49:22 +0200: Memory Usage (458308K) : polimide_drw has 0 polygons
2026-08-08 22:49:22 +0200: Memory Usage (458308K) : polimide_pin has 0 polygons
2026-08-08 22:49:22 +0200: Memory Usage (458308K) : recog_drw has 0 polygons
2026-08-08 22:49:22 +0200: Memory Usage (458436K) : recog_pin has 0 polygons
2026-08-08 22:49:22 +0200: Memory Usage (458436K) : recog_esd has 0 polygons
2026-08-08 22:49:22 +0200: Memory Usage (458436K) : recog_diode has 0 polygons
2026-08-08 22:49:22 +0200: Memory Usage (458436K) : recog_tsv has 0 polygons
2026-08-08 22:49:22 +0200: Memory Usage (458436K) : recog_iprobe has 0 polygons
2026-08-08 22:49:22 +0200: Memory Usage (458436K) : recog_diffprb has 0 polygons
2026-08-08 22:49:22 +0200: Memory Usage (458436K) : recog_pillar has 0 polygons
2026-08-08 22:49:22 +0200: Memory Usage (458436K) : recog_sbump has 0 polygons
2026-08-08 22:49:22 +0200: Memory Usage (458436K) : recog_otp has 0 polygons
2026-08-08 22:49:22 +0200: Memory Usage (458436K) : recog_pdiode has 0 polygons
2026-08-08 22:49:22 +0200: Memory Usage (458436K) : recog_mom has 0 polygons
2026-08-08 22:49:22 +0200: Memory Usage (458436K) : recog_pcm has 0 polygons
2026-08-08 22:49:22 +0200: Memory Usage (458436K) : colopen_drw has 0 polygons
2026-08-08 22:49:22 +0200: Memory Usage (458436K) : graphmetal1_drw has 0 polygons
2026-08-08 22:49:22 +0200: Memory Usage (458436K) : graphmetal1_filler has 0 polygons
2026-08-08 22:49:22 +0200: Memory Usage (458436K) : graphmetal1_nofill has 0 polygons
2026-08-08 22:49:22 +0200: Memory Usage (458436K) : graphmetal1_slit has 0 polygons
2026-08-08 22:49:22 +0200: Memory Usage (458436K) : graphmetal1_opc has 0 polygons
2026-08-08 22:49:23 +0200: Memory Usage (458436K) : graphmet1l_drw has 0 polygons
2026-08-08 22:49:23 +0200: Memory Usage (458436K) : graphmet1l_filler has 0 polygons
2026-08-08 22:49:23 +0200: Memory Usage (458436K) : graphmet1l_nofill has 0 polygons
2026-08-08 22:49:23 +0200: Memory Usage (458436K) : graphmet1l_slit has 0 polygons
2026-08-08 22:49:23 +0200: Memory Usage (458436K) : graphmet1l_opc has 0 polygons
2026-08-08 22:49:23 +0200: Memory Usage (458436K) : extblock_drw has 0 polygons
2026-08-08 22:49:23 +0200: Memory Usage (458436K) : nldd_drw has 0 polygons
2026-08-08 22:49:23 +0200: Memory Usage (458436K) : pldd_drw has 0 polygons
2026-08-08 22:49:23 +0200: Memory Usage (458436K) : next_drw has 0 polygons
2026-08-08 22:49:23 +0200: Memory Usage (458436K) : pext_drw has 0 polygons
2026-08-08 22:49:23 +0200: Memory Usage (458436K) : nexthv_drw has 0 polygons
2026-08-08 22:49:23 +0200: Memory Usage (458436K) : pexthv_drw has 0 polygons
2026-08-08 22:49:23 +0200: Memory Usage (458436K) : graphgate_drw has 0 polygons
2026-08-08 22:49:23 +0200: Memory Usage (458436K) : sinwg_drw has 0 polygons
2026-08-08 22:49:23 +0200: Memory Usage (458436K) : sinwg_filler has 0 polygons
2026-08-08 22:49:23 +0200: Memory Usage (458436K) : sinwg_nofill has 0 polygons
2026-08-08 22:49:23 +0200: Memory Usage (458436K) : mempad_drw has 0 polygons
2026-08-08 22:49:23 +0200: Memory Usage (458436K) : topvia1_drw has 156 polygons
2026-08-08 22:49:23 +0200: Memory Usage (458436K) : topmetal1_drw has 94 polygons
2026-08-08 22:49:23 +0200: Memory Usage (458436K) : topmetal1_pin has 4 polygons
2026-08-08 22:49:23 +0200: Memory Usage (458436K) : topmetal1_mask has 0 polygons
2026-08-08 22:49:23 +0200: Memory Usage (458436K) : topmetal1_filler has 0 polygons
2026-08-08 22:49:23 +0200: Memory Usage (458436K) : topmetal1_nofill has 0 polygons
2026-08-08 22:49:23 +0200: Memory Usage (458436K) : topmetal1_slit has 0 polygons
2026-08-08 22:49:23 +0200: Memory Usage (458436K) : topmetal1_text has 2 polygons
2026-08-08 22:49:23 +0200: Memory Usage (458436K) : topmetal1_noqrc has 0 polygons
2026-08-08 22:49:23 +0200: Memory Usage (458436K) : topmetal1_res has 0 polygons
2026-08-08 22:49:23 +0200: Memory Usage (458436K) : topmetal1_iprobe has 0 polygons
2026-08-08 22:49:23 +0200: Memory Usage (458436K) : topmetal1_diffprb has 0 polygons
2026-08-08 22:49:23 +0200: Memory Usage (458436K) : inldpwl_drw has 0 polygons
2026-08-08 22:49:23 +0200: Memory Usage (458436K) : polyres_drw has 0 polygons
2026-08-08 22:49:23 +0200: Memory Usage (458436K) : polyres_pin has 0 polygons
2026-08-08 22:49:23 +0200: Memory Usage (458436K) : vmim_drw has 0 polygons
2026-08-08 22:49:23 +0200: Memory Usage (458436K) : nbulaycut_drw has 0 polygons
2026-08-08 22:49:23 +0200: Memory Usage (458436K) : antmetal1_drw has 0 polygons
2026-08-08 22:49:23 +0200: Memory Usage (458436K) : topvia2_drw has 8 polygons
2026-08-08 22:49:23 +0200: Memory Usage (458436K) : topmetal2_drw has 16 polygons
2026-08-08 22:49:23 +0200: Memory Usage (458436K) : topmetal2_pin has 4 polygons
2026-08-08 22:49:23 +0200: Memory Usage (458436K) : topmetal2_mask has 0 polygons
2026-08-08 22:49:23 +0200: Memory Usage (458436K) : topmetal2_filler has 0 polygons
2026-08-08 22:49:23 +0200: Memory Usage (458436K) : topmetal2_nofill has 0 polygons
2026-08-08 22:49:23 +0200: Memory Usage (458436K) : topmetal2_slit has 0 polygons
2026-08-08 22:49:23 +0200: Memory Usage (458436K) : topmetal2_text has 2 polygons
2026-08-08 22:49:23 +0200: Memory Usage (458436K) : topmetal2_noqrc has 0 polygons
2026-08-08 22:49:23 +0200: Memory Usage (458436K) : topmetal2_res has 0 polygons
2026-08-08 22:49:24 +0200: Memory Usage (458436K) : topmetal2_iprobe has 0 polygons
2026-08-08 22:49:24 +0200: Memory Usage (458436K) : topmetal2_diffprb has 0 polygons
2026-08-08 22:49:24 +0200: Memory Usage (458436K) : snsring_drw has 0 polygons
2026-08-08 22:49:24 +0200: Memory Usage (458436K) : sensor_drw has 0 polygons
2026-08-08 22:49:24 +0200: Memory Usage (458436K) : snsarms_drw has 0 polygons
2026-08-08 22:49:24 +0200: Memory Usage (458436K) : snscmosvia_drw has 0 polygons
2026-08-08 22:49:24 +0200: Memory Usage (458436K) : colwind_drw has 0 polygons
2026-08-08 22:49:24 +0200: Memory Usage (458436K) : flm_drw has 0 polygons
2026-08-08 22:49:24 +0200: Memory Usage (458436K) : hafniumox_drw has 0 polygons
2026-08-08 22:49:24 +0200: Memory Usage (458436K) : memvia_drw has 0 polygons
2026-08-08 22:49:24 +0200: Memory Usage (458436K) : thinfilmres_drw has 0 polygons
2026-08-08 22:49:24 +0200: Memory Usage (458436K) : rfmem_drw has 0 polygons
2026-08-08 22:49:24 +0200: Memory Usage (458436K) : norcx_drw has 0 polygons
2026-08-08 22:49:24 +0200: Memory Usage (458436K) : norcx_m2m3 has 0 polygons
2026-08-08 22:49:24 +0200: Memory Usage (458436K) : norcx_m2m4 has 0 polygons
2026-08-08 22:49:24 +0200: Memory Usage (458436K) : norcx_m2m5 has 0 polygons
2026-08-08 22:49:24 +0200: Memory Usage (458436K) : norcx_m2tm1 has 0 polygons
2026-08-08 22:49:24 +0200: Memory Usage (458436K) : norcx_m2tm2 has 0 polygons
2026-08-08 22:49:24 +0200: Memory Usage (458436K) : norcx_m3m4 has 0 polygons
2026-08-08 22:49:24 +0200: Memory Usage (458436K) : norcx_m3m5 has 0 polygons
2026-08-08 22:49:24 +0200: Memory Usage (458436K) : norcx_m3tm1 has 0 polygons
2026-08-08 22:49:24 +0200: Memory Usage (458436K) : norcx_m3tm2 has 0 polygons
2026-08-08 22:49:24 +0200: Memory Usage (458436K) : norcx_m4m5 has 0 polygons
2026-08-08 22:49:24 +0200: Memory Usage (458436K) : norcx_m4tm1 has 0 polygons
2026-08-08 22:49:24 +0200: Memory Usage (458436K) : norcx_m4tm2 has 0 polygons
2026-08-08 22:49:24 +0200: Memory Usage (458436K) : norcx_m5tm1 has 0 polygons
2026-08-08 22:49:24 +0200: Memory Usage (458436K) : norcx_m5tm2 has 0 polygons
2026-08-08 22:49:24 +0200: Memory Usage (458436K) : norcx_tm1tm2 has 0 polygons
2026-08-08 22:49:24 +0200: Memory Usage (458436K) : norcx_m1sub has 0 polygons
2026-08-08 22:49:24 +0200: Memory Usage (458436K) : norcx_m2sub has 0 polygons
2026-08-08 22:49:24 +0200: Memory Usage (458436K) : norcx_m3sub has 0 polygons
2026-08-08 22:49:24 +0200: Memory Usage (458436K) : norcx_m4sub has 0 polygons
2026-08-08 22:49:24 +0200: Memory Usage (458436K) : norcx_m5sub has 0 polygons
2026-08-08 22:49:24 +0200: Memory Usage (458436K) : norcx_tm1sub has 0 polygons
2026-08-08 22:49:24 +0200: Memory Usage (458436K) : norcx_tm2sub has 0 polygons
2026-08-08 22:49:24 +0200: Memory Usage (458436K) : snsbotvia_drw has 0 polygons
2026-08-08 22:49:24 +0200: Memory Usage (458436K) : snstopvia_drw has 0 polygons
2026-08-08 22:49:24 +0200: Memory Usage (458436K) : deepvia_drw has 0 polygons
2026-08-08 22:49:24 +0200: Memory Usage (458436K) : fgetch_drw has 0 polygons
2026-08-08 22:49:24 +0200: Memory Usage (458436K) : ctrgat_drw has 0 polygons
2026-08-08 22:49:24 +0200: Memory Usage (458436K) : fgimp_drw has 0 polygons
2026-08-08 22:49:24 +0200: Memory Usage (458436K) : emwihv_drw has 0 polygons
2026-08-08 22:49:24 +0200: Memory Usage (458436K) : lbe_drw has 0 polygons
2026-08-08 22:49:24 +0200: Memory Usage (458436K) : alcustop_drw has 0 polygons
2026-08-08 22:49:24 +0200: Memory Usage (458436K) : nometfiller_drw has 0 polygons
2026-08-08 22:49:24 +0200: Memory Usage (458436K) : prboundary_drw has 0 polygons
2026-08-08 22:49:24 +0200: Memory Usage (458436K) : exchange0_drw has 0 polygons
2026-08-08 22:49:24 +0200: Memory Usage (458436K) : exchange0_pin has 0 polygons
2026-08-08 22:49:25 +0200: Memory Usage (458436K) : exchange0_text has 0 polygons
2026-08-08 22:49:25 +0200: Memory Usage (458436K) : exchange1_drw has 0 polygons
2026-08-08 22:49:25 +0200: Memory Usage (458436K) : exchange1_pin has 0 polygons
2026-08-08 22:49:25 +0200: Memory Usage (458436K) : exchange1_text has 0 polygons
2026-08-08 22:49:25 +0200: Memory Usage (458436K) : exchange2_drw has 0 polygons
2026-08-08 22:49:25 +0200: Memory Usage (458436K) : exchange2_pin has 0 polygons
2026-08-08 22:49:25 +0200: Memory Usage (458436K) : exchange2_text has 0 polygons
2026-08-08 22:49:25 +0200: Memory Usage (458436K) : exchange3_drw has 0 polygons
2026-08-08 22:49:25 +0200: Memory Usage (458436K) : exchange3_pin has 0 polygons
2026-08-08 22:49:25 +0200: Memory Usage (458436K) : exchange3_text has 0 polygons
2026-08-08 22:49:25 +0200: Memory Usage (458436K) : exchange4_drw has 0 polygons
2026-08-08 22:49:25 +0200: Memory Usage (458436K) : exchange4_pin has 0 polygons
2026-08-08 22:49:25 +0200: Memory Usage (458436K) : exchange4_text has 0 polygons
2026-08-08 22:49:25 +0200: Memory Usage (458436K) : isonwell_drw has 0 polygons
2026-08-08 22:49:25 +0200: Memory Usage (458436K) : Total no. of polygons in the design is 120264
2026-08-08 22:49:25 +0200: Memory Usage (458436K) : Loaded TECH DRC rules values from /foss/pdks/ihp-sg13g2/libs.tech/klayout/python/sg13g2_pycell_lib/sg13g2_tech_mod.json
2026-08-08 22:49:25 +0200: Memory Usage (458436K) : Loaded default DRC rules values from /foss/pdks/ihp-sg13g2/libs.tech/klayout/tech/drc/rule_decks/sg13g2_tech_default.json
2026-08-08 22:49:25 +0200: Memory Usage (458436K) : The following rules values were missing in tech json and default values were used:
2026-08-08 22:49:25 +0200: Memory Usage (458436K) :   - NW_f1_digibnd
2026-08-08 22:49:25 +0200: Memory Usage (458436K) :   - Cnt_c_digibnd
2026-08-08 22:49:25 +0200: Memory Usage (458436K) :   - Cnt_c_sram
2026-08-08 22:49:25 +0200: Memory Usage (458436K) :   - Sdiod_b
2026-08-08 22:49:25 +0200: Memory Usage (458436K) :   - Sdiod_c
2026-08-08 22:49:25 +0200: Memory Usage (459392K) : Total area of the design is 27848.17 um^2.
2026-08-08 22:49:25 +0200: Memory Usage (459392K) : The design dimensions are 157.78 µm * 176.5 µm.
2026-08-08 22:49:25 +0200: Memory Usage (459392K) : Starting general IHP-SG13G2 derivations.
2026-08-08 22:49:25 +0200: Memory Usage (459392K) : Starting Pwell derivations
2026-08-08 22:49:25 +0200: Memory Usage (462852K) : Starting IHP-SG13G2 DRC rules.
2026-08-08 22:49:25 +0200: Memory Usage (462852K) : Starting 5.10 pSD table
2026-08-08 22:49:25 +0200: Memory Usage (462852K) : Executing rule pSD.c1
2026-08-08 22:49:26 +0200: Memory Usage (468816K) : KLayout DRC run for tables 'psd' completed in 7.85 seconds
