# Logfile created on 2026-08-08 22:51:12 +0200 by logger.rb/v1.5.3
2026-08-08 22:51:12 +0200: Memory Usage (454952K) : Starting running IHP-SG13G2 KLayout DRC runset on /foss/designs/spi-slave-ihp/flow/runs/RUN_2026-08-08_22-27-58/final/klayout_gds/spi_slave.klayout.gds
2026-08-08 22:51:12 +0200: Memory Usage (454952K) : Ruby Version for klayout: 3.2.3
2026-08-08 22:51:12 +0200: Memory Usage (456212K) : Loading database to memory is complete.
2026-08-08 22:51:12 +0200: Memory Usage (456212K) : IHP-SG13G2 KLayout DRC runset output at: /foss/designs/spi-slave-ihp/signoff/drc_noring/spi_slave.klayout_spi_slave_metaln.lyrdb
2026-08-08 22:51:12 +0200: Memory Usage (456340K) : Evaluate switches.
2026-08-08 22:51:12 +0200: Memory Usage (456340K) : tables selected: metaln
2026-08-08 22:51:12 +0200: Memory Usage (456340K) : KLayout will use 8 thread(s) in tiling mode.
2026-08-08 22:51:12 +0200: Memory Usage (456340K) : deep mode is enabled.
2026-08-08 22:51:12 +0200: Memory Usage (456340K) : FEOL enabled: false
2026-08-08 22:51:12 +0200: Memory Usage (456340K) : BEOL enabled: false
2026-08-08 22:51:12 +0200: Memory Usage (456340K) : OFFGRID enabled: true
2026-08-08 22:51:12 +0200: Memory Usage (456340K) : ANGLE enabled: true
2026-08-08 22:51:12 +0200: Memory Usage (456340K) : PIN enabled: false
2026-08-08 22:51:12 +0200: Memory Usage (456340K) : FORBIDDEN enabled: false
2026-08-08 22:51:12 +0200: Memory Usage (456340K) : RECOMMENDED enabled: true
2026-08-08 22:51:12 +0200: Memory Usage (456340K) : PreCheck DRC enabled: false
2026-08-08 22:51:12 +0200: Memory Usage (456340K) : CONNECTIVITY_RULES enabled: false.
2026-08-08 22:51:12 +0200: Memory Usage (456340K) : Read in polygons from layers.
2026-08-08 22:51:12 +0200: Memory Usage (457720K) : activ_drw has 7986 polygons
2026-08-08 22:51:12 +0200: Memory Usage (457848K) : activ_pin has 0 polygons
2026-08-08 22:51:12 +0200: Memory Usage (457848K) : activ_mask has 0 polygons
2026-08-08 22:51:12 +0200: Memory Usage (457848K) : activ_filler has 0 polygons
2026-08-08 22:51:12 +0200: Memory Usage (457848K) : activ_nofill has 0 polygons
2026-08-08 22:51:12 +0200: Memory Usage (457848K) : activ_opc has 0 polygons
2026-08-08 22:51:12 +0200: Memory Usage (457848K) : activ_iopc has 0 polygons
2026-08-08 22:51:12 +0200: Memory Usage (457848K) : activ_noqrc has 0 polygons
2026-08-08 22:51:12 +0200: Memory Usage (457976K) : biwind_drw has 0 polygons
2026-08-08 22:51:12 +0200: Memory Usage (457976K) : biwind_opc has 0 polygons
2026-08-08 22:51:12 +0200: Memory Usage (457976K) : pemwind_drw has 0 polygons
2026-08-08 22:51:12 +0200: Memory Usage (458104K) : gatpoly_drw has 8374 polygons
2026-08-08 22:51:12 +0200: Memory Usage (458104K) : gatpoly_pin has 0 polygons
2026-08-08 22:51:12 +0200: Memory Usage (458232K) : gatpoly_filler has 0 polygons
2026-08-08 22:51:12 +0200: Memory Usage (458360K) : gatpoly_nofill has 0 polygons
2026-08-08 22:51:12 +0200: Memory Usage (458360K) : gatpoly_opc has 0 polygons
2026-08-08 22:51:12 +0200: Memory Usage (458488K) : gatpoly_iopc has 0 polygons
2026-08-08 22:51:12 +0200: Memory Usage (458488K) : gatpoly_noqrc has 0 polygons
2026-08-08 22:51:12 +0200: Memory Usage (458488K) : cont_drw has 54393 polygons
2026-08-08 22:51:12 +0200: Memory Usage (458616K) : cont_opc has 0 polygons
2026-08-08 22:51:12 +0200: Memory Usage (458616K) : nsd_drw has 0 polygons
2026-08-08 22:51:13 +0200: Memory Usage (458616K) : nsd_block has 0 polygons
2026-08-08 22:51:13 +0200: Memory Usage (458752K) : metal1_drw has 15531 polygons
2026-08-08 22:51:13 +0200: Memory Usage (458752K) : metal1_pin has 5535 polygons
2026-08-08 22:51:13 +0200: Memory Usage (458752K) : metal1_mask has 0 polygons
2026-08-08 22:51:13 +0200: Memory Usage (458752K) : metal1_filler has 0 polygons
2026-08-08 22:51:13 +0200: Memory Usage (458752K) : metal1_nofill has 0 polygons
2026-08-08 22:51:13 +0200: Memory Usage (459008K) : metal1_slit has 0 polygons
2026-08-08 22:51:13 +0200: Memory Usage (459196K) : metal1_text has 5454 polygons
2026-08-08 22:51:13 +0200: Memory Usage (459196K) : metal1_opc has 0 polygons
2026-08-08 22:51:13 +0200: Memory Usage (459196K) : metal1_noqrc has 0 polygons
2026-08-08 22:51:13 +0200: Memory Usage (459196K) : metal1_res has 0 polygons
2026-08-08 22:51:13 +0200: Memory Usage (459196K) : metal1_iprobe has 0 polygons
2026-08-08 22:51:13 +0200: Memory Usage (459196K) : metal1_diffprb has 0 polygons
2026-08-08 22:51:13 +0200: Memory Usage (459196K) : passiv_drw has 0 polygons
2026-08-08 22:51:13 +0200: Memory Usage (459196K) : passiv_pin has 0 polygons
2026-08-08 22:51:13 +0200: Memory Usage (459196K) : passiv_sbump has 0 polygons
2026-08-08 22:51:13 +0200: Memory Usage (459196K) : passiv_pillar has 0 polygons
2026-08-08 22:51:13 +0200: Memory Usage (459196K) : passiv_pdl has 0 polygons
2026-08-08 22:51:13 +0200: Memory Usage (459196K) : metal2_drw has 7663 polygons
2026-08-08 22:51:13 +0200: Memory Usage (459196K) : metal2_pin has 19 polygons
2026-08-08 22:51:13 +0200: Memory Usage (459196K) : metal2_mask has 0 polygons
2026-08-08 22:51:13 +0200: Memory Usage (459196K) : metal2_filler has 0 polygons
2026-08-08 22:51:13 +0200: Memory Usage (459196K) : metal2_nofill has 0 polygons
2026-08-08 22:51:13 +0200: Memory Usage (459196K) : metal2_slit has 0 polygons
2026-08-08 22:51:13 +0200: Memory Usage (459196K) : metal2_text has 19 polygons
2026-08-08 22:51:13 +0200: Memory Usage (459196K) : metal2_opc has 0 polygons
2026-08-08 22:51:13 +0200: Memory Usage (459196K) : metal2_noqrc has 0 polygons
2026-08-08 22:51:13 +0200: Memory Usage (459196K) : metal2_res has 0 polygons
2026-08-08 22:51:13 +0200: Memory Usage (459196K) : metal2_iprobe has 0 polygons
2026-08-08 22:51:13 +0200: Memory Usage (459196K) : metal2_diffprb has 0 polygons
2026-08-08 22:51:13 +0200: Memory Usage (459196K) : baspoly_drw has 0 polygons
2026-08-08 22:51:13 +0200: Memory Usage (459196K) : baspoly_pin has 0 polygons
2026-08-08 22:51:13 +0200: Memory Usage (459196K) : psd_drw has 3352 polygons
2026-08-08 22:51:13 +0200: Memory Usage (459196K) : nldb_drw has 0 polygons
2026-08-08 22:51:13 +0200: Memory Usage (459196K) : digibnd_drw has 0 polygons
2026-08-08 22:51:13 +0200: Memory Usage (459196K) : via1_drw has 2532 polygons
2026-08-08 22:51:13 +0200: Memory Usage (459196K) : backmetal1_drw has 0 polygons
2026-08-08 22:51:13 +0200: Memory Usage (459196K) : backmetal1_pin has 0 polygons
2026-08-08 22:51:13 +0200: Memory Usage (459196K) : backmetal1_mask has 0 polygons
2026-08-08 22:51:13 +0200: Memory Usage (459196K) : backmetal1_filler has 0 polygons
2026-08-08 22:51:13 +0200: Memory Usage (459196K) : backmetal1_nofill has 0 polygons
2026-08-08 22:51:13 +0200: Memory Usage (459196K) : backmetal1_slit has 0 polygons
2026-08-08 22:51:13 +0200: Memory Usage (459196K) : backmetal1_text has 0 polygons
2026-08-08 22:51:13 +0200: Memory Usage (459196K) : backmetal1_opc has 0 polygons
2026-08-08 22:51:13 +0200: Memory Usage (459196K) : backmetal1_noqrc has 0 polygons
2026-08-08 22:51:13 +0200: Memory Usage (459196K) : backmetal1_res has 0 polygons
2026-08-08 22:51:13 +0200: Memory Usage (459196K) : backmetal1_iprobe has 0 polygons
2026-08-08 22:51:13 +0200: Memory Usage (459196K) : backmetal1_diffprb has 0 polygons
2026-08-08 22:51:13 +0200: Memory Usage (459196K) : backpassiv_drw has 0 polygons
2026-08-08 22:51:13 +0200: Memory Usage (459196K) : res_drw has 0 polygons
2026-08-08 22:51:13 +0200: Memory Usage (459196K) : sram_drw has 0 polygons
2026-08-08 22:51:13 +0200: Memory Usage (459196K) : trans_drw has 0 polygons
2026-08-08 22:51:13 +0200: Memory Usage (459196K) : ind_drw has 0 polygons
2026-08-08 22:51:13 +0200: Memory Usage (459196K) : ind_pin has 0 polygons
2026-08-08 22:51:13 +0200: Memory Usage (459196K) : ind_text has 0 polygons
2026-08-08 22:51:13 +0200: Memory Usage (459196K) : salblock_drw has 0 polygons
2026-08-08 22:51:13 +0200: Memory Usage (459196K) : via2_drw has 2276 polygons
2026-08-08 22:51:13 +0200: Memory Usage (459196K) : metal3_drw has 3581 polygons
2026-08-08 22:51:13 +0200: Memory Usage (459196K) : metal3_pin has 11 polygons
2026-08-08 22:51:13 +0200: Memory Usage (459196K) : metal3_mask has 0 polygons
2026-08-08 22:51:13 +0200: Memory Usage (459196K) : metal3_filler has 0 polygons
2026-08-08 22:51:13 +0200: Memory Usage (459196K) : metal3_nofill has 0 polygons
2026-08-08 22:51:13 +0200: Memory Usage (459196K) : metal3_slit has 0 polygons
2026-08-08 22:51:13 +0200: Memory Usage (459196K) : metal3_text has 11 polygons
2026-08-08 22:51:13 +0200: Memory Usage (459196K) : metal3_opc has 0 polygons
2026-08-08 22:51:13 +0200: Memory Usage (459196K) : metal3_noqrc has 0 polygons
2026-08-08 22:51:14 +0200: Memory Usage (459196K) : metal3_res has 0 polygons
2026-08-08 22:51:14 +0200: Memory Usage (459196K) : metal3_iprobe has 0 polygons
2026-08-08 22:51:14 +0200: Memory Usage (459196K) : metal3_diffprb has 0 polygons
2026-08-08 22:51:14 +0200: Memory Usage (459196K) : nwell_drw has 1666 polygons
2026-08-08 22:51:14 +0200: Memory Usage (459196K) : nwell_pin has 0 polygons
2026-08-08 22:51:14 +0200: Memory Usage (459196K) : nbulay_drw has 0 polygons
2026-08-08 22:51:14 +0200: Memory Usage (459196K) : nbulay_pin has 0 polygons
2026-08-08 22:51:14 +0200: Memory Usage (459196K) : nbulay_block has 0 polygons
2026-08-08 22:51:14 +0200: Memory Usage (459196K) : emwind_drw has 0 polygons
2026-08-08 22:51:14 +0200: Memory Usage (459196K) : emwind_opc has 0 polygons
2026-08-08 22:51:14 +0200: Memory Usage (459196K) : deepco_drw has 0 polygons
2026-08-08 22:51:14 +0200: Memory Usage (459196K) : deepco_drw has 0 polygons
2026-08-08 22:51:14 +0200: Memory Usage (459196K) : mim_drw has 0 polygons
2026-08-08 22:51:14 +0200: Memory Usage (459196K) : edgeseal_drw has 0 polygons
2026-08-08 22:51:14 +0200: Memory Usage (459196K) : edgeseal_bound has 0 polygons
2026-08-08 22:51:14 +0200: Memory Usage (459196K) : substrate_drw has 0 polygons
2026-08-08 22:51:14 +0200: Memory Usage (459196K) : substrate_text has 0 polygons
2026-08-08 22:51:14 +0200: Memory Usage (459196K) : dfpad_drw has 0 polygons
2026-08-08 22:51:14 +0200: Memory Usage (459196K) : dfpad_pillar has 0 polygons
2026-08-08 22:51:14 +0200: Memory Usage (459196K) : dfpad_sbump has 0 polygons
2026-08-08 22:51:14 +0200: Memory Usage (459196K) : thickgateox_drw has 0 polygons
2026-08-08 22:51:14 +0200: Memory Usage (459196K) : pldb_drw has 0 polygons
2026-08-08 22:51:14 +0200: Memory Usage (459196K) : pwell_drw has 0 polygons
2026-08-08 22:51:14 +0200: Memory Usage (459196K) : pwell_pin has 0 polygons
2026-08-08 22:51:14 +0200: Memory Usage (459196K) : pwell_block has 0 polygons
2026-08-08 22:51:14 +0200: Memory Usage (459196K) : ic_drw has 0 polygons
2026-08-08 22:51:14 +0200: Memory Usage (459196K) : via3_drw has 512 polygons
2026-08-08 22:51:14 +0200: Memory Usage (459324K) : metal4_drw has 385 polygons
2026-08-08 22:51:14 +0200: Memory Usage (459324K) : metal4_pin has 0 polygons
2026-08-08 22:51:14 +0200: Memory Usage (459324K) : metal4_mask has 0 polygons
2026-08-08 22:51:14 +0200: Memory Usage (459324K) : metal4_filler has 0 polygons
2026-08-08 22:51:14 +0200: Memory Usage (459324K) : metal4_nofill has 0 polygons
2026-08-08 22:51:14 +0200: Memory Usage (459324K) : metal4_slit has 0 polygons
2026-08-08 22:51:14 +0200: Memory Usage (459324K) : metal4_text has 0 polygons
2026-08-08 22:51:14 +0200: Memory Usage (459324K) : metal4_opc has 0 polygons
2026-08-08 22:51:14 +0200: Memory Usage (459324K) : metal4_noqrc has 0 polygons
2026-08-08 22:51:14 +0200: Memory Usage (459324K) : metal4_res has 0 polygons
2026-08-08 22:51:14 +0200: Memory Usage (459324K) : metal4_iprobe has 0 polygons
2026-08-08 22:51:14 +0200: Memory Usage (459324K) : metal4_diffprb has 0 polygons
2026-08-08 22:51:14 +0200: Memory Usage (459324K) : heattrans_drw has 0 polygons
2026-08-08 22:51:14 +0200: Memory Usage (459324K) : heatres_drw has 0 polygons
2026-08-08 22:51:14 +0200: Memory Usage (459324K) : pempoly_drw has 0 polygons
2026-08-08 22:51:14 +0200: Memory Usage (459324K) : fbe_drw has 0 polygons
2026-08-08 22:51:14 +0200: Memory Usage (459324K) : empoly_drw has 0 polygons
2026-08-08 22:51:14 +0200: Memory Usage (459324K) : ldmos_drw has 0 polygons
2026-08-08 22:51:14 +0200: Memory Usage (459324K) : pbiwind_drw has 0 polygons
2026-08-08 22:51:14 +0200: Memory Usage (459324K) : digisub_drw has 0 polygons
2026-08-08 22:51:14 +0200: Memory Usage (459324K) : nodrc_drw has 0 polygons
2026-08-08 22:51:14 +0200: Memory Usage (459324K) : text_drw has 0 polygons
2026-08-08 22:51:14 +0200: Memory Usage (459324K) : via4_drw has 410 polygons
2026-08-08 22:51:14 +0200: Memory Usage (459324K) : metal5_drw has 268 polygons
2026-08-08 22:51:14 +0200: Memory Usage (459324K) : metal5_pin has 0 polygons
2026-08-08 22:51:14 +0200: Memory Usage (459324K) : metal5_mask has 0 polygons
2026-08-08 22:51:14 +0200: Memory Usage (459324K) : metal5_filler has 0 polygons
2026-08-08 22:51:14 +0200: Memory Usage (459324K) : metal5_nofill has 0 polygons
2026-08-08 22:51:14 +0200: Memory Usage (459324K) : metal5_slit has 0 polygons
2026-08-08 22:51:14 +0200: Memory Usage (459324K) : metal5_text has 0 polygons
2026-08-08 22:51:14 +0200: Memory Usage (459324K) : metal5_opc has 0 polygons
2026-08-08 22:51:14 +0200: Memory Usage (459324K) : metal5_noqrc has 0 polygons
2026-08-08 22:51:14 +0200: Memory Usage (459324K) : metal5_res has 0 polygons
2026-08-08 22:51:14 +0200: Memory Usage (459324K) : metal5_iprobe has 0 polygons
2026-08-08 22:51:14 +0200: Memory Usage (459324K) : metal5_diffprb has 0 polygons
2026-08-08 22:51:14 +0200: Memory Usage (459324K) : radhard_drw has 0 polygons
2026-08-08 22:51:14 +0200: Memory Usage (459324K) : memcap_drw has 0 polygons
2026-08-08 22:51:14 +0200: Memory Usage (459324K) : varicap_drw has 0 polygons
2026-08-08 22:51:14 +0200: Memory Usage (459324K) : flash_drw has 0 polygons
2026-08-08 22:51:14 +0200: Memory Usage (459324K) : intbondvia_drw has 0 polygons
2026-08-08 22:51:14 +0200: Memory Usage (459324K) : intbondmet_drw has 0 polygons
2026-08-08 22:51:14 +0200: Memory Usage (459324K) : devbondvia_drw has 0 polygons
2026-08-08 22:51:14 +0200: Memory Usage (459324K) : devbondmet_drw has 0 polygons
2026-08-08 22:51:14 +0200: Memory Usage (459324K) : devtrench_drw has 0 polygons
2026-08-08 22:51:14 +0200: Memory Usage (459324K) : redist_drw has 0 polygons
2026-08-08 22:51:14 +0200: Memory Usage (459324K) : graphbot_drw has 0 polygons
2026-08-08 22:51:14 +0200: Memory Usage (459324K) : graphtop_drw has 0 polygons
2026-08-08 22:51:14 +0200: Memory Usage (459452K) : antvia1_drw has 0 polygons
2026-08-08 22:51:14 +0200: Memory Usage (459452K) : antmetal2_drw has 0 polygons
2026-08-08 22:51:14 +0200: Memory Usage (459452K) : graphcont_drw has 0 polygons
2026-08-08 22:51:14 +0200: Memory Usage (459452K) : siwg_drw has 0 polygons
2026-08-08 22:51:14 +0200: Memory Usage (459452K) : siwg_filler has 0 polygons
2026-08-08 22:51:15 +0200: Memory Usage (459452K) : siwg_nofill has 0 polygons
2026-08-08 22:51:15 +0200: Memory Usage (459452K) : sigrating_drw has 0 polygons
2026-08-08 22:51:15 +0200: Memory Usage (459452K) : singrating_drw has 0 polygons
2026-08-08 22:51:15 +0200: Memory Usage (459452K) : graphpas_drw has 0 polygons
2026-08-08 22:51:15 +0200: Memory Usage (459452K) : emwind3_drw has 0 polygons
2026-08-08 22:51:15 +0200: Memory Usage (459452K) : emwihv3_drw has 0 polygons
2026-08-08 22:51:15 +0200: Memory Usage (459452K) : redbulay_drw has 0 polygons
2026-08-08 22:51:15 +0200: Memory Usage (459452K) : smos_drw has 0 polygons
2026-08-08 22:51:15 +0200: Memory Usage (459452K) : graphpad_drw has 0 polygons
2026-08-08 22:51:15 +0200: Memory Usage (459452K) : polimide_drw has 0 polygons
2026-08-08 22:51:15 +0200: Memory Usage (459452K) : polimide_pin has 0 polygons
2026-08-08 22:51:15 +0200: Memory Usage (459452K) : recog_drw has 0 polygons
2026-08-08 22:51:15 +0200: Memory Usage (459452K) : recog_pin has 0 polygons
2026-08-08 22:51:15 +0200: Memory Usage (459452K) : recog_esd has 0 polygons
2026-08-08 22:51:15 +0200: Memory Usage (459452K) : recog_diode has 0 polygons
2026-08-08 22:51:15 +0200: Memory Usage (459452K) : recog_tsv has 0 polygons
2026-08-08 22:51:15 +0200: Memory Usage (459452K) : recog_iprobe has 0 polygons
2026-08-08 22:51:15 +0200: Memory Usage (459452K) : recog_diffprb has 0 polygons
2026-08-08 22:51:15 +0200: Memory Usage (459452K) : recog_pillar has 0 polygons
2026-08-08 22:51:15 +0200: Memory Usage (459452K) : recog_sbump has 0 polygons
2026-08-08 22:51:15 +0200: Memory Usage (459452K) : recog_otp has 0 polygons
2026-08-08 22:51:15 +0200: Memory Usage (459452K) : recog_pdiode has 0 polygons
2026-08-08 22:51:15 +0200: Memory Usage (459452K) : recog_mom has 0 polygons
2026-08-08 22:51:15 +0200: Memory Usage (459452K) : recog_pcm has 0 polygons
2026-08-08 22:51:15 +0200: Memory Usage (459452K) : colopen_drw has 0 polygons
2026-08-08 22:51:15 +0200: Memory Usage (459452K) : graphmetal1_drw has 0 polygons
2026-08-08 22:51:15 +0200: Memory Usage (459452K) : graphmetal1_filler has 0 polygons
2026-08-08 22:51:15 +0200: Memory Usage (459452K) : graphmetal1_nofill has 0 polygons
2026-08-08 22:51:15 +0200: Memory Usage (459452K) : graphmetal1_slit has 0 polygons
2026-08-08 22:51:15 +0200: Memory Usage (459452K) : graphmetal1_opc has 0 polygons
2026-08-08 22:51:15 +0200: Memory Usage (459452K) : graphmet1l_drw has 0 polygons
2026-08-08 22:51:15 +0200: Memory Usage (459452K) : graphmet1l_filler has 0 polygons
2026-08-08 22:51:15 +0200: Memory Usage (459452K) : graphmet1l_nofill has 0 polygons
2026-08-08 22:51:15 +0200: Memory Usage (459452K) : graphmet1l_slit has 0 polygons
2026-08-08 22:51:15 +0200: Memory Usage (459452K) : graphmet1l_opc has 0 polygons
2026-08-08 22:51:15 +0200: Memory Usage (459452K) : extblock_drw has 0 polygons
2026-08-08 22:51:15 +0200: Memory Usage (459452K) : nldd_drw has 0 polygons
2026-08-08 22:51:15 +0200: Memory Usage (459452K) : pldd_drw has 0 polygons
2026-08-08 22:51:15 +0200: Memory Usage (459452K) : next_drw has 0 polygons
2026-08-08 22:51:15 +0200: Memory Usage (459452K) : pext_drw has 0 polygons
2026-08-08 22:51:15 +0200: Memory Usage (459452K) : nexthv_drw has 0 polygons
2026-08-08 22:51:15 +0200: Memory Usage (459452K) : pexthv_drw has 0 polygons
2026-08-08 22:51:15 +0200: Memory Usage (459452K) : graphgate_drw has 0 polygons
2026-08-08 22:51:15 +0200: Memory Usage (459452K) : sinwg_drw has 0 polygons
2026-08-08 22:51:15 +0200: Memory Usage (459452K) : sinwg_filler has 0 polygons
2026-08-08 22:51:15 +0200: Memory Usage (459452K) : sinwg_nofill has 0 polygons
2026-08-08 22:51:15 +0200: Memory Usage (459452K) : mempad_drw has 0 polygons
2026-08-08 22:51:15 +0200: Memory Usage (459452K) : topvia1_drw has 156 polygons
2026-08-08 22:51:15 +0200: Memory Usage (459452K) : topmetal1_drw has 94 polygons
2026-08-08 22:51:15 +0200: Memory Usage (459452K) : topmetal1_pin has 4 polygons
2026-08-08 22:51:15 +0200: Memory Usage (459452K) : topmetal1_mask has 0 polygons
2026-08-08 22:51:15 +0200: Memory Usage (459452K) : topmetal1_filler has 0 polygons
2026-08-08 22:51:15 +0200: Memory Usage (459452K) : topmetal1_nofill has 0 polygons
2026-08-08 22:51:15 +0200: Memory Usage (459452K) : topmetal1_slit has 0 polygons
2026-08-08 22:51:15 +0200: Memory Usage (459452K) : topmetal1_text has 2 polygons
2026-08-08 22:51:15 +0200: Memory Usage (459452K) : topmetal1_noqrc has 0 polygons
2026-08-08 22:51:15 +0200: Memory Usage (459452K) : topmetal1_res has 0 polygons
2026-08-08 22:51:15 +0200: Memory Usage (459452K) : topmetal1_iprobe has 0 polygons
2026-08-08 22:51:15 +0200: Memory Usage (459452K) : topmetal1_diffprb has 0 polygons
2026-08-08 22:51:15 +0200: Memory Usage (459452K) : inldpwl_drw has 0 polygons
2026-08-08 22:51:15 +0200: Memory Usage (459452K) : polyres_drw has 0 polygons
2026-08-08 22:51:15 +0200: Memory Usage (459452K) : polyres_pin has 0 polygons
2026-08-08 22:51:15 +0200: Memory Usage (459452K) : vmim_drw has 0 polygons
2026-08-08 22:51:15 +0200: Memory Usage (459452K) : nbulaycut_drw has 0 polygons
2026-08-08 22:51:16 +0200: Memory Usage (459452K) : antmetal1_drw has 0 polygons
2026-08-08 22:51:16 +0200: Memory Usage (459452K) : topvia2_drw has 8 polygons
2026-08-08 22:51:16 +0200: Memory Usage (459452K) : topmetal2_drw has 16 polygons
2026-08-08 22:51:16 +0200: Memory Usage (459452K) : topmetal2_pin has 4 polygons
2026-08-08 22:51:16 +0200: Memory Usage (459452K) : topmetal2_mask has 0 polygons
2026-08-08 22:51:16 +0200: Memory Usage (459452K) : topmetal2_filler has 0 polygons
2026-08-08 22:51:16 +0200: Memory Usage (459452K) : topmetal2_nofill has 0 polygons
2026-08-08 22:51:16 +0200: Memory Usage (459452K) : topmetal2_slit has 0 polygons
2026-08-08 22:51:16 +0200: Memory Usage (459452K) : topmetal2_text has 2 polygons
2026-08-08 22:51:16 +0200: Memory Usage (459452K) : topmetal2_noqrc has 0 polygons
2026-08-08 22:51:16 +0200: Memory Usage (459452K) : topmetal2_res has 0 polygons
2026-08-08 22:51:16 +0200: Memory Usage (459452K) : topmetal2_iprobe has 0 polygons
2026-08-08 22:51:16 +0200: Memory Usage (459452K) : topmetal2_diffprb has 0 polygons
2026-08-08 22:51:16 +0200: Memory Usage (459452K) : snsring_drw has 0 polygons
2026-08-08 22:51:16 +0200: Memory Usage (459452K) : sensor_drw has 0 polygons
2026-08-08 22:51:16 +0200: Memory Usage (459452K) : snsarms_drw has 0 polygons
2026-08-08 22:51:16 +0200: Memory Usage (459452K) : snscmosvia_drw has 0 polygons
2026-08-08 22:51:16 +0200: Memory Usage (459452K) : colwind_drw has 0 polygons
2026-08-08 22:51:16 +0200: Memory Usage (459452K) : flm_drw has 0 polygons
2026-08-08 22:51:16 +0200: Memory Usage (459452K) : hafniumox_drw has 0 polygons
2026-08-08 22:51:16 +0200: Memory Usage (459452K) : memvia_drw has 0 polygons
2026-08-08 22:51:16 +0200: Memory Usage (459452K) : thinfilmres_drw has 0 polygons
2026-08-08 22:51:16 +0200: Memory Usage (459452K) : rfmem_drw has 0 polygons
2026-08-08 22:51:16 +0200: Memory Usage (459452K) : norcx_drw has 0 polygons
2026-08-08 22:51:16 +0200: Memory Usage (459452K) : norcx_m2m3 has 0 polygons
2026-08-08 22:51:16 +0200: Memory Usage (459452K) : norcx_m2m4 has 0 polygons
2026-08-08 22:51:16 +0200: Memory Usage (459452K) : norcx_m2m5 has 0 polygons
2026-08-08 22:51:16 +0200: Memory Usage (459452K) : norcx_m2tm1 has 0 polygons
2026-08-08 22:51:16 +0200: Memory Usage (459452K) : norcx_m2tm2 has 0 polygons
2026-08-08 22:51:16 +0200: Memory Usage (459452K) : norcx_m3m4 has 0 polygons
2026-08-08 22:51:16 +0200: Memory Usage (459452K) : norcx_m3m5 has 0 polygons
2026-08-08 22:51:16 +0200: Memory Usage (459452K) : norcx_m3tm1 has 0 polygons
2026-08-08 22:51:16 +0200: Memory Usage (459452K) : norcx_m3tm2 has 0 polygons
2026-08-08 22:51:16 +0200: Memory Usage (459452K) : norcx_m4m5 has 0 polygons
2026-08-08 22:51:16 +0200: Memory Usage (459452K) : norcx_m4tm1 has 0 polygons
2026-08-08 22:51:16 +0200: Memory Usage (459452K) : norcx_m4tm2 has 0 polygons
2026-08-08 22:51:16 +0200: Memory Usage (459452K) : norcx_m5tm1 has 0 polygons
2026-08-08 22:51:16 +0200: Memory Usage (459452K) : norcx_m5tm2 has 0 polygons
2026-08-08 22:51:16 +0200: Memory Usage (459452K) : norcx_tm1tm2 has 0 polygons
2026-08-08 22:51:16 +0200: Memory Usage (459452K) : norcx_m1sub has 0 polygons
2026-08-08 22:51:16 +0200: Memory Usage (459452K) : norcx_m2sub has 0 polygons
2026-08-08 22:51:16 +0200: Memory Usage (459452K) : norcx_m3sub has 0 polygons
2026-08-08 22:51:16 +0200: Memory Usage (459452K) : norcx_m4sub has 0 polygons
2026-08-08 22:51:16 +0200: Memory Usage (459452K) : norcx_m5sub has 0 polygons
2026-08-08 22:51:16 +0200: Memory Usage (459452K) : norcx_tm1sub has 0 polygons
2026-08-08 22:51:16 +0200: Memory Usage (459452K) : norcx_tm2sub has 0 polygons
2026-08-08 22:51:16 +0200: Memory Usage (459452K) : snsbotvia_drw has 0 polygons
2026-08-08 22:51:16 +0200: Memory Usage (459452K) : snstopvia_drw has 0 polygons
2026-08-08 22:51:16 +0200: Memory Usage (459452K) : deepvia_drw has 0 polygons
2026-08-08 22:51:16 +0200: Memory Usage (459452K) : fgetch_drw has 0 polygons
2026-08-08 22:51:16 +0200: Memory Usage (459452K) : ctrgat_drw has 0 polygons
2026-08-08 22:51:16 +0200: Memory Usage (459452K) : fgimp_drw has 0 polygons
2026-08-08 22:51:16 +0200: Memory Usage (459452K) : emwihv_drw has 0 polygons
2026-08-08 22:51:16 +0200: Memory Usage (459452K) : lbe_drw has 0 polygons
2026-08-08 22:51:16 +0200: Memory Usage (459452K) : alcustop_drw has 0 polygons
2026-08-08 22:51:16 +0200: Memory Usage (459452K) : nometfiller_drw has 0 polygons
2026-08-08 22:51:16 +0200: Memory Usage (459452K) : prboundary_drw has 0 polygons
2026-08-08 22:51:16 +0200: Memory Usage (459452K) : exchange0_drw has 0 polygons
2026-08-08 22:51:16 +0200: Memory Usage (459452K) : exchange0_pin has 0 polygons
2026-08-08 22:51:16 +0200: Memory Usage (459452K) : exchange0_text has 0 polygons
2026-08-08 22:51:16 +0200: Memory Usage (459452K) : exchange1_drw has 0 polygons
2026-08-08 22:51:16 +0200: Memory Usage (459452K) : exchange1_pin has 0 polygons
2026-08-08 22:51:16 +0200: Memory Usage (459452K) : exchange1_text has 0 polygons
2026-08-08 22:51:16 +0200: Memory Usage (459452K) : exchange2_drw has 0 polygons
2026-08-08 22:51:16 +0200: Memory Usage (459452K) : exchange2_pin has 0 polygons
2026-08-08 22:51:16 +0200: Memory Usage (459452K) : exchange2_text has 0 polygons
2026-08-08 22:51:16 +0200: Memory Usage (459452K) : exchange3_drw has 0 polygons
2026-08-08 22:51:16 +0200: Memory Usage (459452K) : exchange3_pin has 0 polygons
2026-08-08 22:51:16 +0200: Memory Usage (459452K) : exchange3_text has 0 polygons
2026-08-08 22:51:16 +0200: Memory Usage (459452K) : exchange4_drw has 0 polygons
2026-08-08 22:51:17 +0200: Memory Usage (459452K) : exchange4_pin has 0 polygons
2026-08-08 22:51:17 +0200: Memory Usage (459452K) : exchange4_text has 0 polygons
2026-08-08 22:51:17 +0200: Memory Usage (459452K) : isonwell_drw has 0 polygons
2026-08-08 22:51:17 +0200: Memory Usage (459452K) : Total no. of polygons in the design is 120264
2026-08-08 22:51:17 +0200: Memory Usage (459452K) : Loaded TECH DRC rules values from /foss/pdks/ihp-sg13g2/libs.tech/klayout/python/sg13g2_pycell_lib/sg13g2_tech_mod.json
2026-08-08 22:51:17 +0200: Memory Usage (459452K) : Loaded default DRC rules values from /foss/pdks/ihp-sg13g2/libs.tech/klayout/tech/drc/rule_decks/sg13g2_tech_default.json
2026-08-08 22:51:17 +0200: Memory Usage (459452K) : The following rules values were missing in tech json and default values were used:
2026-08-08 22:51:17 +0200: Memory Usage (459452K) :   - NW_f1_digibnd
2026-08-08 22:51:17 +0200: Memory Usage (459452K) :   - Cnt_c_digibnd
2026-08-08 22:51:17 +0200: Memory Usage (459452K) :   - Cnt_c_sram
2026-08-08 22:51:17 +0200: Memory Usage (459452K) :   - Sdiod_b
2026-08-08 22:51:17 +0200: Memory Usage (459452K) :   - Sdiod_c
2026-08-08 22:51:17 +0200: Memory Usage (460272K) : Total area of the design is 27848.17 um^2.
2026-08-08 22:51:17 +0200: Memory Usage (460272K) : The design dimensions are 157.78 µm * 176.5 µm.
2026-08-08 22:51:17 +0200: Memory Usage (460272K) : Starting general IHP-SG13G2 derivations.
2026-08-08 22:51:17 +0200: Memory Usage (460272K) : Starting Pwell derivations
2026-08-08 22:51:17 +0200: Memory Usage (463628K) : Starting IHP-SG13G2 DRC rules.
2026-08-08 22:51:17 +0200: Memory Usage (463628K) : Starting 5.17 Metaln table
2026-08-08 22:51:17 +0200: Memory Usage (463628K) : Executing rule M2.a
2026-08-08 22:51:17 +0200: Memory Usage (464308K) : Executing rule M2.b
2026-08-08 22:51:18 +0200: Memory Usage (468848K) : Executing rule M2.e
2026-08-08 22:51:19 +0200: Memory Usage (468976K) : Executing rule M2.f
2026-08-08 22:51:19 +0200: Memory Usage (468976K) : Executing rule M2.g
2026-08-08 22:51:19 +0200: Memory Usage (469672K) : Executing rule M2.i
2026-08-08 22:51:19 +0200: Memory Usage (471592K) : Executing rule M3.a
2026-08-08 22:51:19 +0200: Memory Usage (471592K) : Executing rule M3.b
2026-08-08 22:51:20 +0200: Memory Usage (473128K) : Executing rule M3.e
2026-08-08 22:51:20 +0200: Memory Usage (473128K) : Executing rule M3.f
2026-08-08 22:51:20 +0200: Memory Usage (473128K) : Executing rule M3.g
2026-08-08 22:51:20 +0200: Memory Usage (473128K) : Executing rule M3.i
2026-08-08 22:51:20 +0200: Memory Usage (473256K) : Executing rule M4.a
2026-08-08 22:51:20 +0200: Memory Usage (473256K) : Executing rule M4.b
2026-08-08 22:51:21 +0200: Memory Usage (473384K) : Executing rule M4.e
2026-08-08 22:51:21 +0200: Memory Usage (473384K) : Executing rule M4.f
2026-08-08 22:51:21 +0200: Memory Usage (473384K) : Executing rule M4.g
2026-08-08 22:51:21 +0200: Memory Usage (473384K) : Executing rule M4.i
2026-08-08 22:51:21 +0200: Memory Usage (473512K) : Executing rule M5.a
2026-08-08 22:51:21 +0200: Memory Usage (473512K) : Executing rule M5.b
2026-08-08 22:51:21 +0200: Memory Usage (473512K) : Executing rule M5.e
2026-08-08 22:51:21 +0200: Memory Usage (473512K) : Executing rule M5.f
2026-08-08 22:51:21 +0200: Memory Usage (473512K) : Executing rule M5.g
2026-08-08 22:51:22 +0200: Memory Usage (473640K) : Executing rule M5.i
2026-08-08 22:51:22 +0200: Memory Usage (473640K) : KLayout DRC run for tables 'metaln' completed in 9.61 seconds
