# Logfile created on 2026-08-08 22:49:56 +0200 by logger.rb/v1.5.3
2026-08-08 22:49:56 +0200: Memory Usage (454808K) : Starting running IHP-SG13G2 KLayout DRC runset on /foss/designs/spi-slave-ihp/flow/runs/RUN_2026-08-08_22-27-58/final/klayout_gds/spi_slave.klayout.gds
2026-08-08 22:49:56 +0200: Memory Usage (454808K) : Ruby Version for klayout: 3.2.3
2026-08-08 22:49:56 +0200: Memory Usage (456060K) : Loading database to memory is complete.
2026-08-08 22:49:56 +0200: Memory Usage (456060K) : IHP-SG13G2 KLayout DRC runset output at: /foss/designs/spi-slave-ihp/signoff/drc_noring/spi_slave.klayout_spi_slave_sealring.lyrdb
2026-08-08 22:49:56 +0200: Memory Usage (456060K) : Evaluate switches.
2026-08-08 22:49:56 +0200: Memory Usage (456060K) : tables selected: sealring
2026-08-08 22:49:56 +0200: Memory Usage (456060K) : KLayout will use 8 thread(s) in tiling mode.
2026-08-08 22:49:56 +0200: Memory Usage (456060K) : deep mode is enabled.
2026-08-08 22:49:56 +0200: Memory Usage (456060K) : FEOL enabled: false
2026-08-08 22:49:57 +0200: Memory Usage (456060K) : BEOL enabled: false
2026-08-08 22:49:57 +0200: Memory Usage (456060K) : OFFGRID enabled: true
2026-08-08 22:49:57 +0200: Memory Usage (456060K) : ANGLE enabled: true
2026-08-08 22:49:57 +0200: Memory Usage (456060K) : PIN enabled: false
2026-08-08 22:49:57 +0200: Memory Usage (456060K) : FORBIDDEN enabled: false
2026-08-08 22:49:57 +0200: Memory Usage (456060K) : RECOMMENDED enabled: true
2026-08-08 22:49:57 +0200: Memory Usage (456060K) : PreCheck DRC enabled: false
2026-08-08 22:49:57 +0200: Memory Usage (456060K) : CONNECTIVITY_RULES enabled: false.
2026-08-08 22:49:57 +0200: Memory Usage (456060K) : Read in polygons from layers.
2026-08-08 22:49:57 +0200: Memory Usage (457444K) : activ_drw has 7986 polygons
2026-08-08 22:49:57 +0200: Memory Usage (457444K) : activ_pin has 0 polygons
2026-08-08 22:49:57 +0200: Memory Usage (457444K) : activ_mask has 0 polygons
2026-08-08 22:49:57 +0200: Memory Usage (457444K) : activ_filler has 0 polygons
2026-08-08 22:49:57 +0200: Memory Usage (457444K) : activ_nofill has 0 polygons
2026-08-08 22:49:57 +0200: Memory Usage (457572K) : activ_opc has 0 polygons
2026-08-08 22:49:57 +0200: Memory Usage (457572K) : activ_iopc has 0 polygons
2026-08-08 22:49:57 +0200: Memory Usage (457572K) : activ_noqrc has 0 polygons
2026-08-08 22:49:57 +0200: Memory Usage (457700K) : biwind_drw has 0 polygons
2026-08-08 22:49:57 +0200: Memory Usage (457700K) : biwind_opc has 0 polygons
2026-08-08 22:49:57 +0200: Memory Usage (457700K) : pemwind_drw has 0 polygons
2026-08-08 22:49:57 +0200: Memory Usage (457828K) : gatpoly_drw has 8374 polygons
2026-08-08 22:49:57 +0200: Memory Usage (457828K) : gatpoly_pin has 0 polygons
2026-08-08 22:49:57 +0200: Memory Usage (457956K) : gatpoly_filler has 0 polygons
2026-08-08 22:49:57 +0200: Memory Usage (458084K) : gatpoly_nofill has 0 polygons
2026-08-08 22:49:57 +0200: Memory Usage (458084K) : gatpoly_opc has 0 polygons
2026-08-08 22:49:57 +0200: Memory Usage (458212K) : gatpoly_iopc has 0 polygons
2026-08-08 22:49:57 +0200: Memory Usage (458212K) : gatpoly_noqrc has 0 polygons
2026-08-08 22:49:57 +0200: Memory Usage (458340K) : cont_drw has 54393 polygons
2026-08-08 22:49:57 +0200: Memory Usage (458340K) : cont_opc has 0 polygons
2026-08-08 22:49:57 +0200: Memory Usage (458340K) : nsd_drw has 0 polygons
2026-08-08 22:49:57 +0200: Memory Usage (458340K) : nsd_block has 0 polygons
2026-08-08 22:49:57 +0200: Memory Usage (458468K) : metal1_drw has 15531 polygons
2026-08-08 22:49:57 +0200: Memory Usage (458468K) : metal1_pin has 5535 polygons
2026-08-08 22:49:57 +0200: Memory Usage (458468K) : metal1_mask has 0 polygons
2026-08-08 22:49:57 +0200: Memory Usage (458468K) : metal1_filler has 0 polygons
2026-08-08 22:49:57 +0200: Memory Usage (458468K) : metal1_nofill has 0 polygons
2026-08-08 22:49:57 +0200: Memory Usage (458468K) : metal1_slit has 0 polygons
2026-08-08 22:49:57 +0200: Memory Usage (458656K) : metal1_text has 5454 polygons
2026-08-08 22:49:57 +0200: Memory Usage (458656K) : metal1_opc has 0 polygons
2026-08-08 22:49:57 +0200: Memory Usage (458656K) : metal1_noqrc has 0 polygons
2026-08-08 22:49:57 +0200: Memory Usage (458656K) : metal1_res has 0 polygons
2026-08-08 22:49:57 +0200: Memory Usage (458656K) : metal1_iprobe has 0 polygons
2026-08-08 22:49:57 +0200: Memory Usage (458656K) : metal1_diffprb has 0 polygons
2026-08-08 22:49:57 +0200: Memory Usage (458656K) : passiv_drw has 0 polygons
2026-08-08 22:49:57 +0200: Memory Usage (458656K) : passiv_pin has 0 polygons
2026-08-08 22:49:57 +0200: Memory Usage (458656K) : passiv_sbump has 0 polygons
2026-08-08 22:49:57 +0200: Memory Usage (458656K) : passiv_pillar has 0 polygons
2026-08-08 22:49:57 +0200: Memory Usage (458656K) : passiv_pdl has 0 polygons
2026-08-08 22:49:57 +0200: Memory Usage (458656K) : metal2_drw has 7663 polygons
2026-08-08 22:49:57 +0200: Memory Usage (458656K) : metal2_pin has 19 polygons
2026-08-08 22:49:57 +0200: Memory Usage (458656K) : metal2_mask has 0 polygons
2026-08-08 22:49:57 +0200: Memory Usage (458656K) : metal2_filler has 0 polygons
2026-08-08 22:49:57 +0200: Memory Usage (458656K) : metal2_nofill has 0 polygons
2026-08-08 22:49:57 +0200: Memory Usage (458656K) : metal2_slit has 0 polygons
2026-08-08 22:49:57 +0200: Memory Usage (458656K) : metal2_text has 19 polygons
2026-08-08 22:49:57 +0200: Memory Usage (458656K) : metal2_opc has 0 polygons
2026-08-08 22:49:57 +0200: Memory Usage (458656K) : metal2_noqrc has 0 polygons
2026-08-08 22:49:57 +0200: Memory Usage (458656K) : metal2_res has 0 polygons
2026-08-08 22:49:57 +0200: Memory Usage (458656K) : metal2_iprobe has 0 polygons
2026-08-08 22:49:57 +0200: Memory Usage (458656K) : metal2_diffprb has 0 polygons
2026-08-08 22:49:57 +0200: Memory Usage (458656K) : baspoly_drw has 0 polygons
2026-08-08 22:49:58 +0200: Memory Usage (458656K) : baspoly_pin has 0 polygons
2026-08-08 22:49:58 +0200: Memory Usage (458656K) : psd_drw has 3352 polygons
2026-08-08 22:49:58 +0200: Memory Usage (458656K) : nldb_drw has 0 polygons
2026-08-08 22:49:58 +0200: Memory Usage (458656K) : digibnd_drw has 0 polygons
2026-08-08 22:49:58 +0200: Memory Usage (458656K) : via1_drw has 2532 polygons
2026-08-08 22:49:58 +0200: Memory Usage (458656K) : backmetal1_drw has 0 polygons
2026-08-08 22:49:58 +0200: Memory Usage (458656K) : backmetal1_pin has 0 polygons
2026-08-08 22:49:58 +0200: Memory Usage (458656K) : backmetal1_mask has 0 polygons
2026-08-08 22:49:58 +0200: Memory Usage (458656K) : backmetal1_filler has 0 polygons
2026-08-08 22:49:58 +0200: Memory Usage (458656K) : backmetal1_nofill has 0 polygons
2026-08-08 22:49:58 +0200: Memory Usage (458656K) : backmetal1_slit has 0 polygons
2026-08-08 22:49:58 +0200: Memory Usage (458656K) : backmetal1_text has 0 polygons
2026-08-08 22:49:58 +0200: Memory Usage (458656K) : backmetal1_opc has 0 polygons
2026-08-08 22:49:58 +0200: Memory Usage (458656K) : backmetal1_noqrc has 0 polygons
2026-08-08 22:49:58 +0200: Memory Usage (458656K) : backmetal1_res has 0 polygons
2026-08-08 22:49:58 +0200: Memory Usage (458656K) : backmetal1_iprobe has 0 polygons
2026-08-08 22:49:58 +0200: Memory Usage (458656K) : backmetal1_diffprb has 0 polygons
2026-08-08 22:49:58 +0200: Memory Usage (458656K) : backpassiv_drw has 0 polygons
2026-08-08 22:49:58 +0200: Memory Usage (458656K) : res_drw has 0 polygons
2026-08-08 22:49:58 +0200: Memory Usage (458656K) : sram_drw has 0 polygons
2026-08-08 22:49:58 +0200: Memory Usage (458656K) : trans_drw has 0 polygons
2026-08-08 22:49:58 +0200: Memory Usage (458656K) : ind_drw has 0 polygons
2026-08-08 22:49:58 +0200: Memory Usage (458656K) : ind_pin has 0 polygons
2026-08-08 22:49:58 +0200: Memory Usage (458656K) : ind_text has 0 polygons
2026-08-08 22:49:58 +0200: Memory Usage (458656K) : salblock_drw has 0 polygons
2026-08-08 22:49:58 +0200: Memory Usage (458656K) : via2_drw has 2276 polygons
2026-08-08 22:49:58 +0200: Memory Usage (458656K) : metal3_drw has 3581 polygons
2026-08-08 22:49:58 +0200: Memory Usage (458656K) : metal3_pin has 11 polygons
2026-08-08 22:49:58 +0200: Memory Usage (458656K) : metal3_mask has 0 polygons
2026-08-08 22:49:58 +0200: Memory Usage (458656K) : metal3_filler has 0 polygons
2026-08-08 22:49:58 +0200: Memory Usage (458656K) : metal3_nofill has 0 polygons
2026-08-08 22:49:58 +0200: Memory Usage (458656K) : metal3_slit has 0 polygons
2026-08-08 22:49:58 +0200: Memory Usage (458656K) : metal3_text has 11 polygons
2026-08-08 22:49:58 +0200: Memory Usage (458656K) : metal3_opc has 0 polygons
2026-08-08 22:49:58 +0200: Memory Usage (458656K) : metal3_noqrc has 0 polygons
2026-08-08 22:49:58 +0200: Memory Usage (458656K) : metal3_res has 0 polygons
2026-08-08 22:49:58 +0200: Memory Usage (458656K) : metal3_iprobe has 0 polygons
2026-08-08 22:49:58 +0200: Memory Usage (458656K) : metal3_diffprb has 0 polygons
2026-08-08 22:49:58 +0200: Memory Usage (458656K) : nwell_drw has 1666 polygons
2026-08-08 22:49:58 +0200: Memory Usage (458656K) : nwell_pin has 0 polygons
2026-08-08 22:49:58 +0200: Memory Usage (458656K) : nbulay_drw has 0 polygons
2026-08-08 22:49:58 +0200: Memory Usage (458656K) : nbulay_pin has 0 polygons
2026-08-08 22:49:58 +0200: Memory Usage (458656K) : nbulay_block has 0 polygons
2026-08-08 22:49:58 +0200: Memory Usage (458656K) : emwind_drw has 0 polygons
2026-08-08 22:49:58 +0200: Memory Usage (458656K) : emwind_opc has 0 polygons
2026-08-08 22:49:58 +0200: Memory Usage (458656K) : deepco_drw has 0 polygons
2026-08-08 22:49:58 +0200: Memory Usage (458656K) : deepco_drw has 0 polygons
2026-08-08 22:49:58 +0200: Memory Usage (458656K) : mim_drw has 0 polygons
2026-08-08 22:49:58 +0200: Memory Usage (458656K) : edgeseal_drw has 0 polygons
2026-08-08 22:49:58 +0200: Memory Usage (458656K) : edgeseal_bound has 0 polygons
2026-08-08 22:49:58 +0200: Memory Usage (458656K) : substrate_drw has 0 polygons
2026-08-08 22:49:58 +0200: Memory Usage (458656K) : substrate_text has 0 polygons
2026-08-08 22:49:58 +0200: Memory Usage (458656K) : dfpad_drw has 0 polygons
2026-08-08 22:49:58 +0200: Memory Usage (458656K) : dfpad_pillar has 0 polygons
2026-08-08 22:49:59 +0200: Memory Usage (458656K) : dfpad_sbump has 0 polygons
2026-08-08 22:49:59 +0200: Memory Usage (458656K) : thickgateox_drw has 0 polygons
2026-08-08 22:49:59 +0200: Memory Usage (458656K) : pldb_drw has 0 polygons
2026-08-08 22:49:59 +0200: Memory Usage (458656K) : pwell_drw has 0 polygons
2026-08-08 22:49:59 +0200: Memory Usage (458656K) : pwell_pin has 0 polygons
2026-08-08 22:49:59 +0200: Memory Usage (458656K) : pwell_block has 0 polygons
2026-08-08 22:49:59 +0200: Memory Usage (458656K) : ic_drw has 0 polygons
2026-08-08 22:49:59 +0200: Memory Usage (458656K) : via3_drw has 512 polygons
2026-08-08 22:49:59 +0200: Memory Usage (458656K) : metal4_drw has 385 polygons
2026-08-08 22:49:59 +0200: Memory Usage (458656K) : metal4_pin has 0 polygons
2026-08-08 22:49:59 +0200: Memory Usage (458656K) : metal4_mask has 0 polygons
2026-08-08 22:49:59 +0200: Memory Usage (458656K) : metal4_filler has 0 polygons
2026-08-08 22:49:59 +0200: Memory Usage (458656K) : metal4_nofill has 0 polygons
2026-08-08 22:49:59 +0200: Memory Usage (458656K) : metal4_slit has 0 polygons
2026-08-08 22:49:59 +0200: Memory Usage (458656K) : metal4_text has 0 polygons
2026-08-08 22:49:59 +0200: Memory Usage (458656K) : metal4_opc has 0 polygons
2026-08-08 22:49:59 +0200: Memory Usage (458784K) : metal4_noqrc has 0 polygons
2026-08-08 22:49:59 +0200: Memory Usage (458784K) : metal4_res has 0 polygons
2026-08-08 22:49:59 +0200: Memory Usage (458784K) : metal4_iprobe has 0 polygons
2026-08-08 22:49:59 +0200: Memory Usage (458784K) : metal4_diffprb has 0 polygons
2026-08-08 22:49:59 +0200: Memory Usage (458784K) : heattrans_drw has 0 polygons
2026-08-08 22:49:59 +0200: Memory Usage (458784K) : heatres_drw has 0 polygons
2026-08-08 22:49:59 +0200: Memory Usage (458784K) : pempoly_drw has 0 polygons
2026-08-08 22:49:59 +0200: Memory Usage (458912K) : fbe_drw has 0 polygons
2026-08-08 22:49:59 +0200: Memory Usage (458912K) : empoly_drw has 0 polygons
2026-08-08 22:49:59 +0200: Memory Usage (458912K) : ldmos_drw has 0 polygons
2026-08-08 22:49:59 +0200: Memory Usage (458912K) : pbiwind_drw has 0 polygons
2026-08-08 22:49:59 +0200: Memory Usage (458912K) : digisub_drw has 0 polygons
2026-08-08 22:49:59 +0200: Memory Usage (458912K) : nodrc_drw has 0 polygons
2026-08-08 22:49:59 +0200: Memory Usage (458912K) : text_drw has 0 polygons
2026-08-08 22:49:59 +0200: Memory Usage (458912K) : via4_drw has 410 polygons
2026-08-08 22:49:59 +0200: Memory Usage (458912K) : metal5_drw has 268 polygons
2026-08-08 22:49:59 +0200: Memory Usage (458912K) : metal5_pin has 0 polygons
2026-08-08 22:49:59 +0200: Memory Usage (458912K) : metal5_mask has 0 polygons
2026-08-08 22:49:59 +0200: Memory Usage (458912K) : metal5_filler has 0 polygons
2026-08-08 22:49:59 +0200: Memory Usage (458912K) : metal5_nofill has 0 polygons
2026-08-08 22:49:59 +0200: Memory Usage (458912K) : metal5_slit has 0 polygons
2026-08-08 22:49:59 +0200: Memory Usage (458912K) : metal5_text has 0 polygons
2026-08-08 22:49:59 +0200: Memory Usage (458912K) : metal5_opc has 0 polygons
2026-08-08 22:49:59 +0200: Memory Usage (458912K) : metal5_noqrc has 0 polygons
2026-08-08 22:49:59 +0200: Memory Usage (458912K) : metal5_res has 0 polygons
2026-08-08 22:49:59 +0200: Memory Usage (458912K) : metal5_iprobe has 0 polygons
2026-08-08 22:49:59 +0200: Memory Usage (458912K) : metal5_diffprb has 0 polygons
2026-08-08 22:49:59 +0200: Memory Usage (458912K) : radhard_drw has 0 polygons
2026-08-08 22:49:59 +0200: Memory Usage (458912K) : memcap_drw has 0 polygons
2026-08-08 22:49:59 +0200: Memory Usage (458912K) : varicap_drw has 0 polygons
2026-08-08 22:49:59 +0200: Memory Usage (458912K) : flash_drw has 0 polygons
2026-08-08 22:49:59 +0200: Memory Usage (458912K) : intbondvia_drw has 0 polygons
2026-08-08 22:49:59 +0200: Memory Usage (458912K) : intbondmet_drw has 0 polygons
2026-08-08 22:49:59 +0200: Memory Usage (458912K) : devbondvia_drw has 0 polygons
2026-08-08 22:49:59 +0200: Memory Usage (458912K) : devbondmet_drw has 0 polygons
2026-08-08 22:49:59 +0200: Memory Usage (458912K) : devtrench_drw has 0 polygons
2026-08-08 22:49:59 +0200: Memory Usage (458912K) : redist_drw has 0 polygons
2026-08-08 22:49:59 +0200: Memory Usage (458912K) : graphbot_drw has 0 polygons
2026-08-08 22:49:59 +0200: Memory Usage (458912K) : graphtop_drw has 0 polygons
2026-08-08 22:49:59 +0200: Memory Usage (458912K) : antvia1_drw has 0 polygons
2026-08-08 22:49:59 +0200: Memory Usage (458912K) : antmetal2_drw has 0 polygons
2026-08-08 22:49:59 +0200: Memory Usage (458912K) : graphcont_drw has 0 polygons
2026-08-08 22:49:59 +0200: Memory Usage (458912K) : siwg_drw has 0 polygons
2026-08-08 22:49:59 +0200: Memory Usage (458912K) : siwg_filler has 0 polygons
2026-08-08 22:49:59 +0200: Memory Usage (458912K) : siwg_nofill has 0 polygons
2026-08-08 22:49:59 +0200: Memory Usage (458912K) : sigrating_drw has 0 polygons
2026-08-08 22:49:59 +0200: Memory Usage (458912K) : singrating_drw has 0 polygons
2026-08-08 22:49:59 +0200: Memory Usage (458912K) : graphpas_drw has 0 polygons
2026-08-08 22:49:59 +0200: Memory Usage (458912K) : emwind3_drw has 0 polygons
2026-08-08 22:49:59 +0200: Memory Usage (458912K) : emwihv3_drw has 0 polygons
2026-08-08 22:49:59 +0200: Memory Usage (458912K) : redbulay_drw has 0 polygons
2026-08-08 22:49:59 +0200: Memory Usage (458912K) : smos_drw has 0 polygons
2026-08-08 22:49:59 +0200: Memory Usage (458912K) : graphpad_drw has 0 polygons
2026-08-08 22:49:59 +0200: Memory Usage (458912K) : polimide_drw has 0 polygons
2026-08-08 22:49:59 +0200: Memory Usage (458912K) : polimide_pin has 0 polygons
2026-08-08 22:49:59 +0200: Memory Usage (458912K) : recog_drw has 0 polygons
2026-08-08 22:49:59 +0200: Memory Usage (458912K) : recog_pin has 0 polygons
2026-08-08 22:49:59 +0200: Memory Usage (458912K) : recog_esd has 0 polygons
2026-08-08 22:49:59 +0200: Memory Usage (458912K) : recog_diode has 0 polygons
2026-08-08 22:49:59 +0200: Memory Usage (458912K) : recog_tsv has 0 polygons
2026-08-08 22:50:00 +0200: Memory Usage (458912K) : recog_iprobe has 0 polygons
2026-08-08 22:50:00 +0200: Memory Usage (458912K) : recog_diffprb has 0 polygons
2026-08-08 22:50:00 +0200: Memory Usage (458912K) : recog_pillar has 0 polygons
2026-08-08 22:50:00 +0200: Memory Usage (458912K) : recog_sbump has 0 polygons
2026-08-08 22:50:00 +0200: Memory Usage (458912K) : recog_otp has 0 polygons
2026-08-08 22:50:00 +0200: Memory Usage (458912K) : recog_pdiode has 0 polygons
2026-08-08 22:50:00 +0200: Memory Usage (458912K) : recog_mom has 0 polygons
2026-08-08 22:50:00 +0200: Memory Usage (458912K) : recog_pcm has 0 polygons
2026-08-08 22:50:00 +0200: Memory Usage (458912K) : colopen_drw has 0 polygons
2026-08-08 22:50:00 +0200: Memory Usage (458912K) : graphmetal1_drw has 0 polygons
2026-08-08 22:50:00 +0200: Memory Usage (458912K) : graphmetal1_filler has 0 polygons
2026-08-08 22:50:00 +0200: Memory Usage (458912K) : graphmetal1_nofill has 0 polygons
2026-08-08 22:50:00 +0200: Memory Usage (458912K) : graphmetal1_slit has 0 polygons
2026-08-08 22:50:00 +0200: Memory Usage (458912K) : graphmetal1_opc has 0 polygons
2026-08-08 22:50:00 +0200: Memory Usage (458912K) : graphmet1l_drw has 0 polygons
2026-08-08 22:50:00 +0200: Memory Usage (458912K) : graphmet1l_filler has 0 polygons
2026-08-08 22:50:00 +0200: Memory Usage (458912K) : graphmet1l_nofill has 0 polygons
2026-08-08 22:50:00 +0200: Memory Usage (458912K) : graphmet1l_slit has 0 polygons
2026-08-08 22:50:00 +0200: Memory Usage (458912K) : graphmet1l_opc has 0 polygons
2026-08-08 22:50:00 +0200: Memory Usage (458912K) : extblock_drw has 0 polygons
2026-08-08 22:50:00 +0200: Memory Usage (458912K) : nldd_drw has 0 polygons
2026-08-08 22:50:00 +0200: Memory Usage (458912K) : pldd_drw has 0 polygons
2026-08-08 22:50:00 +0200: Memory Usage (458912K) : next_drw has 0 polygons
2026-08-08 22:50:00 +0200: Memory Usage (458912K) : pext_drw has 0 polygons
2026-08-08 22:50:00 +0200: Memory Usage (458912K) : nexthv_drw has 0 polygons
2026-08-08 22:50:00 +0200: Memory Usage (458912K) : pexthv_drw has 0 polygons
2026-08-08 22:50:00 +0200: Memory Usage (458912K) : graphgate_drw has 0 polygons
2026-08-08 22:50:00 +0200: Memory Usage (458912K) : sinwg_drw has 0 polygons
2026-08-08 22:50:00 +0200: Memory Usage (458912K) : sinwg_filler has 0 polygons
2026-08-08 22:50:00 +0200: Memory Usage (458912K) : sinwg_nofill has 0 polygons
2026-08-08 22:50:00 +0200: Memory Usage (458912K) : mempad_drw has 0 polygons
2026-08-08 22:50:00 +0200: Memory Usage (458912K) : topvia1_drw has 156 polygons
2026-08-08 22:50:00 +0200: Memory Usage (458912K) : topmetal1_drw has 94 polygons
2026-08-08 22:50:00 +0200: Memory Usage (458912K) : topmetal1_pin has 4 polygons
2026-08-08 22:50:00 +0200: Memory Usage (458912K) : topmetal1_mask has 0 polygons
2026-08-08 22:50:00 +0200: Memory Usage (458912K) : topmetal1_filler has 0 polygons
2026-08-08 22:50:00 +0200: Memory Usage (458912K) : topmetal1_nofill has 0 polygons
2026-08-08 22:50:00 +0200: Memory Usage (458912K) : topmetal1_slit has 0 polygons
2026-08-08 22:50:00 +0200: Memory Usage (458912K) : topmetal1_text has 2 polygons
2026-08-08 22:50:00 +0200: Memory Usage (458912K) : topmetal1_noqrc has 0 polygons
2026-08-08 22:50:00 +0200: Memory Usage (458912K) : topmetal1_res has 0 polygons
2026-08-08 22:50:00 +0200: Memory Usage (458912K) : topmetal1_iprobe has 0 polygons
2026-08-08 22:50:00 +0200: Memory Usage (458912K) : topmetal1_diffprb has 0 polygons
2026-08-08 22:50:00 +0200: Memory Usage (458912K) : inldpwl_drw has 0 polygons
2026-08-08 22:50:00 +0200: Memory Usage (458912K) : polyres_drw has 0 polygons
2026-08-08 22:50:00 +0200: Memory Usage (458912K) : polyres_pin has 0 polygons
2026-08-08 22:50:00 +0200: Memory Usage (458912K) : vmim_drw has 0 polygons
2026-08-08 22:50:00 +0200: Memory Usage (458912K) : nbulaycut_drw has 0 polygons
2026-08-08 22:50:00 +0200: Memory Usage (458912K) : antmetal1_drw has 0 polygons
2026-08-08 22:50:00 +0200: Memory Usage (458912K) : topvia2_drw has 8 polygons
2026-08-08 22:50:00 +0200: Memory Usage (458912K) : topmetal2_drw has 16 polygons
2026-08-08 22:50:01 +0200: Memory Usage (458912K) : topmetal2_pin has 4 polygons
2026-08-08 22:50:01 +0200: Memory Usage (458912K) : topmetal2_mask has 0 polygons
2026-08-08 22:50:01 +0200: Memory Usage (458912K) : topmetal2_filler has 0 polygons
2026-08-08 22:50:01 +0200: Memory Usage (458912K) : topmetal2_nofill has 0 polygons
2026-08-08 22:50:01 +0200: Memory Usage (458912K) : topmetal2_slit has 0 polygons
2026-08-08 22:50:01 +0200: Memory Usage (458912K) : topmetal2_text has 2 polygons
2026-08-08 22:50:01 +0200: Memory Usage (458912K) : topmetal2_noqrc has 0 polygons
2026-08-08 22:50:01 +0200: Memory Usage (458912K) : topmetal2_res has 0 polygons
2026-08-08 22:50:01 +0200: Memory Usage (458912K) : topmetal2_iprobe has 0 polygons
2026-08-08 22:50:01 +0200: Memory Usage (458912K) : topmetal2_diffprb has 0 polygons
2026-08-08 22:50:01 +0200: Memory Usage (458912K) : snsring_drw has 0 polygons
2026-08-08 22:50:01 +0200: Memory Usage (458912K) : sensor_drw has 0 polygons
2026-08-08 22:50:01 +0200: Memory Usage (458912K) : snsarms_drw has 0 polygons
2026-08-08 22:50:01 +0200: Memory Usage (458912K) : snscmosvia_drw has 0 polygons
2026-08-08 22:50:01 +0200: Memory Usage (458912K) : colwind_drw has 0 polygons
2026-08-08 22:50:01 +0200: Memory Usage (458912K) : flm_drw has 0 polygons
2026-08-08 22:50:01 +0200: Memory Usage (458912K) : hafniumox_drw has 0 polygons
2026-08-08 22:50:01 +0200: Memory Usage (458912K) : memvia_drw has 0 polygons
2026-08-08 22:50:01 +0200: Memory Usage (458912K) : thinfilmres_drw has 0 polygons
2026-08-08 22:50:01 +0200: Memory Usage (458912K) : rfmem_drw has 0 polygons
2026-08-08 22:50:01 +0200: Memory Usage (458912K) : norcx_drw has 0 polygons
2026-08-08 22:50:01 +0200: Memory Usage (458912K) : norcx_m2m3 has 0 polygons
2026-08-08 22:50:01 +0200: Memory Usage (458912K) : norcx_m2m4 has 0 polygons
2026-08-08 22:50:01 +0200: Memory Usage (458912K) : norcx_m2m5 has 0 polygons
2026-08-08 22:50:01 +0200: Memory Usage (458912K) : norcx_m2tm1 has 0 polygons
2026-08-08 22:50:01 +0200: Memory Usage (458912K) : norcx_m2tm2 has 0 polygons
2026-08-08 22:50:01 +0200: Memory Usage (458912K) : norcx_m3m4 has 0 polygons
2026-08-08 22:50:01 +0200: Memory Usage (458912K) : norcx_m3m5 has 0 polygons
2026-08-08 22:50:01 +0200: Memory Usage (458912K) : norcx_m3tm1 has 0 polygons
2026-08-08 22:50:01 +0200: Memory Usage (458912K) : norcx_m3tm2 has 0 polygons
2026-08-08 22:50:01 +0200: Memory Usage (458912K) : norcx_m4m5 has 0 polygons
2026-08-08 22:50:01 +0200: Memory Usage (458912K) : norcx_m4tm1 has 0 polygons
2026-08-08 22:50:01 +0200: Memory Usage (458912K) : norcx_m4tm2 has 0 polygons
2026-08-08 22:50:01 +0200: Memory Usage (458912K) : norcx_m5tm1 has 0 polygons
2026-08-08 22:50:01 +0200: Memory Usage (458912K) : norcx_m5tm2 has 0 polygons
2026-08-08 22:50:01 +0200: Memory Usage (458912K) : norcx_tm1tm2 has 0 polygons
2026-08-08 22:50:01 +0200: Memory Usage (458912K) : norcx_m1sub has 0 polygons
2026-08-08 22:50:01 +0200: Memory Usage (458912K) : norcx_m2sub has 0 polygons
2026-08-08 22:50:01 +0200: Memory Usage (458912K) : norcx_m3sub has 0 polygons
2026-08-08 22:50:01 +0200: Memory Usage (458912K) : norcx_m4sub has 0 polygons
2026-08-08 22:50:01 +0200: Memory Usage (458912K) : norcx_m5sub has 0 polygons
2026-08-08 22:50:01 +0200: Memory Usage (458912K) : norcx_tm1sub has 0 polygons
2026-08-08 22:50:01 +0200: Memory Usage (458912K) : norcx_tm2sub has 0 polygons
2026-08-08 22:50:01 +0200: Memory Usage (458912K) : snsbotvia_drw has 0 polygons
2026-08-08 22:50:01 +0200: Memory Usage (458912K) : snstopvia_drw has 0 polygons
2026-08-08 22:50:01 +0200: Memory Usage (458912K) : deepvia_drw has 0 polygons
2026-08-08 22:50:01 +0200: Memory Usage (458912K) : fgetch_drw has 0 polygons
2026-08-08 22:50:01 +0200: Memory Usage (458912K) : ctrgat_drw has 0 polygons
2026-08-08 22:50:01 +0200: Memory Usage (458912K) : fgimp_drw has 0 polygons
2026-08-08 22:50:01 +0200: Memory Usage (458912K) : emwihv_drw has 0 polygons
2026-08-08 22:50:01 +0200: Memory Usage (458912K) : lbe_drw has 0 polygons
2026-08-08 22:50:01 +0200: Memory Usage (458912K) : alcustop_drw has 0 polygons
2026-08-08 22:50:01 +0200: Memory Usage (458912K) : nometfiller_drw has 0 polygons
2026-08-08 22:50:01 +0200: Memory Usage (458912K) : prboundary_drw has 0 polygons
2026-08-08 22:50:01 +0200: Memory Usage (458912K) : exchange0_drw has 0 polygons
2026-08-08 22:50:01 +0200: Memory Usage (458912K) : exchange0_pin has 0 polygons
2026-08-08 22:50:01 +0200: Memory Usage (458912K) : exchange0_text has 0 polygons
2026-08-08 22:50:01 +0200: Memory Usage (458912K) : exchange1_drw has 0 polygons
2026-08-08 22:50:01 +0200: Memory Usage (458912K) : exchange1_pin has 0 polygons
2026-08-08 22:50:01 +0200: Memory Usage (458912K) : exchange1_text has 0 polygons
2026-08-08 22:50:01 +0200: Memory Usage (458912K) : exchange2_drw has 0 polygons
2026-08-08 22:50:02 +0200: Memory Usage (458912K) : exchange2_pin has 0 polygons
2026-08-08 22:50:02 +0200: Memory Usage (458912K) : exchange2_text has 0 polygons
2026-08-08 22:50:02 +0200: Memory Usage (458912K) : exchange3_drw has 0 polygons
2026-08-08 22:50:02 +0200: Memory Usage (458912K) : exchange3_pin has 0 polygons
2026-08-08 22:50:02 +0200: Memory Usage (458912K) : exchange3_text has 0 polygons
2026-08-08 22:50:02 +0200: Memory Usage (458912K) : exchange4_drw has 0 polygons
2026-08-08 22:50:02 +0200: Memory Usage (458912K) : exchange4_pin has 0 polygons
2026-08-08 22:50:02 +0200: Memory Usage (458912K) : exchange4_text has 0 polygons
2026-08-08 22:50:02 +0200: Memory Usage (458912K) : isonwell_drw has 0 polygons
2026-08-08 22:50:02 +0200: Memory Usage (458912K) : Total no. of polygons in the design is 120264
2026-08-08 22:50:02 +0200: Memory Usage (458912K) : Loaded TECH DRC rules values from /foss/pdks/ihp-sg13g2/libs.tech/klayout/python/sg13g2_pycell_lib/sg13g2_tech_mod.json
2026-08-08 22:50:02 +0200: Memory Usage (458912K) : Loaded default DRC rules values from /foss/pdks/ihp-sg13g2/libs.tech/klayout/tech/drc/rule_decks/sg13g2_tech_default.json
2026-08-08 22:50:02 +0200: Memory Usage (458912K) : The following rules values were missing in tech json and default values were used:
2026-08-08 22:50:02 +0200: Memory Usage (458912K) :   - NW_f1_digibnd
2026-08-08 22:50:02 +0200: Memory Usage (458912K) :   - Cnt_c_digibnd
2026-08-08 22:50:02 +0200: Memory Usage (458912K) :   - Cnt_c_sram
2026-08-08 22:50:02 +0200: Memory Usage (458912K) :   - Sdiod_b
2026-08-08 22:50:02 +0200: Memory Usage (458912K) :   - Sdiod_c
2026-08-08 22:50:02 +0200: Memory Usage (459748K) : Total area of the design is 27848.17 um^2.
2026-08-08 22:50:02 +0200: Memory Usage (459748K) : The design dimensions are 157.78 µm * 176.5 µm.
2026-08-08 22:50:02 +0200: Memory Usage (459748K) : Starting general IHP-SG13G2 derivations.
2026-08-08 22:50:02 +0200: Memory Usage (459748K) : Starting Pwell derivations
2026-08-08 22:50:02 +0200: Memory Usage (463008K) : Starting IHP-SG13G2 DRC rules.
2026-08-08 22:50:02 +0200: Memory Usage (463008K) : Starting 6.10 Sealring table
2026-08-08 22:50:02 +0200: Memory Usage (463008K) : Executing rule Seal.l
2026-08-08 22:50:02 +0200: Memory Usage (463008K) : Executing rule Seal.n
2026-08-08 22:50:02 +0200: Memory Usage (463136K) : Executing rule seal.b_metal1
2026-08-08 22:50:02 +0200: Memory Usage (463272K) : Executing rule seal.b_metal2
2026-08-08 22:50:02 +0200: Memory Usage (463272K) : Executing rule seal.b_metal3
2026-08-08 22:50:02 +0200: Memory Usage (463272K) : Executing rule seal.b_metal4
2026-08-08 22:50:02 +0200: Memory Usage (463272K) : Executing rule seal.b_metal5
2026-08-08 22:50:02 +0200: Memory Usage (463272K) : Executing rule seal.b_topmetal1
2026-08-08 22:50:02 +0200: Memory Usage (463272K) : Executing rule seal.b_topmetal2
2026-08-08 22:50:02 +0200: Memory Usage (463272K) : Executing rule seal.b_activ
2026-08-08 22:50:02 +0200: Memory Usage (463272K) : Executing rule seal.b_psd
2026-08-08 22:50:02 +0200: Memory Usage (463272K) : Executing rule Seal.k
2026-08-08 22:50:03 +0200: Memory Usage (463272K) : Executing rule Seal.m
2026-08-08 22:50:03 +0200: Memory Usage (463272K) : KLayout DRC run for tables 'sealring' completed in 6.22 seconds
