# Logfile created on 2026-08-08 22:51:25 +0200 by logger.rb/v1.5.3
2026-08-08 22:51:25 +0200: Memory Usage (454420K) : Starting running IHP-SG13G2 KLayout DRC runset on /foss/designs/spi-slave-ihp/flow/runs/RUN_2026-08-08_22-27-58/final/klayout_gds/spi_slave.klayout.gds
2026-08-08 22:51:25 +0200: Memory Usage (454420K) : Ruby Version for klayout: 3.2.3
2026-08-08 22:51:25 +0200: Memory Usage (455736K) : Loading database to memory is complete.
2026-08-08 22:51:25 +0200: Memory Usage (455736K) : IHP-SG13G2 KLayout DRC runset output at: /foss/designs/spi-slave-ihp/signoff/drc_noring/spi_slave.klayout_spi_slave_metalnfiller.lyrdb
2026-08-08 22:51:25 +0200: Memory Usage (455736K) : Evaluate switches.
2026-08-08 22:51:25 +0200: Memory Usage (455736K) : tables selected: metalnfiller
2026-08-08 22:51:25 +0200: Memory Usage (455736K) : KLayout will use 8 thread(s) in tiling mode.
2026-08-08 22:51:25 +0200: Memory Usage (455736K) : deep mode is enabled.
2026-08-08 22:51:25 +0200: Memory Usage (455736K) : FEOL enabled: false
2026-08-08 22:51:25 +0200: Memory Usage (455736K) : BEOL enabled: false
2026-08-08 22:51:25 +0200: Memory Usage (455736K) : OFFGRID enabled: true
2026-08-08 22:51:25 +0200: Memory Usage (455736K) : ANGLE enabled: true
2026-08-08 22:51:25 +0200: Memory Usage (455736K) : PIN enabled: false
2026-08-08 22:51:25 +0200: Memory Usage (455736K) : FORBIDDEN enabled: false
2026-08-08 22:51:25 +0200: Memory Usage (455736K) : RECOMMENDED enabled: true
2026-08-08 22:51:25 +0200: Memory Usage (455736K) : PreCheck DRC enabled: false
2026-08-08 22:51:25 +0200: Memory Usage (455736K) : CONNECTIVITY_RULES enabled: false.
2026-08-08 22:51:25 +0200: Memory Usage (455736K) : Read in polygons from layers.
2026-08-08 22:51:25 +0200: Memory Usage (457120K) : activ_drw has 7986 polygons
2026-08-08 22:51:25 +0200: Memory Usage (457248K) : activ_pin has 0 polygons
2026-08-08 22:51:26 +0200: Memory Usage (457248K) : activ_mask has 0 polygons
2026-08-08 22:51:26 +0200: Memory Usage (457248K) : activ_filler has 0 polygons
2026-08-08 22:51:26 +0200: Memory Usage (457248K) : activ_nofill has 0 polygons
2026-08-08 22:51:26 +0200: Memory Usage (457248K) : activ_opc has 0 polygons
2026-08-08 22:51:26 +0200: Memory Usage (457248K) : activ_iopc has 0 polygons
2026-08-08 22:51:26 +0200: Memory Usage (457376K) : activ_noqrc has 0 polygons
2026-08-08 22:51:26 +0200: Memory Usage (457504K) : biwind_drw has 0 polygons
2026-08-08 22:51:26 +0200: Memory Usage (457504K) : biwind_opc has 0 polygons
2026-08-08 22:51:26 +0200: Memory Usage (457632K) : pemwind_drw has 0 polygons
2026-08-08 22:51:26 +0200: Memory Usage (457632K) : gatpoly_drw has 8374 polygons
2026-08-08 22:51:26 +0200: Memory Usage (457760K) : gatpoly_pin has 0 polygons
2026-08-08 22:51:26 +0200: Memory Usage (457760K) : gatpoly_filler has 0 polygons
2026-08-08 22:51:26 +0200: Memory Usage (457888K) : gatpoly_nofill has 0 polygons
2026-08-08 22:51:26 +0200: Memory Usage (457888K) : gatpoly_opc has 0 polygons
2026-08-08 22:51:26 +0200: Memory Usage (457888K) : gatpoly_iopc has 0 polygons
2026-08-08 22:51:26 +0200: Memory Usage (458016K) : gatpoly_noqrc has 0 polygons
2026-08-08 22:51:26 +0200: Memory Usage (458016K) : cont_drw has 54393 polygons
2026-08-08 22:51:26 +0200: Memory Usage (458144K) : cont_opc has 0 polygons
2026-08-08 22:51:26 +0200: Memory Usage (458272K) : nsd_drw has 0 polygons
2026-08-08 22:51:26 +0200: Memory Usage (458272K) : nsd_block has 0 polygons
2026-08-08 22:51:26 +0200: Memory Usage (458272K) : metal1_drw has 15531 polygons
2026-08-08 22:51:26 +0200: Memory Usage (458272K) : metal1_pin has 5535 polygons
2026-08-08 22:51:26 +0200: Memory Usage (458272K) : metal1_mask has 0 polygons
2026-08-08 22:51:26 +0200: Memory Usage (458272K) : metal1_filler has 0 polygons
2026-08-08 22:51:26 +0200: Memory Usage (458272K) : metal1_nofill has 0 polygons
2026-08-08 22:51:26 +0200: Memory Usage (458272K) : metal1_slit has 0 polygons
2026-08-08 22:51:26 +0200: Memory Usage (458580K) : metal1_text has 5454 polygons
2026-08-08 22:51:26 +0200: Memory Usage (458580K) : metal1_opc has 0 polygons
2026-08-08 22:51:26 +0200: Memory Usage (458580K) : metal1_noqrc has 0 polygons
2026-08-08 22:51:26 +0200: Memory Usage (458580K) : metal1_res has 0 polygons
2026-08-08 22:51:26 +0200: Memory Usage (458580K) : metal1_iprobe has 0 polygons
2026-08-08 22:51:26 +0200: Memory Usage (458580K) : metal1_diffprb has 0 polygons
2026-08-08 22:51:26 +0200: Memory Usage (458580K) : passiv_drw has 0 polygons
2026-08-08 22:51:26 +0200: Memory Usage (458580K) : passiv_pin has 0 polygons
2026-08-08 22:51:26 +0200: Memory Usage (458580K) : passiv_sbump has 0 polygons
2026-08-08 22:51:26 +0200: Memory Usage (458580K) : passiv_pillar has 0 polygons
2026-08-08 22:51:26 +0200: Memory Usage (458580K) : passiv_pdl has 0 polygons
2026-08-08 22:51:26 +0200: Memory Usage (458580K) : metal2_drw has 7663 polygons
2026-08-08 22:51:26 +0200: Memory Usage (458580K) : metal2_pin has 19 polygons
2026-08-08 22:51:26 +0200: Memory Usage (458580K) : metal2_mask has 0 polygons
2026-08-08 22:51:26 +0200: Memory Usage (458580K) : metal2_filler has 0 polygons
2026-08-08 22:51:26 +0200: Memory Usage (458580K) : metal2_nofill has 0 polygons
2026-08-08 22:51:26 +0200: Memory Usage (458580K) : metal2_slit has 0 polygons
2026-08-08 22:51:26 +0200: Memory Usage (458580K) : metal2_text has 19 polygons
2026-08-08 22:51:26 +0200: Memory Usage (458580K) : metal2_opc has 0 polygons
2026-08-08 22:51:26 +0200: Memory Usage (458580K) : metal2_noqrc has 0 polygons
2026-08-08 22:51:26 +0200: Memory Usage (458580K) : metal2_res has 0 polygons
2026-08-08 22:51:26 +0200: Memory Usage (458580K) : metal2_iprobe has 0 polygons
2026-08-08 22:51:26 +0200: Memory Usage (458580K) : metal2_diffprb has 0 polygons
2026-08-08 22:51:26 +0200: Memory Usage (458580K) : baspoly_drw has 0 polygons
2026-08-08 22:51:26 +0200: Memory Usage (458580K) : baspoly_pin has 0 polygons
2026-08-08 22:51:26 +0200: Memory Usage (458580K) : psd_drw has 3352 polygons
2026-08-08 22:51:26 +0200: Memory Usage (458580K) : nldb_drw has 0 polygons
2026-08-08 22:51:26 +0200: Memory Usage (458580K) : digibnd_drw has 0 polygons
2026-08-08 22:51:26 +0200: Memory Usage (458580K) : via1_drw has 2532 polygons
2026-08-08 22:51:26 +0200: Memory Usage (458580K) : backmetal1_drw has 0 polygons
2026-08-08 22:51:26 +0200: Memory Usage (458580K) : backmetal1_pin has 0 polygons
2026-08-08 22:51:26 +0200: Memory Usage (458580K) : backmetal1_mask has 0 polygons
2026-08-08 22:51:26 +0200: Memory Usage (458580K) : backmetal1_filler has 0 polygons
2026-08-08 22:51:26 +0200: Memory Usage (458708K) : backmetal1_nofill has 0 polygons
2026-08-08 22:51:26 +0200: Memory Usage (458708K) : backmetal1_slit has 0 polygons
2026-08-08 22:51:26 +0200: Memory Usage (458708K) : backmetal1_text has 0 polygons
2026-08-08 22:51:26 +0200: Memory Usage (458708K) : backmetal1_opc has 0 polygons
2026-08-08 22:51:26 +0200: Memory Usage (458708K) : backmetal1_noqrc has 0 polygons
2026-08-08 22:51:26 +0200: Memory Usage (458708K) : backmetal1_res has 0 polygons
2026-08-08 22:51:26 +0200: Memory Usage (458708K) : backmetal1_iprobe has 0 polygons
2026-08-08 22:51:26 +0200: Memory Usage (458836K) : backmetal1_diffprb has 0 polygons
2026-08-08 22:51:26 +0200: Memory Usage (458964K) : backpassiv_drw has 0 polygons
2026-08-08 22:51:26 +0200: Memory Usage (458964K) : res_drw has 0 polygons
2026-08-08 22:51:26 +0200: Memory Usage (458964K) : sram_drw has 0 polygons
2026-08-08 22:51:26 +0200: Memory Usage (458964K) : trans_drw has 0 polygons
2026-08-08 22:51:26 +0200: Memory Usage (458964K) : ind_drw has 0 polygons
2026-08-08 22:51:26 +0200: Memory Usage (458964K) : ind_pin has 0 polygons
2026-08-08 22:51:26 +0200: Memory Usage (458964K) : ind_text has 0 polygons
2026-08-08 22:51:26 +0200: Memory Usage (458964K) : salblock_drw has 0 polygons
2026-08-08 22:51:26 +0200: Memory Usage (458964K) : via2_drw has 2276 polygons
2026-08-08 22:51:26 +0200: Memory Usage (458964K) : metal3_drw has 3581 polygons
2026-08-08 22:51:26 +0200: Memory Usage (458964K) : metal3_pin has 11 polygons
2026-08-08 22:51:26 +0200: Memory Usage (458964K) : metal3_mask has 0 polygons
2026-08-08 22:51:26 +0200: Memory Usage (458964K) : metal3_filler has 0 polygons
2026-08-08 22:51:26 +0200: Memory Usage (458964K) : metal3_nofill has 0 polygons
2026-08-08 22:51:26 +0200: Memory Usage (458964K) : metal3_slit has 0 polygons
2026-08-08 22:51:26 +0200: Memory Usage (458964K) : metal3_text has 11 polygons
2026-08-08 22:51:26 +0200: Memory Usage (458964K) : metal3_opc has 0 polygons
2026-08-08 22:51:26 +0200: Memory Usage (458964K) : metal3_noqrc has 0 polygons
2026-08-08 22:51:27 +0200: Memory Usage (458964K) : metal3_res has 0 polygons
2026-08-08 22:51:27 +0200: Memory Usage (458964K) : metal3_iprobe has 0 polygons
2026-08-08 22:51:27 +0200: Memory Usage (458964K) : metal3_diffprb has 0 polygons
2026-08-08 22:51:27 +0200: Memory Usage (458964K) : nwell_drw has 1666 polygons
2026-08-08 22:51:27 +0200: Memory Usage (458964K) : nwell_pin has 0 polygons
2026-08-08 22:51:27 +0200: Memory Usage (458964K) : nbulay_drw has 0 polygons
2026-08-08 22:51:27 +0200: Memory Usage (458964K) : nbulay_pin has 0 polygons
2026-08-08 22:51:27 +0200: Memory Usage (458964K) : nbulay_block has 0 polygons
2026-08-08 22:51:27 +0200: Memory Usage (458964K) : emwind_drw has 0 polygons
2026-08-08 22:51:27 +0200: Memory Usage (458964K) : emwind_opc has 0 polygons
2026-08-08 22:51:27 +0200: Memory Usage (458964K) : deepco_drw has 0 polygons
2026-08-08 22:51:27 +0200: Memory Usage (458964K) : deepco_drw has 0 polygons
2026-08-08 22:51:27 +0200: Memory Usage (458964K) : mim_drw has 0 polygons
2026-08-08 22:51:27 +0200: Memory Usage (458964K) : edgeseal_drw has 0 polygons
2026-08-08 22:51:27 +0200: Memory Usage (458964K) : edgeseal_bound has 0 polygons
2026-08-08 22:51:27 +0200: Memory Usage (458964K) : substrate_drw has 0 polygons
2026-08-08 22:51:27 +0200: Memory Usage (458964K) : substrate_text has 0 polygons
2026-08-08 22:51:27 +0200: Memory Usage (458964K) : dfpad_drw has 0 polygons
2026-08-08 22:51:27 +0200: Memory Usage (458964K) : dfpad_pillar has 0 polygons
2026-08-08 22:51:27 +0200: Memory Usage (458964K) : dfpad_sbump has 0 polygons
2026-08-08 22:51:27 +0200: Memory Usage (458964K) : thickgateox_drw has 0 polygons
2026-08-08 22:51:27 +0200: Memory Usage (458964K) : pldb_drw has 0 polygons
2026-08-08 22:51:27 +0200: Memory Usage (458964K) : pwell_drw has 0 polygons
2026-08-08 22:51:27 +0200: Memory Usage (458964K) : pwell_pin has 0 polygons
2026-08-08 22:51:27 +0200: Memory Usage (458964K) : pwell_block has 0 polygons
2026-08-08 22:51:27 +0200: Memory Usage (458964K) : ic_drw has 0 polygons
2026-08-08 22:51:27 +0200: Memory Usage (458964K) : via3_drw has 512 polygons
2026-08-08 22:51:27 +0200: Memory Usage (458964K) : metal4_drw has 385 polygons
2026-08-08 22:51:27 +0200: Memory Usage (458964K) : metal4_pin has 0 polygons
2026-08-08 22:51:27 +0200: Memory Usage (458964K) : metal4_mask has 0 polygons
2026-08-08 22:51:27 +0200: Memory Usage (458964K) : metal4_filler has 0 polygons
2026-08-08 22:51:27 +0200: Memory Usage (458964K) : metal4_nofill has 0 polygons
2026-08-08 22:51:27 +0200: Memory Usage (458964K) : metal4_slit has 0 polygons
2026-08-08 22:51:27 +0200: Memory Usage (458964K) : metal4_text has 0 polygons
2026-08-08 22:51:27 +0200: Memory Usage (458964K) : metal4_opc has 0 polygons
2026-08-08 22:51:27 +0200: Memory Usage (458964K) : metal4_noqrc has 0 polygons
2026-08-08 22:51:27 +0200: Memory Usage (458964K) : metal4_res has 0 polygons
2026-08-08 22:51:27 +0200: Memory Usage (458964K) : metal4_iprobe has 0 polygons
2026-08-08 22:51:27 +0200: Memory Usage (458964K) : metal4_diffprb has 0 polygons
2026-08-08 22:51:27 +0200: Memory Usage (458964K) : heattrans_drw has 0 polygons
2026-08-08 22:51:27 +0200: Memory Usage (458964K) : heatres_drw has 0 polygons
2026-08-08 22:51:27 +0200: Memory Usage (458964K) : pempoly_drw has 0 polygons
2026-08-08 22:51:27 +0200: Memory Usage (458964K) : fbe_drw has 0 polygons
2026-08-08 22:51:27 +0200: Memory Usage (458964K) : empoly_drw has 0 polygons
2026-08-08 22:51:27 +0200: Memory Usage (458964K) : ldmos_drw has 0 polygons
2026-08-08 22:51:27 +0200: Memory Usage (458964K) : pbiwind_drw has 0 polygons
2026-08-08 22:51:27 +0200: Memory Usage (458964K) : digisub_drw has 0 polygons
2026-08-08 22:51:27 +0200: Memory Usage (458964K) : nodrc_drw has 0 polygons
2026-08-08 22:51:27 +0200: Memory Usage (458964K) : text_drw has 0 polygons
2026-08-08 22:51:27 +0200: Memory Usage (458964K) : via4_drw has 410 polygons
2026-08-08 22:51:27 +0200: Memory Usage (458964K) : metal5_drw has 268 polygons
2026-08-08 22:51:27 +0200: Memory Usage (458964K) : metal5_pin has 0 polygons
2026-08-08 22:51:27 +0200: Memory Usage (458964K) : metal5_mask has 0 polygons
2026-08-08 22:51:27 +0200: Memory Usage (458964K) : metal5_filler has 0 polygons
2026-08-08 22:51:27 +0200: Memory Usage (458964K) : metal5_nofill has 0 polygons
2026-08-08 22:51:27 +0200: Memory Usage (458964K) : metal5_slit has 0 polygons
2026-08-08 22:51:27 +0200: Memory Usage (458964K) : metal5_text has 0 polygons
2026-08-08 22:51:27 +0200: Memory Usage (458964K) : metal5_opc has 0 polygons
2026-08-08 22:51:27 +0200: Memory Usage (458964K) : metal5_noqrc has 0 polygons
2026-08-08 22:51:27 +0200: Memory Usage (458964K) : metal5_res has 0 polygons
2026-08-08 22:51:27 +0200: Memory Usage (458964K) : metal5_iprobe has 0 polygons
2026-08-08 22:51:27 +0200: Memory Usage (458964K) : metal5_diffprb has 0 polygons
2026-08-08 22:51:27 +0200: Memory Usage (458964K) : radhard_drw has 0 polygons
2026-08-08 22:51:27 +0200: Memory Usage (458964K) : memcap_drw has 0 polygons
2026-08-08 22:51:27 +0200: Memory Usage (458964K) : varicap_drw has 0 polygons
2026-08-08 22:51:27 +0200: Memory Usage (458964K) : flash_drw has 0 polygons
2026-08-08 22:51:27 +0200: Memory Usage (458964K) : intbondvia_drw has 0 polygons
2026-08-08 22:51:27 +0200: Memory Usage (458964K) : intbondmet_drw has 0 polygons
2026-08-08 22:51:27 +0200: Memory Usage (458964K) : devbondvia_drw has 0 polygons
2026-08-08 22:51:27 +0200: Memory Usage (458964K) : devbondmet_drw has 0 polygons
2026-08-08 22:51:27 +0200: Memory Usage (458964K) : devtrench_drw has 0 polygons
2026-08-08 22:51:27 +0200: Memory Usage (458964K) : redist_drw has 0 polygons
2026-08-08 22:51:27 +0200: Memory Usage (458964K) : graphbot_drw has 0 polygons
2026-08-08 22:51:27 +0200: Memory Usage (458964K) : graphtop_drw has 0 polygons
2026-08-08 22:51:27 +0200: Memory Usage (458964K) : antvia1_drw has 0 polygons
2026-08-08 22:51:27 +0200: Memory Usage (458964K) : antmetal2_drw has 0 polygons
2026-08-08 22:51:27 +0200: Memory Usage (458964K) : graphcont_drw has 0 polygons
2026-08-08 22:51:28 +0200: Memory Usage (458964K) : siwg_drw has 0 polygons
2026-08-08 22:51:28 +0200: Memory Usage (458964K) : siwg_filler has 0 polygons
2026-08-08 22:51:28 +0200: Memory Usage (458964K) : siwg_nofill has 0 polygons
2026-08-08 22:51:28 +0200: Memory Usage (458964K) : sigrating_drw has 0 polygons
2026-08-08 22:51:28 +0200: Memory Usage (458964K) : singrating_drw has 0 polygons
2026-08-08 22:51:28 +0200: Memory Usage (458964K) : graphpas_drw has 0 polygons
2026-08-08 22:51:28 +0200: Memory Usage (458964K) : emwind3_drw has 0 polygons
2026-08-08 22:51:28 +0200: Memory Usage (458964K) : emwihv3_drw has 0 polygons
2026-08-08 22:51:28 +0200: Memory Usage (458964K) : redbulay_drw has 0 polygons
2026-08-08 22:51:28 +0200: Memory Usage (458964K) : smos_drw has 0 polygons
2026-08-08 22:51:28 +0200: Memory Usage (458964K) : graphpad_drw has 0 polygons
2026-08-08 22:51:28 +0200: Memory Usage (458964K) : polimide_drw has 0 polygons
2026-08-08 22:51:28 +0200: Memory Usage (458964K) : polimide_pin has 0 polygons
2026-08-08 22:51:28 +0200: Memory Usage (458964K) : recog_drw has 0 polygons
2026-08-08 22:51:28 +0200: Memory Usage (458964K) : recog_pin has 0 polygons
2026-08-08 22:51:28 +0200: Memory Usage (458964K) : recog_esd has 0 polygons
2026-08-08 22:51:28 +0200: Memory Usage (458964K) : recog_diode has 0 polygons
2026-08-08 22:51:28 +0200: Memory Usage (458964K) : recog_tsv has 0 polygons
2026-08-08 22:51:28 +0200: Memory Usage (458964K) : recog_iprobe has 0 polygons
2026-08-08 22:51:28 +0200: Memory Usage (458964K) : recog_diffprb has 0 polygons
2026-08-08 22:51:28 +0200: Memory Usage (458964K) : recog_pillar has 0 polygons
2026-08-08 22:51:28 +0200: Memory Usage (458964K) : recog_sbump has 0 polygons
2026-08-08 22:51:28 +0200: Memory Usage (458964K) : recog_otp has 0 polygons
2026-08-08 22:51:28 +0200: Memory Usage (458964K) : recog_pdiode has 0 polygons
2026-08-08 22:51:28 +0200: Memory Usage (458964K) : recog_mom has 0 polygons
2026-08-08 22:51:28 +0200: Memory Usage (458964K) : recog_pcm has 0 polygons
2026-08-08 22:51:28 +0200: Memory Usage (458964K) : colopen_drw has 0 polygons
2026-08-08 22:51:28 +0200: Memory Usage (458964K) : graphmetal1_drw has 0 polygons
2026-08-08 22:51:28 +0200: Memory Usage (458964K) : graphmetal1_filler has 0 polygons
2026-08-08 22:51:28 +0200: Memory Usage (458964K) : graphmetal1_nofill has 0 polygons
2026-08-08 22:51:28 +0200: Memory Usage (458964K) : graphmetal1_slit has 0 polygons
2026-08-08 22:51:28 +0200: Memory Usage (458964K) : graphmetal1_opc has 0 polygons
2026-08-08 22:51:28 +0200: Memory Usage (458964K) : graphmet1l_drw has 0 polygons
2026-08-08 22:51:28 +0200: Memory Usage (458964K) : graphmet1l_filler has 0 polygons
2026-08-08 22:51:28 +0200: Memory Usage (458964K) : graphmet1l_nofill has 0 polygons
2026-08-08 22:51:28 +0200: Memory Usage (458964K) : graphmet1l_slit has 0 polygons
2026-08-08 22:51:28 +0200: Memory Usage (458964K) : graphmet1l_opc has 0 polygons
2026-08-08 22:51:28 +0200: Memory Usage (458964K) : extblock_drw has 0 polygons
2026-08-08 22:51:28 +0200: Memory Usage (458964K) : nldd_drw has 0 polygons
2026-08-08 22:51:28 +0200: Memory Usage (458964K) : pldd_drw has 0 polygons
2026-08-08 22:51:28 +0200: Memory Usage (458964K) : next_drw has 0 polygons
2026-08-08 22:51:28 +0200: Memory Usage (458964K) : pext_drw has 0 polygons
2026-08-08 22:51:28 +0200: Memory Usage (458964K) : nexthv_drw has 0 polygons
2026-08-08 22:51:28 +0200: Memory Usage (458964K) : pexthv_drw has 0 polygons
2026-08-08 22:51:28 +0200: Memory Usage (458964K) : graphgate_drw has 0 polygons
2026-08-08 22:51:28 +0200: Memory Usage (458964K) : sinwg_drw has 0 polygons
2026-08-08 22:51:28 +0200: Memory Usage (458964K) : sinwg_filler has 0 polygons
2026-08-08 22:51:28 +0200: Memory Usage (458964K) : sinwg_nofill has 0 polygons
2026-08-08 22:51:28 +0200: Memory Usage (458964K) : mempad_drw has 0 polygons
2026-08-08 22:51:28 +0200: Memory Usage (458964K) : topvia1_drw has 156 polygons
2026-08-08 22:51:28 +0200: Memory Usage (458964K) : topmetal1_drw has 94 polygons
2026-08-08 22:51:28 +0200: Memory Usage (458964K) : topmetal1_pin has 4 polygons
2026-08-08 22:51:28 +0200: Memory Usage (458964K) : topmetal1_mask has 0 polygons
2026-08-08 22:51:28 +0200: Memory Usage (458964K) : topmetal1_filler has 0 polygons
2026-08-08 22:51:28 +0200: Memory Usage (458964K) : topmetal1_nofill has 0 polygons
2026-08-08 22:51:28 +0200: Memory Usage (458964K) : topmetal1_slit has 0 polygons
2026-08-08 22:51:28 +0200: Memory Usage (458964K) : topmetal1_text has 2 polygons
2026-08-08 22:51:28 +0200: Memory Usage (458964K) : topmetal1_noqrc has 0 polygons
2026-08-08 22:51:28 +0200: Memory Usage (458964K) : topmetal1_res has 0 polygons
2026-08-08 22:51:28 +0200: Memory Usage (458964K) : topmetal1_iprobe has 0 polygons
2026-08-08 22:51:28 +0200: Memory Usage (458964K) : topmetal1_diffprb has 0 polygons
2026-08-08 22:51:28 +0200: Memory Usage (458964K) : inldpwl_drw has 0 polygons
2026-08-08 22:51:28 +0200: Memory Usage (458964K) : polyres_drw has 0 polygons
2026-08-08 22:51:28 +0200: Memory Usage (458964K) : polyres_pin has 0 polygons
2026-08-08 22:51:28 +0200: Memory Usage (458964K) : vmim_drw has 0 polygons
2026-08-08 22:51:28 +0200: Memory Usage (458964K) : nbulaycut_drw has 0 polygons
2026-08-08 22:51:28 +0200: Memory Usage (458964K) : antmetal1_drw has 0 polygons
2026-08-08 22:51:28 +0200: Memory Usage (458964K) : topvia2_drw has 8 polygons
2026-08-08 22:51:28 +0200: Memory Usage (458964K) : topmetal2_drw has 16 polygons
2026-08-08 22:51:28 +0200: Memory Usage (458964K) : topmetal2_pin has 4 polygons
2026-08-08 22:51:29 +0200: Memory Usage (458964K) : topmetal2_mask has 0 polygons
2026-08-08 22:51:29 +0200: Memory Usage (458964K) : topmetal2_filler has 0 polygons
2026-08-08 22:51:29 +0200: Memory Usage (458964K) : topmetal2_nofill has 0 polygons
2026-08-08 22:51:29 +0200: Memory Usage (458964K) : topmetal2_slit has 0 polygons
2026-08-08 22:51:29 +0200: Memory Usage (458964K) : topmetal2_text has 2 polygons
2026-08-08 22:51:29 +0200: Memory Usage (458964K) : topmetal2_noqrc has 0 polygons
2026-08-08 22:51:29 +0200: Memory Usage (458964K) : topmetal2_res has 0 polygons
2026-08-08 22:51:29 +0200: Memory Usage (458964K) : topmetal2_iprobe has 0 polygons
2026-08-08 22:51:29 +0200: Memory Usage (458964K) : topmetal2_diffprb has 0 polygons
2026-08-08 22:51:29 +0200: Memory Usage (458964K) : snsring_drw has 0 polygons
2026-08-08 22:51:29 +0200: Memory Usage (458964K) : sensor_drw has 0 polygons
2026-08-08 22:51:29 +0200: Memory Usage (458964K) : snsarms_drw has 0 polygons
2026-08-08 22:51:29 +0200: Memory Usage (458964K) : snscmosvia_drw has 0 polygons
2026-08-08 22:51:29 +0200: Memory Usage (458964K) : colwind_drw has 0 polygons
2026-08-08 22:51:29 +0200: Memory Usage (458964K) : flm_drw has 0 polygons
2026-08-08 22:51:29 +0200: Memory Usage (458964K) : hafniumox_drw has 0 polygons
2026-08-08 22:51:29 +0200: Memory Usage (458964K) : memvia_drw has 0 polygons
2026-08-08 22:51:29 +0200: Memory Usage (458964K) : thinfilmres_drw has 0 polygons
2026-08-08 22:51:29 +0200: Memory Usage (458964K) : rfmem_drw has 0 polygons
2026-08-08 22:51:29 +0200: Memory Usage (458964K) : norcx_drw has 0 polygons
2026-08-08 22:51:29 +0200: Memory Usage (458964K) : norcx_m2m3 has 0 polygons
2026-08-08 22:51:29 +0200: Memory Usage (458964K) : norcx_m2m4 has 0 polygons
2026-08-08 22:51:29 +0200: Memory Usage (458964K) : norcx_m2m5 has 0 polygons
2026-08-08 22:51:29 +0200: Memory Usage (458964K) : norcx_m2tm1 has 0 polygons
2026-08-08 22:51:29 +0200: Memory Usage (458964K) : norcx_m2tm2 has 0 polygons
2026-08-08 22:51:29 +0200: Memory Usage (458964K) : norcx_m3m4 has 0 polygons
2026-08-08 22:51:29 +0200: Memory Usage (458964K) : norcx_m3m5 has 0 polygons
2026-08-08 22:51:29 +0200: Memory Usage (458964K) : norcx_m3tm1 has 0 polygons
2026-08-08 22:51:29 +0200: Memory Usage (458964K) : norcx_m3tm2 has 0 polygons
2026-08-08 22:51:29 +0200: Memory Usage (458964K) : norcx_m4m5 has 0 polygons
2026-08-08 22:51:29 +0200: Memory Usage (458964K) : norcx_m4tm1 has 0 polygons
2026-08-08 22:51:29 +0200: Memory Usage (458964K) : norcx_m4tm2 has 0 polygons
2026-08-08 22:51:29 +0200: Memory Usage (458964K) : norcx_m5tm1 has 0 polygons
2026-08-08 22:51:29 +0200: Memory Usage (458964K) : norcx_m5tm2 has 0 polygons
2026-08-08 22:51:29 +0200: Memory Usage (458964K) : norcx_tm1tm2 has 0 polygons
2026-08-08 22:51:29 +0200: Memory Usage (458964K) : norcx_m1sub has 0 polygons
2026-08-08 22:51:29 +0200: Memory Usage (458964K) : norcx_m2sub has 0 polygons
2026-08-08 22:51:29 +0200: Memory Usage (458964K) : norcx_m3sub has 0 polygons
2026-08-08 22:51:30 +0200: Memory Usage (458964K) : norcx_m4sub has 0 polygons
2026-08-08 22:51:30 +0200: Memory Usage (458964K) : norcx_m5sub has 0 polygons
2026-08-08 22:51:30 +0200: Memory Usage (458964K) : norcx_tm1sub has 0 polygons
2026-08-08 22:51:30 +0200: Memory Usage (458964K) : norcx_tm2sub has 0 polygons
2026-08-08 22:51:30 +0200: Memory Usage (458964K) : snsbotvia_drw has 0 polygons
2026-08-08 22:51:30 +0200: Memory Usage (458964K) : snstopvia_drw has 0 polygons
2026-08-08 22:51:30 +0200: Memory Usage (458964K) : deepvia_drw has 0 polygons
2026-08-08 22:51:30 +0200: Memory Usage (458964K) : fgetch_drw has 0 polygons
2026-08-08 22:51:30 +0200: Memory Usage (458964K) : ctrgat_drw has 0 polygons
2026-08-08 22:51:30 +0200: Memory Usage (458964K) : fgimp_drw has 0 polygons
2026-08-08 22:51:30 +0200: Memory Usage (458964K) : emwihv_drw has 0 polygons
2026-08-08 22:51:30 +0200: Memory Usage (458964K) : lbe_drw has 0 polygons
2026-08-08 22:51:30 +0200: Memory Usage (458964K) : alcustop_drw has 0 polygons
2026-08-08 22:51:30 +0200: Memory Usage (458964K) : nometfiller_drw has 0 polygons
2026-08-08 22:51:30 +0200: Memory Usage (458964K) : prboundary_drw has 0 polygons
2026-08-08 22:51:30 +0200: Memory Usage (458964K) : exchange0_drw has 0 polygons
2026-08-08 22:51:30 +0200: Memory Usage (458964K) : exchange0_pin has 0 polygons
2026-08-08 22:51:30 +0200: Memory Usage (458964K) : exchange0_text has 0 polygons
2026-08-08 22:51:30 +0200: Memory Usage (458964K) : exchange1_drw has 0 polygons
2026-08-08 22:51:30 +0200: Memory Usage (458964K) : exchange1_pin has 0 polygons
2026-08-08 22:51:30 +0200: Memory Usage (458964K) : exchange1_text has 0 polygons
2026-08-08 22:51:30 +0200: Memory Usage (458964K) : exchange2_drw has 0 polygons
2026-08-08 22:51:30 +0200: Memory Usage (458964K) : exchange2_pin has 0 polygons
2026-08-08 22:51:30 +0200: Memory Usage (458964K) : exchange2_text has 0 polygons
2026-08-08 22:51:30 +0200: Memory Usage (458964K) : exchange3_drw has 0 polygons
2026-08-08 22:51:30 +0200: Memory Usage (458964K) : exchange3_pin has 0 polygons
2026-08-08 22:51:30 +0200: Memory Usage (458964K) : exchange3_text has 0 polygons
2026-08-08 22:51:30 +0200: Memory Usage (458964K) : exchange4_drw has 0 polygons
2026-08-08 22:51:30 +0200: Memory Usage (458964K) : exchange4_pin has 0 polygons
2026-08-08 22:51:30 +0200: Memory Usage (458964K) : exchange4_text has 0 polygons
2026-08-08 22:51:30 +0200: Memory Usage (458964K) : isonwell_drw has 0 polygons
2026-08-08 22:51:30 +0200: Memory Usage (458964K) : Total no. of polygons in the design is 120264
2026-08-08 22:51:30 +0200: Memory Usage (459092K) : Loaded TECH DRC rules values from /foss/pdks/ihp-sg13g2/libs.tech/klayout/python/sg13g2_pycell_lib/sg13g2_tech_mod.json
2026-08-08 22:51:30 +0200: Memory Usage (459092K) : Loaded default DRC rules values from /foss/pdks/ihp-sg13g2/libs.tech/klayout/tech/drc/rule_decks/sg13g2_tech_default.json
2026-08-08 22:51:30 +0200: Memory Usage (459092K) : The following rules values were missing in tech json and default values were used:
2026-08-08 22:51:30 +0200: Memory Usage (459092K) :   - NW_f1_digibnd
2026-08-08 22:51:30 +0200: Memory Usage (459092K) :   - Cnt_c_digibnd
2026-08-08 22:51:30 +0200: Memory Usage (459092K) :   - Cnt_c_sram
2026-08-08 22:51:30 +0200: Memory Usage (459092K) :   - Sdiod_b
2026-08-08 22:51:30 +0200: Memory Usage (459092K) :   - Sdiod_c
2026-08-08 22:51:30 +0200: Memory Usage (459928K) : Total area of the design is 27848.17 um^2.
2026-08-08 22:51:30 +0200: Memory Usage (459928K) : The design dimensions are 157.78 µm * 176.5 µm.
2026-08-08 22:51:30 +0200: Memory Usage (459928K) : Starting general IHP-SG13G2 derivations.
2026-08-08 22:51:30 +0200: Memory Usage (459928K) : Starting Pwell derivations
2026-08-08 22:51:30 +0200: Memory Usage (463140K) : Starting IHP-SG13G2 DRC rules.
2026-08-08 22:51:30 +0200: Memory Usage (463140K) : Starting 5.18 Metaln:filler table
2026-08-08 22:51:30 +0200: Memory Usage (463140K) : Executing rule M1Fil.c
2026-08-08 22:51:30 +0200: Memory Usage (463432K) : Executing rule M1Fil.a2
2026-08-08 22:51:30 +0200: Memory Usage (463432K) : Executing rule M2Fil.c
2026-08-08 22:51:31 +0200: Memory Usage (463432K) : Executing rule M2Fil.a2
2026-08-08 22:51:31 +0200: Memory Usage (463432K) : Executing rule M3Fil.c
2026-08-08 22:51:31 +0200: Memory Usage (463432K) : Executing rule M3Fil.a2
2026-08-08 22:51:31 +0200: Memory Usage (463432K) : Executing rule M4Fil.c
2026-08-08 22:51:31 +0200: Memory Usage (463432K) : Executing rule M4Fil.a2
2026-08-08 22:51:31 +0200: Memory Usage (463432K) : Executing rule M5Fil.c
2026-08-08 22:51:31 +0200: Memory Usage (463432K) : Executing rule M5Fil.a2
2026-08-08 22:51:31 +0200: Memory Usage (463432K) : KLayout DRC run for tables 'metalnfiller' completed in 5.41 seconds
