# Logfile created on 2026-08-08 22:49:36 +0200 by logger.rb/v1.5.3
2026-08-08 22:49:36 +0200: Memory Usage (454896K) : Starting running IHP-SG13G2 KLayout DRC runset on /foss/designs/spi-slave-ihp/flow/runs/RUN_2026-08-08_22-27-58/final/klayout_gds/spi_slave.klayout.gds
2026-08-08 22:49:36 +0200: Memory Usage (454896K) : Ruby Version for klayout: 3.2.3
2026-08-08 22:49:36 +0200: Memory Usage (456396K) : Loading database to memory is complete.
2026-08-08 22:49:36 +0200: Memory Usage (456396K) : IHP-SG13G2 KLayout DRC runset output at: /foss/designs/spi-slave-ihp/signoff/drc_noring/spi_slave.klayout_spi_slave_nbulay.lyrdb
2026-08-08 22:49:36 +0200: Memory Usage (456396K) : Evaluate switches.
2026-08-08 22:49:36 +0200: Memory Usage (456396K) : tables selected: nbulay
2026-08-08 22:49:36 +0200: Memory Usage (456396K) : KLayout will use 8 thread(s) in tiling mode.
2026-08-08 22:49:36 +0200: Memory Usage (456396K) : deep mode is enabled.
2026-08-08 22:49:36 +0200: Memory Usage (456396K) : FEOL enabled: false
2026-08-08 22:49:36 +0200: Memory Usage (456396K) : BEOL enabled: false
2026-08-08 22:49:36 +0200: Memory Usage (456396K) : OFFGRID enabled: true
2026-08-08 22:49:36 +0200: Memory Usage (456396K) : ANGLE enabled: true
2026-08-08 22:49:36 +0200: Memory Usage (456396K) : PIN enabled: false
2026-08-08 22:49:36 +0200: Memory Usage (456396K) : FORBIDDEN enabled: false
2026-08-08 22:49:36 +0200: Memory Usage (456396K) : RECOMMENDED enabled: true
2026-08-08 22:49:36 +0200: Memory Usage (456396K) : PreCheck DRC enabled: false
2026-08-08 22:49:36 +0200: Memory Usage (456396K) : CONNECTIVITY_RULES enabled: true.
2026-08-08 22:49:36 +0200: Memory Usage (456396K) : Read in polygons from layers.
2026-08-08 22:49:36 +0200: Memory Usage (457716K) : activ_drw has 7986 polygons
2026-08-08 22:49:36 +0200: Memory Usage (457716K) : activ_pin has 0 polygons
2026-08-08 22:49:36 +0200: Memory Usage (457716K) : activ_mask has 0 polygons
2026-08-08 22:49:36 +0200: Memory Usage (457716K) : activ_filler has 0 polygons
2026-08-08 22:49:36 +0200: Memory Usage (457716K) : activ_nofill has 0 polygons
2026-08-08 22:49:36 +0200: Memory Usage (457716K) : activ_opc has 0 polygons
2026-08-08 22:49:36 +0200: Memory Usage (457844K) : activ_iopc has 0 polygons
2026-08-08 22:49:36 +0200: Memory Usage (457972K) : activ_noqrc has 0 polygons
2026-08-08 22:49:36 +0200: Memory Usage (457972K) : biwind_drw has 0 polygons
2026-08-08 22:49:36 +0200: Memory Usage (457972K) : biwind_opc has 0 polygons
2026-08-08 22:49:36 +0200: Memory Usage (458100K) : pemwind_drw has 0 polygons
2026-08-08 22:49:36 +0200: Memory Usage (458100K) : gatpoly_drw has 8374 polygons
2026-08-08 22:49:36 +0200: Memory Usage (458228K) : gatpoly_pin has 0 polygons
2026-08-08 22:49:36 +0200: Memory Usage (458356K) : gatpoly_filler has 0 polygons
2026-08-08 22:49:36 +0200: Memory Usage (458356K) : gatpoly_nofill has 0 polygons
2026-08-08 22:49:36 +0200: Memory Usage (458356K) : gatpoly_opc has 0 polygons
2026-08-08 22:49:36 +0200: Memory Usage (458484K) : gatpoly_iopc has 0 polygons
2026-08-08 22:49:36 +0200: Memory Usage (458484K) : gatpoly_noqrc has 0 polygons
2026-08-08 22:49:36 +0200: Memory Usage (458612K) : cont_drw has 54393 polygons
2026-08-08 22:49:36 +0200: Memory Usage (458612K) : cont_opc has 0 polygons
2026-08-08 22:49:36 +0200: Memory Usage (458740K) : nsd_drw has 0 polygons
2026-08-08 22:49:36 +0200: Memory Usage (458740K) : nsd_block has 0 polygons
2026-08-08 22:49:36 +0200: Memory Usage (458872K) : metal1_drw has 15531 polygons
2026-08-08 22:49:36 +0200: Memory Usage (458872K) : metal1_pin has 5535 polygons
2026-08-08 22:49:36 +0200: Memory Usage (458872K) : metal1_mask has 0 polygons
2026-08-08 22:49:36 +0200: Memory Usage (458872K) : metal1_filler has 0 polygons
2026-08-08 22:49:36 +0200: Memory Usage (458872K) : metal1_nofill has 0 polygons
2026-08-08 22:49:37 +0200: Memory Usage (458872K) : metal1_slit has 0 polygons
2026-08-08 22:49:37 +0200: Memory Usage (459184K) : metal1_text has 5454 polygons
2026-08-08 22:49:37 +0200: Memory Usage (459184K) : metal1_opc has 0 polygons
2026-08-08 22:49:37 +0200: Memory Usage (459184K) : metal1_noqrc has 0 polygons
2026-08-08 22:49:37 +0200: Memory Usage (459184K) : metal1_res has 0 polygons
2026-08-08 22:49:37 +0200: Memory Usage (459184K) : metal1_iprobe has 0 polygons
2026-08-08 22:49:37 +0200: Memory Usage (459184K) : metal1_diffprb has 0 polygons
2026-08-08 22:49:37 +0200: Memory Usage (459184K) : passiv_drw has 0 polygons
2026-08-08 22:49:37 +0200: Memory Usage (459184K) : passiv_pin has 0 polygons
2026-08-08 22:49:37 +0200: Memory Usage (459184K) : passiv_sbump has 0 polygons
2026-08-08 22:49:37 +0200: Memory Usage (459184K) : passiv_pillar has 0 polygons
2026-08-08 22:49:37 +0200: Memory Usage (459184K) : passiv_pdl has 0 polygons
2026-08-08 22:49:37 +0200: Memory Usage (459184K) : metal2_drw has 7663 polygons
2026-08-08 22:49:37 +0200: Memory Usage (459184K) : metal2_pin has 19 polygons
2026-08-08 22:49:37 +0200: Memory Usage (459184K) : metal2_mask has 0 polygons
2026-08-08 22:49:37 +0200: Memory Usage (459184K) : metal2_filler has 0 polygons
2026-08-08 22:49:37 +0200: Memory Usage (459184K) : metal2_nofill has 0 polygons
2026-08-08 22:49:37 +0200: Memory Usage (459184K) : metal2_slit has 0 polygons
2026-08-08 22:49:37 +0200: Memory Usage (459184K) : metal2_text has 19 polygons
2026-08-08 22:49:37 +0200: Memory Usage (459184K) : metal2_opc has 0 polygons
2026-08-08 22:49:37 +0200: Memory Usage (459184K) : metal2_noqrc has 0 polygons
2026-08-08 22:49:37 +0200: Memory Usage (459184K) : metal2_res has 0 polygons
2026-08-08 22:49:37 +0200: Memory Usage (459184K) : metal2_iprobe has 0 polygons
2026-08-08 22:49:37 +0200: Memory Usage (459184K) : metal2_diffprb has 0 polygons
2026-08-08 22:49:37 +0200: Memory Usage (459184K) : baspoly_drw has 0 polygons
2026-08-08 22:49:37 +0200: Memory Usage (459184K) : baspoly_pin has 0 polygons
2026-08-08 22:49:37 +0200: Memory Usage (459184K) : psd_drw has 3352 polygons
2026-08-08 22:49:37 +0200: Memory Usage (459184K) : nldb_drw has 0 polygons
2026-08-08 22:49:37 +0200: Memory Usage (459184K) : digibnd_drw has 0 polygons
2026-08-08 22:49:37 +0200: Memory Usage (459184K) : via1_drw has 2532 polygons
2026-08-08 22:49:37 +0200: Memory Usage (459184K) : backmetal1_drw has 0 polygons
2026-08-08 22:49:37 +0200: Memory Usage (459184K) : backmetal1_pin has 0 polygons
2026-08-08 22:49:37 +0200: Memory Usage (459184K) : backmetal1_mask has 0 polygons
2026-08-08 22:49:37 +0200: Memory Usage (459184K) : backmetal1_filler has 0 polygons
2026-08-08 22:49:37 +0200: Memory Usage (459184K) : backmetal1_nofill has 0 polygons
2026-08-08 22:49:37 +0200: Memory Usage (459184K) : backmetal1_slit has 0 polygons
2026-08-08 22:49:37 +0200: Memory Usage (459184K) : backmetal1_text has 0 polygons
2026-08-08 22:49:37 +0200: Memory Usage (459184K) : backmetal1_opc has 0 polygons
2026-08-08 22:49:37 +0200: Memory Usage (459184K) : backmetal1_noqrc has 0 polygons
2026-08-08 22:49:37 +0200: Memory Usage (459184K) : backmetal1_res has 0 polygons
2026-08-08 22:49:37 +0200: Memory Usage (459184K) : backmetal1_iprobe has 0 polygons
2026-08-08 22:49:37 +0200: Memory Usage (459184K) : backmetal1_diffprb has 0 polygons
2026-08-08 22:49:37 +0200: Memory Usage (459184K) : backpassiv_drw has 0 polygons
2026-08-08 22:49:37 +0200: Memory Usage (459184K) : res_drw has 0 polygons
2026-08-08 22:49:37 +0200: Memory Usage (459184K) : sram_drw has 0 polygons
2026-08-08 22:49:37 +0200: Memory Usage (459184K) : trans_drw has 0 polygons
2026-08-08 22:49:37 +0200: Memory Usage (459184K) : ind_drw has 0 polygons
2026-08-08 22:49:37 +0200: Memory Usage (459184K) : ind_pin has 0 polygons
2026-08-08 22:49:37 +0200: Memory Usage (459184K) : ind_text has 0 polygons
2026-08-08 22:49:37 +0200: Memory Usage (459184K) : salblock_drw has 0 polygons
2026-08-08 22:49:37 +0200: Memory Usage (459184K) : via2_drw has 2276 polygons
2026-08-08 22:49:38 +0200: Memory Usage (459184K) : metal3_drw has 3581 polygons
2026-08-08 22:49:38 +0200: Memory Usage (459184K) : metal3_pin has 11 polygons
2026-08-08 22:49:38 +0200: Memory Usage (459184K) : metal3_mask has 0 polygons
2026-08-08 22:49:38 +0200: Memory Usage (459184K) : metal3_filler has 0 polygons
2026-08-08 22:49:38 +0200: Memory Usage (459184K) : metal3_nofill has 0 polygons
2026-08-08 22:49:38 +0200: Memory Usage (459184K) : metal3_slit has 0 polygons
2026-08-08 22:49:38 +0200: Memory Usage (459184K) : metal3_text has 11 polygons
2026-08-08 22:49:38 +0200: Memory Usage (459184K) : metal3_opc has 0 polygons
2026-08-08 22:49:38 +0200: Memory Usage (459184K) : metal3_noqrc has 0 polygons
2026-08-08 22:49:38 +0200: Memory Usage (459184K) : metal3_res has 0 polygons
2026-08-08 22:49:38 +0200: Memory Usage (459184K) : metal3_iprobe has 0 polygons
2026-08-08 22:49:38 +0200: Memory Usage (459184K) : metal3_diffprb has 0 polygons
2026-08-08 22:49:38 +0200: Memory Usage (459184K) : nwell_drw has 1666 polygons
2026-08-08 22:49:38 +0200: Memory Usage (459184K) : nwell_pin has 0 polygons
2026-08-08 22:49:38 +0200: Memory Usage (459184K) : nbulay_drw has 0 polygons
2026-08-08 22:49:38 +0200: Memory Usage (459184K) : nbulay_pin has 0 polygons
2026-08-08 22:49:38 +0200: Memory Usage (459184K) : nbulay_block has 0 polygons
2026-08-08 22:49:38 +0200: Memory Usage (459184K) : emwind_drw has 0 polygons
2026-08-08 22:49:38 +0200: Memory Usage (459184K) : emwind_opc has 0 polygons
2026-08-08 22:49:38 +0200: Memory Usage (459184K) : deepco_drw has 0 polygons
2026-08-08 22:49:38 +0200: Memory Usage (459184K) : deepco_drw has 0 polygons
2026-08-08 22:49:38 +0200: Memory Usage (459184K) : mim_drw has 0 polygons
2026-08-08 22:49:38 +0200: Memory Usage (459184K) : edgeseal_drw has 0 polygons
2026-08-08 22:49:38 +0200: Memory Usage (459184K) : edgeseal_bound has 0 polygons
2026-08-08 22:49:38 +0200: Memory Usage (459184K) : substrate_drw has 0 polygons
2026-08-08 22:49:38 +0200: Memory Usage (459184K) : substrate_text has 0 polygons
2026-08-08 22:49:38 +0200: Memory Usage (459184K) : dfpad_drw has 0 polygons
2026-08-08 22:49:38 +0200: Memory Usage (459184K) : dfpad_pillar has 0 polygons
2026-08-08 22:49:38 +0200: Memory Usage (459184K) : dfpad_sbump has 0 polygons
2026-08-08 22:49:38 +0200: Memory Usage (459184K) : thickgateox_drw has 0 polygons
2026-08-08 22:49:38 +0200: Memory Usage (459184K) : pldb_drw has 0 polygons
2026-08-08 22:49:38 +0200: Memory Usage (459184K) : pwell_drw has 0 polygons
2026-08-08 22:49:38 +0200: Memory Usage (459184K) : pwell_pin has 0 polygons
2026-08-08 22:49:38 +0200: Memory Usage (459184K) : pwell_block has 0 polygons
2026-08-08 22:49:38 +0200: Memory Usage (459184K) : ic_drw has 0 polygons
2026-08-08 22:49:38 +0200: Memory Usage (459184K) : via3_drw has 512 polygons
2026-08-08 22:49:38 +0200: Memory Usage (459184K) : metal4_drw has 385 polygons
2026-08-08 22:49:38 +0200: Memory Usage (459184K) : metal4_pin has 0 polygons
2026-08-08 22:49:38 +0200: Memory Usage (459184K) : metal4_mask has 0 polygons
2026-08-08 22:49:38 +0200: Memory Usage (459184K) : metal4_filler has 0 polygons
2026-08-08 22:49:38 +0200: Memory Usage (459312K) : metal4_nofill has 0 polygons
2026-08-08 22:49:38 +0200: Memory Usage (459312K) : metal4_slit has 0 polygons
2026-08-08 22:49:38 +0200: Memory Usage (459312K) : metal4_text has 0 polygons
2026-08-08 22:49:38 +0200: Memory Usage (459312K) : metal4_opc has 0 polygons
2026-08-08 22:49:38 +0200: Memory Usage (459312K) : metal4_noqrc has 0 polygons
2026-08-08 22:49:38 +0200: Memory Usage (459312K) : metal4_res has 0 polygons
2026-08-08 22:49:38 +0200: Memory Usage (459312K) : metal4_iprobe has 0 polygons
2026-08-08 22:49:38 +0200: Memory Usage (459312K) : metal4_diffprb has 0 polygons
2026-08-08 22:49:38 +0200: Memory Usage (459312K) : heattrans_drw has 0 polygons
2026-08-08 22:49:38 +0200: Memory Usage (459312K) : heatres_drw has 0 polygons
2026-08-08 22:49:38 +0200: Memory Usage (459312K) : pempoly_drw has 0 polygons
2026-08-08 22:49:38 +0200: Memory Usage (459312K) : fbe_drw has 0 polygons
2026-08-08 22:49:38 +0200: Memory Usage (459312K) : empoly_drw has 0 polygons
2026-08-08 22:49:38 +0200: Memory Usage (459312K) : ldmos_drw has 0 polygons
2026-08-08 22:49:38 +0200: Memory Usage (459312K) : pbiwind_drw has 0 polygons
2026-08-08 22:49:38 +0200: Memory Usage (459312K) : digisub_drw has 0 polygons
2026-08-08 22:49:38 +0200: Memory Usage (459312K) : nodrc_drw has 0 polygons
2026-08-08 22:49:38 +0200: Memory Usage (459312K) : text_drw has 0 polygons
2026-08-08 22:49:38 +0200: Memory Usage (459312K) : via4_drw has 410 polygons
2026-08-08 22:49:38 +0200: Memory Usage (459312K) : metal5_drw has 268 polygons
2026-08-08 22:49:38 +0200: Memory Usage (459312K) : metal5_pin has 0 polygons
2026-08-08 22:49:38 +0200: Memory Usage (459312K) : metal5_mask has 0 polygons
2026-08-08 22:49:38 +0200: Memory Usage (459312K) : metal5_filler has 0 polygons
2026-08-08 22:49:38 +0200: Memory Usage (459312K) : metal5_nofill has 0 polygons
2026-08-08 22:49:38 +0200: Memory Usage (459312K) : metal5_slit has 0 polygons
2026-08-08 22:49:38 +0200: Memory Usage (459312K) : metal5_text has 0 polygons
2026-08-08 22:49:38 +0200: Memory Usage (459312K) : metal5_opc has 0 polygons
2026-08-08 22:49:39 +0200: Memory Usage (459312K) : metal5_noqrc has 0 polygons
2026-08-08 22:49:39 +0200: Memory Usage (459312K) : metal5_res has 0 polygons
2026-08-08 22:49:39 +0200: Memory Usage (459312K) : metal5_iprobe has 0 polygons
2026-08-08 22:49:39 +0200: Memory Usage (459312K) : metal5_diffprb has 0 polygons
2026-08-08 22:49:39 +0200: Memory Usage (459312K) : radhard_drw has 0 polygons
2026-08-08 22:49:39 +0200: Memory Usage (459312K) : memcap_drw has 0 polygons
2026-08-08 22:49:39 +0200: Memory Usage (459312K) : varicap_drw has 0 polygons
2026-08-08 22:49:39 +0200: Memory Usage (459312K) : flash_drw has 0 polygons
2026-08-08 22:49:39 +0200: Memory Usage (459312K) : intbondvia_drw has 0 polygons
2026-08-08 22:49:39 +0200: Memory Usage (459312K) : intbondmet_drw has 0 polygons
2026-08-08 22:49:39 +0200: Memory Usage (459312K) : devbondvia_drw has 0 polygons
2026-08-08 22:49:39 +0200: Memory Usage (459312K) : devbondmet_drw has 0 polygons
2026-08-08 22:49:39 +0200: Memory Usage (459312K) : devtrench_drw has 0 polygons
2026-08-08 22:49:39 +0200: Memory Usage (459312K) : redist_drw has 0 polygons
2026-08-08 22:49:39 +0200: Memory Usage (459312K) : graphbot_drw has 0 polygons
2026-08-08 22:49:39 +0200: Memory Usage (459312K) : graphtop_drw has 0 polygons
2026-08-08 22:49:39 +0200: Memory Usage (459312K) : antvia1_drw has 0 polygons
2026-08-08 22:49:39 +0200: Memory Usage (459312K) : antmetal2_drw has 0 polygons
2026-08-08 22:49:39 +0200: Memory Usage (459312K) : graphcont_drw has 0 polygons
2026-08-08 22:49:39 +0200: Memory Usage (459312K) : siwg_drw has 0 polygons
2026-08-08 22:49:39 +0200: Memory Usage (459312K) : siwg_filler has 0 polygons
2026-08-08 22:49:39 +0200: Memory Usage (459312K) : siwg_nofill has 0 polygons
2026-08-08 22:49:39 +0200: Memory Usage (459312K) : sigrating_drw has 0 polygons
2026-08-08 22:49:39 +0200: Memory Usage (459312K) : singrating_drw has 0 polygons
2026-08-08 22:49:39 +0200: Memory Usage (459312K) : graphpas_drw has 0 polygons
2026-08-08 22:49:39 +0200: Memory Usage (459312K) : emwind3_drw has 0 polygons
2026-08-08 22:49:39 +0200: Memory Usage (459312K) : emwihv3_drw has 0 polygons
2026-08-08 22:49:39 +0200: Memory Usage (459312K) : redbulay_drw has 0 polygons
2026-08-08 22:49:39 +0200: Memory Usage (459312K) : smos_drw has 0 polygons
2026-08-08 22:49:39 +0200: Memory Usage (459312K) : graphpad_drw has 0 polygons
2026-08-08 22:49:39 +0200: Memory Usage (459312K) : polimide_drw has 0 polygons
2026-08-08 22:49:39 +0200: Memory Usage (459312K) : polimide_pin has 0 polygons
2026-08-08 22:49:39 +0200: Memory Usage (459312K) : recog_drw has 0 polygons
2026-08-08 22:49:39 +0200: Memory Usage (459312K) : recog_pin has 0 polygons
2026-08-08 22:49:39 +0200: Memory Usage (459312K) : recog_esd has 0 polygons
2026-08-08 22:49:39 +0200: Memory Usage (459312K) : recog_diode has 0 polygons
2026-08-08 22:49:39 +0200: Memory Usage (459312K) : recog_tsv has 0 polygons
2026-08-08 22:49:39 +0200: Memory Usage (459312K) : recog_iprobe has 0 polygons
2026-08-08 22:49:39 +0200: Memory Usage (459312K) : recog_diffprb has 0 polygons
2026-08-08 22:49:39 +0200: Memory Usage (459312K) : recog_pillar has 0 polygons
2026-08-08 22:49:39 +0200: Memory Usage (459312K) : recog_sbump has 0 polygons
2026-08-08 22:49:39 +0200: Memory Usage (459312K) : recog_otp has 0 polygons
2026-08-08 22:49:39 +0200: Memory Usage (459312K) : recog_pdiode has 0 polygons
2026-08-08 22:49:39 +0200: Memory Usage (459312K) : recog_mom has 0 polygons
2026-08-08 22:49:39 +0200: Memory Usage (459312K) : recog_pcm has 0 polygons
2026-08-08 22:49:39 +0200: Memory Usage (459312K) : colopen_drw has 0 polygons
2026-08-08 22:49:39 +0200: Memory Usage (459312K) : graphmetal1_drw has 0 polygons
2026-08-08 22:49:39 +0200: Memory Usage (459312K) : graphmetal1_filler has 0 polygons
2026-08-08 22:49:39 +0200: Memory Usage (459312K) : graphmetal1_nofill has 0 polygons
2026-08-08 22:49:39 +0200: Memory Usage (459312K) : graphmetal1_slit has 0 polygons
2026-08-08 22:49:39 +0200: Memory Usage (459312K) : graphmetal1_opc has 0 polygons
2026-08-08 22:49:39 +0200: Memory Usage (459312K) : graphmet1l_drw has 0 polygons
2026-08-08 22:49:40 +0200: Memory Usage (459312K) : graphmet1l_filler has 0 polygons
2026-08-08 22:49:40 +0200: Memory Usage (459312K) : graphmet1l_nofill has 0 polygons
2026-08-08 22:49:40 +0200: Memory Usage (459312K) : graphmet1l_slit has 0 polygons
2026-08-08 22:49:40 +0200: Memory Usage (459312K) : graphmet1l_opc has 0 polygons
2026-08-08 22:49:40 +0200: Memory Usage (459312K) : extblock_drw has 0 polygons
2026-08-08 22:49:40 +0200: Memory Usage (459312K) : nldd_drw has 0 polygons
2026-08-08 22:49:40 +0200: Memory Usage (459312K) : pldd_drw has 0 polygons
2026-08-08 22:49:40 +0200: Memory Usage (459312K) : next_drw has 0 polygons
2026-08-08 22:49:40 +0200: Memory Usage (459312K) : pext_drw has 0 polygons
2026-08-08 22:49:40 +0200: Memory Usage (459312K) : nexthv_drw has 0 polygons
2026-08-08 22:49:40 +0200: Memory Usage (459312K) : pexthv_drw has 0 polygons
2026-08-08 22:49:40 +0200: Memory Usage (459312K) : graphgate_drw has 0 polygons
2026-08-08 22:49:40 +0200: Memory Usage (459312K) : sinwg_drw has 0 polygons
2026-08-08 22:49:40 +0200: Memory Usage (459312K) : sinwg_filler has 0 polygons
2026-08-08 22:49:40 +0200: Memory Usage (459312K) : sinwg_nofill has 0 polygons
2026-08-08 22:49:40 +0200: Memory Usage (459312K) : mempad_drw has 0 polygons
2026-08-08 22:49:40 +0200: Memory Usage (459312K) : topvia1_drw has 156 polygons
2026-08-08 22:49:40 +0200: Memory Usage (459312K) : topmetal1_drw has 94 polygons
2026-08-08 22:49:40 +0200: Memory Usage (459312K) : topmetal1_pin has 4 polygons
2026-08-08 22:49:40 +0200: Memory Usage (459312K) : topmetal1_mask has 0 polygons
2026-08-08 22:49:40 +0200: Memory Usage (459312K) : topmetal1_filler has 0 polygons
2026-08-08 22:49:40 +0200: Memory Usage (459312K) : topmetal1_nofill has 0 polygons
2026-08-08 22:49:40 +0200: Memory Usage (459312K) : topmetal1_slit has 0 polygons
2026-08-08 22:49:40 +0200: Memory Usage (459312K) : topmetal1_text has 2 polygons
2026-08-08 22:49:40 +0200: Memory Usage (459312K) : topmetal1_noqrc has 0 polygons
2026-08-08 22:49:40 +0200: Memory Usage (459312K) : topmetal1_res has 0 polygons
2026-08-08 22:49:40 +0200: Memory Usage (459312K) : topmetal1_iprobe has 0 polygons
2026-08-08 22:49:40 +0200: Memory Usage (459312K) : topmetal1_diffprb has 0 polygons
2026-08-08 22:49:40 +0200: Memory Usage (459312K) : inldpwl_drw has 0 polygons
2026-08-08 22:49:40 +0200: Memory Usage (459312K) : polyres_drw has 0 polygons
2026-08-08 22:49:40 +0200: Memory Usage (459312K) : polyres_pin has 0 polygons
2026-08-08 22:49:40 +0200: Memory Usage (459312K) : vmim_drw has 0 polygons
2026-08-08 22:49:40 +0200: Memory Usage (459312K) : nbulaycut_drw has 0 polygons
2026-08-08 22:49:40 +0200: Memory Usage (459312K) : antmetal1_drw has 0 polygons
2026-08-08 22:49:40 +0200: Memory Usage (459312K) : topvia2_drw has 8 polygons
2026-08-08 22:49:40 +0200: Memory Usage (459312K) : topmetal2_drw has 16 polygons
2026-08-08 22:49:40 +0200: Memory Usage (459312K) : topmetal2_pin has 4 polygons
2026-08-08 22:49:40 +0200: Memory Usage (459312K) : topmetal2_mask has 0 polygons
2026-08-08 22:49:40 +0200: Memory Usage (459312K) : topmetal2_filler has 0 polygons
2026-08-08 22:49:40 +0200: Memory Usage (459312K) : topmetal2_nofill has 0 polygons
2026-08-08 22:49:40 +0200: Memory Usage (459312K) : topmetal2_slit has 0 polygons
2026-08-08 22:49:40 +0200: Memory Usage (459312K) : topmetal2_text has 2 polygons
2026-08-08 22:49:41 +0200: Memory Usage (459312K) : topmetal2_noqrc has 0 polygons
2026-08-08 22:49:41 +0200: Memory Usage (459312K) : topmetal2_res has 0 polygons
2026-08-08 22:49:41 +0200: Memory Usage (459312K) : topmetal2_iprobe has 0 polygons
2026-08-08 22:49:41 +0200: Memory Usage (459312K) : topmetal2_diffprb has 0 polygons
2026-08-08 22:49:41 +0200: Memory Usage (459312K) : snsring_drw has 0 polygons
2026-08-08 22:49:41 +0200: Memory Usage (459312K) : sensor_drw has 0 polygons
2026-08-08 22:49:41 +0200: Memory Usage (459312K) : snsarms_drw has 0 polygons
2026-08-08 22:49:41 +0200: Memory Usage (459312K) : snscmosvia_drw has 0 polygons
2026-08-08 22:49:41 +0200: Memory Usage (459312K) : colwind_drw has 0 polygons
2026-08-08 22:49:41 +0200: Memory Usage (459312K) : flm_drw has 0 polygons
2026-08-08 22:49:41 +0200: Memory Usage (459312K) : hafniumox_drw has 0 polygons
2026-08-08 22:49:41 +0200: Memory Usage (459312K) : memvia_drw has 0 polygons
2026-08-08 22:49:41 +0200: Memory Usage (459312K) : thinfilmres_drw has 0 polygons
2026-08-08 22:49:41 +0200: Memory Usage (459312K) : rfmem_drw has 0 polygons
2026-08-08 22:49:41 +0200: Memory Usage (459312K) : norcx_drw has 0 polygons
2026-08-08 22:49:41 +0200: Memory Usage (459312K) : norcx_m2m3 has 0 polygons
2026-08-08 22:49:41 +0200: Memory Usage (459312K) : norcx_m2m4 has 0 polygons
2026-08-08 22:49:41 +0200: Memory Usage (459312K) : norcx_m2m5 has 0 polygons
2026-08-08 22:49:41 +0200: Memory Usage (459312K) : norcx_m2tm1 has 0 polygons
2026-08-08 22:49:41 +0200: Memory Usage (459312K) : norcx_m2tm2 has 0 polygons
2026-08-08 22:49:41 +0200: Memory Usage (459312K) : norcx_m3m4 has 0 polygons
2026-08-08 22:49:41 +0200: Memory Usage (459312K) : norcx_m3m5 has 0 polygons
2026-08-08 22:49:41 +0200: Memory Usage (459312K) : norcx_m3tm1 has 0 polygons
2026-08-08 22:49:41 +0200: Memory Usage (459312K) : norcx_m3tm2 has 0 polygons
2026-08-08 22:49:41 +0200: Memory Usage (459312K) : norcx_m4m5 has 0 polygons
2026-08-08 22:49:41 +0200: Memory Usage (459312K) : norcx_m4tm1 has 0 polygons
2026-08-08 22:49:41 +0200: Memory Usage (459312K) : norcx_m4tm2 has 0 polygons
2026-08-08 22:49:41 +0200: Memory Usage (459312K) : norcx_m5tm1 has 0 polygons
2026-08-08 22:49:41 +0200: Memory Usage (459312K) : norcx_m5tm2 has 0 polygons
2026-08-08 22:49:41 +0200: Memory Usage (459312K) : norcx_tm1tm2 has 0 polygons
2026-08-08 22:49:41 +0200: Memory Usage (459312K) : norcx_m1sub has 0 polygons
2026-08-08 22:49:41 +0200: Memory Usage (459312K) : norcx_m2sub has 0 polygons
2026-08-08 22:49:41 +0200: Memory Usage (459312K) : norcx_m3sub has 0 polygons
2026-08-08 22:49:41 +0200: Memory Usage (459312K) : norcx_m4sub has 0 polygons
2026-08-08 22:49:41 +0200: Memory Usage (459312K) : norcx_m5sub has 0 polygons
2026-08-08 22:49:41 +0200: Memory Usage (459312K) : norcx_tm1sub has 0 polygons
2026-08-08 22:49:41 +0200: Memory Usage (459312K) : norcx_tm2sub has 0 polygons
2026-08-08 22:49:41 +0200: Memory Usage (459312K) : snsbotvia_drw has 0 polygons
2026-08-08 22:49:41 +0200: Memory Usage (459312K) : snstopvia_drw has 0 polygons
2026-08-08 22:49:41 +0200: Memory Usage (459312K) : deepvia_drw has 0 polygons
2026-08-08 22:49:41 +0200: Memory Usage (459312K) : fgetch_drw has 0 polygons
2026-08-08 22:49:41 +0200: Memory Usage (459312K) : ctrgat_drw has 0 polygons
2026-08-08 22:49:41 +0200: Memory Usage (459312K) : fgimp_drw has 0 polygons
2026-08-08 22:49:41 +0200: Memory Usage (459312K) : emwihv_drw has 0 polygons
2026-08-08 22:49:41 +0200: Memory Usage (459312K) : lbe_drw has 0 polygons
2026-08-08 22:49:41 +0200: Memory Usage (459312K) : alcustop_drw has 0 polygons
2026-08-08 22:49:41 +0200: Memory Usage (459312K) : nometfiller_drw has 0 polygons
2026-08-08 22:49:41 +0200: Memory Usage (459312K) : prboundary_drw has 0 polygons
2026-08-08 22:49:41 +0200: Memory Usage (459312K) : exchange0_drw has 0 polygons
2026-08-08 22:49:41 +0200: Memory Usage (459312K) : exchange0_pin has 0 polygons
2026-08-08 22:49:41 +0200: Memory Usage (459312K) : exchange0_text has 0 polygons
2026-08-08 22:49:41 +0200: Memory Usage (459312K) : exchange1_drw has 0 polygons
2026-08-08 22:49:41 +0200: Memory Usage (459312K) : exchange1_pin has 0 polygons
2026-08-08 22:49:41 +0200: Memory Usage (459312K) : exchange1_text has 0 polygons
2026-08-08 22:49:41 +0200: Memory Usage (459312K) : exchange2_drw has 0 polygons
2026-08-08 22:49:41 +0200: Memory Usage (459312K) : exchange2_pin has 0 polygons
2026-08-08 22:49:41 +0200: Memory Usage (459312K) : exchange2_text has 0 polygons
2026-08-08 22:49:41 +0200: Memory Usage (459312K) : exchange3_drw has 0 polygons
2026-08-08 22:49:41 +0200: Memory Usage (459312K) : exchange3_pin has 0 polygons
2026-08-08 22:49:41 +0200: Memory Usage (459312K) : exchange3_text has 0 polygons
2026-08-08 22:49:42 +0200: Memory Usage (459312K) : exchange4_drw has 0 polygons
2026-08-08 22:49:42 +0200: Memory Usage (459312K) : exchange4_pin has 0 polygons
2026-08-08 22:49:42 +0200: Memory Usage (459312K) : exchange4_text has 0 polygons
2026-08-08 22:49:42 +0200: Memory Usage (459312K) : isonwell_drw has 0 polygons
2026-08-08 22:49:42 +0200: Memory Usage (459312K) : Total no. of polygons in the design is 120264
2026-08-08 22:49:42 +0200: Memory Usage (459440K) : Loaded TECH DRC rules values from /foss/pdks/ihp-sg13g2/libs.tech/klayout/python/sg13g2_pycell_lib/sg13g2_tech_mod.json
2026-08-08 22:49:42 +0200: Memory Usage (459440K) : Loaded default DRC rules values from /foss/pdks/ihp-sg13g2/libs.tech/klayout/tech/drc/rule_decks/sg13g2_tech_default.json
2026-08-08 22:49:42 +0200: Memory Usage (459440K) : The following rules values were missing in tech json and default values were used:
2026-08-08 22:49:42 +0200: Memory Usage (459440K) :   - NW_f1_digibnd
2026-08-08 22:49:42 +0200: Memory Usage (459440K) :   - Cnt_c_digibnd
2026-08-08 22:49:42 +0200: Memory Usage (459440K) :   - Cnt_c_sram
2026-08-08 22:49:42 +0200: Memory Usage (459440K) :   - Sdiod_b
2026-08-08 22:49:42 +0200: Memory Usage (459440K) :   - Sdiod_c
2026-08-08 22:49:42 +0200: Memory Usage (460268K) : Total area of the design is 27848.17 um^2.
2026-08-08 22:49:42 +0200: Memory Usage (460268K) : The design dimensions are 157.78 µm * 176.5 µm.
2026-08-08 22:49:42 +0200: Memory Usage (460268K) : Starting general IHP-SG13G2 derivations.
2026-08-08 22:49:42 +0200: Memory Usage (460268K) : Starting Pwell derivations
2026-08-08 22:49:42 +0200: Memory Usage (463604K) : Starting n-Activ derivations
2026-08-08 22:49:42 +0200: Memory Usage (465852K) : Starting p-Activ derivations
2026-08-08 22:49:43 +0200: Memory Usage (466492K) : Starting ptap derivations
2026-08-08 22:49:43 +0200: Memory Usage (468344K) : Starting ntap derivations
2026-08-08 22:49:43 +0200: Memory Usage (469752K) : Starting pact FET derivations
2026-08-08 22:49:44 +0200: Memory Usage (470392K) : Starting nact FET derivations
2026-08-08 22:49:44 +0200: Memory Usage (470392K) : Starting Gate derivations
2026-08-08 22:49:44 +0200: Memory Usage (470520K) : Starting SVaricap general derivations
2026-08-08 22:49:44 +0200: Memory Usage (470520K) : Starting IHP-SG13G2 DRC connectivity related derivations.
2026-08-08 22:49:45 +0200: Memory Usage (470520K) : Starting IHP-SG13G2 DRC connectivity setup
2026-08-08 22:49:46 +0200: Memory Usage (475432K) : Starting IHP-SG13G2 DRC rules.
2026-08-08 22:49:46 +0200: Memory Usage (475432K) : Starting 5.3 nBuLay table
2026-08-08 22:49:47 +0200: Memory Usage (475432K) : Executing rule NBL.b
2026-08-08 22:49:47 +0200: Memory Usage (476004K) : Executing rule NBL.c
2026-08-08 22:49:47 +0200: Memory Usage (476004K) : Executing rule NBL.d
2026-08-08 22:49:47 +0200: Memory Usage (476260K) : Executing rule NBL.e
2026-08-08 22:49:47 +0200: Memory Usage (476388K) : Executing rule NBL.f
2026-08-08 22:49:47 +0200: Memory Usage (476644K) : KLayout DRC run for tables 'nbulay' completed in 11.59 seconds
