# Logfile created on 2026-08-08 22:48:26 +0200 by logger.rb/v1.5.3
2026-08-08 22:48:26 +0200: Memory Usage (451696K) : Starting running IHP-SG13G2 Klayout DRC Density runset on /foss/designs/spi-slave-ihp/flow/runs/RUN_2026-08-08_22-27-58/final/klayout_gds/spi_slave.klayout.gds
2026-08-08 22:48:26 +0200: Memory Usage (451696K) : Ruby Version for klayout: 3.2.3
2026-08-08 22:48:26 +0200: Memory Usage (453652K) : Loading database to memory is complete.
2026-08-08 22:48:26 +0200: Memory Usage (453652K) : IHP-SG13G2 Klayout DRC Density runset output at: /foss/designs/spi-slave-ihp/signoff/drc_noring/spi_slave.klayout_spi_slave_density.lyrdb
2026-08-08 22:48:26 +0200: Memory Usage (453652K) : Evaluate switches.
2026-08-08 22:48:26 +0200: Memory Usage (453652K) : Configured KLayout worker thread(s): 8.
2026-08-08 22:48:26 +0200: Memory Usage (453652K) : Deep mode enabled: reading layers and preparing general derivations.
2026-08-08 22:48:26 +0200: Memory Usage (453652K) : PreCheck DRC enabled: false
2026-08-08 22:48:26 +0200: Memory Usage (453652K) : Density sanity checks enabled: false
2026-08-08 22:48:26 +0200: Memory Usage (453652K) : Read in polygons from layers.
2026-08-08 22:48:26 +0200: Memory Usage (455420K) : activ_drw has 7986 polygons
2026-08-08 22:48:26 +0200: Memory Usage (455420K) : activ_mask has 0 polygons
2026-08-08 22:48:26 +0200: Memory Usage (455548K) : activ_filler has 0 polygons
2026-08-08 22:48:26 +0200: Memory Usage (455548K) : gatpoly_drw has 8374 polygons
2026-08-08 22:48:26 +0200: Memory Usage (455548K) : gatpoly_filler has 0 polygons
2026-08-08 22:48:26 +0200: Memory Usage (455676K) : metal1_drw has 15531 polygons
2026-08-08 22:48:26 +0200: Memory Usage (455676K) : metal1_filler has 0 polygons
2026-08-08 22:48:26 +0200: Memory Usage (455804K) : metal1_slit has 0 polygons
2026-08-08 22:48:26 +0200: Memory Usage (455932K) : metal2_drw has 7663 polygons
2026-08-08 22:48:26 +0200: Memory Usage (455932K) : metal2_filler has 0 polygons
2026-08-08 22:48:27 +0200: Memory Usage (455932K) : metal2_slit has 0 polygons
2026-08-08 22:48:27 +0200: Memory Usage (456060K) : metal3_drw has 3581 polygons
2026-08-08 22:48:27 +0200: Memory Usage (456060K) : metal3_filler has 0 polygons
2026-08-08 22:48:27 +0200: Memory Usage (456188K) : metal3_slit has 0 polygons
2026-08-08 22:48:27 +0200: Memory Usage (456188K) : metal4_drw has 385 polygons
2026-08-08 22:48:27 +0200: Memory Usage (456188K) : metal4_filler has 0 polygons
2026-08-08 22:48:27 +0200: Memory Usage (456188K) : metal4_slit has 0 polygons
2026-08-08 22:48:27 +0200: Memory Usage (456188K) : metal5_drw has 268 polygons
2026-08-08 22:48:27 +0200: Memory Usage (456188K) : metal5_filler has 0 polygons
2026-08-08 22:48:27 +0200: Memory Usage (456188K) : metal5_slit has 0 polygons
2026-08-08 22:48:27 +0200: Memory Usage (456188K) : topmetal1_drw has 94 polygons
2026-08-08 22:48:27 +0200: Memory Usage (456188K) : topmetal1_filler has 0 polygons
2026-08-08 22:48:27 +0200: Memory Usage (456188K) : topmetal1_slit has 0 polygons
2026-08-08 22:48:27 +0200: Memory Usage (456188K) : topmetal2_drw has 16 polygons
2026-08-08 22:48:27 +0200: Memory Usage (456188K) : topmetal2_filler has 0 polygons
2026-08-08 22:48:27 +0200: Memory Usage (456188K) : topmetal2_slit has 0 polygons
2026-08-08 22:48:27 +0200: Memory Usage (456188K) : lbe_drw has 0 polygons
2026-08-08 22:48:27 +0200: Memory Usage (456188K) : prboundary_drw has 0 polygons
2026-08-08 22:48:27 +0200: Memory Usage (456188K) : edgeseal_bound has 0 polygons
2026-08-08 22:48:27 +0200: Memory Usage (456188K) : Loaded TECH DRC rules values from /foss/pdks/ihp-sg13g2/libs.tech/klayout/python/sg13g2_pycell_lib/sg13g2_tech_mod.json
2026-08-08 22:48:27 +0200: Memory Usage (456188K) : Loaded default DRC rules values from /foss/pdks/ihp-sg13g2/libs.tech/klayout/tech/drc/rule_decks/sg13g2_tech_default.json
2026-08-08 22:48:27 +0200: Memory Usage (456188K) : The following rules values were missing in tech json and default values were used:
2026-08-08 22:48:27 +0200: Memory Usage (456188K) :   - NW_f1_digibnd
2026-08-08 22:48:27 +0200: Memory Usage (456188K) :   - Cnt_c_digibnd
2026-08-08 22:48:27 +0200: Memory Usage (456188K) :   - Cnt_c_sram
2026-08-08 22:48:27 +0200: Memory Usage (456188K) :   - Sdiod_b
2026-08-08 22:48:27 +0200: Memory Usage (456188K) :   - Sdiod_c
2026-08-08 22:48:27 +0200: Memory Usage (457188K) : Density sanity markers are disabled (set -rd density_sanity=true to enable).
2026-08-08 22:48:27 +0200: Memory Usage (457188K) : No prBoundary found. Using layout extent for chip area: 27848.17 um^2.
2026-08-08 22:48:27 +0200: Memory Usage (457188K) : Using bbox (0,0;157.78,176.5) for density window origin.
2026-08-08 22:48:27 +0200: Memory Usage (457188K) : Total area of the design is 27848.17 um^2.
2026-08-08 22:48:27 +0200: Memory Usage (457188K) : Starting density IHP-SG13G2 derivations.
2026-08-08 22:48:27 +0200: Memory Usage (457444K) : Starting IHP-SG13G2 DENSITY DRC rules.
2026-08-08 22:48:27 +0200: Memory Usage (457444K) : Computing activ area and density...
2026-08-08 22:48:28 +0200: Memory Usage (457736K) : Executing rule AFil.g
2026-08-08 22:48:28 +0200: Memory Usage (457736K) : Executing rule AFil.g1
2026-08-08 22:48:28 +0200: Memory Usage (457736K) : Executing rule AFil.g2
2026-08-08 22:48:28 +0200: Memory Usage (458848K) : Executing rule AFil.g3
2026-08-08 22:48:28 +0200: Memory Usage (458848K) : Computing poly area and density...
2026-08-08 22:48:28 +0200: Memory Usage (458848K) : Executing rule GFil.g
2026-08-08 22:48:28 +0200: Memory Usage (458848K) : Computing metal1 area and density...
2026-08-08 22:48:29 +0200: Memory Usage (460768K) : Executing rule M1.j
2026-08-08 22:48:29 +0200: Memory Usage (460768K) : Executing rule M1.k
2026-08-08 22:48:29 +0200: Memory Usage (460768K) : Computing metal2 area and density...
2026-08-08 22:48:29 +0200: Memory Usage (460768K) : Computing metal3 area and density...
2026-08-08 22:48:29 +0200: Memory Usage (460768K) : Computing metal4 area and density...
2026-08-08 22:48:29 +0200: Memory Usage (460768K) : Computing metal5 area and density...
2026-08-08 22:48:29 +0200: Memory Usage (460768K) : Executing rule M2.j
2026-08-08 22:48:29 +0200: Memory Usage (460768K) : Executing rule M2.k
2026-08-08 22:48:29 +0200: Memory Usage (460768K) : Executing rule M3.j
2026-08-08 22:48:29 +0200: Memory Usage (460768K) : Executing rule M3.k
2026-08-08 22:48:29 +0200: Memory Usage (460768K) : Executing rule M4.j
2026-08-08 22:48:29 +0200: Memory Usage (460768K) : Executing rule M4.k
2026-08-08 22:48:29 +0200: Memory Usage (460768K) : Executing rule M5.j
2026-08-08 22:48:29 +0200: Memory Usage (460768K) : Executing rule M5.k
2026-08-08 22:48:29 +0200: Memory Usage (460768K) : Executing rule M1Fil.h
2026-08-08 22:48:29 +0200: Memory Usage (461152K) : Executing rule M1Fil.k
2026-08-08 22:48:30 +0200: Memory Usage (461152K) : Executing rule M2Fil.h
2026-08-08 22:48:30 +0200: Memory Usage (461280K) : Executing rule M2Fil.k
2026-08-08 22:48:30 +0200: Memory Usage (461280K) : Executing rule M3Fil.h
2026-08-08 22:48:31 +0200: Memory Usage (461280K) : Executing rule M3Fil.k
2026-08-08 22:48:31 +0200: Memory Usage (461280K) : Executing rule M4Fil.h
2026-08-08 22:48:31 +0200: Memory Usage (461280K) : Executing rule M4Fil.k
2026-08-08 22:48:31 +0200: Memory Usage (461280K) : Executing rule M5Fil.h
2026-08-08 22:48:31 +0200: Memory Usage (461280K) : Executing rule M5Fil.k
2026-08-08 22:48:31 +0200: Memory Usage (461280K) : Computing TopMetal1 area and density...
2026-08-08 22:48:31 +0200: Memory Usage (461280K) : Executing rule TM1.c
2026-08-08 22:48:31 +0200: Memory Usage (461280K) : Executing rule TM1.d
2026-08-08 22:48:31 +0200: Memory Usage (461280K) : Computing TopMetal2 area and density...
2026-08-08 22:48:31 +0200: Memory Usage (461280K) : Executing rule TM2.c
2026-08-08 22:48:31 +0200: Memory Usage (461280K) : Executing rule TM2.d
2026-08-08 22:48:31 +0200: Memory Usage (461280K) : Computing LBE area and density...
2026-08-08 22:48:31 +0200: Memory Usage (461280K) : Executing rule LBE.i
2026-08-08 22:48:31 +0200: Memory Usage (461280K) : Executing rule Slt.i_M1
2026-08-08 22:48:33 +0200: Memory Usage (461540K) : Executing rule Slt.i_M2
2026-08-08 22:48:34 +0200: Memory Usage (461540K) : Executing rule Slt.i_M3
2026-08-08 22:48:34 +0200: Memory Usage (461540K) : Executing rule Slt.i_M4
2026-08-08 22:48:34 +0200: Memory Usage (461540K) : Executing rule Slt.i_M5
2026-08-08 22:48:34 +0200: Memory Usage (461540K) : Executing rule Slt.i_TM1
2026-08-08 22:48:34 +0200: Memory Usage (461540K) : Executing rule Slt.i_TM2
2026-08-08 22:48:34 +0200: Memory Usage (461540K) : ##################################################
2026-08-08 22:48:34 +0200: Memory Usage (461540K) :                  Density Report                 #
2026-08-08 22:48:34 +0200: Memory Usage (461540K) : ##################################################
2026-08-08 22:48:34 +0200: Memory Usage (461540K) : 
2026-08-08 22:48:34 +0200: Memory Usage (461540K) : Layer areas and percentages (units: um^2)
2026-08-08 22:48:34 +0200: Memory Usage (461540K) : --------------------------------------------------
2026-08-08 22:48:34 +0200: Memory Usage (461540K) : 
2026-08-08 22:48:34 +0200: Memory Usage (461540K) : Total Area     = 27848.17 um^2
2026-08-08 22:48:34 +0200: Memory Usage (461540K) : 
2026-08-08 22:48:34 +0200: Memory Usage (461540K) : Activ      Area      = 8513.12 µm²
2026-08-08 22:48:34 +0200: Memory Usage (461540K) : Activ      Density % = 30.57%  [Min = 35.00%,  Max = 55.00%]
2026-08-08 22:48:34 +0200: Memory Usage (461540K) : 
2026-08-08 22:48:34 +0200: Memory Usage (461540K) : GatPoly    Area      = 5387.44 µm²
2026-08-08 22:48:34 +0200: Memory Usage (461540K) : GatPoly    Density % = 19.35%  [Min = 15.00%]
2026-08-08 22:48:34 +0200: Memory Usage (461540K) : 
2026-08-08 22:48:34 +0200: Memory Usage (461540K) : Metal1     Area      = 8917.75 µm²
2026-08-08 22:48:34 +0200: Memory Usage (461540K) : Metal1     Density % = 32.02%  [Min = 35.00%,  Max = 60.00%]
2026-08-08 22:48:34 +0200: Memory Usage (461540K) : 
2026-08-08 22:48:34 +0200: Memory Usage (461540K) : Metal2     Area      = 2061.88 µm²
2026-08-08 22:48:34 +0200: Memory Usage (461540K) : Metal2     Density % =  7.40%  [Min = 35.00%,  Max = 60.00%]
2026-08-08 22:48:34 +0200: Memory Usage (461540K) : 
2026-08-08 22:48:34 +0200: Memory Usage (461540K) : Metal3     Area      = 1921.69 µm²
2026-08-08 22:48:34 +0200: Memory Usage (461540K) : Metal3     Density % =  6.90%  [Min = 35.00%,  Max = 60.00%]
2026-08-08 22:48:34 +0200: Memory Usage (461540K) : 
2026-08-08 22:48:34 +0200: Memory Usage (461540K) : Metal4     Area      = 212.89 µm²
2026-08-08 22:48:34 +0200: Memory Usage (461540K) : Metal4     Density % =  0.76%  [Min = 35.00%,  Max = 60.00%]
2026-08-08 22:48:34 +0200: Memory Usage (461540K) : 
2026-08-08 22:48:34 +0200: Memory Usage (461540K) : Metal5     Area      = 194.49 µm²
2026-08-08 22:48:34 +0200: Memory Usage (461540K) : Metal5     Density % =  0.70%  [Min = 35.00%,  Max = 60.00%]
2026-08-08 22:48:34 +0200: Memory Usage (461540K) : 
2026-08-08 22:48:34 +0200: Memory Usage (461540K) : TopMetal1  Area      = 1271.51 µm²
2026-08-08 22:48:34 +0200: Memory Usage (461540K) : TopMetal1  Density % =  4.57%  [Min = 25.00%,  Max = 70.00%]
2026-08-08 22:48:34 +0200: Memory Usage (461540K) : 
2026-08-08 22:48:34 +0200: Memory Usage (461540K) : TopMetal2  Area      = 1284.10 µm²
2026-08-08 22:48:34 +0200: Memory Usage (461540K) : TopMetal2  Density % =  4.61%  [Min = 25.00%,  Max = 70.00%]
2026-08-08 22:48:34 +0200: Memory Usage (461540K) : 
2026-08-08 22:48:34 +0200: Memory Usage (461540K) : LBE        Area      =  0.00 µm²
2026-08-08 22:48:34 +0200: Memory Usage (461540K) : LBE        Density % =  0.00%  [Max = 20.00%]
2026-08-08 22:48:34 +0200: Memory Usage (461540K) : 
2026-08-08 22:48:34 +0200: Memory Usage (461540K) : KLayout DRC run for density table completed in 8.03 seconds
