# Logfile created on 2026-08-08 22:51:40 +0200 by logger.rb/v1.5.3
2026-08-08 22:51:40 +0200: Memory Usage (454432K) : Starting running IHP-SG13G2 KLayout DRC runset on /foss/designs/spi-slave-ihp/flow/runs/RUN_2026-08-08_22-27-58/final/klayout_gds/spi_slave.klayout.gds
2026-08-08 22:51:40 +0200: Memory Usage (454432K) : Ruby Version for klayout: 3.2.3
2026-08-08 22:51:40 +0200: Memory Usage (455724K) : Loading database to memory is complete.
2026-08-08 22:51:40 +0200: Memory Usage (455724K) : IHP-SG13G2 KLayout DRC runset output at: /foss/designs/spi-slave-ihp/signoff/drc_noring/spi_slave.klayout_spi_slave_offgrid.lyrdb
2026-08-08 22:51:40 +0200: Memory Usage (455852K) : Evaluate switches.
2026-08-08 22:51:40 +0200: Memory Usage (455852K) : tables selected: offgrid
2026-08-08 22:51:40 +0200: Memory Usage (455852K) : KLayout will use 8 thread(s) in tiling mode.
2026-08-08 22:51:40 +0200: Memory Usage (455852K) : deep mode is enabled.
2026-08-08 22:51:40 +0200: Memory Usage (455852K) : FEOL enabled: false
2026-08-08 22:51:40 +0200: Memory Usage (455852K) : BEOL enabled: false
2026-08-08 22:51:40 +0200: Memory Usage (455852K) : OFFGRID enabled: true
2026-08-08 22:51:40 +0200: Memory Usage (455852K) : ANGLE enabled: true
2026-08-08 22:51:40 +0200: Memory Usage (455852K) : PIN enabled: false
2026-08-08 22:51:40 +0200: Memory Usage (455852K) : FORBIDDEN enabled: false
2026-08-08 22:51:40 +0200: Memory Usage (455852K) : RECOMMENDED enabled: true
2026-08-08 22:51:40 +0200: Memory Usage (455852K) : PreCheck DRC enabled: false
2026-08-08 22:51:40 +0200: Memory Usage (455852K) : CONNECTIVITY_RULES enabled: false.
2026-08-08 22:51:40 +0200: Memory Usage (455852K) : Read in polygons from layers.
2026-08-08 22:51:40 +0200: Memory Usage (457236K) : activ_drw has 7986 polygons
2026-08-08 22:51:40 +0200: Memory Usage (457364K) : activ_pin has 0 polygons
2026-08-08 22:51:40 +0200: Memory Usage (457364K) : activ_mask has 0 polygons
2026-08-08 22:51:40 +0200: Memory Usage (457364K) : activ_filler has 0 polygons
2026-08-08 22:51:40 +0200: Memory Usage (457364K) : activ_nofill has 0 polygons
2026-08-08 22:51:40 +0200: Memory Usage (457364K) : activ_opc has 0 polygons
2026-08-08 22:51:40 +0200: Memory Usage (457364K) : activ_iopc has 0 polygons
2026-08-08 22:51:40 +0200: Memory Usage (457492K) : activ_noqrc has 0 polygons
2026-08-08 22:51:40 +0200: Memory Usage (457492K) : biwind_drw has 0 polygons
2026-08-08 22:51:40 +0200: Memory Usage (457492K) : biwind_opc has 0 polygons
2026-08-08 22:51:40 +0200: Memory Usage (457620K) : pemwind_drw has 0 polygons
2026-08-08 22:51:40 +0200: Memory Usage (457620K) : gatpoly_drw has 8374 polygons
2026-08-08 22:51:40 +0200: Memory Usage (457748K) : gatpoly_pin has 0 polygons
2026-08-08 22:51:40 +0200: Memory Usage (457748K) : gatpoly_filler has 0 polygons
2026-08-08 22:51:40 +0200: Memory Usage (457876K) : gatpoly_nofill has 0 polygons
2026-08-08 22:51:40 +0200: Memory Usage (458004K) : gatpoly_opc has 0 polygons
2026-08-08 22:51:40 +0200: Memory Usage (458004K) : gatpoly_iopc has 0 polygons
2026-08-08 22:51:40 +0200: Memory Usage (458004K) : gatpoly_noqrc has 0 polygons
2026-08-08 22:51:40 +0200: Memory Usage (458004K) : cont_drw has 54393 polygons
2026-08-08 22:51:40 +0200: Memory Usage (458132K) : cont_opc has 0 polygons
2026-08-08 22:51:40 +0200: Memory Usage (458132K) : nsd_drw has 0 polygons
2026-08-08 22:51:40 +0200: Memory Usage (458132K) : nsd_block has 0 polygons
2026-08-08 22:51:40 +0200: Memory Usage (458132K) : metal1_drw has 15531 polygons
2026-08-08 22:51:40 +0200: Memory Usage (458132K) : metal1_pin has 5535 polygons
2026-08-08 22:51:40 +0200: Memory Usage (458132K) : metal1_mask has 0 polygons
2026-08-08 22:51:40 +0200: Memory Usage (458132K) : metal1_filler has 0 polygons
2026-08-08 22:51:40 +0200: Memory Usage (458132K) : metal1_nofill has 0 polygons
2026-08-08 22:51:40 +0200: Memory Usage (458388K) : metal1_slit has 0 polygons
2026-08-08 22:51:40 +0200: Memory Usage (458680K) : metal1_text has 5454 polygons
2026-08-08 22:51:40 +0200: Memory Usage (458680K) : metal1_opc has 0 polygons
2026-08-08 22:51:40 +0200: Memory Usage (458680K) : metal1_noqrc has 0 polygons
2026-08-08 22:51:40 +0200: Memory Usage (458680K) : metal1_res has 0 polygons
2026-08-08 22:51:40 +0200: Memory Usage (458680K) : metal1_iprobe has 0 polygons
2026-08-08 22:51:40 +0200: Memory Usage (458680K) : metal1_diffprb has 0 polygons
2026-08-08 22:51:40 +0200: Memory Usage (458680K) : passiv_drw has 0 polygons
2026-08-08 22:51:40 +0200: Memory Usage (458680K) : passiv_pin has 0 polygons
2026-08-08 22:51:40 +0200: Memory Usage (458680K) : passiv_sbump has 0 polygons
2026-08-08 22:51:40 +0200: Memory Usage (458680K) : passiv_pillar has 0 polygons
2026-08-08 22:51:40 +0200: Memory Usage (458680K) : passiv_pdl has 0 polygons
2026-08-08 22:51:40 +0200: Memory Usage (458680K) : metal2_drw has 7663 polygons
2026-08-08 22:51:40 +0200: Memory Usage (458680K) : metal2_pin has 19 polygons
2026-08-08 22:51:40 +0200: Memory Usage (458680K) : metal2_mask has 0 polygons
2026-08-08 22:51:40 +0200: Memory Usage (458680K) : metal2_filler has 0 polygons
2026-08-08 22:51:40 +0200: Memory Usage (458680K) : metal2_nofill has 0 polygons
2026-08-08 22:51:40 +0200: Memory Usage (458680K) : metal2_slit has 0 polygons
2026-08-08 22:51:40 +0200: Memory Usage (458680K) : metal2_text has 19 polygons
2026-08-08 22:51:40 +0200: Memory Usage (458680K) : metal2_opc has 0 polygons
2026-08-08 22:51:40 +0200: Memory Usage (458680K) : metal2_noqrc has 0 polygons
2026-08-08 22:51:40 +0200: Memory Usage (458680K) : metal2_res has 0 polygons
2026-08-08 22:51:40 +0200: Memory Usage (458680K) : metal2_iprobe has 0 polygons
2026-08-08 22:51:40 +0200: Memory Usage (458680K) : metal2_diffprb has 0 polygons
2026-08-08 22:51:40 +0200: Memory Usage (458680K) : baspoly_drw has 0 polygons
2026-08-08 22:51:40 +0200: Memory Usage (458680K) : baspoly_pin has 0 polygons
2026-08-08 22:51:40 +0200: Memory Usage (458680K) : psd_drw has 3352 polygons
2026-08-08 22:51:40 +0200: Memory Usage (458680K) : nldb_drw has 0 polygons
2026-08-08 22:51:40 +0200: Memory Usage (458680K) : digibnd_drw has 0 polygons
2026-08-08 22:51:40 +0200: Memory Usage (458680K) : via1_drw has 2532 polygons
2026-08-08 22:51:40 +0200: Memory Usage (458680K) : backmetal1_drw has 0 polygons
2026-08-08 22:51:40 +0200: Memory Usage (458680K) : backmetal1_pin has 0 polygons
2026-08-08 22:51:40 +0200: Memory Usage (458680K) : backmetal1_mask has 0 polygons
2026-08-08 22:51:40 +0200: Memory Usage (458680K) : backmetal1_filler has 0 polygons
2026-08-08 22:51:40 +0200: Memory Usage (458680K) : backmetal1_nofill has 0 polygons
2026-08-08 22:51:40 +0200: Memory Usage (458680K) : backmetal1_slit has 0 polygons
2026-08-08 22:51:40 +0200: Memory Usage (458680K) : backmetal1_text has 0 polygons
2026-08-08 22:51:40 +0200: Memory Usage (458680K) : backmetal1_opc has 0 polygons
2026-08-08 22:51:41 +0200: Memory Usage (458680K) : backmetal1_noqrc has 0 polygons
2026-08-08 22:51:41 +0200: Memory Usage (458680K) : backmetal1_res has 0 polygons
2026-08-08 22:51:41 +0200: Memory Usage (458680K) : backmetal1_iprobe has 0 polygons
2026-08-08 22:51:41 +0200: Memory Usage (458680K) : backmetal1_diffprb has 0 polygons
2026-08-08 22:51:41 +0200: Memory Usage (458680K) : backpassiv_drw has 0 polygons
2026-08-08 22:51:41 +0200: Memory Usage (458680K) : res_drw has 0 polygons
2026-08-08 22:51:41 +0200: Memory Usage (458680K) : sram_drw has 0 polygons
2026-08-08 22:51:41 +0200: Memory Usage (458680K) : trans_drw has 0 polygons
2026-08-08 22:51:41 +0200: Memory Usage (458680K) : ind_drw has 0 polygons
2026-08-08 22:51:41 +0200: Memory Usage (458680K) : ind_pin has 0 polygons
2026-08-08 22:51:41 +0200: Memory Usage (458808K) : ind_text has 0 polygons
2026-08-08 22:51:41 +0200: Memory Usage (458808K) : salblock_drw has 0 polygons
2026-08-08 22:51:41 +0200: Memory Usage (458808K) : via2_drw has 2276 polygons
2026-08-08 22:51:41 +0200: Memory Usage (458936K) : metal3_drw has 3581 polygons
2026-08-08 22:51:41 +0200: Memory Usage (458936K) : metal3_pin has 11 polygons
2026-08-08 22:51:41 +0200: Memory Usage (458936K) : metal3_mask has 0 polygons
2026-08-08 22:51:41 +0200: Memory Usage (458936K) : metal3_filler has 0 polygons
2026-08-08 22:51:41 +0200: Memory Usage (458936K) : metal3_nofill has 0 polygons
2026-08-08 22:51:41 +0200: Memory Usage (458936K) : metal3_slit has 0 polygons
2026-08-08 22:51:41 +0200: Memory Usage (458936K) : metal3_text has 11 polygons
2026-08-08 22:51:41 +0200: Memory Usage (458936K) : metal3_opc has 0 polygons
2026-08-08 22:51:41 +0200: Memory Usage (458936K) : metal3_noqrc has 0 polygons
2026-08-08 22:51:41 +0200: Memory Usage (458936K) : metal3_res has 0 polygons
2026-08-08 22:51:41 +0200: Memory Usage (458936K) : metal3_iprobe has 0 polygons
2026-08-08 22:51:41 +0200: Memory Usage (458936K) : metal3_diffprb has 0 polygons
2026-08-08 22:51:41 +0200: Memory Usage (458936K) : nwell_drw has 1666 polygons
2026-08-08 22:51:41 +0200: Memory Usage (458936K) : nwell_pin has 0 polygons
2026-08-08 22:51:41 +0200: Memory Usage (458936K) : nbulay_drw has 0 polygons
2026-08-08 22:51:41 +0200: Memory Usage (458936K) : nbulay_pin has 0 polygons
2026-08-08 22:51:41 +0200: Memory Usage (458936K) : nbulay_block has 0 polygons
2026-08-08 22:51:41 +0200: Memory Usage (458936K) : emwind_drw has 0 polygons
2026-08-08 22:51:41 +0200: Memory Usage (458936K) : emwind_opc has 0 polygons
2026-08-08 22:51:41 +0200: Memory Usage (458936K) : deepco_drw has 0 polygons
2026-08-08 22:51:41 +0200: Memory Usage (458936K) : deepco_drw has 0 polygons
2026-08-08 22:51:41 +0200: Memory Usage (458936K) : mim_drw has 0 polygons
2026-08-08 22:51:41 +0200: Memory Usage (458936K) : edgeseal_drw has 0 polygons
2026-08-08 22:51:41 +0200: Memory Usage (458936K) : edgeseal_bound has 0 polygons
2026-08-08 22:51:41 +0200: Memory Usage (458936K) : substrate_drw has 0 polygons
2026-08-08 22:51:41 +0200: Memory Usage (458936K) : substrate_text has 0 polygons
2026-08-08 22:51:41 +0200: Memory Usage (458936K) : dfpad_drw has 0 polygons
2026-08-08 22:51:41 +0200: Memory Usage (458936K) : dfpad_pillar has 0 polygons
2026-08-08 22:51:41 +0200: Memory Usage (458936K) : dfpad_sbump has 0 polygons
2026-08-08 22:51:41 +0200: Memory Usage (458936K) : thickgateox_drw has 0 polygons
2026-08-08 22:51:41 +0200: Memory Usage (458936K) : pldb_drw has 0 polygons
2026-08-08 22:51:41 +0200: Memory Usage (458936K) : pwell_drw has 0 polygons
2026-08-08 22:51:41 +0200: Memory Usage (458936K) : pwell_pin has 0 polygons
2026-08-08 22:51:41 +0200: Memory Usage (458936K) : pwell_block has 0 polygons
2026-08-08 22:51:41 +0200: Memory Usage (458936K) : ic_drw has 0 polygons
2026-08-08 22:51:41 +0200: Memory Usage (458936K) : via3_drw has 512 polygons
2026-08-08 22:51:41 +0200: Memory Usage (458936K) : metal4_drw has 385 polygons
2026-08-08 22:51:41 +0200: Memory Usage (458936K) : metal4_pin has 0 polygons
2026-08-08 22:51:41 +0200: Memory Usage (458936K) : metal4_mask has 0 polygons
2026-08-08 22:51:41 +0200: Memory Usage (458936K) : metal4_filler has 0 polygons
2026-08-08 22:51:41 +0200: Memory Usage (458936K) : metal4_nofill has 0 polygons
2026-08-08 22:51:41 +0200: Memory Usage (458936K) : metal4_slit has 0 polygons
2026-08-08 22:51:41 +0200: Memory Usage (458936K) : metal4_text has 0 polygons
2026-08-08 22:51:41 +0200: Memory Usage (458936K) : metal4_opc has 0 polygons
2026-08-08 22:51:41 +0200: Memory Usage (458936K) : metal4_noqrc has 0 polygons
2026-08-08 22:51:41 +0200: Memory Usage (458936K) : metal4_res has 0 polygons
2026-08-08 22:51:42 +0200: Memory Usage (458936K) : metal4_iprobe has 0 polygons
2026-08-08 22:51:42 +0200: Memory Usage (458936K) : metal4_diffprb has 0 polygons
2026-08-08 22:51:42 +0200: Memory Usage (458936K) : heattrans_drw has 0 polygons
2026-08-08 22:51:42 +0200: Memory Usage (458936K) : heatres_drw has 0 polygons
2026-08-08 22:51:42 +0200: Memory Usage (458936K) : pempoly_drw has 0 polygons
2026-08-08 22:51:42 +0200: Memory Usage (458936K) : fbe_drw has 0 polygons
2026-08-08 22:51:42 +0200: Memory Usage (458936K) : empoly_drw has 0 polygons
2026-08-08 22:51:42 +0200: Memory Usage (458936K) : ldmos_drw has 0 polygons
2026-08-08 22:51:42 +0200: Memory Usage (458936K) : pbiwind_drw has 0 polygons
2026-08-08 22:51:42 +0200: Memory Usage (458936K) : digisub_drw has 0 polygons
2026-08-08 22:51:42 +0200: Memory Usage (458936K) : nodrc_drw has 0 polygons
2026-08-08 22:51:42 +0200: Memory Usage (458936K) : text_drw has 0 polygons
2026-08-08 22:51:42 +0200: Memory Usage (458936K) : via4_drw has 410 polygons
2026-08-08 22:51:42 +0200: Memory Usage (458936K) : metal5_drw has 268 polygons
2026-08-08 22:51:42 +0200: Memory Usage (458936K) : metal5_pin has 0 polygons
2026-08-08 22:51:42 +0200: Memory Usage (458936K) : metal5_mask has 0 polygons
2026-08-08 22:51:42 +0200: Memory Usage (458936K) : metal5_filler has 0 polygons
2026-08-08 22:51:42 +0200: Memory Usage (458936K) : metal5_nofill has 0 polygons
2026-08-08 22:51:42 +0200: Memory Usage (458936K) : metal5_slit has 0 polygons
2026-08-08 22:51:42 +0200: Memory Usage (458936K) : metal5_text has 0 polygons
2026-08-08 22:51:42 +0200: Memory Usage (458936K) : metal5_opc has 0 polygons
2026-08-08 22:51:42 +0200: Memory Usage (458936K) : metal5_noqrc has 0 polygons
2026-08-08 22:51:42 +0200: Memory Usage (458936K) : metal5_res has 0 polygons
2026-08-08 22:51:42 +0200: Memory Usage (458936K) : metal5_iprobe has 0 polygons
2026-08-08 22:51:42 +0200: Memory Usage (458936K) : metal5_diffprb has 0 polygons
2026-08-08 22:51:42 +0200: Memory Usage (458936K) : radhard_drw has 0 polygons
2026-08-08 22:51:42 +0200: Memory Usage (458936K) : memcap_drw has 0 polygons
2026-08-08 22:51:42 +0200: Memory Usage (458936K) : varicap_drw has 0 polygons
2026-08-08 22:51:42 +0200: Memory Usage (458936K) : flash_drw has 0 polygons
2026-08-08 22:51:42 +0200: Memory Usage (458936K) : intbondvia_drw has 0 polygons
2026-08-08 22:51:42 +0200: Memory Usage (458936K) : intbondmet_drw has 0 polygons
2026-08-08 22:51:42 +0200: Memory Usage (458936K) : devbondvia_drw has 0 polygons
2026-08-08 22:51:42 +0200: Memory Usage (458936K) : devbondmet_drw has 0 polygons
2026-08-08 22:51:42 +0200: Memory Usage (458936K) : devtrench_drw has 0 polygons
2026-08-08 22:51:42 +0200: Memory Usage (458936K) : redist_drw has 0 polygons
2026-08-08 22:51:42 +0200: Memory Usage (458936K) : graphbot_drw has 0 polygons
2026-08-08 22:51:42 +0200: Memory Usage (458936K) : graphtop_drw has 0 polygons
2026-08-08 22:51:42 +0200: Memory Usage (458936K) : antvia1_drw has 0 polygons
2026-08-08 22:51:42 +0200: Memory Usage (458936K) : antmetal2_drw has 0 polygons
2026-08-08 22:51:42 +0200: Memory Usage (458936K) : graphcont_drw has 0 polygons
2026-08-08 22:51:42 +0200: Memory Usage (458936K) : siwg_drw has 0 polygons
2026-08-08 22:51:42 +0200: Memory Usage (458936K) : siwg_filler has 0 polygons
2026-08-08 22:51:42 +0200: Memory Usage (458936K) : siwg_nofill has 0 polygons
2026-08-08 22:51:42 +0200: Memory Usage (458936K) : sigrating_drw has 0 polygons
2026-08-08 22:51:42 +0200: Memory Usage (458936K) : singrating_drw has 0 polygons
2026-08-08 22:51:42 +0200: Memory Usage (458936K) : graphpas_drw has 0 polygons
2026-08-08 22:51:42 +0200: Memory Usage (458936K) : emwind3_drw has 0 polygons
2026-08-08 22:51:42 +0200: Memory Usage (458936K) : emwihv3_drw has 0 polygons
2026-08-08 22:51:42 +0200: Memory Usage (458936K) : redbulay_drw has 0 polygons
2026-08-08 22:51:42 +0200: Memory Usage (458936K) : smos_drw has 0 polygons
2026-08-08 22:51:42 +0200: Memory Usage (458936K) : graphpad_drw has 0 polygons
2026-08-08 22:51:42 +0200: Memory Usage (458936K) : polimide_drw has 0 polygons
2026-08-08 22:51:42 +0200: Memory Usage (458936K) : polimide_pin has 0 polygons
2026-08-08 22:51:42 +0200: Memory Usage (458936K) : recog_drw has 0 polygons
2026-08-08 22:51:42 +0200: Memory Usage (458936K) : recog_pin has 0 polygons
2026-08-08 22:51:42 +0200: Memory Usage (458936K) : recog_esd has 0 polygons
2026-08-08 22:51:42 +0200: Memory Usage (458936K) : recog_diode has 0 polygons
2026-08-08 22:51:42 +0200: Memory Usage (458936K) : recog_tsv has 0 polygons
2026-08-08 22:51:42 +0200: Memory Usage (458936K) : recog_iprobe has 0 polygons
2026-08-08 22:51:42 +0200: Memory Usage (458936K) : recog_diffprb has 0 polygons
2026-08-08 22:51:42 +0200: Memory Usage (458936K) : recog_pillar has 0 polygons
2026-08-08 22:51:42 +0200: Memory Usage (458936K) : recog_sbump has 0 polygons
2026-08-08 22:51:42 +0200: Memory Usage (458936K) : recog_otp has 0 polygons
2026-08-08 22:51:42 +0200: Memory Usage (458936K) : recog_pdiode has 0 polygons
2026-08-08 22:51:42 +0200: Memory Usage (458936K) : recog_mom has 0 polygons
2026-08-08 22:51:42 +0200: Memory Usage (458936K) : recog_pcm has 0 polygons
2026-08-08 22:51:42 +0200: Memory Usage (458936K) : colopen_drw has 0 polygons
2026-08-08 22:51:42 +0200: Memory Usage (458936K) : graphmetal1_drw has 0 polygons
2026-08-08 22:51:42 +0200: Memory Usage (458936K) : graphmetal1_filler has 0 polygons
2026-08-08 22:51:42 +0200: Memory Usage (458936K) : graphmetal1_nofill has 0 polygons
2026-08-08 22:51:42 +0200: Memory Usage (458936K) : graphmetal1_slit has 0 polygons
2026-08-08 22:51:42 +0200: Memory Usage (458936K) : graphmetal1_opc has 0 polygons
2026-08-08 22:51:43 +0200: Memory Usage (458936K) : graphmet1l_drw has 0 polygons
2026-08-08 22:51:43 +0200: Memory Usage (458936K) : graphmet1l_filler has 0 polygons
2026-08-08 22:51:43 +0200: Memory Usage (458936K) : graphmet1l_nofill has 0 polygons
2026-08-08 22:51:43 +0200: Memory Usage (458936K) : graphmet1l_slit has 0 polygons
2026-08-08 22:51:43 +0200: Memory Usage (458936K) : graphmet1l_opc has 0 polygons
2026-08-08 22:51:43 +0200: Memory Usage (459064K) : extblock_drw has 0 polygons
2026-08-08 22:51:43 +0200: Memory Usage (459064K) : nldd_drw has 0 polygons
2026-08-08 22:51:43 +0200: Memory Usage (459064K) : pldd_drw has 0 polygons
2026-08-08 22:51:43 +0200: Memory Usage (459064K) : next_drw has 0 polygons
2026-08-08 22:51:43 +0200: Memory Usage (459064K) : pext_drw has 0 polygons
2026-08-08 22:51:43 +0200: Memory Usage (459064K) : nexthv_drw has 0 polygons
2026-08-08 22:51:43 +0200: Memory Usage (459064K) : pexthv_drw has 0 polygons
2026-08-08 22:51:43 +0200: Memory Usage (459064K) : graphgate_drw has 0 polygons
2026-08-08 22:51:43 +0200: Memory Usage (459064K) : sinwg_drw has 0 polygons
2026-08-08 22:51:43 +0200: Memory Usage (459064K) : sinwg_filler has 0 polygons
2026-08-08 22:51:43 +0200: Memory Usage (459064K) : sinwg_nofill has 0 polygons
2026-08-08 22:51:43 +0200: Memory Usage (459064K) : mempad_drw has 0 polygons
2026-08-08 22:51:43 +0200: Memory Usage (459064K) : topvia1_drw has 156 polygons
2026-08-08 22:51:43 +0200: Memory Usage (459064K) : topmetal1_drw has 94 polygons
2026-08-08 22:51:43 +0200: Memory Usage (459064K) : topmetal1_pin has 4 polygons
2026-08-08 22:51:43 +0200: Memory Usage (459064K) : topmetal1_mask has 0 polygons
2026-08-08 22:51:43 +0200: Memory Usage (459064K) : topmetal1_filler has 0 polygons
2026-08-08 22:51:43 +0200: Memory Usage (459064K) : topmetal1_nofill has 0 polygons
2026-08-08 22:51:43 +0200: Memory Usage (459064K) : topmetal1_slit has 0 polygons
2026-08-08 22:51:43 +0200: Memory Usage (459064K) : topmetal1_text has 2 polygons
2026-08-08 22:51:43 +0200: Memory Usage (459064K) : topmetal1_noqrc has 0 polygons
2026-08-08 22:51:43 +0200: Memory Usage (459064K) : topmetal1_res has 0 polygons
2026-08-08 22:51:43 +0200: Memory Usage (459064K) : topmetal1_iprobe has 0 polygons
2026-08-08 22:51:43 +0200: Memory Usage (459064K) : topmetal1_diffprb has 0 polygons
2026-08-08 22:51:43 +0200: Memory Usage (459064K) : inldpwl_drw has 0 polygons
2026-08-08 22:51:43 +0200: Memory Usage (459064K) : polyres_drw has 0 polygons
2026-08-08 22:51:43 +0200: Memory Usage (459064K) : polyres_pin has 0 polygons
2026-08-08 22:51:43 +0200: Memory Usage (459064K) : vmim_drw has 0 polygons
2026-08-08 22:51:43 +0200: Memory Usage (459064K) : nbulaycut_drw has 0 polygons
2026-08-08 22:51:43 +0200: Memory Usage (459064K) : antmetal1_drw has 0 polygons
2026-08-08 22:51:43 +0200: Memory Usage (459064K) : topvia2_drw has 8 polygons
2026-08-08 22:51:43 +0200: Memory Usage (459064K) : topmetal2_drw has 16 polygons
2026-08-08 22:51:43 +0200: Memory Usage (459064K) : topmetal2_pin has 4 polygons
2026-08-08 22:51:43 +0200: Memory Usage (459064K) : topmetal2_mask has 0 polygons
2026-08-08 22:51:43 +0200: Memory Usage (459064K) : topmetal2_filler has 0 polygons
2026-08-08 22:51:43 +0200: Memory Usage (459064K) : topmetal2_nofill has 0 polygons
2026-08-08 22:51:43 +0200: Memory Usage (459064K) : topmetal2_slit has 0 polygons
2026-08-08 22:51:43 +0200: Memory Usage (459064K) : topmetal2_text has 2 polygons
2026-08-08 22:51:43 +0200: Memory Usage (459064K) : topmetal2_noqrc has 0 polygons
2026-08-08 22:51:43 +0200: Memory Usage (459064K) : topmetal2_res has 0 polygons
2026-08-08 22:51:43 +0200: Memory Usage (459064K) : topmetal2_iprobe has 0 polygons
2026-08-08 22:51:43 +0200: Memory Usage (459064K) : topmetal2_diffprb has 0 polygons
2026-08-08 22:51:43 +0200: Memory Usage (459064K) : snsring_drw has 0 polygons
2026-08-08 22:51:43 +0200: Memory Usage (459064K) : sensor_drw has 0 polygons
2026-08-08 22:51:43 +0200: Memory Usage (459064K) : snsarms_drw has 0 polygons
2026-08-08 22:51:43 +0200: Memory Usage (459064K) : snscmosvia_drw has 0 polygons
2026-08-08 22:51:43 +0200: Memory Usage (459064K) : colwind_drw has 0 polygons
2026-08-08 22:51:43 +0200: Memory Usage (459064K) : flm_drw has 0 polygons
2026-08-08 22:51:43 +0200: Memory Usage (459064K) : hafniumox_drw has 0 polygons
2026-08-08 22:51:43 +0200: Memory Usage (459064K) : memvia_drw has 0 polygons
2026-08-08 22:51:43 +0200: Memory Usage (459064K) : thinfilmres_drw has 0 polygons
2026-08-08 22:51:43 +0200: Memory Usage (459064K) : rfmem_drw has 0 polygons
2026-08-08 22:51:43 +0200: Memory Usage (459064K) : norcx_drw has 0 polygons
2026-08-08 22:51:43 +0200: Memory Usage (459064K) : norcx_m2m3 has 0 polygons
2026-08-08 22:51:43 +0200: Memory Usage (459064K) : norcx_m2m4 has 0 polygons
2026-08-08 22:51:43 +0200: Memory Usage (459064K) : norcx_m2m5 has 0 polygons
2026-08-08 22:51:43 +0200: Memory Usage (459064K) : norcx_m2tm1 has 0 polygons
2026-08-08 22:51:43 +0200: Memory Usage (459064K) : norcx_m2tm2 has 0 polygons
2026-08-08 22:51:43 +0200: Memory Usage (459064K) : norcx_m3m4 has 0 polygons
2026-08-08 22:51:43 +0200: Memory Usage (459064K) : norcx_m3m5 has 0 polygons
2026-08-08 22:51:43 +0200: Memory Usage (459064K) : norcx_m3tm1 has 0 polygons
2026-08-08 22:51:43 +0200: Memory Usage (459064K) : norcx_m3tm2 has 0 polygons
2026-08-08 22:51:43 +0200: Memory Usage (459064K) : norcx_m4m5 has 0 polygons
2026-08-08 22:51:43 +0200: Memory Usage (459064K) : norcx_m4tm1 has 0 polygons
2026-08-08 22:51:43 +0200: Memory Usage (459064K) : norcx_m4tm2 has 0 polygons
2026-08-08 22:51:43 +0200: Memory Usage (459064K) : norcx_m5tm1 has 0 polygons
2026-08-08 22:51:43 +0200: Memory Usage (459064K) : norcx_m5tm2 has 0 polygons
2026-08-08 22:51:43 +0200: Memory Usage (459064K) : norcx_tm1tm2 has 0 polygons
2026-08-08 22:51:43 +0200: Memory Usage (459064K) : norcx_m1sub has 0 polygons
2026-08-08 22:51:43 +0200: Memory Usage (459064K) : norcx_m2sub has 0 polygons
2026-08-08 22:51:43 +0200: Memory Usage (459064K) : norcx_m3sub has 0 polygons
2026-08-08 22:51:44 +0200: Memory Usage (459064K) : norcx_m4sub has 0 polygons
2026-08-08 22:51:44 +0200: Memory Usage (459064K) : norcx_m5sub has 0 polygons
2026-08-08 22:51:44 +0200: Memory Usage (459064K) : norcx_tm1sub has 0 polygons
2026-08-08 22:51:44 +0200: Memory Usage (459064K) : norcx_tm2sub has 0 polygons
2026-08-08 22:51:44 +0200: Memory Usage (459064K) : snsbotvia_drw has 0 polygons
2026-08-08 22:51:44 +0200: Memory Usage (459064K) : snstopvia_drw has 0 polygons
2026-08-08 22:51:44 +0200: Memory Usage (459064K) : deepvia_drw has 0 polygons
2026-08-08 22:51:44 +0200: Memory Usage (459064K) : fgetch_drw has 0 polygons
2026-08-08 22:51:44 +0200: Memory Usage (459064K) : ctrgat_drw has 0 polygons
2026-08-08 22:51:44 +0200: Memory Usage (459064K) : fgimp_drw has 0 polygons
2026-08-08 22:51:44 +0200: Memory Usage (459064K) : emwihv_drw has 0 polygons
2026-08-08 22:51:44 +0200: Memory Usage (459064K) : lbe_drw has 0 polygons
2026-08-08 22:51:44 +0200: Memory Usage (459064K) : alcustop_drw has 0 polygons
2026-08-08 22:51:44 +0200: Memory Usage (459064K) : nometfiller_drw has 0 polygons
2026-08-08 22:51:44 +0200: Memory Usage (459064K) : prboundary_drw has 0 polygons
2026-08-08 22:51:44 +0200: Memory Usage (459064K) : exchange0_drw has 0 polygons
2026-08-08 22:51:44 +0200: Memory Usage (459064K) : exchange0_pin has 0 polygons
2026-08-08 22:51:44 +0200: Memory Usage (459064K) : exchange0_text has 0 polygons
2026-08-08 22:51:44 +0200: Memory Usage (459064K) : exchange1_drw has 0 polygons
2026-08-08 22:51:44 +0200: Memory Usage (459064K) : exchange1_pin has 0 polygons
2026-08-08 22:51:44 +0200: Memory Usage (459192K) : exchange1_text has 0 polygons
2026-08-08 22:51:44 +0200: Memory Usage (459192K) : exchange2_drw has 0 polygons
2026-08-08 22:51:44 +0200: Memory Usage (459192K) : exchange2_pin has 0 polygons
2026-08-08 22:51:44 +0200: Memory Usage (459320K) : exchange2_text has 0 polygons
2026-08-08 22:51:44 +0200: Memory Usage (459320K) : exchange3_drw has 0 polygons
2026-08-08 22:51:44 +0200: Memory Usage (459320K) : exchange3_pin has 0 polygons
2026-08-08 22:51:44 +0200: Memory Usage (459320K) : exchange3_text has 0 polygons
2026-08-08 22:51:44 +0200: Memory Usage (459320K) : exchange4_drw has 0 polygons
2026-08-08 22:51:44 +0200: Memory Usage (459320K) : exchange4_pin has 0 polygons
2026-08-08 22:51:44 +0200: Memory Usage (459320K) : exchange4_text has 0 polygons
2026-08-08 22:51:44 +0200: Memory Usage (459320K) : isonwell_drw has 0 polygons
2026-08-08 22:51:44 +0200: Memory Usage (459320K) : Total no. of polygons in the design is 120264
2026-08-08 22:51:44 +0200: Memory Usage (459320K) : Loaded TECH DRC rules values from /foss/pdks/ihp-sg13g2/libs.tech/klayout/python/sg13g2_pycell_lib/sg13g2_tech_mod.json
2026-08-08 22:51:44 +0200: Memory Usage (459320K) : Loaded default DRC rules values from /foss/pdks/ihp-sg13g2/libs.tech/klayout/tech/drc/rule_decks/sg13g2_tech_default.json
2026-08-08 22:51:44 +0200: Memory Usage (459320K) : The following rules values were missing in tech json and default values were used:
2026-08-08 22:51:44 +0200: Memory Usage (459320K) :   - NW_f1_digibnd
2026-08-08 22:51:44 +0200: Memory Usage (459320K) :   - Cnt_c_digibnd
2026-08-08 22:51:44 +0200: Memory Usage (459320K) :   - Cnt_c_sram
2026-08-08 22:51:44 +0200: Memory Usage (459320K) :   - Sdiod_b
2026-08-08 22:51:44 +0200: Memory Usage (459320K) :   - Sdiod_c
2026-08-08 22:51:44 +0200: Memory Usage (460156K) : Total area of the design is 27848.17 um^2.
2026-08-08 22:51:44 +0200: Memory Usage (460156K) : The design dimensions are 157.78 µm * 176.5 µm.
2026-08-08 22:51:44 +0200: Memory Usage (460156K) : Starting general IHP-SG13G2 derivations.
2026-08-08 22:51:44 +0200: Memory Usage (460156K) : Starting Pwell derivations
2026-08-08 22:51:44 +0200: Memory Usage (463468K) : Starting IHP-SG13G2 DRC rules.
2026-08-08 22:51:44 +0200: Memory Usage (463468K) : Starting 3.1. offgrid table
2026-08-08 22:51:44 +0200: Memory Usage (463468K) : Executing rule activ_drw_Offgrid
2026-08-08 22:51:44 +0200: Memory Usage (463952K) : Executing rule activ_mask_Offgrid
2026-08-08 22:51:45 +0200: Memory Usage (463952K) : Executing rule activ_filler_Offgrid
2026-08-08 22:51:45 +0200: Memory Usage (463952K) : Executing rule activ_opc_Offgrid
2026-08-08 22:51:45 +0200: Memory Usage (463952K) : Executing rule activ_iopc_Offgrid
2026-08-08 22:51:45 +0200: Memory Usage (463952K) : Executing rule biwind_drw_Offgrid
2026-08-08 22:51:45 +0200: Memory Usage (463952K) : Executing rule biwind_opc_Offgrid
2026-08-08 22:51:45 +0200: Memory Usage (463952K) : Executing rule pemwind_drw_Offgrid
2026-08-08 22:51:45 +0200: Memory Usage (463952K) : Executing rule gatpoly_drw_Offgrid
2026-08-08 22:51:45 +0200: Memory Usage (463952K) : Executing rule gatpoly_filler_Offgrid
2026-08-08 22:51:45 +0200: Memory Usage (463952K) : Executing rule gatpoly_opc_Offgrid
2026-08-08 22:51:45 +0200: Memory Usage (463952K) : Executing rule gatpoly_iopc_Offgrid
2026-08-08 22:51:45 +0200: Memory Usage (463952K) : Executing rule gatpoly_noqrc_Offgrid
2026-08-08 22:51:46 +0200: Memory Usage (463952K) : Executing rule cont_drw_Offgrid
2026-08-08 22:51:48 +0200: Memory Usage (495824K) : Executing rule cont_opc_Offgrid
2026-08-08 22:51:48 +0200: Memory Usage (495824K) : Executing rule nsd_drw_Offgrid
2026-08-08 22:51:48 +0200: Memory Usage (495824K) : Executing rule nsd_block_Offgrid
2026-08-08 22:51:48 +0200: Memory Usage (495824K) : Executing rule metal1_drw_Offgrid
2026-08-08 22:51:49 +0200: Memory Usage (495824K) : Executing rule metal1_mask_Offgrid
2026-08-08 22:51:49 +0200: Memory Usage (495824K) : Executing rule metal1_filler_Offgrid
2026-08-08 22:51:49 +0200: Memory Usage (495824K) : Executing rule metal1_slit_Offgrid
2026-08-08 22:51:49 +0200: Memory Usage (495824K) : Executing rule metal1_opc_Offgrid
2026-08-08 22:51:49 +0200: Memory Usage (495824K) : Executing rule metal1_noqrc_Offgrid
2026-08-08 22:51:49 +0200: Memory Usage (495824K) : Executing rule metal1_res_Offgrid
2026-08-08 22:51:49 +0200: Memory Usage (495824K) : Executing rule metal1_iprobe_Offgrid
2026-08-08 22:51:49 +0200: Memory Usage (495824K) : Executing rule metal1_diffprb_Offgrid
2026-08-08 22:51:49 +0200: Memory Usage (495824K) : Executing rule passiv_drw_Offgrid
2026-08-08 22:51:49 +0200: Memory Usage (495824K) : Executing rule passiv_pillar_Offgrid
2026-08-08 22:51:49 +0200: Memory Usage (495824K) : Executing rule passiv_sbump_Offgrid
2026-08-08 22:51:49 +0200: Memory Usage (495824K) : Executing rule passiv_pdl_Offgrid
2026-08-08 22:51:49 +0200: Memory Usage (495824K) : Executing rule metal2_drw_Offgrid
2026-08-08 22:51:50 +0200: Memory Usage (495824K) : Executing rule metal2_mask_Offgrid
2026-08-08 22:51:50 +0200: Memory Usage (495824K) : Executing rule metal2_filler_Offgrid
2026-08-08 22:51:50 +0200: Memory Usage (495824K) : Executing rule metal2_slit_Offgrid
2026-08-08 22:51:50 +0200: Memory Usage (495824K) : Executing rule metal2_opc_Offgrid
2026-08-08 22:51:50 +0200: Memory Usage (495824K) : Executing rule metal2_noqrc_Offgrid
2026-08-08 22:51:50 +0200: Memory Usage (495824K) : Executing rule metal2_res_Offgrid
2026-08-08 22:51:50 +0200: Memory Usage (495824K) : Executing rule metal2_iprobe_Offgrid
2026-08-08 22:51:50 +0200: Memory Usage (495824K) : Executing rule metal2_diffprb_Offgrid
2026-08-08 22:51:50 +0200: Memory Usage (495824K) : Executing rule baspoly_drw_Offgrid
2026-08-08 22:51:50 +0200: Memory Usage (495824K) : Executing rule psd_drw_Offgrid
2026-08-08 22:51:51 +0200: Memory Usage (495824K) : Executing rule nldb_drw_Offgrid
2026-08-08 22:51:51 +0200: Memory Usage (495824K) : Executing rule via1_drw_Offgrid
2026-08-08 22:51:51 +0200: Memory Usage (495824K) : Executing rule backmetal1_drw_Offgrid
2026-08-08 22:51:51 +0200: Memory Usage (495824K) : Executing rule backmetal1_mask_Offgrid
2026-08-08 22:51:51 +0200: Memory Usage (495824K) : Executing rule backmetal1_filler_Offgrid
2026-08-08 22:51:51 +0200: Memory Usage (495824K) : Executing rule backmetal1_slit_Offgrid
2026-08-08 22:51:51 +0200: Memory Usage (495824K) : Executing rule backmetal1_opc_Offgrid
2026-08-08 22:51:51 +0200: Memory Usage (495824K) : Executing rule backmetal1_noqrc_Offgrid
2026-08-08 22:51:51 +0200: Memory Usage (495824K) : Executing rule backmetal1_res_Offgrid
2026-08-08 22:51:51 +0200: Memory Usage (495824K) : Executing rule backmetal1_iprobe_Offgrid
2026-08-08 22:51:51 +0200: Memory Usage (495824K) : Executing rule backmetal1_diffprb_Offgrid
2026-08-08 22:51:51 +0200: Memory Usage (495824K) : Executing rule backpassiv_drw_Offgrid
2026-08-08 22:51:51 +0200: Memory Usage (495824K) : Executing rule salblock_drw_Offgrid
2026-08-08 22:51:51 +0200: Memory Usage (495824K) : Executing rule via2_drw_Offgrid
2026-08-08 22:51:51 +0200: Memory Usage (495824K) : Executing rule metal3_drw_Offgrid
2026-08-08 22:51:52 +0200: Memory Usage (495824K) : Executing rule metal3_mask_Offgrid
2026-08-08 22:51:52 +0200: Memory Usage (495824K) : Executing rule metal3_filler_Offgrid
2026-08-08 22:51:52 +0200: Memory Usage (495824K) : Executing rule metal3_slit_Offgrid
2026-08-08 22:51:52 +0200: Memory Usage (495824K) : Executing rule metal3_opc_Offgrid
2026-08-08 22:51:52 +0200: Memory Usage (495824K) : Executing rule metal3_noqrc_Offgrid
2026-08-08 22:51:52 +0200: Memory Usage (495824K) : Executing rule metal3_res_Offgrid
2026-08-08 22:51:52 +0200: Memory Usage (495824K) : Executing rule metal3_iprobe_Offgrid
2026-08-08 22:51:52 +0200: Memory Usage (495824K) : Executing rule metal3_diffprb_Offgrid
2026-08-08 22:51:52 +0200: Memory Usage (495824K) : Executing rule nwell_drw_Offgrid
2026-08-08 22:51:52 +0200: Memory Usage (495824K) : Executing rule nbulay_drw_Offgrid
2026-08-08 22:51:52 +0200: Memory Usage (495824K) : Executing rule nbulay_block_Offgrid
2026-08-08 22:51:52 +0200: Memory Usage (495824K) : Executing rule pwell_drw_Offgrid
2026-08-08 22:51:52 +0200: Memory Usage (495824K) : Executing rule pwell_block_Offgrid
2026-08-08 22:51:52 +0200: Memory Usage (495824K) : Executing rule emwind_drw_Offgrid
2026-08-08 22:51:52 +0200: Memory Usage (495824K) : Executing rule emwind_opc_Offgrid
2026-08-08 22:51:52 +0200: Memory Usage (495824K) : Executing rule deepco_drw_Offgrid
2026-08-08 22:51:52 +0200: Memory Usage (495824K) : Executing rule mim_drw_Offgrid
2026-08-08 22:51:52 +0200: Memory Usage (495824K) : Executing rule substrate_drw_Offgrid
2026-08-08 22:51:52 +0200: Memory Usage (495824K) : Executing rule ic_drw_Offgrid
2026-08-08 22:51:53 +0200: Memory Usage (495824K) : Executing rule via3_drw_Offgrid
2026-08-08 22:51:53 +0200: Memory Usage (495824K) : Executing rule pldb_drw_Offgrid
2026-08-08 22:51:53 +0200: Memory Usage (495824K) : Executing rule metal4_drw_Offgrid
2026-08-08 22:51:53 +0200: Memory Usage (495824K) : Executing rule metal4_mask_Offgrid
2026-08-08 22:51:53 +0200: Memory Usage (495824K) : Executing rule metal4_filler_Offgrid
2026-08-08 22:51:53 +0200: Memory Usage (495824K) : Executing rule metal4_slit_Offgrid
2026-08-08 22:51:53 +0200: Memory Usage (495824K) : Executing rule metal4_opc_Offgrid
2026-08-08 22:51:53 +0200: Memory Usage (495824K) : Executing rule metal4_noqrc_Offgrid
2026-08-08 22:51:53 +0200: Memory Usage (495824K) : Executing rule metal4_res_Offgrid
2026-08-08 22:51:53 +0200: Memory Usage (495824K) : Executing rule metal4_iprobe_Offgrid
2026-08-08 22:51:53 +0200: Memory Usage (495824K) : Executing rule metal4_diffprb_Offgrid
2026-08-08 22:51:53 +0200: Memory Usage (495824K) : Executing rule via4_drw_Offgrid
2026-08-08 22:51:54 +0200: Memory Usage (495824K) : Executing rule metal5_drw_Offgrid
2026-08-08 22:51:54 +0200: Memory Usage (495824K) : Executing rule metal5_mask_Offgrid
2026-08-08 22:51:54 +0200: Memory Usage (495824K) : Executing rule metal5_filler_Offgrid
2026-08-08 22:51:54 +0200: Memory Usage (495824K) : Executing rule metal5_slit_Offgrid
2026-08-08 22:51:54 +0200: Memory Usage (495824K) : Executing rule metal5_opc_Offgrid
2026-08-08 22:51:54 +0200: Memory Usage (495824K) : Executing rule metal5_noqrc_Offgrid
2026-08-08 22:51:54 +0200: Memory Usage (495824K) : Executing rule metal5_res_Offgrid
2026-08-08 22:51:54 +0200: Memory Usage (495824K) : Executing rule metal5_iprobe_Offgrid
2026-08-08 22:51:54 +0200: Memory Usage (495824K) : Executing rule metal5_diffprb_Offgrid
2026-08-08 22:51:54 +0200: Memory Usage (495824K) : Executing rule prboundary_drw_Offgrid
2026-08-08 22:51:54 +0200: Memory Usage (495824K) : Executing rule exchange0_drw_Offgrid
2026-08-08 22:51:54 +0200: Memory Usage (495824K) : Executing rule exchange1_drw_Offgrid
2026-08-08 22:51:54 +0200: Memory Usage (495824K) : Executing rule exchange2_drw_Offgrid
2026-08-08 22:51:55 +0200: Memory Usage (495824K) : Executing rule exchange3_drw_Offgrid
2026-08-08 22:51:55 +0200: Memory Usage (495824K) : Executing rule exchange4_drw_Offgrid
2026-08-08 22:51:55 +0200: Memory Usage (495824K) : Executing rule isonwell_drw_Offgrid
2026-08-08 22:51:55 +0200: Memory Usage (495824K) : Executing rule thickgateox_drw_Offgrid
2026-08-08 22:51:55 +0200: Memory Usage (495824K) : Executing rule pempoly_drw_Offgrid
2026-08-08 22:51:55 +0200: Memory Usage (495824K) : Executing rule fbe_drw_Offgrid
2026-08-08 22:51:55 +0200: Memory Usage (495824K) : Executing rule empoly_drw_Offgrid
2026-08-08 22:51:55 +0200: Memory Usage (495824K) : Executing rule ldmos_drw_Offgrid
2026-08-08 22:51:55 +0200: Memory Usage (495824K) : Executing rule pbiwind_drw_Offgrid
2026-08-08 22:51:55 +0200: Memory Usage (495824K) : Executing rule colopen_drw_Offgrid
2026-08-08 22:51:55 +0200: Memory Usage (495824K) : Executing rule extblock_drw_Offgrid
2026-08-08 22:51:55 +0200: Memory Usage (495824K) : Executing rule nldd_drw_Offgrid
2026-08-08 22:51:55 +0200: Memory Usage (495824K) : Executing rule pldd_drw_Offgrid
2026-08-08 22:51:55 +0200: Memory Usage (495824K) : Executing rule next_drw_Offgrid
2026-08-08 22:51:55 +0200: Memory Usage (495824K) : Executing rule pext_drw_Offgrid
2026-08-08 22:51:55 +0200: Memory Usage (495824K) : Executing rule nexthv_drw_Offgrid
2026-08-08 22:51:55 +0200: Memory Usage (495824K) : Executing rule pexthv_drw_Offgrid
2026-08-08 22:51:55 +0200: Memory Usage (495824K) : Executing rule graphgate_drw_Offgrid
2026-08-08 22:51:55 +0200: Memory Usage (495824K) : Executing rule mempad_drw_Offgrid
2026-08-08 22:51:55 +0200: Memory Usage (495824K) : Executing rule topvia1_drw_Offgrid
2026-08-08 22:51:55 +0200: Memory Usage (495824K) : Executing rule topmetal1_drw_Offgrid
2026-08-08 22:51:55 +0200: Memory Usage (495824K) : Executing rule topmetal1_mask_Offgrid
2026-08-08 22:51:55 +0200: Memory Usage (495824K) : Executing rule topmetal1_filler_Offgrid
2026-08-08 22:51:55 +0200: Memory Usage (495824K) : Executing rule topmetal1_slit_Offgrid
2026-08-08 22:51:55 +0200: Memory Usage (495824K) : Executing rule topmetal1_noqrc_Offgrid
2026-08-08 22:51:55 +0200: Memory Usage (495824K) : Executing rule topmetal1_res_Offgrid
2026-08-08 22:51:56 +0200: Memory Usage (495824K) : Executing rule topmetal1_iprobe_Offgrid
2026-08-08 22:51:56 +0200: Memory Usage (495824K) : Executing rule topmetal1_diffprb_Offgrid
2026-08-08 22:51:56 +0200: Memory Usage (495824K) : Executing rule inldpwl_drw_Offgrid
2026-08-08 22:51:56 +0200: Memory Usage (495824K) : Executing rule polyres_drw_Offgrid
2026-08-08 22:51:56 +0200: Memory Usage (495824K) : Executing rule vmim_drw_Offgrid
2026-08-08 22:51:56 +0200: Memory Usage (495824K) : Executing rule nbulaycut_drw_Offgrid
2026-08-08 22:51:56 +0200: Memory Usage (495824K) : Executing rule antmetal1_drw_Offgrid
2026-08-08 22:51:56 +0200: Memory Usage (495824K) : Executing rule topvia2_drw_Offgrid
2026-08-08 22:51:56 +0200: Memory Usage (495824K) : Executing rule topmetal2_drw_Offgrid
2026-08-08 22:51:56 +0200: Memory Usage (495824K) : Executing rule topmetal2_mask_Offgrid
2026-08-08 22:51:56 +0200: Memory Usage (495824K) : Executing rule topmetal2_filler_Offgrid
2026-08-08 22:51:56 +0200: Memory Usage (495824K) : Executing rule topmetal2_slit_Offgrid
2026-08-08 22:51:56 +0200: Memory Usage (495824K) : Executing rule topmetal2_noqrc_Offgrid
2026-08-08 22:51:56 +0200: Memory Usage (495824K) : Executing rule topmetal2_res_Offgrid
2026-08-08 22:51:56 +0200: Memory Usage (495824K) : Executing rule topmetal2_iprobe_Offgrid
2026-08-08 22:51:56 +0200: Memory Usage (495824K) : Executing rule topmetal2_diffprb_Offgrid
2026-08-08 22:51:56 +0200: Memory Usage (495824K) : Executing rule snsring_drw_Offgrid
2026-08-08 22:51:56 +0200: Memory Usage (495824K) : Executing rule sensor_drw_Offgrid
2026-08-08 22:51:56 +0200: Memory Usage (495824K) : Executing rule snsarms_drw_Offgrid
2026-08-08 22:51:56 +0200: Memory Usage (495824K) : Executing rule snscmosvia_drw_Offgrid
2026-08-08 22:51:56 +0200: Memory Usage (495824K) : Executing rule colwind_drw_Offgrid
2026-08-08 22:51:56 +0200: Memory Usage (495824K) : Executing rule flm_drw_Offgrid
2026-08-08 22:51:57 +0200: Memory Usage (495824K) : Executing rule hafniumox_drw_Offgrid
2026-08-08 22:51:57 +0200: Memory Usage (495824K) : Executing rule memvia_drw_Offgrid
2026-08-08 22:51:57 +0200: Memory Usage (495824K) : Executing rule thinfilmres_drw_Offgrid
2026-08-08 22:51:57 +0200: Memory Usage (495824K) : Executing rule rfmem_drw_Offgrid
2026-08-08 22:51:57 +0200: Memory Usage (495824K) : Executing rule snsbotvia_drw_Offgrid
2026-08-08 22:51:57 +0200: Memory Usage (495824K) : Executing rule snstopvia_drw_Offgrid
2026-08-08 22:51:57 +0200: Memory Usage (495824K) : Executing rule deepvia_drw_Offgrid
2026-08-08 22:51:57 +0200: Memory Usage (495824K) : Executing rule fgetch_drw_Offgrid
2026-08-08 22:51:57 +0200: Memory Usage (495824K) : Executing rule ctrgat_drw_Offgrid
2026-08-08 22:51:57 +0200: Memory Usage (495824K) : Executing rule fgimp_drw_Offgrid
2026-08-08 22:51:57 +0200: Memory Usage (495824K) : Executing rule emwihv_drw_Offgrid
2026-08-08 22:51:57 +0200: Memory Usage (495824K) : Executing rule lbe_drw_Offgrid
2026-08-08 22:51:57 +0200: Memory Usage (495824K) : Executing rule alcustop_drw_Offgrid
2026-08-08 22:51:57 +0200: Memory Usage (495824K) : KLayout DRC run for tables 'offgrid' completed in 17.56 seconds
