# Logfile created on 2026-08-08 22:48:44 +0200 by logger.rb/v1.5.3
2026-08-08 22:48:44 +0200: Memory Usage (454608K) : Starting running IHP-SG13G2 KLayout DRC runset on /foss/designs/spi-slave-ihp/flow/runs/RUN_2026-08-08_22-27-58/final/klayout_gds/spi_slave.klayout.gds
2026-08-08 22:48:44 +0200: Memory Usage (454608K) : Ruby Version for klayout: 3.2.3
2026-08-08 22:48:44 +0200: Memory Usage (456280K) : Loading database to memory is complete.
2026-08-08 22:48:44 +0200: Memory Usage (456280K) : IHP-SG13G2 KLayout DRC runset output at: /foss/designs/spi-slave-ihp/signoff/drc_noring/spi_slave.klayout_spi_slave_nwell.lyrdb
2026-08-08 22:48:44 +0200: Memory Usage (456280K) : Evaluate switches.
2026-08-08 22:48:44 +0200: Memory Usage (456280K) : tables selected: nwell
2026-08-08 22:48:44 +0200: Memory Usage (456280K) : KLayout will use 8 thread(s) in tiling mode.
2026-08-08 22:48:44 +0200: Memory Usage (456280K) : deep mode is enabled.
2026-08-08 22:48:44 +0200: Memory Usage (456280K) : FEOL enabled: false
2026-08-08 22:48:44 +0200: Memory Usage (456280K) : BEOL enabled: false
2026-08-08 22:48:44 +0200: Memory Usage (456280K) : OFFGRID enabled: true
2026-08-08 22:48:44 +0200: Memory Usage (456280K) : ANGLE enabled: true
2026-08-08 22:48:44 +0200: Memory Usage (456280K) : PIN enabled: false
2026-08-08 22:48:44 +0200: Memory Usage (456280K) : FORBIDDEN enabled: false
2026-08-08 22:48:44 +0200: Memory Usage (456280K) : RECOMMENDED enabled: true
2026-08-08 22:48:44 +0200: Memory Usage (456280K) : PreCheck DRC enabled: false
2026-08-08 22:48:44 +0200: Memory Usage (456280K) : CONNECTIVITY_RULES enabled: true.
2026-08-08 22:48:44 +0200: Memory Usage (456280K) : Read in polygons from layers.
2026-08-08 22:48:44 +0200: Memory Usage (457564K) : activ_drw has 7986 polygons
2026-08-08 22:48:44 +0200: Memory Usage (457692K) : activ_pin has 0 polygons
2026-08-08 22:48:44 +0200: Memory Usage (457692K) : activ_mask has 0 polygons
2026-08-08 22:48:44 +0200: Memory Usage (457692K) : activ_filler has 0 polygons
2026-08-08 22:48:44 +0200: Memory Usage (457692K) : activ_nofill has 0 polygons
2026-08-08 22:48:44 +0200: Memory Usage (457820K) : activ_opc has 0 polygons
2026-08-08 22:48:44 +0200: Memory Usage (457820K) : activ_iopc has 0 polygons
2026-08-08 22:48:44 +0200: Memory Usage (457820K) : activ_noqrc has 0 polygons
2026-08-08 22:48:44 +0200: Memory Usage (457820K) : biwind_drw has 0 polygons
2026-08-08 22:48:44 +0200: Memory Usage (457948K) : biwind_opc has 0 polygons
2026-08-08 22:48:44 +0200: Memory Usage (457948K) : pemwind_drw has 0 polygons
2026-08-08 22:48:44 +0200: Memory Usage (458076K) : gatpoly_drw has 8374 polygons
2026-08-08 22:48:44 +0200: Memory Usage (458076K) : gatpoly_pin has 0 polygons
2026-08-08 22:48:44 +0200: Memory Usage (458204K) : gatpoly_filler has 0 polygons
2026-08-08 22:48:44 +0200: Memory Usage (458332K) : gatpoly_nofill has 0 polygons
2026-08-08 22:48:44 +0200: Memory Usage (458332K) : gatpoly_opc has 0 polygons
2026-08-08 22:48:44 +0200: Memory Usage (458460K) : gatpoly_iopc has 0 polygons
2026-08-08 22:48:44 +0200: Memory Usage (458460K) : gatpoly_noqrc has 0 polygons
2026-08-08 22:48:44 +0200: Memory Usage (458460K) : cont_drw has 54393 polygons
2026-08-08 22:48:44 +0200: Memory Usage (458460K) : cont_opc has 0 polygons
2026-08-08 22:48:44 +0200: Memory Usage (458460K) : nsd_drw has 0 polygons
2026-08-08 22:48:44 +0200: Memory Usage (458460K) : nsd_block has 0 polygons
2026-08-08 22:48:44 +0200: Memory Usage (458588K) : metal1_drw has 15531 polygons
2026-08-08 22:48:44 +0200: Memory Usage (458588K) : metal1_pin has 5535 polygons
2026-08-08 22:48:44 +0200: Memory Usage (458588K) : metal1_mask has 0 polygons
2026-08-08 22:48:44 +0200: Memory Usage (458588K) : metal1_filler has 0 polygons
2026-08-08 22:48:44 +0200: Memory Usage (458588K) : metal1_nofill has 0 polygons
2026-08-08 22:48:44 +0200: Memory Usage (458588K) : metal1_slit has 0 polygons
2026-08-08 22:48:44 +0200: Memory Usage (458736K) : metal1_text has 5454 polygons
2026-08-08 22:48:44 +0200: Memory Usage (458736K) : metal1_opc has 0 polygons
2026-08-08 22:48:44 +0200: Memory Usage (458736K) : metal1_noqrc has 0 polygons
2026-08-08 22:48:44 +0200: Memory Usage (458736K) : metal1_res has 0 polygons
2026-08-08 22:48:44 +0200: Memory Usage (458736K) : metal1_iprobe has 0 polygons
2026-08-08 22:48:44 +0200: Memory Usage (458736K) : metal1_diffprb has 0 polygons
2026-08-08 22:48:44 +0200: Memory Usage (458736K) : passiv_drw has 0 polygons
2026-08-08 22:48:44 +0200: Memory Usage (458736K) : passiv_pin has 0 polygons
2026-08-08 22:48:44 +0200: Memory Usage (458736K) : passiv_sbump has 0 polygons
2026-08-08 22:48:44 +0200: Memory Usage (458736K) : passiv_pillar has 0 polygons
2026-08-08 22:48:44 +0200: Memory Usage (458736K) : passiv_pdl has 0 polygons
2026-08-08 22:48:44 +0200: Memory Usage (458736K) : metal2_drw has 7663 polygons
2026-08-08 22:48:44 +0200: Memory Usage (458736K) : metal2_pin has 19 polygons
2026-08-08 22:48:44 +0200: Memory Usage (458736K) : metal2_mask has 0 polygons
2026-08-08 22:48:44 +0200: Memory Usage (458736K) : metal2_filler has 0 polygons
2026-08-08 22:48:44 +0200: Memory Usage (458736K) : metal2_nofill has 0 polygons
2026-08-08 22:48:44 +0200: Memory Usage (458736K) : metal2_slit has 0 polygons
2026-08-08 22:48:44 +0200: Memory Usage (458736K) : metal2_text has 19 polygons
2026-08-08 22:48:44 +0200: Memory Usage (458736K) : metal2_opc has 0 polygons
2026-08-08 22:48:44 +0200: Memory Usage (458736K) : metal2_noqrc has 0 polygons
2026-08-08 22:48:44 +0200: Memory Usage (458864K) : metal2_res has 0 polygons
2026-08-08 22:48:44 +0200: Memory Usage (458864K) : metal2_iprobe has 0 polygons
2026-08-08 22:48:44 +0200: Memory Usage (458864K) : metal2_diffprb has 0 polygons
2026-08-08 22:48:44 +0200: Memory Usage (458864K) : baspoly_drw has 0 polygons
2026-08-08 22:48:44 +0200: Memory Usage (458864K) : baspoly_pin has 0 polygons
2026-08-08 22:48:44 +0200: Memory Usage (458864K) : psd_drw has 3352 polygons
2026-08-08 22:48:44 +0200: Memory Usage (458864K) : nldb_drw has 0 polygons
2026-08-08 22:48:44 +0200: Memory Usage (458864K) : digibnd_drw has 0 polygons
2026-08-08 22:48:45 +0200: Memory Usage (458864K) : via1_drw has 2532 polygons
2026-08-08 22:48:45 +0200: Memory Usage (458864K) : backmetal1_drw has 0 polygons
2026-08-08 22:48:45 +0200: Memory Usage (458864K) : backmetal1_pin has 0 polygons
2026-08-08 22:48:45 +0200: Memory Usage (458864K) : backmetal1_mask has 0 polygons
2026-08-08 22:48:45 +0200: Memory Usage (458864K) : backmetal1_filler has 0 polygons
2026-08-08 22:48:45 +0200: Memory Usage (458864K) : backmetal1_nofill has 0 polygons
2026-08-08 22:48:45 +0200: Memory Usage (458864K) : backmetal1_slit has 0 polygons
2026-08-08 22:48:45 +0200: Memory Usage (458864K) : backmetal1_text has 0 polygons
2026-08-08 22:48:45 +0200: Memory Usage (458864K) : backmetal1_opc has 0 polygons
2026-08-08 22:48:45 +0200: Memory Usage (458864K) : backmetal1_noqrc has 0 polygons
2026-08-08 22:48:45 +0200: Memory Usage (458864K) : backmetal1_res has 0 polygons
2026-08-08 22:48:45 +0200: Memory Usage (458864K) : backmetal1_iprobe has 0 polygons
2026-08-08 22:48:45 +0200: Memory Usage (458864K) : backmetal1_diffprb has 0 polygons
2026-08-08 22:48:45 +0200: Memory Usage (458864K) : backpassiv_drw has 0 polygons
2026-08-08 22:48:45 +0200: Memory Usage (458864K) : res_drw has 0 polygons
2026-08-08 22:48:45 +0200: Memory Usage (458864K) : sram_drw has 0 polygons
2026-08-08 22:48:45 +0200: Memory Usage (458864K) : trans_drw has 0 polygons
2026-08-08 22:48:45 +0200: Memory Usage (458864K) : ind_drw has 0 polygons
2026-08-08 22:48:45 +0200: Memory Usage (458864K) : ind_pin has 0 polygons
2026-08-08 22:48:45 +0200: Memory Usage (458864K) : ind_text has 0 polygons
2026-08-08 22:48:45 +0200: Memory Usage (458864K) : salblock_drw has 0 polygons
2026-08-08 22:48:45 +0200: Memory Usage (458864K) : via2_drw has 2276 polygons
2026-08-08 22:48:45 +0200: Memory Usage (458864K) : metal3_drw has 3581 polygons
2026-08-08 22:48:45 +0200: Memory Usage (458864K) : metal3_pin has 11 polygons
2026-08-08 22:48:45 +0200: Memory Usage (458864K) : metal3_mask has 0 polygons
2026-08-08 22:48:45 +0200: Memory Usage (458864K) : metal3_filler has 0 polygons
2026-08-08 22:48:45 +0200: Memory Usage (458864K) : metal3_nofill has 0 polygons
2026-08-08 22:48:45 +0200: Memory Usage (458864K) : metal3_slit has 0 polygons
2026-08-08 22:48:45 +0200: Memory Usage (458864K) : metal3_text has 11 polygons
2026-08-08 22:48:45 +0200: Memory Usage (458864K) : metal3_opc has 0 polygons
2026-08-08 22:48:45 +0200: Memory Usage (458864K) : metal3_noqrc has 0 polygons
2026-08-08 22:48:45 +0200: Memory Usage (458864K) : metal3_res has 0 polygons
2026-08-08 22:48:45 +0200: Memory Usage (458864K) : metal3_iprobe has 0 polygons
2026-08-08 22:48:45 +0200: Memory Usage (458864K) : metal3_diffprb has 0 polygons
2026-08-08 22:48:45 +0200: Memory Usage (458864K) : nwell_drw has 1666 polygons
2026-08-08 22:48:45 +0200: Memory Usage (458864K) : nwell_pin has 0 polygons
2026-08-08 22:48:45 +0200: Memory Usage (458864K) : nbulay_drw has 0 polygons
2026-08-08 22:48:45 +0200: Memory Usage (458864K) : nbulay_pin has 0 polygons
2026-08-08 22:48:45 +0200: Memory Usage (458864K) : nbulay_block has 0 polygons
2026-08-08 22:48:45 +0200: Memory Usage (458864K) : emwind_drw has 0 polygons
2026-08-08 22:48:45 +0200: Memory Usage (458864K) : emwind_opc has 0 polygons
2026-08-08 22:48:45 +0200: Memory Usage (458864K) : deepco_drw has 0 polygons
2026-08-08 22:48:45 +0200: Memory Usage (458864K) : deepco_drw has 0 polygons
2026-08-08 22:48:45 +0200: Memory Usage (458864K) : mim_drw has 0 polygons
2026-08-08 22:48:45 +0200: Memory Usage (458864K) : edgeseal_drw has 0 polygons
2026-08-08 22:48:45 +0200: Memory Usage (458864K) : edgeseal_bound has 0 polygons
2026-08-08 22:48:45 +0200: Memory Usage (458864K) : substrate_drw has 0 polygons
2026-08-08 22:48:45 +0200: Memory Usage (458864K) : substrate_text has 0 polygons
2026-08-08 22:48:45 +0200: Memory Usage (458864K) : dfpad_drw has 0 polygons
2026-08-08 22:48:45 +0200: Memory Usage (458864K) : dfpad_pillar has 0 polygons
2026-08-08 22:48:45 +0200: Memory Usage (458864K) : dfpad_sbump has 0 polygons
2026-08-08 22:48:45 +0200: Memory Usage (458864K) : thickgateox_drw has 0 polygons
2026-08-08 22:48:46 +0200: Memory Usage (458864K) : pldb_drw has 0 polygons
2026-08-08 22:48:46 +0200: Memory Usage (458864K) : pwell_drw has 0 polygons
2026-08-08 22:48:46 +0200: Memory Usage (458864K) : pwell_pin has 0 polygons
2026-08-08 22:48:46 +0200: Memory Usage (458864K) : pwell_block has 0 polygons
2026-08-08 22:48:46 +0200: Memory Usage (458864K) : ic_drw has 0 polygons
2026-08-08 22:48:46 +0200: Memory Usage (458864K) : via3_drw has 512 polygons
2026-08-08 22:48:46 +0200: Memory Usage (458864K) : metal4_drw has 385 polygons
2026-08-08 22:48:46 +0200: Memory Usage (458864K) : metal4_pin has 0 polygons
2026-08-08 22:48:46 +0200: Memory Usage (458864K) : metal4_mask has 0 polygons
2026-08-08 22:48:46 +0200: Memory Usage (458864K) : metal4_filler has 0 polygons
2026-08-08 22:48:46 +0200: Memory Usage (458864K) : metal4_nofill has 0 polygons
2026-08-08 22:48:46 +0200: Memory Usage (458864K) : metal4_slit has 0 polygons
2026-08-08 22:48:46 +0200: Memory Usage (458864K) : metal4_text has 0 polygons
2026-08-08 22:48:46 +0200: Memory Usage (458864K) : metal4_opc has 0 polygons
2026-08-08 22:48:46 +0200: Memory Usage (458864K) : metal4_noqrc has 0 polygons
2026-08-08 22:48:46 +0200: Memory Usage (458864K) : metal4_res has 0 polygons
2026-08-08 22:48:46 +0200: Memory Usage (458864K) : metal4_iprobe has 0 polygons
2026-08-08 22:48:46 +0200: Memory Usage (458864K) : metal4_diffprb has 0 polygons
2026-08-08 22:48:46 +0200: Memory Usage (458864K) : heattrans_drw has 0 polygons
2026-08-08 22:48:46 +0200: Memory Usage (458864K) : heatres_drw has 0 polygons
2026-08-08 22:48:46 +0200: Memory Usage (458864K) : pempoly_drw has 0 polygons
2026-08-08 22:48:46 +0200: Memory Usage (458864K) : fbe_drw has 0 polygons
2026-08-08 22:48:46 +0200: Memory Usage (458864K) : empoly_drw has 0 polygons
2026-08-08 22:48:46 +0200: Memory Usage (458864K) : ldmos_drw has 0 polygons
2026-08-08 22:48:46 +0200: Memory Usage (458864K) : pbiwind_drw has 0 polygons
2026-08-08 22:48:46 +0200: Memory Usage (458864K) : digisub_drw has 0 polygons
2026-08-08 22:48:46 +0200: Memory Usage (458864K) : nodrc_drw has 0 polygons
2026-08-08 22:48:46 +0200: Memory Usage (458864K) : text_drw has 0 polygons
2026-08-08 22:48:46 +0200: Memory Usage (458864K) : via4_drw has 410 polygons
2026-08-08 22:48:46 +0200: Memory Usage (458864K) : metal5_drw has 268 polygons
2026-08-08 22:48:46 +0200: Memory Usage (458864K) : metal5_pin has 0 polygons
2026-08-08 22:48:46 +0200: Memory Usage (458864K) : metal5_mask has 0 polygons
2026-08-08 22:48:46 +0200: Memory Usage (458864K) : metal5_filler has 0 polygons
2026-08-08 22:48:46 +0200: Memory Usage (458864K) : metal5_nofill has 0 polygons
2026-08-08 22:48:46 +0200: Memory Usage (458864K) : metal5_slit has 0 polygons
2026-08-08 22:48:46 +0200: Memory Usage (458864K) : metal5_text has 0 polygons
2026-08-08 22:48:46 +0200: Memory Usage (458864K) : metal5_opc has 0 polygons
2026-08-08 22:48:46 +0200: Memory Usage (458864K) : metal5_noqrc has 0 polygons
2026-08-08 22:48:46 +0200: Memory Usage (458864K) : metal5_res has 0 polygons
2026-08-08 22:48:46 +0200: Memory Usage (458864K) : metal5_iprobe has 0 polygons
2026-08-08 22:48:46 +0200: Memory Usage (458864K) : metal5_diffprb has 0 polygons
2026-08-08 22:48:46 +0200: Memory Usage (458864K) : radhard_drw has 0 polygons
2026-08-08 22:48:46 +0200: Memory Usage (458864K) : memcap_drw has 0 polygons
2026-08-08 22:48:46 +0200: Memory Usage (458864K) : varicap_drw has 0 polygons
2026-08-08 22:48:46 +0200: Memory Usage (458864K) : flash_drw has 0 polygons
2026-08-08 22:48:46 +0200: Memory Usage (458864K) : intbondvia_drw has 0 polygons
2026-08-08 22:48:46 +0200: Memory Usage (458864K) : intbondmet_drw has 0 polygons
2026-08-08 22:48:46 +0200: Memory Usage (458864K) : devbondvia_drw has 0 polygons
2026-08-08 22:48:46 +0200: Memory Usage (458864K) : devbondmet_drw has 0 polygons
2026-08-08 22:48:46 +0200: Memory Usage (458864K) : devtrench_drw has 0 polygons
2026-08-08 22:48:46 +0200: Memory Usage (458864K) : redist_drw has 0 polygons
2026-08-08 22:48:46 +0200: Memory Usage (458864K) : graphbot_drw has 0 polygons
2026-08-08 22:48:46 +0200: Memory Usage (458864K) : graphtop_drw has 0 polygons
2026-08-08 22:48:46 +0200: Memory Usage (458864K) : antvia1_drw has 0 polygons
2026-08-08 22:48:46 +0200: Memory Usage (458864K) : antmetal2_drw has 0 polygons
2026-08-08 22:48:46 +0200: Memory Usage (458864K) : graphcont_drw has 0 polygons
2026-08-08 22:48:46 +0200: Memory Usage (458864K) : siwg_drw has 0 polygons
2026-08-08 22:48:46 +0200: Memory Usage (458864K) : siwg_filler has 0 polygons
2026-08-08 22:48:46 +0200: Memory Usage (458864K) : siwg_nofill has 0 polygons
2026-08-08 22:48:46 +0200: Memory Usage (458864K) : sigrating_drw has 0 polygons
2026-08-08 22:48:46 +0200: Memory Usage (458864K) : singrating_drw has 0 polygons
2026-08-08 22:48:46 +0200: Memory Usage (458864K) : graphpas_drw has 0 polygons
2026-08-08 22:48:46 +0200: Memory Usage (458864K) : emwind3_drw has 0 polygons
2026-08-08 22:48:46 +0200: Memory Usage (458864K) : emwihv3_drw has 0 polygons
2026-08-08 22:48:46 +0200: Memory Usage (458864K) : redbulay_drw has 0 polygons
2026-08-08 22:48:47 +0200: Memory Usage (458864K) : smos_drw has 0 polygons
2026-08-08 22:48:47 +0200: Memory Usage (458864K) : graphpad_drw has 0 polygons
2026-08-08 22:48:47 +0200: Memory Usage (458864K) : polimide_drw has 0 polygons
2026-08-08 22:48:47 +0200: Memory Usage (458864K) : polimide_pin has 0 polygons
2026-08-08 22:48:47 +0200: Memory Usage (458864K) : recog_drw has 0 polygons
2026-08-08 22:48:47 +0200: Memory Usage (458864K) : recog_pin has 0 polygons
2026-08-08 22:48:47 +0200: Memory Usage (458864K) : recog_esd has 0 polygons
2026-08-08 22:48:47 +0200: Memory Usage (458864K) : recog_diode has 0 polygons
2026-08-08 22:48:47 +0200: Memory Usage (458864K) : recog_tsv has 0 polygons
2026-08-08 22:48:47 +0200: Memory Usage (458864K) : recog_iprobe has 0 polygons
2026-08-08 22:48:47 +0200: Memory Usage (458864K) : recog_diffprb has 0 polygons
2026-08-08 22:48:47 +0200: Memory Usage (458864K) : recog_pillar has 0 polygons
2026-08-08 22:48:47 +0200: Memory Usage (458864K) : recog_sbump has 0 polygons
2026-08-08 22:48:47 +0200: Memory Usage (458864K) : recog_otp has 0 polygons
2026-08-08 22:48:47 +0200: Memory Usage (458864K) : recog_pdiode has 0 polygons
2026-08-08 22:48:47 +0200: Memory Usage (458864K) : recog_mom has 0 polygons
2026-08-08 22:48:47 +0200: Memory Usage (458864K) : recog_pcm has 0 polygons
2026-08-08 22:48:47 +0200: Memory Usage (458864K) : colopen_drw has 0 polygons
2026-08-08 22:48:47 +0200: Memory Usage (458864K) : graphmetal1_drw has 0 polygons
2026-08-08 22:48:47 +0200: Memory Usage (458864K) : graphmetal1_filler has 0 polygons
2026-08-08 22:48:47 +0200: Memory Usage (458864K) : graphmetal1_nofill has 0 polygons
2026-08-08 22:48:47 +0200: Memory Usage (458864K) : graphmetal1_slit has 0 polygons
2026-08-08 22:48:47 +0200: Memory Usage (458864K) : graphmetal1_opc has 0 polygons
2026-08-08 22:48:47 +0200: Memory Usage (458864K) : graphmet1l_drw has 0 polygons
2026-08-08 22:48:47 +0200: Memory Usage (458864K) : graphmet1l_filler has 0 polygons
2026-08-08 22:48:47 +0200: Memory Usage (458864K) : graphmet1l_nofill has 0 polygons
2026-08-08 22:48:47 +0200: Memory Usage (458864K) : graphmet1l_slit has 0 polygons
2026-08-08 22:48:47 +0200: Memory Usage (458864K) : graphmet1l_opc has 0 polygons
2026-08-08 22:48:47 +0200: Memory Usage (458864K) : extblock_drw has 0 polygons
2026-08-08 22:48:47 +0200: Memory Usage (458864K) : nldd_drw has 0 polygons
2026-08-08 22:48:47 +0200: Memory Usage (458864K) : pldd_drw has 0 polygons
2026-08-08 22:48:47 +0200: Memory Usage (458864K) : next_drw has 0 polygons
2026-08-08 22:48:47 +0200: Memory Usage (458864K) : pext_drw has 0 polygons
2026-08-08 22:48:47 +0200: Memory Usage (458864K) : nexthv_drw has 0 polygons
2026-08-08 22:48:47 +0200: Memory Usage (458864K) : pexthv_drw has 0 polygons
2026-08-08 22:48:47 +0200: Memory Usage (458864K) : graphgate_drw has 0 polygons
2026-08-08 22:48:47 +0200: Memory Usage (458864K) : sinwg_drw has 0 polygons
2026-08-08 22:48:47 +0200: Memory Usage (458864K) : sinwg_filler has 0 polygons
2026-08-08 22:48:47 +0200: Memory Usage (458864K) : sinwg_nofill has 0 polygons
2026-08-08 22:48:47 +0200: Memory Usage (458864K) : mempad_drw has 0 polygons
2026-08-08 22:48:47 +0200: Memory Usage (458864K) : topvia1_drw has 156 polygons
2026-08-08 22:48:47 +0200: Memory Usage (458864K) : topmetal1_drw has 94 polygons
2026-08-08 22:48:47 +0200: Memory Usage (458864K) : topmetal1_pin has 4 polygons
2026-08-08 22:48:47 +0200: Memory Usage (458864K) : topmetal1_mask has 0 polygons
2026-08-08 22:48:47 +0200: Memory Usage (458864K) : topmetal1_filler has 0 polygons
2026-08-08 22:48:47 +0200: Memory Usage (458864K) : topmetal1_nofill has 0 polygons
2026-08-08 22:48:47 +0200: Memory Usage (458864K) : topmetal1_slit has 0 polygons
2026-08-08 22:48:47 +0200: Memory Usage (458864K) : topmetal1_text has 2 polygons
2026-08-08 22:48:47 +0200: Memory Usage (458864K) : topmetal1_noqrc has 0 polygons
2026-08-08 22:48:47 +0200: Memory Usage (458864K) : topmetal1_res has 0 polygons
2026-08-08 22:48:47 +0200: Memory Usage (458864K) : topmetal1_iprobe has 0 polygons
2026-08-08 22:48:47 +0200: Memory Usage (458864K) : topmetal1_diffprb has 0 polygons
2026-08-08 22:48:47 +0200: Memory Usage (458864K) : inldpwl_drw has 0 polygons
2026-08-08 22:48:47 +0200: Memory Usage (458864K) : polyres_drw has 0 polygons
2026-08-08 22:48:47 +0200: Memory Usage (458864K) : polyres_pin has 0 polygons
2026-08-08 22:48:47 +0200: Memory Usage (458864K) : vmim_drw has 0 polygons
2026-08-08 22:48:47 +0200: Memory Usage (458864K) : nbulaycut_drw has 0 polygons
2026-08-08 22:48:47 +0200: Memory Usage (458864K) : antmetal1_drw has 0 polygons
2026-08-08 22:48:47 +0200: Memory Usage (458864K) : topvia2_drw has 8 polygons
2026-08-08 22:48:47 +0200: Memory Usage (458864K) : topmetal2_drw has 16 polygons
2026-08-08 22:48:47 +0200: Memory Usage (458864K) : topmetal2_pin has 4 polygons
2026-08-08 22:48:47 +0200: Memory Usage (458864K) : topmetal2_mask has 0 polygons
2026-08-08 22:48:47 +0200: Memory Usage (458864K) : topmetal2_filler has 0 polygons
2026-08-08 22:48:47 +0200: Memory Usage (458864K) : topmetal2_nofill has 0 polygons
2026-08-08 22:48:47 +0200: Memory Usage (458864K) : topmetal2_slit has 0 polygons
2026-08-08 22:48:47 +0200: Memory Usage (458864K) : topmetal2_text has 2 polygons
2026-08-08 22:48:47 +0200: Memory Usage (458864K) : topmetal2_noqrc has 0 polygons
2026-08-08 22:48:48 +0200: Memory Usage (458864K) : topmetal2_res has 0 polygons
2026-08-08 22:48:48 +0200: Memory Usage (458864K) : topmetal2_iprobe has 0 polygons
2026-08-08 22:48:48 +0200: Memory Usage (458864K) : topmetal2_diffprb has 0 polygons
2026-08-08 22:48:48 +0200: Memory Usage (458864K) : snsring_drw has 0 polygons
2026-08-08 22:48:48 +0200: Memory Usage (458864K) : sensor_drw has 0 polygons
2026-08-08 22:48:48 +0200: Memory Usage (458864K) : snsarms_drw has 0 polygons
2026-08-08 22:48:48 +0200: Memory Usage (458864K) : snscmosvia_drw has 0 polygons
2026-08-08 22:48:48 +0200: Memory Usage (458864K) : colwind_drw has 0 polygons
2026-08-08 22:48:48 +0200: Memory Usage (458864K) : flm_drw has 0 polygons
2026-08-08 22:48:48 +0200: Memory Usage (458864K) : hafniumox_drw has 0 polygons
2026-08-08 22:48:48 +0200: Memory Usage (458864K) : memvia_drw has 0 polygons
2026-08-08 22:48:48 +0200: Memory Usage (458864K) : thinfilmres_drw has 0 polygons
2026-08-08 22:48:48 +0200: Memory Usage (458864K) : rfmem_drw has 0 polygons
2026-08-08 22:48:48 +0200: Memory Usage (458864K) : norcx_drw has 0 polygons
2026-08-08 22:48:48 +0200: Memory Usage (458864K) : norcx_m2m3 has 0 polygons
2026-08-08 22:48:48 +0200: Memory Usage (458864K) : norcx_m2m4 has 0 polygons
2026-08-08 22:48:48 +0200: Memory Usage (458864K) : norcx_m2m5 has 0 polygons
2026-08-08 22:48:48 +0200: Memory Usage (458864K) : norcx_m2tm1 has 0 polygons
2026-08-08 22:48:48 +0200: Memory Usage (458864K) : norcx_m2tm2 has 0 polygons
2026-08-08 22:48:48 +0200: Memory Usage (458864K) : norcx_m3m4 has 0 polygons
2026-08-08 22:48:48 +0200: Memory Usage (458864K) : norcx_m3m5 has 0 polygons
2026-08-08 22:48:48 +0200: Memory Usage (458864K) : norcx_m3tm1 has 0 polygons
2026-08-08 22:48:48 +0200: Memory Usage (458864K) : norcx_m3tm2 has 0 polygons
2026-08-08 22:48:48 +0200: Memory Usage (458864K) : norcx_m4m5 has 0 polygons
2026-08-08 22:48:48 +0200: Memory Usage (458864K) : norcx_m4tm1 has 0 polygons
2026-08-08 22:48:48 +0200: Memory Usage (458864K) : norcx_m4tm2 has 0 polygons
2026-08-08 22:48:48 +0200: Memory Usage (458864K) : norcx_m5tm1 has 0 polygons
2026-08-08 22:48:48 +0200: Memory Usage (458864K) : norcx_m5tm2 has 0 polygons
2026-08-08 22:48:48 +0200: Memory Usage (458864K) : norcx_tm1tm2 has 0 polygons
2026-08-08 22:48:48 +0200: Memory Usage (458864K) : norcx_m1sub has 0 polygons
2026-08-08 22:48:48 +0200: Memory Usage (458864K) : norcx_m2sub has 0 polygons
2026-08-08 22:48:48 +0200: Memory Usage (458864K) : norcx_m3sub has 0 polygons
2026-08-08 22:48:48 +0200: Memory Usage (458864K) : norcx_m4sub has 0 polygons
2026-08-08 22:48:48 +0200: Memory Usage (458864K) : norcx_m5sub has 0 polygons
2026-08-08 22:48:48 +0200: Memory Usage (458864K) : norcx_tm1sub has 0 polygons
2026-08-08 22:48:48 +0200: Memory Usage (458864K) : norcx_tm2sub has 0 polygons
2026-08-08 22:48:48 +0200: Memory Usage (458864K) : snsbotvia_drw has 0 polygons
2026-08-08 22:48:48 +0200: Memory Usage (458864K) : snstopvia_drw has 0 polygons
2026-08-08 22:48:48 +0200: Memory Usage (458864K) : deepvia_drw has 0 polygons
2026-08-08 22:48:48 +0200: Memory Usage (458864K) : fgetch_drw has 0 polygons
2026-08-08 22:48:48 +0200: Memory Usage (458864K) : ctrgat_drw has 0 polygons
2026-08-08 22:48:48 +0200: Memory Usage (458864K) : fgimp_drw has 0 polygons
2026-08-08 22:48:48 +0200: Memory Usage (458864K) : emwihv_drw has 0 polygons
2026-08-08 22:48:48 +0200: Memory Usage (458864K) : lbe_drw has 0 polygons
2026-08-08 22:48:48 +0200: Memory Usage (458864K) : alcustop_drw has 0 polygons
2026-08-08 22:48:48 +0200: Memory Usage (458864K) : nometfiller_drw has 0 polygons
2026-08-08 22:48:48 +0200: Memory Usage (458864K) : prboundary_drw has 0 polygons
2026-08-08 22:48:48 +0200: Memory Usage (458864K) : exchange0_drw has 0 polygons
2026-08-08 22:48:48 +0200: Memory Usage (458864K) : exchange0_pin has 0 polygons
2026-08-08 22:48:48 +0200: Memory Usage (458864K) : exchange0_text has 0 polygons
2026-08-08 22:48:48 +0200: Memory Usage (458864K) : exchange1_drw has 0 polygons
2026-08-08 22:48:48 +0200: Memory Usage (458864K) : exchange1_pin has 0 polygons
2026-08-08 22:48:48 +0200: Memory Usage (458864K) : exchange1_text has 0 polygons
2026-08-08 22:48:48 +0200: Memory Usage (458864K) : exchange2_drw has 0 polygons
2026-08-08 22:48:48 +0200: Memory Usage (458864K) : exchange2_pin has 0 polygons
2026-08-08 22:48:48 +0200: Memory Usage (458864K) : exchange2_text has 0 polygons
2026-08-08 22:48:48 +0200: Memory Usage (458864K) : exchange3_drw has 0 polygons
2026-08-08 22:48:48 +0200: Memory Usage (458864K) : exchange3_pin has 0 polygons
2026-08-08 22:48:48 +0200: Memory Usage (458864K) : exchange3_text has 0 polygons
2026-08-08 22:48:48 +0200: Memory Usage (458864K) : exchange4_drw has 0 polygons
2026-08-08 22:48:48 +0200: Memory Usage (458864K) : exchange4_pin has 0 polygons
2026-08-08 22:48:48 +0200: Memory Usage (458864K) : exchange4_text has 0 polygons
2026-08-08 22:48:48 +0200: Memory Usage (458864K) : isonwell_drw has 0 polygons
2026-08-08 22:48:48 +0200: Memory Usage (458864K) : Total no. of polygons in the design is 120264
2026-08-08 22:48:48 +0200: Memory Usage (458992K) : Loaded TECH DRC rules values from /foss/pdks/ihp-sg13g2/libs.tech/klayout/python/sg13g2_pycell_lib/sg13g2_tech_mod.json
2026-08-08 22:48:48 +0200: Memory Usage (458992K) : Loaded default DRC rules values from /foss/pdks/ihp-sg13g2/libs.tech/klayout/tech/drc/rule_decks/sg13g2_tech_default.json
2026-08-08 22:48:48 +0200: Memory Usage (458992K) : The following rules values were missing in tech json and default values were used:
2026-08-08 22:48:48 +0200: Memory Usage (458992K) :   - NW_f1_digibnd
2026-08-08 22:48:48 +0200: Memory Usage (458992K) :   - Cnt_c_digibnd
2026-08-08 22:48:48 +0200: Memory Usage (458992K) :   - Cnt_c_sram
2026-08-08 22:48:48 +0200: Memory Usage (458992K) :   - Sdiod_b
2026-08-08 22:48:48 +0200: Memory Usage (458992K) :   - Sdiod_c
2026-08-08 22:48:49 +0200: Memory Usage (459948K) : Total area of the design is 27848.17 um^2.
2026-08-08 22:48:49 +0200: Memory Usage (459948K) : The design dimensions are 157.78 µm * 176.5 µm.
2026-08-08 22:48:49 +0200: Memory Usage (459948K) : Starting general IHP-SG13G2 derivations.
2026-08-08 22:48:49 +0200: Memory Usage (459948K) : Starting Pwell derivations
2026-08-08 22:48:49 +0200: Memory Usage (462964K) : Starting n-Activ derivations
2026-08-08 22:48:49 +0200: Memory Usage (465568K) : Starting p-Activ derivations
2026-08-08 22:48:50 +0200: Memory Usage (465568K) : Starting ptap derivations
2026-08-08 22:48:50 +0200: Memory Usage (466848K) : Starting ntap derivations
2026-08-08 22:48:50 +0200: Memory Usage (468640K) : Starting pact FET derivations
2026-08-08 22:48:50 +0200: Memory Usage (469408K) : Starting nact FET derivations
2026-08-08 22:48:51 +0200: Memory Usage (470816K) : Starting Gate derivations
2026-08-08 22:48:51 +0200: Memory Usage (470816K) : Starting SVaricap general derivations
2026-08-08 22:48:51 +0200: Memory Usage (470816K) : Starting IHP-SG13G2 DRC connectivity related derivations.
2026-08-08 22:48:52 +0200: Memory Usage (470816K) : Starting IHP-SG13G2 DRC connectivity setup
2026-08-08 22:48:53 +0200: Memory Usage (476372K) : Starting IHP-SG13G2 DRC rules.
2026-08-08 22:48:53 +0200: Memory Usage (476372K) : Starting 5.1 NWell table
2026-08-08 22:48:53 +0200: Memory Usage (476372K) : Executing rule NW.b
2026-08-08 22:48:53 +0200: Memory Usage (477768K) : Executing rule NW.b1
2026-08-08 22:48:54 +0200: Memory Usage (477768K) : Executing rule NW.f1
2026-08-08 22:48:54 +0200: Memory Usage (477768K) : Executing rule NW.f1.digibnd
2026-08-08 22:48:54 +0200: Memory Usage (477768K) : KLayout DRC run for tables 'nwell' completed in 10.27 seconds
