# Logfile created on 2026-08-16 13:50:03 +0200 by logger.rb/v1.5.3
2026-08-16 13:50:03 +0200: Memory Usage (452412K) : Starting running IHP-SG13G2 Klayout DRC Density runset on /foss/designs/spi-slave-ihp/signoff_hv/spi_slave_hv.gds
2026-08-16 13:50:03 +0200: Memory Usage (452412K) : Ruby Version for klayout: 3.2.3
2026-08-16 13:50:03 +0200: Memory Usage (454760K) : Loading database to memory is complete.
2026-08-16 13:50:03 +0200: Memory Usage (454760K) : IHP-SG13G2 Klayout DRC Density runset output at: /foss/designs/spi-slave-ihp/signoff_hv/drc/spi_slave_hv_spi_slave_density.lyrdb
2026-08-16 13:50:03 +0200: Memory Usage (454888K) : Evaluate switches.
2026-08-16 13:50:03 +0200: Memory Usage (454888K) : Configured KLayout worker thread(s): 8.
2026-08-16 13:50:03 +0200: Memory Usage (454888K) : Deep mode enabled: reading layers and preparing general derivations.
2026-08-16 13:50:03 +0200: Memory Usage (454888K) : PreCheck DRC enabled: false
2026-08-16 13:50:03 +0200: Memory Usage (454888K) : Density sanity checks enabled: false
2026-08-16 13:50:03 +0200: Memory Usage (454888K) : Read in polygons from layers.
2026-08-16 13:50:03 +0200: Memory Usage (456756K) : activ_drw has 14546 polygons
2026-08-16 13:50:03 +0200: Memory Usage (456756K) : activ_mask has 0 polygons
2026-08-16 13:50:03 +0200: Memory Usage (456756K) : activ_filler has 0 polygons
2026-08-16 13:50:03 +0200: Memory Usage (456884K) : gatpoly_drw has 9861 polygons
2026-08-16 13:50:03 +0200: Memory Usage (456884K) : gatpoly_filler has 0 polygons
2026-08-16 13:50:03 +0200: Memory Usage (456884K) : metal1_drw has 25700 polygons
2026-08-16 13:50:03 +0200: Memory Usage (456884K) : metal1_filler has 0 polygons
2026-08-16 13:50:03 +0200: Memory Usage (457012K) : metal1_slit has 0 polygons
2026-08-16 13:50:03 +0200: Memory Usage (457268K) : metal2_drw has 10369 polygons
2026-08-16 13:50:03 +0200: Memory Usage (457268K) : metal2_filler has 0 polygons
2026-08-16 13:50:03 +0200: Memory Usage (457268K) : metal2_slit has 0 polygons
2026-08-16 13:50:03 +0200: Memory Usage (457396K) : metal3_drw has 4868 polygons
2026-08-16 13:50:03 +0200: Memory Usage (457396K) : metal3_filler has 0 polygons
2026-08-16 13:50:03 +0200: Memory Usage (457396K) : metal3_slit has 0 polygons
2026-08-16 13:50:03 +0200: Memory Usage (457524K) : metal4_drw has 862 polygons
2026-08-16 13:50:03 +0200: Memory Usage (457524K) : metal4_filler has 0 polygons
2026-08-16 13:50:03 +0200: Memory Usage (457524K) : metal4_slit has 0 polygons
2026-08-16 13:50:03 +0200: Memory Usage (457652K) : metal5_drw has 744 polygons
2026-08-16 13:50:03 +0200: Memory Usage (457652K) : metal5_filler has 0 polygons
2026-08-16 13:50:03 +0200: Memory Usage (457652K) : metal5_slit has 0 polygons
2026-08-16 13:50:03 +0200: Memory Usage (457780K) : topmetal1_drw has 315 polygons
2026-08-16 13:50:03 +0200: Memory Usage (457780K) : topmetal1_filler has 0 polygons
2026-08-16 13:50:03 +0200: Memory Usage (457780K) : topmetal1_slit has 0 polygons
2026-08-16 13:50:03 +0200: Memory Usage (457908K) : topmetal2_drw has 70 polygons
2026-08-16 13:50:03 +0200: Memory Usage (457908K) : topmetal2_filler has 0 polygons
2026-08-16 13:50:03 +0200: Memory Usage (457908K) : topmetal2_slit has 0 polygons
2026-08-16 13:50:03 +0200: Memory Usage (458036K) : lbe_drw has 0 polygons
2026-08-16 13:50:03 +0200: Memory Usage (458036K) : prboundary_drw has 0 polygons
2026-08-16 13:50:03 +0200: Memory Usage (458036K) : edgeseal_bound has 0 polygons
2026-08-16 13:50:03 +0200: Memory Usage (458036K) : Loaded TECH DRC rules values from /foss/pdks/ihp-sg13g2/libs.tech/klayout/python/sg13g2_pycell_lib/sg13g2_tech_mod.json
2026-08-16 13:50:03 +0200: Memory Usage (458036K) : Loaded default DRC rules values from /foss/pdks/ihp-sg13g2/libs.tech/klayout/tech/drc/rule_decks/sg13g2_tech_default.json
2026-08-16 13:50:03 +0200: Memory Usage (458036K) : The following rules values were missing in tech json and default values were used:
2026-08-16 13:50:03 +0200: Memory Usage (458036K) :   - NW_f1_digibnd
2026-08-16 13:50:03 +0200: Memory Usage (458036K) :   - Cnt_c_digibnd
2026-08-16 13:50:03 +0200: Memory Usage (458036K) :   - Cnt_c_sram
2026-08-16 13:50:03 +0200: Memory Usage (458036K) :   - Sdiod_b
2026-08-16 13:50:03 +0200: Memory Usage (458036K) :   - Sdiod_c
2026-08-16 13:50:03 +0200: Memory Usage (460204K) : Density sanity markers are disabled (set -rd density_sanity=true to enable).
2026-08-16 13:50:03 +0200: Memory Usage (460204K) : No prBoundary found. Using layout extent for chip area: 141744.9124 um^2.
2026-08-16 13:50:03 +0200: Memory Usage (460204K) : Using bbox (0,0;354.38,399.98) for density window origin.
2026-08-16 13:50:03 +0200: Memory Usage (460204K) : Total area of the design is 141744.9124 um^2.
2026-08-16 13:50:03 +0200: Memory Usage (460204K) : Starting density IHP-SG13G2 derivations.
2026-08-16 13:50:03 +0200: Memory Usage (460588K) : Starting IHP-SG13G2 DENSITY DRC rules.
2026-08-16 13:50:03 +0200: Memory Usage (460588K) : Computing activ area and density...
2026-08-16 13:50:03 +0200: Memory Usage (465368K) : Executing rule AFil.g
2026-08-16 13:50:03 +0200: Memory Usage (465368K) : Executing rule AFil.g1
2026-08-16 13:50:03 +0200: Memory Usage (465368K) : Executing rule AFil.g2
2026-08-16 13:50:03 +0200: Memory Usage (466060K) : Executing rule AFil.g3
2026-08-16 13:50:03 +0200: Memory Usage (466828K) : Computing poly area and density...
2026-08-16 13:50:03 +0200: Memory Usage (466828K) : Executing rule GFil.g
2026-08-16 13:50:03 +0200: Memory Usage (466828K) : Computing metal1 area and density...
2026-08-16 13:50:03 +0200: Memory Usage (470320K) : Executing rule M1.j
2026-08-16 13:50:03 +0200: Memory Usage (470320K) : Executing rule M1.k
2026-08-16 13:50:03 +0200: Memory Usage (470320K) : Computing metal2 area and density...
2026-08-16 13:50:03 +0200: Memory Usage (470448K) : Computing metal3 area and density...
2026-08-16 13:50:04 +0200: Memory Usage (470448K) : Computing metal4 area and density...
2026-08-16 13:50:04 +0200: Memory Usage (470448K) : Computing metal5 area and density...
2026-08-16 13:50:04 +0200: Memory Usage (470448K) : Executing rule M2.j
2026-08-16 13:50:04 +0200: Memory Usage (470448K) : Executing rule M2.k
2026-08-16 13:50:04 +0200: Memory Usage (470448K) : Executing rule M3.j
2026-08-16 13:50:04 +0200: Memory Usage (470448K) : Executing rule M3.k
2026-08-16 13:50:04 +0200: Memory Usage (470448K) : Executing rule M4.j
2026-08-16 13:50:04 +0200: Memory Usage (470448K) : Executing rule M4.k
2026-08-16 13:50:04 +0200: Memory Usage (470448K) : Executing rule M5.j
2026-08-16 13:50:04 +0200: Memory Usage (470448K) : Executing rule M5.k
2026-08-16 13:50:04 +0200: Memory Usage (470448K) : Executing rule M1Fil.h
2026-08-16 13:50:04 +0200: Memory Usage (470448K) : Executing rule M1Fil.k
2026-08-16 13:50:04 +0200: Memory Usage (470448K) : Executing rule M2Fil.h
2026-08-16 13:50:04 +0200: Memory Usage (470448K) : Executing rule M2Fil.k
2026-08-16 13:50:04 +0200: Memory Usage (470576K) : Executing rule M3Fil.h
2026-08-16 13:50:04 +0200: Memory Usage (470576K) : Executing rule M3Fil.k
2026-08-16 13:50:04 +0200: Memory Usage (470576K) : Executing rule M4Fil.h
2026-08-16 13:50:04 +0200: Memory Usage (470576K) : Executing rule M4Fil.k
2026-08-16 13:50:04 +0200: Memory Usage (470576K) : Executing rule M5Fil.h
2026-08-16 13:50:04 +0200: Memory Usage (470704K) : Executing rule M5Fil.k
2026-08-16 13:50:04 +0200: Memory Usage (470704K) : Computing TopMetal1 area and density...
2026-08-16 13:50:04 +0200: Memory Usage (470704K) : Executing rule TM1.c
2026-08-16 13:50:04 +0200: Memory Usage (470704K) : Executing rule TM1.d
2026-08-16 13:50:04 +0200: Memory Usage (470704K) : Computing TopMetal2 area and density...
2026-08-16 13:50:04 +0200: Memory Usage (470704K) : Executing rule TM2.c
2026-08-16 13:50:04 +0200: Memory Usage (470704K) : Executing rule TM2.d
2026-08-16 13:50:04 +0200: Memory Usage (470704K) : Computing LBE area and density...
2026-08-16 13:50:04 +0200: Memory Usage (470704K) : Executing rule LBE.i
2026-08-16 13:50:04 +0200: Memory Usage (470704K) : Executing rule Slt.i_M1
2026-08-16 13:50:04 +0200: Memory Usage (471020K) : Executing rule Slt.i_M2
2026-08-16 13:50:05 +0200: Memory Usage (471020K) : Executing rule Slt.i_M3
2026-08-16 13:50:05 +0200: Memory Usage (471020K) : Executing rule Slt.i_M4
2026-08-16 13:50:05 +0200: Memory Usage (471020K) : Executing rule Slt.i_M5
2026-08-16 13:50:05 +0200: Memory Usage (471020K) : Executing rule Slt.i_TM1
2026-08-16 13:50:05 +0200: Memory Usage (471020K) : Executing rule Slt.i_TM2
2026-08-16 13:50:05 +0200: Memory Usage (471020K) : ##################################################
2026-08-16 13:50:05 +0200: Memory Usage (471020K) :                  Density Report                 #
2026-08-16 13:50:05 +0200: Memory Usage (471020K) : ##################################################
2026-08-16 13:50:05 +0200: Memory Usage (471020K) : 
2026-08-16 13:50:05 +0200: Memory Usage (471020K) : Layer areas and percentages (units: um^2)
2026-08-16 13:50:05 +0200: Memory Usage (471020K) : --------------------------------------------------
2026-08-16 13:50:05 +0200: Memory Usage (471020K) : 
2026-08-16 13:50:05 +0200: Memory Usage (471020K) : Total Area     = 141744.91 um^2
2026-08-16 13:50:05 +0200: Memory Usage (471020K) : 
2026-08-16 13:50:05 +0200: Memory Usage (471020K) : Activ      Area      = 26856.07 µm²
2026-08-16 13:50:05 +0200: Memory Usage (471020K) : Activ      Density % = 18.95%  [Min = 35.00%,  Max = 55.00%]
2026-08-16 13:50:05 +0200: Memory Usage (471020K) : 
2026-08-16 13:50:05 +0200: Memory Usage (471020K) : GatPoly    Area      = 43107.53 µm²
2026-08-16 13:50:05 +0200: Memory Usage (471020K) : GatPoly    Density % = 30.41%  [Min = 15.00%]
2026-08-16 13:50:05 +0200: Memory Usage (471020K) : 
2026-08-16 13:50:05 +0200: Memory Usage (471020K) : Metal1     Area      = 20758.96 µm²
2026-08-16 13:50:05 +0200: Memory Usage (471020K) : Metal1     Density % = 14.65%  [Min = 35.00%,  Max = 60.00%]
2026-08-16 13:50:05 +0200: Memory Usage (471020K) : 
2026-08-16 13:50:05 +0200: Memory Usage (471020K) : Metal2     Area      = 4620.29 µm²
2026-08-16 13:50:05 +0200: Memory Usage (471020K) : Metal2     Density % =  3.26%  [Min = 35.00%,  Max = 60.00%]
2026-08-16 13:50:05 +0200: Memory Usage (471020K) : 
2026-08-16 13:50:05 +0200: Memory Usage (471020K) : Metal3     Area      = 3893.33 µm²
2026-08-16 13:50:05 +0200: Memory Usage (471020K) : Metal3     Density % =  2.75%  [Min = 35.00%,  Max = 60.00%]
2026-08-16 13:50:05 +0200: Memory Usage (471020K) : 
2026-08-16 13:50:05 +0200: Memory Usage (471020K) : Metal4     Area      = 774.81 µm²
2026-08-16 13:50:05 +0200: Memory Usage (471020K) : Metal4     Density % =  0.55%  [Min = 35.00%,  Max = 60.00%]
2026-08-16 13:50:05 +0200: Memory Usage (471020K) : 
2026-08-16 13:50:05 +0200: Memory Usage (471020K) : Metal5     Area      = 293.86 µm²
2026-08-16 13:50:05 +0200: Memory Usage (471020K) : Metal5     Density % =  0.21%  [Min = 35.00%,  Max = 60.00%]
2026-08-16 13:50:05 +0200: Memory Usage (471020K) : 
2026-08-16 13:50:05 +0200: Memory Usage (471020K) : TopMetal1  Area      = 7558.54 µm²
2026-08-16 13:50:05 +0200: Memory Usage (471020K) : TopMetal1  Density % =  5.33%  [Min = 25.00%,  Max = 70.00%]
2026-08-16 13:50:05 +0200: Memory Usage (471020K) : 
2026-08-16 13:50:05 +0200: Memory Usage (471020K) : TopMetal2  Area      = 7539.84 µm²
2026-08-16 13:50:05 +0200: Memory Usage (471020K) : TopMetal2  Density % =  5.32%  [Min = 25.00%,  Max = 70.00%]
2026-08-16 13:50:05 +0200: Memory Usage (471020K) : 
2026-08-16 13:50:05 +0200: Memory Usage (471020K) : LBE        Area      =  0.00 µm²
2026-08-16 13:50:05 +0200: Memory Usage (471020K) : LBE        Density % =  0.00%  [Max = 20.00%]
2026-08-16 13:50:05 +0200: Memory Usage (471020K) : 
2026-08-16 13:50:05 +0200: Memory Usage (471020K) : KLayout DRC run for density table completed in 1.91 seconds
